_: line 1: 75113 Terminated: 15          opencode run -m "$model" "${vflag[@]}" --dir "$path" --auto "$prompt" < /dev/null > "$out" 2>&1
_: line 1: 75105 Terminated: 15          opencode run -m "$model" "${vflag[@]}" --dir "$path" --auto "$prompt" < /dev/null > "$out" 2>&1
_: line 1: 75109 Terminated: 15          opencode run -m "$model" "${vflag[@]}" --dir "$path" --auto "$prompt" < /dev/null > "$out" 2>&1
_: line 1: 75119 Terminated: 15          opencode run -m "$model" "${vflag[@]}" --dir "$path" --auto "$prompt" < /dev/null > "$out" 2>&1
_: line 1: 75117 Terminated: 15          opencode run -m "$model" "${vflag[@]}" --dir "$path" --auto "$prompt" < /dev/null > "$out" 2>&1
NOJSON glm java/ApoDefence (4597s) -- see /Users/eliahilse/Documents/GitHub/B/audit/runs/glm/java_ApoDefence.log
NOJSON glm java/ApoCheating (4597s) -- see /Users/eliahilse/Documents/GitHub/B/audit/runs/glm/java_ApoCheating.log
NOJSON glm java/ApoBot (4597s) -- see /Users/eliahilse/Documents/GitHub/B/audit/runs/glm/java_ApoBot.log
NOJSON glm java/ApoIcarus (4597s) -- see /Users/eliahilse/Documents/GitHub/B/audit/runs/glm/java_ApoIcarus.log
NOJSON glm java/ApoCommando (4597s) -- see /Users/eliahilse/Documents/GitHub/B/audit/runs/glm/java_ApoCommando.log
_: line 1: 94943 Killed: 9               opencode run -m "$model" "${vflag[@]}" --dir "$path" --auto "$prompt" < /dev/null > "$out" 2>&1
_: line 1: 95016 Killed: 9               opencode run -m "$model" "${vflag[@]}" --dir "$path" --auto "$prompt" < /dev/null > "$out" 2>&1
_: line 1: 94997 Killed: 9               opencode run -m "$model" "${vflag[@]}" --dir "$path" --auto "$prompt" < /dev/null > "$out" 2>&1
_: line 1: 95191 Killed: 9               opencode run -m "$model" "${vflag[@]}" --dir "$path" --auto "$prompt" < /dev/null > "$out" 2>&1
_: line 1: 95207 Killed: 9               opencode run -m "$model" "${vflag[@]}" --dir "$path" --auto "$prompt" < /dev/null > "$out" 2>&1
NOJSON glm java/ApoMarc (3s) -- see /Users/eliahilse/Documents/GitHub/B/audit/runs/glm/java_ApoMarc.log
NOJSON glm java/ApoNotSoSimple (3s) -- see /Users/eliahilse/Documents/GitHub/B/audit/runs/glm/java_ApoNotSoSimple.log
NOJSON glm java/ApoMario (3s) -- see /Users/eliahilse/Documents/GitHub/B/audit/runs/glm/java_ApoMario.log
NOJSON glm java/ApoIcejump (4s) -- see /Users/eliahilse/Documents/GitHub/B/audit/runs/glm/java_ApoIcejump.log
NOJSON glm java/ApoImp (3s) -- see /Users/eliahilse/Documents/GitHub/B/audit/runs/glm/java_ApoImp.log
_: line 1: 95367 Killed: 9               opencode run -m "$model" "${vflag[@]}" --dir "$path" --auto "$prompt" < /dev/null > "$out" 2>&1
_: line 1: 95586 Killed: 9               opencode run -m "$model" "${vflag[@]}" --dir "$path" --auto "$prompt" < /dev/null > "$out" 2>&1
_: line 1: 95597 Killed: 9               opencode run -m "$model" "${vflag[@]}" --dir "$path" --auto "$prompt" < /dev/null > "$out" 2>&1
_: line 1: 95599 Killed: 9               opencode run -m "$model" "${vflag[@]}" --dir "$path" --auto "$prompt" < /dev/null > "$out" 2>&1
NOJSON glm java/ApoPongBeat (48s) -- see /Users/eliahilse/Documents/GitHub/B/audit/runs/glm/java_ApoPongBeat.log
_: line 1: 95439 Killed: 9               opencode run -m "$model" "${vflag[@]}" --dir "$path" --auto "$prompt" < /dev/null > "$out" 2>&1
NOJSON glm java/ApoSimpleSudoku (48s) -- see /Users/eliahilse/Documents/GitHub/B/audit/runs/glm/java_ApoSimpleSudoku.log
NOJSON glm java/ApoSkunkman (48s) -- see /Users/eliahilse/Documents/GitHub/B/audit/runs/glm/java_ApoSkunkman.log
NOJSON glm java/ApoSimple (48s) -- see /Users/eliahilse/Documents/GitHub/B/audit/runs/glm/java_ApoSimple.log
NOJSON glm java/ApoRelax (48s) -- see /Users/eliahilse/Documents/GitHub/B/audit/runs/glm/java_ApoRelax.log
CACHED glm java/TutorVolley
