OK    kimi java/ApoDefence (343s)
_: line 1: 75248 Terminated: 15          opencode run -m "$model" "${vflag[@]}" --dir "$path" --auto "$prompt" < /dev/null > "$out" 2>&1
_: line 1: 75245 Terminated: 15          opencode run -m "$model" "${vflag[@]}" --dir "$path" --auto "$prompt" < /dev/null > "$out" 2>&1
_: line 1: 75244 Terminated: 15          opencode run -m "$model" "${vflag[@]}" --dir "$path" --auto "$prompt" < /dev/null > "$out" 2>&1
_: line 1: 75240 Terminated: 15          opencode run -m "$model" "${vflag[@]}" --dir "$path" --auto "$prompt" < /dev/null > "$out" 2>&1
_: line 1: 77861 Terminated: 15          opencode run -m "$model" "${vflag[@]}" --dir "$path" --auto "$prompt" < /dev/null > "$out" 2>&1
NOJSON kimi java/ApoIcarus (4594s) -- see /Users/eliahilse/Documents/GitHub/B/audit/runs/kimi/java_ApoIcarus.log
NOJSON kimi java/ApoCommando (4594s) -- see /Users/eliahilse/Documents/GitHub/B/audit/runs/kimi/java_ApoCommando.log
NOJSON kimi java/ApoBot (4594s) -- see /Users/eliahilse/Documents/GitHub/B/audit/runs/kimi/java_ApoBot.log
NOJSON kimi java/ApoIcejump (4251s) -- see /Users/eliahilse/Documents/GitHub/B/audit/runs/kimi/java_ApoIcejump.log
NOJSON kimi java/ApoCheating (4594s) -- see /Users/eliahilse/Documents/GitHub/B/audit/runs/kimi/java_ApoCheating.log
_: line 1: 94961 Killed: 9               opencode run -m "$model" "${vflag[@]}" --dir "$path" --auto "$prompt" < /dev/null > "$out" 2>&1
_: line 1: 95054 Killed: 9               opencode run -m "$model" "${vflag[@]}" --dir "$path" --auto "$prompt" < /dev/null > "$out" 2>&1
_: line 1: 95190 Killed: 9               opencode run -m "$model" "${vflag[@]}" --dir "$path" --auto "$prompt" < /dev/null > "$out" 2>&1
_: line 1: 95072 Killed: 9               opencode run -m "$model" "${vflag[@]}" --dir "$path" --auto "$prompt" < /dev/null > "$out" 2>&1
_: line 1: 95078 Killed: 9               opencode run -m "$model" "${vflag[@]}" --dir "$path" --auto "$prompt" < /dev/null > "$out" 2>&1
NOJSON kimi java/ApoPongBeat (3s) -- see /Users/eliahilse/Documents/GitHub/B/audit/runs/kimi/java_ApoPongBeat.log
NOJSON kimi java/ApoMario (3s) -- see /Users/eliahilse/Documents/GitHub/B/audit/runs/kimi/java_ApoMario.log
NOJSON kimi java/ApoNotSoSimple (3s) -- see /Users/eliahilse/Documents/GitHub/B/audit/runs/kimi/java_ApoNotSoSimple.log
NOJSON kimi java/ApoMarc (3s) -- see /Users/eliahilse/Documents/GitHub/B/audit/runs/kimi/java_ApoMarc.log
NOJSON kimi java/ApoImp (3s) -- see /Users/eliahilse/Documents/GitHub/B/audit/runs/kimi/java_ApoImp.log
_: line 1: 95607 Killed: 9               opencode run -m "$model" "${vflag[@]}" --dir "$path" --auto "$prompt" < /dev/null > "$out" 2>&1
_: line 1: 95335 Killed: 9               opencode run -m "$model" "${vflag[@]}" --dir "$path" --auto "$prompt" < /dev/null > "$out" 2>&1
_: line 1: 95596 Killed: 9               opencode run -m "$model" "${vflag[@]}" --dir "$path" --auto "$prompt" < /dev/null > "$out" 2>&1
_: line 1: 95593 Killed: 9               opencode run -m "$model" "${vflag[@]}" --dir "$path" --auto "$prompt" < /dev/null > "$out" 2>&1
_: line 1: 95323 Killed: 9               opencode run -m "$model" "${vflag[@]}" --dir "$path" --auto "$prompt" < /dev/null > "$out" 2>&1
NOJSON kimi java/ApoSimple (48s) -- see /Users/eliahilse/Documents/GitHub/B/audit/runs/kimi/java_ApoSimple.log
NOJSON kimi java/ApoSlitherLink (48s) -- see /Users/eliahilse/Documents/GitHub/B/audit/runs/kimi/java_ApoSlitherLink.log
NOJSON kimi java/ApoSkunkman (48s) -- see /Users/eliahilse/Documents/GitHub/B/audit/runs/kimi/java_ApoSkunkman.log
NOJSON kimi java/ApoRelax (48s) -- see /Users/eliahilse/Documents/GitHub/B/audit/runs/kimi/java_ApoRelax.log
NOJSON kimi java/ApoSimpleSudoku (48s) -- see /Users/eliahilse/Documents/GitHub/B/audit/runs/kimi/java_ApoSimpleSudoku.log
