_: line 1: 75730 Terminated: 15          opencode run -m "$model" "${vflag[@]}" --dir "$path" --auto "$prompt" < /dev/null > "$out" 2>&1
_: line 1: 75729 Terminated: 15          opencode run -m "$model" "${vflag[@]}" --dir "$path" --auto "$prompt" < /dev/null > "$out" 2>&1
_: line 1: 75733 Terminated: 15          opencode run -m "$model" "${vflag[@]}" --dir "$path" --auto "$prompt" < /dev/null > "$out" 2>&1
_: line 1: 75731 Terminated: 15          opencode run -m "$model" "${vflag[@]}" --dir "$path" --auto "$prompt" < /dev/null > "$out" 2>&1
_: line 1: 75732 Terminated: 15          opencode run -m "$model" "${vflag[@]}" --dir "$path" --auto "$prompt" < /dev/null > "$out" 2>&1
NOJSON minimax java/ApoCheating (4564s) -- see /Users/eliahilse/Documents/GitHub/B/audit/runs/minimax/java_ApoCheating.log
NOJSON minimax java/ApoIcarus (4564s) -- see /Users/eliahilse/Documents/GitHub/B/audit/runs/minimax/java_ApoIcarus.log
NOJSON minimax java/ApoBot (4564s) -- see /Users/eliahilse/Documents/GitHub/B/audit/runs/minimax/java_ApoBot.log
NOJSON minimax java/ApoDefence (4564s) -- see /Users/eliahilse/Documents/GitHub/B/audit/runs/minimax/java_ApoDefence.log
NOJSON minimax java/ApoCommando (4564s) -- see /Users/eliahilse/Documents/GitHub/B/audit/runs/minimax/java_ApoCommando.log
_: line 1: 95213 Killed: 9               opencode run -m "$model" "${vflag[@]}" --dir "$path" --auto "$prompt" < /dev/null > "$out" 2>&1
_: line 1: 95035 Killed: 9               opencode run -m "$model" "${vflag[@]}" --dir "$path" --auto "$prompt" < /dev/null > "$out" 2>&1
_: line 1: 95182 Killed: 9               opencode run -m "$model" "${vflag[@]}" --dir "$path" --auto "$prompt" < /dev/null > "$out" 2>&1
_: line 1: 95215 Killed: 9               opencode run -m "$model" "${vflag[@]}" --dir "$path" --auto "$prompt" < /dev/null > "$out" 2>&1
_: line 1: 95185 Killed: 9               opencode run -m "$model" "${vflag[@]}" --dir "$path" --auto "$prompt" < /dev/null > "$out" 2>&1
NOJSON minimax java/ApoNotSoSimple (3s) -- see /Users/eliahilse/Documents/GitHub/B/audit/runs/minimax/java_ApoNotSoSimple.log
NOJSON minimax java/ApoImp (3s) -- see /Users/eliahilse/Documents/GitHub/B/audit/runs/minimax/java_ApoImp.log
NOJSON minimax java/ApoIcejump (3s) -- see /Users/eliahilse/Documents/GitHub/B/audit/runs/minimax/java_ApoIcejump.log
NOJSON minimax java/ApoMario (3s) -- see /Users/eliahilse/Documents/GitHub/B/audit/runs/minimax/java_ApoMario.log
NOJSON minimax java/ApoMarc (3s) -- see /Users/eliahilse/Documents/GitHub/B/audit/runs/minimax/java_ApoMarc.log
_: line 1: 95608 Killed: 9               opencode run -m "$model" "${vflag[@]}" --dir "$path" --auto "$prompt" < /dev/null > "$out" 2>&1
_: line 1: 95432 Killed: 9               opencode run -m "$model" "${vflag[@]}" --dir "$path" --auto "$prompt" < /dev/null > "$out" 2>&1
_: line 1: 95404 Killed: 9               opencode run -m "$model" "${vflag[@]}" --dir "$path" --auto "$prompt" < /dev/null > "$out" 2>&1
_: line 1: 95395 Killed: 9               opencode run -m "$model" "${vflag[@]}" --dir "$path" --auto "$prompt" < /dev/null > "$out" 2>&1
NOJSON minimax java/ApoSkunkman (48s) -- see /Users/eliahilse/Documents/GitHub/B/audit/runs/minimax/java_ApoSkunkman.log
_: line 1: 95470 Killed: 9               opencode run -m "$model" "${vflag[@]}" --dir "$path" --auto "$prompt" < /dev/null > "$out" 2>&1
NOJSON minimax java/ApoPongBeat (48s) -- see /Users/eliahilse/Documents/GitHub/B/audit/runs/minimax/java_ApoPongBeat.log
NOJSON minimax java/ApoRelax (48s) -- see /Users/eliahilse/Documents/GitHub/B/audit/runs/minimax/java_ApoRelax.log
NOJSON minimax java/ApoSimple (48s) -- see /Users/eliahilse/Documents/GitHub/B/audit/runs/minimax/java_ApoSimple.log
NOJSON minimax java/ApoSimpleSudoku (48s) -- see /Users/eliahilse/Documents/GitHub/B/audit/runs/minimax/java_ApoSimpleSudoku.log
