OK    oxa java/ApoCheating (383s)
OK    oxa java/ApoBot (418s)
OK    oxa java/ApoIcejump (480s)
OK    oxa java/ApoDefence (542s)
OK    oxa java/ApoIcarus (696s)
OK    oxa java/ApoMarc (706s)
OK    oxa java/ApoNotSoSimple (454s)
OK    oxa java/ApoImp (954s)
OK    oxa java/ApoMario (584s)
OK    oxa java/ApoCommando (971s)
OK    oxa java/ApoPongBeat (577s)
OK    oxa java/ApoRelax (564s)
CACHED oxa java/TutorVolley
OK    oxa java/ApoSimpleSudoku (556s)
OK    oxa java/ApoSimple (653s)
OK    oxa java/ApoSnake (417s)
OK    oxa java/ApoSkunkman (563s)
OK    oxa java/ApoSlitherLink (588s)
OK    oxa android/ApoDice (352s)
OK    oxa android/ApoMonoAndroid (294s)
OK    oxa android/ApoClock (549s)
OK    oxa java/ApoStarz (633s)
OK    oxa android/ApoSnake (338s)
OK    oxa java/ApoSoccer (778s)
OK    oxa android/BitsEngineAndroid (400s)
OK    oxa android/myTreasureAndroid (551s)
=== oxa done: 26 logs ===
