[0m
> build · glm-5.3
[0m
[0m$ [0mfind /Users/eliahilse/Documents/GitHub/B/corpus/java/ApoBot -type f | head -100
/Users/eliahilse/Documents/GitHub/B/corpus/java/ApoBot/Users/eliahilse/Documents/GitHub/B/apogames/Java/ApoBot/org/apogames/ApoIO.java
/Users/eliahilse/Documents/GitHub/B/corpus/java/ApoBot/Users/eliahilse/Documents/GitHub/B/apogames/Java/ApoBot/org/apogames/ApoThread.java
/Users/eliahilse/Documents/GitHub/B/corpus/java/ApoBot/Users/eliahilse/Documents/GitHub/B/apogames/Java/ApoBot/org/apogames/ApoConstants.java
/Users/eliahilse/Documents/GitHub/B/corpus/java/ApoBot/Users/eliahilse/Documents/GitHub/B/apogames/Java/ApoBot/org/apogames/ApoStart.java
/Users/eliahilse/Documents/GitHub/B/corpus/java/ApoBot/Users/eliahilse/Documents/GitHub/B/apogames/Java/ApoBot/org/apogames/entity/ApoEntity.java
/Users/eliahilse/Documents/GitHub/B/corpus/java/ApoBot/Users/eliahilse/Documents/GitHub/B/apogames/Java/ApoBot/org/apogames/entity/ApoAnimation.java
/Users/eliahilse/Documents/GitHub/B/corpus/java/ApoBot/Users/eliahilse/Documents/GitHub/B/apogames/Java/ApoBot/org/apogames/entity/ApoButtonText.java
/Users/eliahilse/Documents/GitHub/B/corpus/java/ApoBot/Users/eliahilse/Documents/GitHub/B/apogames/Java/ApoBot/org/apogames/entity/ApoButton.java
/Users/eliahilse/Documents/GitHub/B/corpus/java/ApoBot/Users/eliahilse/Documents/GitHub/B/apogames/Java/ApoBot/org/apogames/entity/ApoDragObject.java
/Users/eliahilse/Documents/GitHub/B/corpus/java/ApoBot/Users/eliahilse/Documents/GitHub/B/apogames/Java/ApoBot/org/apogames/ApoApplet.java
/Users/eliahilse/Documents/GitHub/B/corpus/java/ApoBot/Users/eliahilse/Documents/GitHub/B/apogames/Java/ApoBot/org/apogames/image/ApoRawScale3x.java
/Users/eliahilse/Documents/GitHub/B/corpus/java/ApoBot/Users/eliahilse/Documents/GitHub/B/apogames/Java/ApoBot/org/apogames/image/ApoImage.java
/Users/eliahilse/Documents/GitHub/B/corpus/java/ApoBot/Users/eliahilse/Documents/GitHub/B/apogames/Java/ApoBot/org/apogames/image/ApoImageScale.java
/Users/eliahilse/Documents/GitHub/B/corpus/java/ApoBot/Users/eliahilse/Documents/GitHub/B/apogames/Java/ApoBot/org/apogames/image/ApoRawScale2x.java
/Users/eliahilse/Documents/GitHub/B/corpus/java/ApoBot/Users/eliahilse/Documents/GitHub/B/apogames/Java/ApoBot/org/apogames/image/ApoImageFromValue.java
/Users/eliahilse/Documents/GitHub/B/corpus/java/ApoBot/Users/eliahilse/Documents/GitHub/B/apogames/Java/ApoBot/org/apogames/ApoComponent.java
/Users/eliahilse/Documents/GitHub/B/corpus/java/ApoBot/Users/eliahilse/Documents/GitHub/B/apogames/Java/ApoBot/org/apogames/ApoMainBufferedStrategy.java
/Users/eliahilse/Documents/GitHub/B/corpus/java/ApoBot/Users/eliahilse/Documents/GitHub/B/apogames/Java/ApoBot/org/apogames/ApoTimerInterface.java
/Users/eliahilse/Documents/GitHub/B/corpus/java/ApoBot/Users/eliahilse/Documents/GitHub/B/apogames/Java/ApoBot/org/apogames/ApoAppletBufferedStrategy.java
/Users/eliahilse/Documents/GitHub/B/corpus/java/ApoBot/Users/eliahilse/Documents/GitHub/B/apogames/Java/ApoBot/org/apogames/ApoNewThread.java
/Users/eliahilse/Documents/GitHub/B/corpus/java/ApoBot/Users/eliahilse/Documents/GitHub/B/apogames/Java/ApoBot/org/apogames/ApoMain.java
/Users/eliahilse/Documents/GitHub/B/corpus/java/ApoBot/Users/eliahilse/Documents/GitHub/B/apogames/Java/ApoBot/org/apogames/ApoTimer.java
/Users/eliahilse/Documents/GitHub/B/corpus/java/ApoBot/Users/eliahilse/Documents/GitHub/B/apogames/Java/ApoBot/org/apogames/ApoComponentBufferedStrategy.java
/Users/eliahilse/Documents/GitHub/B/corpus/java/ApoBot/Users/eliahilse/Documents/GitHub/B/apogames/Java/ApoBot/org/apogames/sound/ApoSounds.java
/Users/eliahilse/Documents/GitHub/B/corpus/java/ApoBot/Users/eliahilse/Documents/GitHub/B/apogames/Java/ApoBot/org/apogames/help/ApoSplashScreen.java
/Users/eliahilse/Documents/GitHub/B/corpus/java/ApoBot/Users/eliahilse/Documents/GitHub/B/apogames/Java/ApoBot/org/apogames/help/ApoSplashPainter.java
/Users/eliahilse/Documents/GitHub/B/corpus/java/ApoBot/Users/eliahilse/Documents/GitHub/B/apogames/Java/ApoBot/org/apogames/help/ApoHelp.java
/Users/eliahilse/Documents/GitHub/B/corpus/java/ApoBot/Users/eliahilse/Documents/GitHub/B/apogames/Java/ApoBot/org/apogames/help/ApoFileFilter.java
/Users/eliahilse/Documents/GitHub/B/corpus/java/ApoBot/Users/eliahilse/Documents/GitHub/B/apogames/Java/ApoBot/org/apogames/help/ApoCopy.java
/Users/eliahilse/Documents/GitHub/B/corpus/java/ApoBot/Users/eliahilse/Documents/GitHub/B/apogames/Java/ApoBot/org/apogames/help/ApoFileNameFilter.java
/Users/eliahilse/Documents/GitHub/B/corpus/java/ApoBot/Users/eliahilse/Documents/GitHub/B/apogames/Java/ApoBot/org/apogames/help/ApoInterface.java
/Users/eliahilse/Documents/GitHub/B/corpus/java/ApoBot/Users/eliahilse/Documents/GitHub/B/apogames/Java/ApoBot/org/apogames/help/ApoFloatPoint.java
/Users/eliahilse/Documents/GitHub/B/corpus/java/ApoBot/Users/eliahilse/Documents/GitHub/B/apogames/Java/ApoBot/org/apogames/help/ApoClassLoader.java
/Users/eliahilse/Documents/GitHub/B/corpus/java/ApoBot/Users/eliahilse/Documents/GitHub/B/apogames/Java/ApoBot/apoBot/ApoBotImage.java
/Users/eliahilse/Documents/GitHub/B/corpus/java/ApoBot/Users/eliahilse/Documents/GitHub/B/apogames/Java/ApoBot/apoBot/ApoBotComponent.java
/Users/eliahilse/Documents/GitHub/B/corpus/java/ApoBot/Users/eliahilse/Documents/GitHub/B/apogames/Java/ApoBot/apoBot/ApoBotMain.java
/Users/eliahilse/Documents/GitHub/B/corpus/java/ApoBot/Users/eliahilse/Documents/GitHub/B/apogames/Java/ApoBot/apoBot/entity/ApoBotEntity.java
/Users/eliahilse/Documents/GitHub/B/corpus/java/ApoBot/Users/eliahilse/Documents/GitHub/B/apogames/Java/ApoBot/apoBot/entity/ApoBotPlayer.java
/Users/eliahilse/Documents/GitHub/B/corpus/java/ApoBot/Users/eliahilse/Documents/GitHub/B/apogames/Java/ApoBot/apoBot/ApoBotApplet.java
/Users/eliahilse/Documents/GitHub/B/corpus/java/ApoBot/Users/eliahilse/Documents/GitHub/B/apogames/Java/ApoBot/apoBot/game/ApoBotGame.java
/Users/eliahilse/Documents/GitHub/B/corpus/java/ApoBot/Users/eliahilse/Documents/GitHub/B/apogames/Java/ApoBot/apoBot/game/ApoBotEditor.java
/Users/eliahilse/Documents/GitHub/B/corpus/java/ApoBot/Users/eliahilse/Documents/GitHub/B/apogames/Java/ApoBot/apoBot/game/ApoBotButton.java
/Users/eliahilse/Documents/GitHub/B/corpus/java/ApoBot/Users/eliahilse/Documents/GitHub/B/apogames/Java/ApoBot/apoBot/game/ApoBotTutorial.java
/Users/eliahilse/Documents/GitHub/B/corpus/java/ApoBot/Users/eliahilse/Documents/GitHub/B/apogames/Java/ApoBot/apoBot/ApoBotConstants.java
/Users/eliahilse/Documents/GitHub/B/corpus/java/ApoBot/Users/eliahilse/Documents/GitHub/B/apogames/Java/ApoBot/apoBot/level/ApoBotLevelLevel.java
/Users/eliahilse/Documents/GitHub/B/corpus/java/ApoBot/Users/eliahilse/Documents/GitHub/B/apogames/Java/ApoBot/apoBot/level/ApoBotLevelIO.java
/Users/eliahilse/Documents/GitHub/B/corpus/java/ApoBot/Users/eliahilse/Documents/GitHub/B/apogames/Java/ApoBot/apoBot/level/ApoBotLevelTest.java
/Users/eliahilse/Documents/GitHub/B/corpus/java/ApoBot/Users/eliahilse/Documents/GitHub/B/apogames/Java/ApoBot/apoBot/level/ApoBotLevel.java
[0m
[0m$ [0mfind /Users/eliahilse/Documents/GitHub/B/corpus/java/ApoBot -type f -name "*.java" | wc -l
48
[0m
The source is nested under a duplicated path. Let me read the key infrastructure files first.
[0m$ [0mSRC="/Users/eliahilse/Documents/GitHub/B/corpus/java/ApoBot/Users/eliahilse/Documents/GitHub/B/apogames/Java/ApoBot"; wc -l "$SRC"/org/apogames/*.java "$SRC"/org/apogames/help/*.java "$SRC"/apoBot/*.java "$SRC"/apoBot/level/*.java "$SRC"/apoBot/game/*.java 2>/dev/null | sort -n | tail -25
74 /Users/eliahilse/Documents/GitHub/B/corpus/java/ApoBot/Users/eliahilse/Documents/GitHub/B/apogames/Java/ApoBot/org/apogames/ApoApplet.java
      75 /Users/eliahilse/Documents/GitHub/B/corpus/java/ApoBot/Users/eliahilse/Documents/GitHub/B/apogames/Java/ApoBot/apoBot/ApoBotConstants.java
      76 /Users/eliahilse/Documents/GitHub/B/corpus/java/ApoBot/Users/eliahilse/Documents/GitHub/B/apogames/Java/ApoBot/org/apogames/help/ApoCopy.java
      90 /Users/eliahilse/Documents/GitHub/B/corpus/java/ApoBot/Users/eliahilse/Documents/GitHub/B/apogames/Java/ApoBot/org/apogames/help/ApoClassLoader.java
      95 /Users/eliahilse/Documents/GitHub/B/corpus/java/ApoBot/Users/eliahilse/Documents/GitHub/B/apogames/Java/ApoBot/org/apogames/help/ApoFileFilter.java
     102 /Users/eliahilse/Documents/GitHub/B/corpus/java/ApoBot/Users/eliahilse/Documents/GitHub/B/apogames/Java/ApoBot/org/apogames/ApoMainBufferedStrategy.java
     114 /Users/eliahilse/Documents/GitHub/B/corpus/java/ApoBot/Users/eliahilse/Documents/GitHub/B/apogames/Java/ApoBot/org/apogames/ApoMain.java
     118 /Users/eliahilse/Documents/GitHub/B/corpus/java/ApoBot/Users/eliahilse/Documents/GitHub/B/apogames/Java/ApoBot/apoBot/level/ApoBotLevelTest.java
     127 /Users/eliahilse/Documents/GitHub/B/corpus/java/ApoBot/Users/eliahilse/Documents/GitHub/B/apogames/Java/ApoBot/org/apogames/help/ApoSplashScreen.java
     132 /Users/eliahilse/Documents/GitHub/B/corpus/java/ApoBot/Users/eliahilse/Documents/GitHub/B/apogames/Java/ApoBot/apoBot/level/ApoBotLevelIO.java
     135 /Users/eliahilse/Documents/GitHub/B/corpus/java/ApoBot/Users/eliahilse/Documents/GitHub/B/apogames/Java/ApoBot/apoBot/level/ApoBotLevel.java
     151 /Users/eliahilse/Documents/GitHub/B/corpus/java/ApoBot/Users/eliahilse/Documents/GitHub/B/apogames/Java/ApoBot/org/apogames/ApoTimer.java
     242 /Users/eliahilse/Documents/GitHub/B/corpus/java/ApoBot/Users/eliahilse/Documents/GitHub/B/apogames/Java/ApoBot/org/apogames/help/ApoHelp.java
     243 /Users/eliahilse/Documents/GitHub/B/corpus/java/ApoBot/Users/eliahilse/Documents/GitHub/B/apogames/Java/ApoBot/org/apogames/ApoIO.java
     258 /Users/eliahilse/Documents/GitHub/B/corpus/java/ApoBot/Users/eliahilse/Documents/GitHub/B/apogames/Java/ApoBot/org/apogames/ApoNewThread.java
     260 /Users/eliahilse/Documents/GitHub/B/corpus/java/ApoBot/Users/eliahilse/Documents/GitHub/B/apogames/Java/ApoBot/apoBot/ApoBotImage.java
     271 /Users/eliahilse/Documents/GitHub/B/corpus/java/ApoBot/Users/eliahilse/Documents/GitHub/B/apogames/Java/ApoBot/apoBot/game/ApoBotTutorial.java
     273 /Users/eliahilse/Documents/GitHub/B/corpus/java/ApoBot/Users/eliahilse/Documents/GitHub/B/apogames/Java/ApoBot/org/apogames/ApoThread.java
     348 /Users/eliahilse/Documents/GitHub/B/corpus/java/ApoBot/Users/eliahilse/Documents/GitHub/B/apogames/Java/ApoBot/apoBot/game/ApoBotEditor.java
     409 /Users/eliahilse/Documents/GitHub/B/corpus/java/ApoBot/Users/eliahilse/Documents/GitHub/B/apogames/Java/ApoBot/apoBot/game/ApoBotButton.java
     525 /Users/eliahilse/Documents/GitHub/B/corpus/java/ApoBot/Users/eliahilse/Documents/GitHub/B/apogames/Java/ApoBot/org/apogames/ApoComponent.java
     611 /Users/eliahilse/Documents/GitHub/B/corpus/java/ApoBot/Users/eliahilse/Documents/GitHub/B/apogames/Java/ApoBot/org/apogames/ApoComponentBufferedStrategy.java
     628 /Users/eliahilse/Documents/GitHub/B/corpus/java/ApoBot/Users/eliahilse/Documents/GitHub/B/apogames/Java/ApoBot/apoBot/ApoBotComponent.java
    1290 /Users/eliahilse/Documents/GitHub/B/corpus/java/ApoBot/Users/eliahilse/Documents/GitHub/B/apogames/Java/ApoBot/apoBot/game/ApoBotGame.java
    7064 total
[0m
[0m→ [0mRead Users/eliahilse/Documents/GitHub/B/apogames/Java/ApoBot/org/apogames/help/ApoClassLoader.java
[0m
[0m$ [0mSRC="/Users/eliahilse/Documents/GitHub/B/corpus/java/ApoBot/Users/eliahilse/Documents/GitHub/B/apogames/Java/ApoBot"; grep -rn "ApoClassLoader" "$SRC" --include="*.java" | grep -v "help/ApoClassLoader.java"
(no output)
[0m
[0m→ [0mRead Users/eliahilse/Documents/GitHub/B/apogames/Java/ApoBot/org/apogames/ApoConstants.java
[0m→ [0mRead Users/eliahilse/Documents/GitHub/B/apogames/Java/ApoBot/org/apogames/ApoIO.java
ApoClassLoader is unused in this variant. Now checking network, highscore, and level parsing code.
[0m
[0m$ [0mSRC="/Users/eliahilse/Documents/GitHub/B/corpus/java/ApoBot/Users/eliahilse/Documents/GitHub/B/apogames/Java/ApoBot"; grep -rn -E "http://|https://| apo-games|apogames\.de" "$SRC" --include="*.java"
/Users/eliahilse/Documents/GitHub/B/corpus/java/ApoBot/Users/eliahilse/Documents/GitHub/B/apogames/Java/ApoBot/apoBot/ApoBotComponent.java:29:	public static final String APPLET_LEVEL = "http://apo-games.de/apoBot/levels/";
[0m
[0m$ [0mSRC="/Users/eliahilse/Documents/GitHub/B/corpus/java/ApoBot/Users/eliahilse/Documents/GitHub/B/apogames/Java/ApoBot"; grep -rn -E "MessageDigest|ObjectInputStream|System\.load|loadLibrary|user\.home|user\.dir|exec\(" "$SRC" --include="*.java"
/Users/eliahilse/Documents/GitHub/B/corpus/java/ApoBot/Users/eliahilse/Documents/GitHub/B/apogames/Java/ApoBot/apoBot/ApoBotComponent.java:77:			this.fileChooser.setCurrentDirectory(new File( System.getProperty("user.dir") + File.separator+ "levels" ) );
/Users/eliahilse/Documents/GitHub/B/corpus/java/ApoBot/Users/eliahilse/Documents/GitHub/B/apogames/Java/ApoBot/apoBot/game/ApoBotGame.java:156:				this.loadLevel(System.getProperty("user.dir") + File.separator + "levels" + File.separator + ApoBotConstants.LEVELS[this.curLevelString] + ".bot");
/Users/eliahilse/Documents/GitHub/B/corpus/java/ApoBot/Users/eliahilse/Documents/GitHub/B/apogames/Java/ApoBot/apoBot/game/ApoBotGame.java:410:					this.loadLevel(System.getProperty("user.dir") + File.separator + "levels" + File.separator + ApoBotConstants.LEVELS[this.curLevelString] + ".bot");
/Users/eliahilse/Documents/GitHub/B/corpus/java/ApoBot/Users/eliahilse/Documents/GitHub/B/apogames/Java/ApoBot/apoBot/game/ApoBotTutorial.java:45:			this.game.loadLevel(System.getProperty("user.dir") + File.separator + "levels" + File.separator + "tutorial.bot");
[0m
[0m→ [0mRead Users/eliahilse/Documents/GitHub/B/apogames/Java/ApoBot/apoBot/level/ApoBotLevelIO.java
[0m→ [0mRead Users/eliahilse/Documents/GitHub/B/apogames/Java/ApoBot/apoBot/ApoBotComponent.java
[0m→ [0mRead Users/eliahilse/Documents/GitHub/B/apogames/Java/ApoBot/org/apogames/help/ApoHelp.java
[0m
[0m$ [0mSRC="/Users/eliahilse/Documents/GitHub/B/corpus/java/ApoBot/Users/eliahilse/Documents/GitHub/B/apogames/Java/ApoBot"; grep -rn "APPLET_LEVEL\|readLevel(\|levelLoad\|hasNextLevel" "$SRC" --include="*.java"
/Users/eliahilse/Documents/GitHub/B/corpus/java/ApoBot/Users/eliahilse/Documents/GitHub/B/apogames/Java/ApoBot/org/apogames/ApoIO.java:121:	public boolean hasNextLevel()
/Users/eliahilse/Documents/GitHub/B/corpus/java/ApoBot/Users/eliahilse/Documents/GitHub/B/apogames/Java/ApoBot/org/apogames/ApoIO.java:135:	public boolean hasNextLevel( boolean bURL ) {
/Users/eliahilse/Documents/GitHub/B/corpus/java/ApoBot/Users/eliahilse/Documents/GitHub/B/apogames/Java/ApoBot/org/apogames/ApoIO.java:193:	public boolean readLevel( String fileName ) {
/Users/eliahilse/Documents/GitHub/B/corpus/java/ApoBot/Users/eliahilse/Documents/GitHub/B/apogames/Java/ApoBot/org/apogames/ApoIO.java:194:		return this.readLevel( ApoConstants.B_APPLET, fileName );
/Users/eliahilse/Documents/GitHub/B/corpus/java/ApoBot/Users/eliahilse/Documents/GitHub/B/apogames/Java/ApoBot/org/apogames/ApoIO.java:201:	public boolean readLevel( boolean bURL, String fileName ) {
/Users/eliahilse/Documents/GitHub/B/corpus/java/ApoBot/Users/eliahilse/Documents/GitHub/B/apogames/Java/ApoBot/org/apogames/ApoIO.java:202:		return this.readLevel( bURL, fileName, false );
/Users/eliahilse/Documents/GitHub/B/corpus/java/ApoBot/Users/eliahilse/Documents/GitHub/B/apogames/Java/ApoBot/org/apogames/ApoIO.java:209:	public boolean readLevel( boolean bURL, String fileName, boolean bAll ) {
/Users/eliahilse/Documents/GitHub/B/corpus/java/ApoBot/Users/eliahilse/Documents/GitHub/B/apogames/Java/ApoBot/org/apogames/ApoIO.java:224:				this.readLevel( data );
/Users/eliahilse/Documents/GitHub/B/corpus/java/ApoBot/Users/eliahilse/Documents/GitHub/B/apogames/Java/ApoBot/org/apogames/ApoIO.java:242:	public abstract boolean readLevel( DataInputStream data ) throws EOFException, IOException;
/Users/eliahilse/Documents/GitHub/B/corpus/java/ApoBot/Users/eliahilse/Documents/GitHub/B/apogames/Java/ApoBot/apoBot/ApoBotComponent.java:29:	public static final String APPLET_LEVEL = "http://apo-games.de/apoBot/levels/";
/Users/eliahilse/Documents/GitHub/B/corpus/java/ApoBot/Users/eliahilse/Documents/GitHub/B/apogames/Java/ApoBot/apoBot/ApoBotComponent.java:120:	public boolean levelLoad(String level) {
/Users/eliahilse/Documents/GitHub/B/corpus/java/ApoBot/Users/eliahilse/Documents/GitHub/B/apogames/Java/ApoBot/apoBot/game/ApoBotGame.java:154:				this.loadLevel(ApoBotComponent.APPLET_LEVEL + "/" + ApoBotConstants.LEVELS[this.curLevelString] + ".bot");
/Users/eliahilse/Documents/GitHub/B/corpus/java/ApoBot/Users/eliahilse/Documents/GitHub/B/apogames/Java/ApoBot/apoBot/game/ApoBotGame.java:170:			if (this.io.readLevel(fileName)) {
/Users/eliahilse/Documents/GitHub/B/corpus/java/ApoBot/Users/eliahilse/Documents/GitHub/B/apogames/Java/ApoBot/apoBot/game/ApoBotGame.java:367:			super.levelLoad(null);
/Users/eliahilse/Documents/GitHub/B/corpus/java/ApoBot/Users/eliahilse/Documents/GitHub/B/apogames/Java/ApoBot/apoBot/game/ApoBotGame.java:408:					this.loadLevel(ApoBotComponent.APPLET_LEVEL + "/" + ApoBotConstants.LEVELS[this.curLevelString] + ".bot");
/Users/eliahilse/Documents/GitHub/B/corpus/java/ApoBot/Users/eliahilse/Documents/GitHub/B/apogames/Java/ApoBot/apoBot/game/ApoBotEditor.java:61:		if (this.io.readLevel(fileName)) {
/Users/eliahilse/Documents/GitHub/B/corpus/java/ApoBot/Users/eliahilse/Documents/GitHub/B/apogames/Java/ApoBot/apoBot/game/ApoBotEditor.java:208:			this.game.levelLoad(null);
/Users/eliahilse/Documents/GitHub/B/corpus/java/ApoBot/Users/eliahilse/Documents/GitHub/B/apogames/Java/ApoBot/apoBot/game/ApoBotTutorial.java:43:			this.game.loadLevel(ApoBotComponent.APPLET_LEVEL + "tutorial.bot");
/Users/eliahilse/Documents/GitHub/B/corpus/java/ApoBot/Users/eliahilse/Documents/GitHub/B/apogames/Java/ApoBot/apoBot/level/ApoBotLevelIO.java:73:	public boolean readLevel(DataInputStream data) throws EOFException,IOException {
[0m
[0m→ [0mRead Users/eliahilse/Documents/GitHub/B/apogames/Java/ApoBot/apoBot/ApoBotApplet.java
[0m→ [0mRead Users/eliahilse/Documents/GitHub/B/apogames/Java/ApoBot/apoBot/ApoBotMain.java
[0m→ [0mRead Users/eliahilse/Documents/GitHub/B/apogames/Java/ApoBot/apoBot/game/ApoBotTutorial.java
[0m→ [0mRead Users/eliahilse/Documents/GitHub/B/apogames/Java/ApoBot/apoBot/game/ApoBotGame.java[90m [offset=120, limit=120][0m
[0m→ [0mRead Users/eliahilse/Documents/GitHub/B/apogames/Java/ApoBot/apoBot/game/ApoBotEditor.java[90m [limit=110][0m
[0m
[0m$ [0mSRC="/Users/eliahilse/Documents/GitHub/B/corpus/java/ApoBot/Users/eliahilse/Documents/GitHub/B/apogames/Java/ApoBot"; grep -n "getImage\|ImageIO\|getResource" "$SRC/apoBot/ApoBotImage.java" "$SRC/org/apogames/image/ApoImage.java" "$SRC/org/apogames/ApoApplet.java" "$SRC/org/apogames/ApoAppletBufferedStrategy.java" "$SRC/org/apogames/ApoMainBufferedStrategy.java" "$SRC/org/apogames/sound/ApoSounds.java"
/Users/eliahilse/Documents/GitHub/B/corpus/java/ApoBot/Users/eliahilse/Documents/GitHub/B/apogames/Java/ApoBot/apoBot/ApoBotImage.java:29:	public BufferedImage getImage(String path, boolean bFile) {
/Users/eliahilse/Documents/GitHub/B/corpus/java/ApoBot/Users/eliahilse/Documents/GitHub/B/apogames/Java/ApoBot/apoBot/ApoBotImage.java:30:		return this.image.getImageFromPath(path, bFile);
/Users/eliahilse/Documents/GitHub/B/corpus/java/ApoBot/Users/eliahilse/Documents/GitHub/B/apogames/Java/ApoBot/apoBot/ApoBotImage.java:249:	public static BufferedImage getImageCopy(BufferedImage iImage) {
/Users/eliahilse/Documents/GitHub/B/corpus/java/ApoBot/Users/eliahilse/Documents/GitHub/B/apogames/Java/ApoBot/org/apogames/image/ApoImage.java:15:import javax.imageio.ImageIO;
/Users/eliahilse/Documents/GitHub/B/corpus/java/ApoBot/Users/eliahilse/Documents/GitHub/B/apogames/Java/ApoBot/org/apogames/image/ApoImage.java:52:			i = getImage( pic, bLoad );
/Users/eliahilse/Documents/GitHub/B/corpus/java/ApoBot/Users/eliahilse/Documents/GitHub/B/apogames/Java/ApoBot/org/apogames/image/ApoImage.java:78:	private BufferedImage getImage( String pic, boolean bLoad )	{
/Users/eliahilse/Documents/GitHub/B/corpus/java/ApoBot/Users/eliahilse/Documents/GitHub/B/apogames/Java/ApoBot/org/apogames/image/ApoImage.java:86:				img = ImageIO.read( this.getClass().getClassLoader().getResource( pic ) );
/Users/eliahilse/Documents/GitHub/B/corpus/java/ApoBot/Users/eliahilse/Documents/GitHub/B/apogames/Java/ApoBot/org/apogames/image/ApoImage.java:99:					img = ImageIO.read( new URL( pic ) );
/Users/eliahilse/Documents/GitHub/B/corpus/java/ApoBot/Users/eliahilse/Documents/GitHub/B/apogames/Java/ApoBot/org/apogames/image/ApoImage.java:101:					img = ImageIO.read( new File( pic ) );
/Users/eliahilse/Documents/GitHub/B/corpus/java/ApoBot/Users/eliahilse/Documents/GitHub/B/apogames/Java/ApoBot/org/apogames/sound/ApoSounds.java:25:		URL sound_url = getClass().getClassLoader().getResource(path);
[0m
Now checking the editor, image loading, sounds, and the applet base classes.
[0m$ [0mSRC="/Users/eliahilse/Documents/GitHub/B/corpus/java/ApoBot/Users/eliahilse/Documents/GitHub/B/apogames/Java/ApoBot"; grep -rni -E "highscore|\.php|openStream|openConnection|URLConnection|Socket" "$SRC" --include="*.java"
/Users/eliahilse/Documents/GitHub/B/corpus/java/ApoBot/Users/eliahilse/Documents/GitHub/B/apogames/Java/ApoBot/org/apogames/ApoIO.java:11:import java.net.HttpURLConnection;
/Users/eliahilse/Documents/GitHub/B/corpus/java/ApoBot/Users/eliahilse/Documents/GitHub/B/apogames/Java/ApoBot/org/apogames/ApoIO.java:144:				data						= new DataInputStream( connection.openStream() );
/Users/eliahilse/Documents/GitHub/B/corpus/java/ApoBot/Users/eliahilse/Documents/GitHub/B/apogames/Java/ApoBot/org/apogames/ApoIO.java:167:				HttpURLConnection connection = (HttpURLConnection)connectionURL.openConnection(); 
/Users/eliahilse/Documents/GitHub/B/corpus/java/ApoBot/Users/eliahilse/Documents/GitHub/B/apogames/Java/ApoBot/org/apogames/ApoIO.java:221:				data						= new DataInputStream( connection.openStream() );
[0m
[0m→ [0mRead Users/eliahilse/Documents/GitHub/B/apogames/Java/ApoBot/apoBot/ApoBotConstants.java
[0m→ [0mRead Users/eliahilse/Documents/GitHub/B/apogames/Java/ApoBot/apoBot/game/ApoBotGame.java[90m [limit=90, offset=350][0m
[0m
[0m$ [0mSRC="/Users/eliahilse/Documents/GitHub/B/corpus/java/ApoBot/Users/eliahilse/Documents/GitHub/B/apogames/Java/ApoBot"; grep -rn "levelSave\|saveLevel\|B_APPLET = " "$SRC" --include="*.java" | grep -v "public\|abstract"
/Users/eliahilse/Documents/GitHub/B/corpus/java/ApoBot/Users/eliahilse/Documents/GitHub/B/apogames/Java/ApoBot/org/apogames/ApoApplet.java:37:		ApoConstants.B_APPLET = true;
/Users/eliahilse/Documents/GitHub/B/corpus/java/ApoBot/Users/eliahilse/Documents/GitHub/B/apogames/Java/ApoBot/org/apogames/ApoAppletBufferedStrategy.java:31:		ApoConstants.B_APPLET = true;
/Users/eliahilse/Documents/GitHub/B/corpus/java/ApoBot/Users/eliahilse/Documents/GitHub/B/apogames/Java/ApoBot/apoBot/ApoBotComponent.java:152:			this.saveLevel(s);
/Users/eliahilse/Documents/GitHub/B/corpus/java/ApoBot/Users/eliahilse/Documents/GitHub/B/apogames/Java/ApoBot/apoBot/game/ApoBotGame.java:183:			this.editor.saveLevel(fileName);
/Users/eliahilse/Documents/GitHub/B/corpus/java/ApoBot/Users/eliahilse/Documents/GitHub/B/apogames/Java/ApoBot/apoBot/game/ApoBotEditor.java:206:			this.game.levelSave();
[0m
[0m→ [0mRead Users/eliahilse/Documents/GitHub/B/apogames/Java/ApoBot/org/apogames/ApoApplet.java
[0m→ [0mRead Users/eliahilse/Documents/GitHub/B/apogames/Java/ApoBot/org/apogames/help/ApoCopy.java
[0m
[0m$ [0mSRC="/Users/eliahilse/Documents/GitHub/B/corpus/java/ApoBot/Users/eliahilse/Documents/GitHub/B/apogames/Java/ApoBot"; grep -rn "ApoCopy\|ApoSplash" "$SRC" --include="*.java" | grep -v "class ApoCopy\|class ApoSplash\|package\|help/ApoCopy.java\|help/ApoSplash"
/Users/eliahilse/Documents/GitHub/B/corpus/java/ApoBot/Users/eliahilse/Documents/GitHub/B/apogames/Java/ApoBot/org/apogames/ApoMainBufferedStrategy.java:5:import org.apogames.help.ApoSplashScreen;
/Users/eliahilse/Documents/GitHub/B/corpus/java/ApoBot/Users/eliahilse/Documents/GitHub/B/apogames/Java/ApoBot/org/apogames/ApoMainBufferedStrategy.java:42:		ApoSplashScreen splash = null;
/Users/eliahilse/Documents/GitHub/B/corpus/java/ApoBot/Users/eliahilse/Documents/GitHub/B/apogames/Java/ApoBot/org/apogames/ApoMainBufferedStrategy.java:45:			splash = new ApoSplashScreen( splashUrl );                       
/Users/eliahilse/Documents/GitHub/B/corpus/java/ApoBot/Users/eliahilse/Documents/GitHub/B/apogames/Java/ApoBot/org/apogames/ApoMain.java:8:import org.apogames.help.ApoSplashScreen;
/Users/eliahilse/Documents/GitHub/B/corpus/java/ApoBot/Users/eliahilse/Documents/GitHub/B/apogames/Java/ApoBot/org/apogames/ApoMain.java:50:		ApoSplashScreen splash = null;
/Users/eliahilse/Documents/GitHub/B/corpus/java/ApoBot/Users/eliahilse/Documents/GitHub/B/apogames/Java/ApoBot/org/apogames/ApoMain.java:54:			splash = new ApoSplashScreen( splashUrl );
[0m
[0m→ [0mRead Users/eliahilse/Documents/GitHub/B/apogames/Java/ApoBot/apoBot/game/ApoBotGame.java[90m [limit=119][0m
[0m→ [0mRead Users/eliahilse/Documents/GitHub/B/apogames/Java/ApoBot/org/apogames/image/ApoImage.java[90m [limit=115][0m
[0m→ [0mRead Users/eliahilse/Documents/GitHub/B/apogames/Java/ApoBot/org/apogames/help/ApoSplashScreen.java
[0m
[0m$ [0mSRC="/Users/eliahilse/Documents/GitHub/B/corpus/java/ApoBot/Users/eliahilse/Documents/GitHub/B/apogames/Java/ApoBot"; grep -rn -E "Runtime|ProcessBuilder|newInstance|Class\.forName|defineClass|delete\(|mkdir|\.jar| getAppletContext|showDocument|getParameter" "$SRC" --include="*.java"
/Users/eliahilse/Documents/GitHub/B/corpus/java/ApoBot/Users/eliahilse/Documents/GitHub/B/apogames/Java/ApoBot/org/apogames/help/ApoCopy.java:34:			copyDirectory.mkdirs();
/Users/eliahilse/Documents/GitHub/B/corpus/java/ApoBot/Users/eliahilse/Documents/GitHub/B/apogames/Java/ApoBot/org/apogames/help/ApoClassLoader.java:75:					return c.newInstance();
[0m
[0m→ [0mRead Users/eliahilse/Documents/GitHub/B/apogames/Java/ApoBot/org/apogames/ApoAppletBufferedStrategy.java
[0m→ [0mRead Users/eliahilse/Documents/GitHub/B/apogames/Java/ApoBot/apoBot/level/ApoBotLevel.java
Let me do a final skim of the remaining game/level files to be thorough.
[0m
[0m$ [0mSRC="/Users/eliahilse/Documents/GitHub/B/corpus/java/ApoBot/Users/eliahilse/Documents/GitHub/B/apogames/Java/ApoBot"; grep -n -E "readInt|readUTF|readBoolean|readByte|writeInt|writeUTF" "$SRC"/apoBot/game/ApoBotGame.java "$SRC"/apoBot/game/ApoBotEditor.java "$SRC"/apoBot/level/ApoBotLevelTest.java; echo ---; grep -c "" "$SRC"/apoBot/game/ApoBotGame.java
---
1291
[0m
