[0m
> build · glm-5.3
[0m
[0m$ [0mfind /Users/eliahilse/Documents/GitHub/B/corpus/java/ApoDefence -type f | head -100
/Users/eliahilse/Documents/GitHub/B/corpus/java/ApoDefence/Users/eliahilse/Documents/GitHub/B/apogames/Java/ApoDefence/ApoDefence/options/ApoDefenceOptions.java
/Users/eliahilse/Documents/GitHub/B/corpus/java/ApoDefence/Users/eliahilse/Documents/GitHub/B/apogames/Java/ApoDefence/ApoDefence/options/ApoDefenceOptionsTower.java
/Users/eliahilse/Documents/GitHub/B/corpus/java/ApoDefence/Users/eliahilse/Documents/GitHub/B/apogames/Java/ApoDefence/ApoDefence/options/ApoDefenceOptionsEnemy.java
/Users/eliahilse/Documents/GitHub/B/corpus/java/ApoDefence/Users/eliahilse/Documents/GitHub/B/apogames/Java/ApoDefence/ApoDefence/options/ApoDefenceOptionsResearch.java
/Users/eliahilse/Documents/GitHub/B/corpus/java/ApoDefence/Users/eliahilse/Documents/GitHub/B/apogames/Java/ApoDefence/ApoDefence/options/ApoDefenceOptionsGeneral.java
/Users/eliahilse/Documents/GitHub/B/corpus/java/ApoDefence/Users/eliahilse/Documents/GitHub/B/apogames/Java/ApoDefence/ApoDefence/ApoDefenceImage.java
/Users/eliahilse/Documents/GitHub/B/corpus/java/ApoDefence/Users/eliahilse/Documents/GitHub/B/apogames/Java/ApoDefence/ApoDefence/ApoDefenceEntity.java
/Users/eliahilse/Documents/GitHub/B/corpus/java/ApoDefence/Users/eliahilse/Documents/GitHub/B/apogames/Java/ApoDefence/ApoDefence/ApoDefencePoint.java
/Users/eliahilse/Documents/GitHub/B/corpus/java/ApoDefence/Users/eliahilse/Documents/GitHub/B/apogames/Java/ApoDefence/ApoDefence/game/ApoDefenceEnemyUndead.java
/Users/eliahilse/Documents/GitHub/B/corpus/java/ApoDefence/Users/eliahilse/Documents/GitHub/B/apogames/Java/ApoDefence/ApoDefence/game/ApoDefenceGameTower.java
/Users/eliahilse/Documents/GitHub/B/corpus/java/ApoDefence/Users/eliahilse/Documents/GitHub/B/apogames/Java/ApoDefence/ApoDefence/game/ApoDefenceTower.java
/Users/eliahilse/Documents/GitHub/B/corpus/java/ApoDefence/Users/eliahilse/Documents/GitHub/B/apogames/Java/ApoDefence/ApoDefence/game/ApoDefenceShootFire.java
/Users/eliahilse/Documents/GitHub/B/corpus/java/ApoDefence/Users/eliahilse/Documents/GitHub/B/apogames/Java/ApoDefence/ApoDefence/game/ApoDefenceTowerFire.java
/Users/eliahilse/Documents/GitHub/B/corpus/java/ApoDefence/Users/eliahilse/Documents/GitHub/B/apogames/Java/ApoDefence/ApoDefence/game/ApoDefenceGameEnemy.java
/Users/eliahilse/Documents/GitHub/B/corpus/java/ApoDefence/Users/eliahilse/Documents/GitHub/B/apogames/Java/ApoDefence/ApoDefence/game/ApoDefenceGameHud.java
/Users/eliahilse/Documents/GitHub/B/corpus/java/ApoDefence/Users/eliahilse/Documents/GitHub/B/apogames/Java/ApoDefence/ApoDefence/game/ApoDefenceEnemyDevil.java
/Users/eliahilse/Documents/GitHub/B/corpus/java/ApoDefence/Users/eliahilse/Documents/GitHub/B/apogames/Java/ApoDefence/ApoDefence/game/ApoDefenceEnemy.java
/Users/eliahilse/Documents/GitHub/B/corpus/java/ApoDefence/Users/eliahilse/Documents/GitHub/B/apogames/Java/ApoDefence/ApoDefence/game/ApoDefenceEnemyDog.java
/Users/eliahilse/Documents/GitHub/B/corpus/java/ApoDefence/Users/eliahilse/Documents/GitHub/B/apogames/Java/ApoDefence/ApoDefence/game/ApoDefenceShootIce.java
/Users/eliahilse/Documents/GitHub/B/corpus/java/ApoDefence/Users/eliahilse/Documents/GitHub/B/apogames/Java/ApoDefence/ApoDefence/game/ApoDefenceCastle.java
/Users/eliahilse/Documents/GitHub/B/corpus/java/ApoDefence/Users/eliahilse/Documents/GitHub/B/apogames/Java/ApoDefence/ApoDefence/game/ApoDefenceEnemyDragon.java
/Users/eliahilse/Documents/GitHub/B/corpus/java/ApoDefence/Users/eliahilse/Documents/GitHub/B/apogames/Java/ApoDefence/ApoDefence/game/ApoDefenceTowerLight.java
/Users/eliahilse/Documents/GitHub/B/corpus/java/ApoDefence/Users/eliahilse/Documents/GitHub/B/apogames/Java/ApoDefence/ApoDefence/game/ApoDefenceEnemyWerewolf.java
/Users/eliahilse/Documents/GitHub/B/corpus/java/ApoDefence/Users/eliahilse/Documents/GitHub/B/apogames/Java/ApoDefence/ApoDefence/game/ApoDefenceShoot.java
/Users/eliahilse/Documents/GitHub/B/corpus/java/ApoDefence/Users/eliahilse/Documents/GitHub/B/apogames/Java/ApoDefence/ApoDefence/game/ApoDefenceEnemyAquatic.java
/Users/eliahilse/Documents/GitHub/B/corpus/java/ApoDefence/Users/eliahilse/Documents/GitHub/B/apogames/Java/ApoDefence/ApoDefence/game/ApoDefenceEnemyFire.java
/Users/eliahilse/Documents/GitHub/B/corpus/java/ApoDefence/Users/eliahilse/Documents/GitHub/B/apogames/Java/ApoDefence/ApoDefence/game/ApoDefenceTowerIce.java
/Users/eliahilse/Documents/GitHub/B/corpus/java/ApoDefence/Users/eliahilse/Documents/GitHub/B/apogames/Java/ApoDefence/ApoDefence/game/ApoDefenceTowerUltra.java
/Users/eliahilse/Documents/GitHub/B/corpus/java/ApoDefence/Users/eliahilse/Documents/GitHub/B/apogames/Java/ApoDefence/ApoDefence/game/ApoDefenceEnemyLion.java
/Users/eliahilse/Documents/GitHub/B/corpus/java/ApoDefence/Users/eliahilse/Documents/GitHub/B/apogames/Java/ApoDefence/ApoDefence/game/ApoDefenceShootEnemy.java
/Users/eliahilse/Documents/GitHub/B/corpus/java/ApoDefence/Users/eliahilse/Documents/GitHub/B/apogames/Java/ApoDefence/ApoDefence/game/ApoDefenceEnemyHorse.java
/Users/eliahilse/Documents/GitHub/B/corpus/java/ApoDefence/Users/eliahilse/Documents/GitHub/B/apogames/Java/ApoDefence/ApoDefence/game/ApoDefenceEnemyBird.java
/Users/eliahilse/Documents/GitHub/B/corpus/java/ApoDefence/Users/eliahilse/Documents/GitHub/B/apogames/Java/ApoDefence/ApoDefence/game/ApoDefenceFileFilter.java
/Users/eliahilse/Documents/GitHub/B/corpus/java/ApoDefence/Users/eliahilse/Documents/GitHub/B/apogames/Java/ApoDefence/ApoDefence/game/ApoDefenceHighscoreEntity.java
/Users/eliahilse/Documents/GitHub/B/corpus/java/ApoDefence/Users/eliahilse/Documents/GitHub/B/apogames/Java/ApoDefence/ApoDefence/game/ApoDefenceGame.java
/Users/eliahilse/Documents/GitHub/B/corpus/java/ApoDefence/Users/eliahilse/Documents/GitHub/B/apogames/Java/ApoDefence/ApoDefence/game/ApoDefenceEnemyGhost.java
/Users/eliahilse/Documents/GitHub/B/corpus/java/ApoDefence/Users/eliahilse/Documents/GitHub/B/apogames/Java/ApoDefence/ApoDefence/game/ApoDefenceEnemyGoblin.java
/Users/eliahilse/Documents/GitHub/B/corpus/java/ApoDefence/Users/eliahilse/Documents/GitHub/B/apogames/Java/ApoDefence/ApoDefence/game/ApoDefenceHighscoreEncrypt.java
/Users/eliahilse/Documents/GitHub/B/corpus/java/ApoDefence/Users/eliahilse/Documents/GitHub/B/apogames/Java/ApoDefence/ApoDefence/game/ApoDefenceResearch.java
/Users/eliahilse/Documents/GitHub/B/corpus/java/ApoDefence/Users/eliahilse/Documents/GitHub/B/apogames/Java/ApoDefence/ApoDefence/game/ApoDefenceShootLight.java
/Users/eliahilse/Documents/GitHub/B/corpus/java/ApoDefence/Users/eliahilse/Documents/GitHub/B/apogames/Java/ApoDefence/ApoDefence/game/ApoDefenceShootArch.java
/Users/eliahilse/Documents/GitHub/B/corpus/java/ApoDefence/Users/eliahilse/Documents/GitHub/B/apogames/Java/ApoDefence/ApoDefence/game/ApoDefenceEnemySnake.java
/Users/eliahilse/Documents/GitHub/B/corpus/java/ApoDefence/Users/eliahilse/Documents/GitHub/B/apogames/Java/ApoDefence/ApoDefence/game/ApoDefenceEnemyMonk.java
/Users/eliahilse/Documents/GitHub/B/corpus/java/ApoDefence/Users/eliahilse/Documents/GitHub/B/apogames/Java/ApoDefence/ApoDefence/game/ApoDefenceEnemyKnight.java
/Users/eliahilse/Documents/GitHub/B/corpus/java/ApoDefence/Users/eliahilse/Documents/GitHub/B/apogames/Java/ApoDefence/ApoDefence/game/ApoDefenceTowerArch.java
/Users/eliahilse/Documents/GitHub/B/corpus/java/ApoDefence/Users/eliahilse/Documents/GitHub/B/apogames/Java/ApoDefence/ApoDefence/game/ApoDefenceEnemyDracula.java
/Users/eliahilse/Documents/GitHub/B/corpus/java/ApoDefence/Users/eliahilse/Documents/GitHub/B/apogames/Java/ApoDefence/ApoDefence/game/ApoDefenceEnemySkull.java
/Users/eliahilse/Documents/GitHub/B/corpus/java/ApoDefence/Users/eliahilse/Documents/GitHub/B/apogames/Java/ApoDefence/ApoDefence/game/ApoDefenceEnemySkeleton.java
/Users/eliahilse/Documents/GitHub/B/corpus/java/ApoDefence/Users/eliahilse/Documents/GitHub/B/apogames/Java/ApoDefence/ApoDefence/game/ApoDefenceHighscore.java
/Users/eliahilse/Documents/GitHub/B/corpus/java/ApoDefence/Users/eliahilse/Documents/GitHub/B/apogames/Java/ApoDefence/ApoDefence/game/ApoDefenceEnemyMummy.java
/Users/eliahilse/Documents/GitHub/B/corpus/java/ApoDefence/Users/eliahilse/Documents/GitHub/B/apogames/Java/ApoDefence/ApoDefence/game/ApoDefenceEnemyUndefined.java
/Users/eliahilse/Documents/GitHub/B/corpus/java/ApoDefence/Users/eliahilse/Documents/GitHub/B/apogames/Java/ApoDefence/ApoDefence/game/ApoDefenceShootUltra.java
/Users/eliahilse/Documents/GitHub/B/corpus/java/ApoDefence/Users/eliahilse/Documents/GitHub/B/apogames/Java/ApoDefence/ApoDefence/ApoDefenceButton.java
/Users/eliahilse/Documents/GitHub/B/corpus/java/ApoDefence/Users/eliahilse/Documents/GitHub/B/apogames/Java/ApoDefence/ApoDefence/ApoDefenceTimer.java
/Users/eliahilse/Documents/GitHub/B/corpus/java/ApoDefence/Users/eliahilse/Documents/GitHub/B/apogames/Java/ApoDefence/ApoDefence/ApoDefenceFileFilter.java
/Users/eliahilse/Documents/GitHub/B/corpus/java/ApoDefence/Users/eliahilse/Documents/GitHub/B/apogames/Java/ApoDefence/ApoDefence/ApoDefenceConstantsOriginal.java
/Users/eliahilse/Documents/GitHub/B/corpus/java/ApoDefence/Users/eliahilse/Documents/GitHub/B/apogames/Java/ApoDefence/ApoDefence/ApoDefenceMain.java
/Users/eliahilse/Documents/GitHub/B/corpus/java/ApoDefence/Users/eliahilse/Documents/GitHub/B/apogames/Java/ApoDefence/ApoDefence/ApoDefenceSounds.java
/Users/eliahilse/Documents/GitHub/B/corpus/java/ApoDefence/Users/eliahilse/Documents/GitHub/B/apogames/Java/ApoDefence/ApoDefence/ApoDefenceDragObject.java
/Users/eliahilse/Documents/GitHub/B/corpus/java/ApoDefence/Users/eliahilse/Documents/GitHub/B/apogames/Java/ApoDefence/ApoDefence/ApoDefenceLoadSave.java
/Users/eliahilse/Documents/GitHub/B/corpus/java/ApoDefence/Users/eliahilse/Documents/GitHub/B/apogames/Java/ApoDefence/ApoDefence/editor/ApoDefenceEditorGame.java
/Users/eliahilse/Documents/GitHub/B/corpus/java/ApoDefence/Users/eliahilse/Documents/GitHub/B/apogames/Java/ApoDefence/ApoDefence/editor/ApoDefenceEditorHudEnemy.java
/Users/eliahilse/Documents/GitHub/B/corpus/java/ApoDefence/Users/eliahilse/Documents/GitHub/B/apogames/Java/ApoDefence/ApoDefence/editor/ApoDefenceEditorHudWaypoint.java
/Users/eliahilse/Documents/GitHub/B/corpus/java/ApoDefence/Users/eliahilse/Documents/GitHub/B/apogames/Java/ApoDefence/ApoDefence/editor/ApoDefenceEditor.java
/Users/eliahilse/Documents/GitHub/B/corpus/java/ApoDefence/Users/eliahilse/Documents/GitHub/B/apogames/Java/ApoDefence/ApoDefence/editor/ApoDefenceEditorHud.java
/Users/eliahilse/Documents/GitHub/B/corpus/java/ApoDefence/Users/eliahilse/Documents/GitHub/B/apogames/Java/ApoDefence/ApoDefence/editor/ApoDefenceEditorHudGeneral.java
/Users/eliahilse/Documents/GitHub/B/corpus/java/ApoDefence/Users/eliahilse/Documents/GitHub/B/apogames/Java/ApoDefence/ApoDefence/ApoDefenceConstants.java
[0m
[0m$ [0mfind /Users/eliahilse/Documents/GitHub/B/corpus/java/ApoDefence -type d | head -50
/Users/eliahilse/Documents/GitHub/B/corpus/java/ApoDefence
/Users/eliahilse/Documents/GitHub/B/corpus/java/ApoDefence/Users
/Users/eliahilse/Documents/GitHub/B/corpus/java/ApoDefence/Users/eliahilse
/Users/eliahilse/Documents/GitHub/B/corpus/java/ApoDefence/Users/eliahilse/Documents
/Users/eliahilse/Documents/GitHub/B/corpus/java/ApoDefence/Users/eliahilse/Documents/GitHub
/Users/eliahilse/Documents/GitHub/B/corpus/java/ApoDefence/Users/eliahilse/Documents/GitHub/B
/Users/eliahilse/Documents/GitHub/B/corpus/java/ApoDefence/Users/eliahilse/Documents/GitHub/B/apogames
/Users/eliahilse/Documents/GitHub/B/corpus/java/ApoDefence/Users/eliahilse/Documents/GitHub/B/apogames/Java
/Users/eliahilse/Documents/GitHub/B/corpus/java/ApoDefence/Users/eliahilse/Documents/GitHub/B/apogames/Java/ApoDefence
/Users/eliahilse/Documents/GitHub/B/corpus/java/ApoDefence/Users/eliahilse/Documents/GitHub/B/apogames/Java/ApoDefence/ApoDefence
/Users/eliahilse/Documents/GitHub/B/corpus/java/ApoDefence/Users/eliahilse/Documents/GitHub/B/apogames/Java/ApoDefence/ApoDefence/options
/Users/eliahilse/Documents/GitHub/B/corpus/java/ApoDefence/Users/eliahilse/Documents/GitHub/B/apogames/Java/ApoDefence/ApoDefence/game
/Users/eliahilse/Documents/GitHub/B/corpus/java/ApoDefence/Users/eliahilse/Documents/GitHub/B/apogames/Java/ApoDefence/ApoDefence/editor
[0m
[0m$ [0mfind /Users/eliahilse/Documents/GitHub/B/corpus/java/ApoDefence -type f -not -name "*.java"
(no output)
[0m
[0m$ [0mfind /Users/eliahilse/Documents/GitHub/B/corpus/java/ApoDefence -type f | wc -l; find /Users/eliahilse/Documents/GitHub/B/corpus/java/ApoDefence -type f -name "*.java" | wc -l
67
      67
[0m
[0m$ [0mfind /Users/eliahilse/Documents/GitHub/B/corpus/java/ApoDefence -type f -name "*.java" | sed 's|/Users/eliahilse/Documents/GitHub/B/corpus/java/ApoDefence/||' | sort
Users/eliahilse/Documents/GitHub/B/apogames/Java/ApoDefence/ApoDefence/ApoDefenceButton.java
Users/eliahilse/Documents/GitHub/B/apogames/Java/ApoDefence/ApoDefence/ApoDefenceConstants.java
Users/eliahilse/Documents/GitHub/B/apogames/Java/ApoDefence/ApoDefence/ApoDefenceConstantsOriginal.java
Users/eliahilse/Documents/GitHub/B/apogames/Java/ApoDefence/ApoDefence/ApoDefenceDragObject.java
Users/eliahilse/Documents/GitHub/B/apogames/Java/ApoDefence/ApoDefence/ApoDefenceEntity.java
Users/eliahilse/Documents/GitHub/B/apogames/Java/ApoDefence/ApoDefence/ApoDefenceFileFilter.java
Users/eliahilse/Documents/GitHub/B/apogames/Java/ApoDefence/ApoDefence/ApoDefenceImage.java
Users/eliahilse/Documents/GitHub/B/apogames/Java/ApoDefence/ApoDefence/ApoDefenceLoadSave.java
Users/eliahilse/Documents/GitHub/B/apogames/Java/ApoDefence/ApoDefence/ApoDefenceMain.java
Users/eliahilse/Documents/GitHub/B/apogames/Java/ApoDefence/ApoDefence/ApoDefencePoint.java
Users/eliahilse/Documents/GitHub/B/apogames/Java/ApoDefence/ApoDefence/ApoDefenceSounds.java
Users/eliahilse/Documents/GitHub/B/apogames/Java/ApoDefence/ApoDefence/ApoDefenceTimer.java
Users/eliahilse/Documents/GitHub/B/apogames/Java/ApoDefence/ApoDefence/editor/ApoDefenceEditor.java
Users/eliahilse/Documents/GitHub/B/apogames/Java/ApoDefence/ApoDefence/editor/ApoDefenceEditorGame.java
Users/eliahilse/Documents/GitHub/B/apogames/Java/ApoDefence/ApoDefence/editor/ApoDefenceEditorHud.java
Users/eliahilse/Documents/GitHub/B/apogames/Java/ApoDefence/ApoDefence/editor/ApoDefenceEditorHudEnemy.java
Users/eliahilse/Documents/GitHub/B/apogames/Java/ApoDefence/ApoDefence/editor/ApoDefenceEditorHudGeneral.java
Users/eliahilse/Documents/GitHub/B/apogames/Java/ApoDefence/ApoDefence/editor/ApoDefenceEditorHudWaypoint.java
Users/eliahilse/Documents/GitHub/B/apogames/Java/ApoDefence/ApoDefence/game/ApoDefenceCastle.java
Users/eliahilse/Documents/GitHub/B/apogames/Java/ApoDefence/ApoDefence/game/ApoDefenceEnemy.java
Users/eliahilse/Documents/GitHub/B/apogames/Java/ApoDefence/ApoDefence/game/ApoDefenceEnemyAquatic.java
Users/eliahilse/Documents/GitHub/B/apogames/Java/ApoDefence/ApoDefence/game/ApoDefenceEnemyBird.java
Users/eliahilse/Documents/GitHub/B/apogames/Java/ApoDefence/ApoDefence/game/ApoDefenceEnemyDevil.java
Users/eliahilse/Documents/GitHub/B/apogames/Java/ApoDefence/ApoDefence/game/ApoDefenceEnemyDog.java
Users/eliahilse/Documents/GitHub/B/apogames/Java/ApoDefence/ApoDefence/game/ApoDefenceEnemyDracula.java
Users/eliahilse/Documents/GitHub/B/apogames/Java/ApoDefence/ApoDefence/game/ApoDefenceEnemyDragon.java
Users/eliahilse/Documents/GitHub/B/apogames/Java/ApoDefence/ApoDefence/game/ApoDefenceEnemyFire.java
Users/eliahilse/Documents/GitHub/B/apogames/Java/ApoDefence/ApoDefence/game/ApoDefenceEnemyGhost.java
Users/eliahilse/Documents/GitHub/B/apogames/Java/ApoDefence/ApoDefence/game/ApoDefenceEnemyGoblin.java
Users/eliahilse/Documents/GitHub/B/apogames/Java/ApoDefence/ApoDefence/game/ApoDefenceEnemyHorse.java
Users/eliahilse/Documents/GitHub/B/apogames/Java/ApoDefence/ApoDefence/game/ApoDefenceEnemyKnight.java
Users/eliahilse/Documents/GitHub/B/apogames/Java/ApoDefence/ApoDefence/game/ApoDefenceEnemyLion.java
Users/eliahilse/Documents/GitHub/B/apogames/Java/ApoDefence/ApoDefence/game/ApoDefenceEnemyMonk.java
Users/eliahilse/Documents/GitHub/B/apogames/Java/ApoDefence/ApoDefence/game/ApoDefenceEnemyMummy.java
Users/eliahilse/Documents/GitHub/B/apogames/Java/ApoDefence/ApoDefence/game/ApoDefenceEnemySkeleton.java
Users/eliahilse/Documents/GitHub/B/apogames/Java/ApoDefence/ApoDefence/game/ApoDefenceEnemySkull.java
Users/eliahilse/Documents/GitHub/B/apogames/Java/ApoDefence/ApoDefence/game/ApoDefenceEnemySnake.java
Users/eliahilse/Documents/GitHub/B/apogames/Java/ApoDefence/ApoDefence/game/ApoDefenceEnemyUndead.java
Users/eliahilse/Documents/GitHub/B/apogames/Java/ApoDefence/ApoDefence/game/ApoDefenceEnemyUndefined.java
Users/eliahilse/Documents/GitHub/B/apogames/Java/ApoDefence/ApoDefence/game/ApoDefenceEnemyWerewolf.java
Users/eliahilse/Documents/GitHub/B/apogames/Java/ApoDefence/ApoDefence/game/ApoDefenceFileFilter.java
Users/eliahilse/Documents/GitHub/B/apogames/Java/ApoDefence/ApoDefence/game/ApoDefenceGame.java
Users/eliahilse/Documents/GitHub/B/apogames/Java/ApoDefence/ApoDefence/game/ApoDefenceGameEnemy.java
Users/eliahilse/Documents/GitHub/B/apogames/Java/ApoDefence/ApoDefence/game/ApoDefenceGameHud.java
Users/eliahilse/Documents/GitHub/B/apogames/Java/ApoDefence/ApoDefence/game/ApoDefenceGameTower.java
Users/eliahilse/Documents/GitHub/B/apogames/Java/ApoDefence/ApoDefence/game/ApoDefenceHighscore.java
Users/eliahilse/Documents/GitHub/B/apogames/Java/ApoDefence/ApoDefence/game/ApoDefenceHighscoreEncrypt.java
Users/eliahilse/Documents/GitHub/B/apogames/Java/ApoDefence/ApoDefence/game/ApoDefenceHighscoreEntity.java
Users/eliahilse/Documents/GitHub/B/apogames/Java/ApoDefence/ApoDefence/game/ApoDefenceResearch.java
Users/eliahilse/Documents/GitHub/B/apogames/Java/ApoDefence/ApoDefence/game/ApoDefenceShoot.java
Users/eliahilse/Documents/GitHub/B/apogames/Java/ApoDefence/ApoDefence/game/ApoDefenceShootArch.java
Users/eliahilse/Documents/GitHub/B/apogames/Java/ApoDefence/ApoDefence/game/ApoDefenceShootEnemy.java
Users/eliahilse/Documents/GitHub/B/apogames/Java/ApoDefence/ApoDefence/game/ApoDefenceShootFire.java
Users/eliahilse/Documents/GitHub/B/apogames/Java/ApoDefence/ApoDefence/game/ApoDefenceShootIce.java
Users/eliahilse/Documents/GitHub/B/apogames/Java/ApoDefence/ApoDefence/game/ApoDefenceShootLight.java
Users/eliahilse/Documents/GitHub/B/apogames/Java/ApoDefence/ApoDefence/game/ApoDefenceShootUltra.java
Users/eliahilse/Documents/GitHub/B/apogames/Java/ApoDefence/ApoDefence/game/ApoDefenceTower.java
Users/eliahilse/Documents/GitHub/B/apogames/Java/ApoDefence/ApoDefence/game/ApoDefenceTowerArch.java
Users/eliahilse/Documents/GitHub/B/apogames/Java/ApoDefence/ApoDefence/game/ApoDefenceTowerFire.java
Users/eliahilse/Documents/GitHub/B/apogames/Java/ApoDefence/ApoDefence/game/ApoDefenceTowerIce.java
Users/eliahilse/Documents/GitHub/B/apogames/Java/ApoDefence/ApoDefence/game/ApoDefenceTowerLight.java
Users/eliahilse/Documents/GitHub/B/apogames/Java/ApoDefence/ApoDefence/game/ApoDefenceTowerUltra.java
Users/eliahilse/Documents/GitHub/B/apogames/Java/ApoDefence/ApoDefence/options/ApoDefenceOptions.java
Users/eliahilse/Documents/GitHub/B/apogames/Java/ApoDefence/ApoDefence/options/ApoDefenceOptionsEnemy.java
Users/eliahilse/Documents/GitHub/B/apogames/Java/ApoDefence/ApoDefence/options/ApoDefenceOptionsGeneral.java
Users/eliahilse/Documents/GitHub/B/apogames/Java/ApoDefence/ApoDefence/options/ApoDefenceOptionsResearch.java
Users/eliahilse/Documents/GitHub/B/apogames/Java/ApoDefence/ApoDefence/options/ApoDefenceOptionsTower.java
[0m
[0m✱ [0mGrep "MessageDigest|MD5|md5"[90m in . · 0 matches[0m
[0m✱ [0mGrep "defineClass|ClassLoader|URLClassLoader"[90m in . · 0 matches[0m
[0m✱ [0mGrep "http://|https://|URLConnection|openStream|openConnection"[90m in . · 9 matches[0m
[0m✱ [0mGrep "ObjectInputStream|ObjectOutputStream"[90m in . · 0 matches[0m
[0m✱ [0mGrep "System\.load|Runtime\.getRuntime|ProcessBuilder|exec\("[90m in . · 0 matches[0m
[0m✱ [0mGrep "user\.home|user\.dir|getProperty"[90m in . · 3 matches[0m
[0m✱ [0mGrep "Cipher|Base64|getInstance\("DES|AES|DESede"[90m in . · 24 matches[0m
[0m✱ [0mGrep "JApplet|Applet|init\(\)|getParameter"[90m in . · 2 matches[0m
[0m→ [0mRead Users/eliahilse/Documents/GitHub/B/apogames/Java/ApoDefence/ApoDefence/game/ApoDefenceHighscore.java
[0m→ [0mRead Users/eliahilse/Documents/GitHub/B/apogames/Java/ApoDefence/ApoDefence/game/ApoDefenceHighscoreEncrypt.java
[0m→ [0mRead Users/eliahilse/Documents/GitHub/B/apogames/Java/ApoDefence/ApoDefence/ApoDefenceLoadSave.java
[0m→ [0mRead Users/eliahilse/Documents/GitHub/B/apogames/Java/ApoDefence/ApoDefence/ApoDefenceMain.java
[0m
[0m$ [0mwc -l /Users/eliahilse/Documents/GitHub/B/corpus/java/ApoDefence/Users/eliahilse/Documents/GitHub/B/apogames/Java/ApoDefence/ApoDefence/game/ApoDefenceGame.java /Users/eliahilse/Documents/GitHub/B/corpus/java/ApoDefence/Users/eliahilse/Documents/GitHub/B/apogames/Java/ApoDefence/ApoDefence/game/ApoDefenceGameHud.java /Users/eliahilse/Documents/GitHub/B/corpus/java/ApoDefence/Users/eliahilse/Documents/GitHub/B/apogames/Java/ApoDefence/ApoDefence/editor/ApoDefenceEditorGame.java /Users/eliahilse/Documents/GitHub/B/corpus/java/ApoDefence/Users/eliahilse/Documents/GitHub/B/apogames/Java/ApoDefence/ApoDefence/ApoDefenceImage.java /Users/eliahilse/Documents/GitHub/B/corpus/java/ApoDefence/Users/eliahilse/Documents/GitHub/B/apogames/Java/ApoDefence/ApoDefence/ApoDefenceConstants.java /Users/eliahilse/Documents/GitHub/B/corpus/java/ApoDefence/Users/eliahilse/Documents/GitHub/B/apogames/Java/ApoDefence/ApoDefence/game/ApoDefenceHighscoreEntity.java
1427 /Users/eliahilse/Documents/GitHub/B/corpus/java/ApoDefence/Users/eliahilse/Documents/GitHub/B/apogames/Java/ApoDefence/ApoDefence/game/ApoDefenceGame.java
     749 /Users/eliahilse/Documents/GitHub/B/corpus/java/ApoDefence/Users/eliahilse/Documents/GitHub/B/apogames/Java/ApoDefence/ApoDefence/game/ApoDefenceGameHud.java
     596 /Users/eliahilse/Documents/GitHub/B/corpus/java/ApoDefence/Users/eliahilse/Documents/GitHub/B/apogames/Java/ApoDefence/ApoDefence/editor/ApoDefenceEditorGame.java
     209 /Users/eliahilse/Documents/GitHub/B/corpus/java/ApoDefence/Users/eliahilse/Documents/GitHub/B/apogames/Java/ApoDefence/ApoDefence/ApoDefenceImage.java
     444 /Users/eliahilse/Documents/GitHub/B/corpus/java/ApoDefence/Users/eliahilse/Documents/GitHub/B/apogames/Java/ApoDefence/ApoDefence/ApoDefenceConstants.java
      72 /Users/eliahilse/Documents/GitHub/B/corpus/java/ApoDefence/Users/eliahilse/Documents/GitHub/B/apogames/Java/ApoDefence/ApoDefence/game/ApoDefenceHighscoreEntity.java
    3497 total
[0m
[0m→ [0mRead Users/eliahilse/Documents/GitHub/B/apogames/Java/ApoDefence/ApoDefence/game/ApoDefenceGame.java
[0m→ [0mRead Users/eliahilse/Documents/GitHub/B/apogames/Java/ApoDefence/ApoDefence/ApoDefenceImage.java
[0m→ [0mRead Users/eliahilse/Documents/GitHub/B/apogames/Java/ApoDefence/ApoDefence/ApoDefenceTimer.java
[0m→ [0mRead Users/eliahilse/Documents/GitHub/B/apogames/Java/ApoDefence/ApoDefence/game/ApoDefenceGameEnemy.java
[0m✱ [0mGrep "isOriginal|ORIGINAL"[90m in . · 5 matches[0m
