[0m
> build · glm-5.3
[0m
[0m$ [0mfind /Users/eliahilse/Documents/GitHub/B/corpus/java/ApoCommando -type f | head -100
/Users/eliahilse/Documents/GitHub/B/corpus/java/ApoCommando/Users/eliahilse/Documents/GitHub/B/apogames/Java/ApoCommando/apoCommando/ApoMarioImageContainer.java
/Users/eliahilse/Documents/GitHub/B/corpus/java/ApoCommando/Users/eliahilse/Documents/GitHub/B/apogames/Java/ApoCommando/apoCommando/ApoMarioGameComponent.java
/Users/eliahilse/Documents/GitHub/B/corpus/java/ApoCommando/Users/eliahilse/Documents/GitHub/B/apogames/Java/ApoCommando/apoCommando/ApoMarioImages.java
/Users/eliahilse/Documents/GitHub/B/corpus/java/ApoCommando/Users/eliahilse/Documents/GitHub/B/apogames/Java/ApoCommando/apoCommando/entity/ApoMarioDestructableWall.java
/Users/eliahilse/Documents/GitHub/B/corpus/java/ApoCommando/Users/eliahilse/Documents/GitHub/B/apogames/Java/ApoCommando/apoCommando/entity/ApoMarioParticle.java
/Users/eliahilse/Documents/GitHub/B/corpus/java/ApoCommando/Users/eliahilse/Documents/GitHub/B/apogames/Java/ApoCommando/apoCommando/entity/ApoMarioCoinParticle.java
/Users/eliahilse/Documents/GitHub/B/corpus/java/ApoCommando/Users/eliahilse/Documents/GitHub/B/apogames/Java/ApoCommando/apoCommando/entity/ApoMarioFlower.java
/Users/eliahilse/Documents/GitHub/B/corpus/java/ApoCommando/Users/eliahilse/Documents/GitHub/B/apogames/Java/ApoCommando/apoCommando/entity/ApoMarioEntity.java
/Users/eliahilse/Documents/GitHub/B/corpus/java/ApoCommando/Users/eliahilse/Documents/GitHub/B/apogames/Java/ApoCommando/apoCommando/entity/ApoMarioShell.java
/Users/eliahilse/Documents/GitHub/B/corpus/java/ApoCommando/Users/eliahilse/Documents/GitHub/B/apogames/Java/ApoCommando/apoCommando/entity/ApoMarioCoin.java
/Users/eliahilse/Documents/GitHub/B/corpus/java/ApoCommando/Users/eliahilse/Documents/GitHub/B/apogames/Java/ApoCommando/apoCommando/entity/ApoMarioGoodieMushroom.java
/Users/eliahilse/Documents/GitHub/B/corpus/java/ApoCommando/Users/eliahilse/Documents/GitHub/B/apogames/Java/ApoCommando/apoCommando/entity/ApoMarioEnd.java
/Users/eliahilse/Documents/GitHub/B/corpus/java/ApoCommando/Users/eliahilse/Documents/GitHub/B/apogames/Java/ApoCommando/apoCommando/entity/ApoMarioFireball.java
/Users/eliahilse/Documents/GitHub/B/corpus/java/ApoCommando/Users/eliahilse/Documents/GitHub/B/apogames/Java/ApoCommando/apoCommando/entity/ApoMarioQuestionmark.java
/Users/eliahilse/Documents/GitHub/B/corpus/java/ApoCommando/Users/eliahilse/Documents/GitHub/B/apogames/Java/ApoCommando/apoCommando/entity/ApoMarioCannon.java
/Users/eliahilse/Documents/GitHub/B/corpus/java/ApoCommando/Users/eliahilse/Documents/GitHub/B/apogames/Java/ApoCommando/apoCommando/entity/ApoMarioPlayer.java
/Users/eliahilse/Documents/GitHub/B/corpus/java/ApoCommando/Users/eliahilse/Documents/GitHub/B/apogames/Java/ApoCommando/apoCommando/entity/ApoMarioEnemy.java
/Users/eliahilse/Documents/GitHub/B/corpus/java/ApoCommando/Users/eliahilse/Documents/GitHub/B/apogames/Java/ApoCommando/apoCommando/entity/ApoMarioWall.java
/Users/eliahilse/Documents/GitHub/B/corpus/java/ApoCommando/Users/eliahilse/Documents/GitHub/B/apogames/Java/ApoCommando/apoCommando/entity/ApoMarioGoodieFireflower.java
/Users/eliahilse/Documents/GitHub/B/corpus/java/ApoCommando/Users/eliahilse/Documents/GitHub/B/apogames/Java/ApoCommando/apoCommando/entity/ApoMarioGumba.java
/Users/eliahilse/Documents/GitHub/B/corpus/java/ApoCommando/Users/eliahilse/Documents/GitHub/B/apogames/Java/ApoCommando/apoCommando/entity/ApoMarioKoopa.java
/Users/eliahilse/Documents/GitHub/B/corpus/java/ApoCommando/Users/eliahilse/Documents/GitHub/B/apogames/Java/ApoCommando/apoCommando/entity/ApoMarioCannonCannon.java
/Users/eliahilse/Documents/GitHub/B/corpus/java/ApoCommando/Users/eliahilse/Documents/GitHub/B/apogames/Java/ApoCommando/apoCommando/panels/ApoMarioMenu.java
/Users/eliahilse/Documents/GitHub/B/corpus/java/ApoCommando/Users/eliahilse/Documents/GitHub/B/apogames/Java/ApoCommando/apoCommando/panels/ApoMarioGame.java
/Users/eliahilse/Documents/GitHub/B/corpus/java/ApoCommando/Users/eliahilse/Documents/GitHub/B/apogames/Java/ApoCommando/apoCommando/panels/ApoMarioModel.java
/Users/eliahilse/Documents/GitHub/B/corpus/java/ApoCommando/Users/eliahilse/Documents/GitHub/B/apogames/Java/ApoCommando/apoCommando/panels/ApoMarioAnalysis.java
/Users/eliahilse/Documents/GitHub/B/corpus/java/ApoCommando/Users/eliahilse/Documents/GitHub/B/apogames/Java/ApoCommando/apoCommando/panels/ApoMarioTutorial.java
/Users/eliahilse/Documents/GitHub/B/corpus/java/ApoCommando/Users/eliahilse/Documents/GitHub/B/apogames/Java/ApoCommando/apoCommando/ApoMarioApplet.java
/Users/eliahilse/Documents/GitHub/B/corpus/java/ApoCommando/Users/eliahilse/Documents/GitHub/B/apogames/Java/ApoCommando/apoCommando/game/ApoMarioButtons.java
/Users/eliahilse/Documents/GitHub/B/corpus/java/ApoCommando/Users/eliahilse/Documents/GitHub/B/apogames/Java/ApoCommando/apoCommando/game/ApoMarioPanel.java
/Users/eliahilse/Documents/GitHub/B/corpus/java/ApoCommando/Users/eliahilse/Documents/GitHub/B/apogames/Java/ApoCommando/apoCommando/ApoMarioMain.java
/Users/eliahilse/Documents/GitHub/B/corpus/java/ApoCommando/Users/eliahilse/Documents/GitHub/B/apogames/Java/ApoCommando/apoCommando/level/ApoMarioMyLevels.java
/Users/eliahilse/Documents/GitHub/B/corpus/java/ApoCommando/Users/eliahilse/Documents/GitHub/B/apogames/Java/ApoCommando/apoCommando/level/ApoMarioStats.java
/Users/eliahilse/Documents/GitHub/B/corpus/java/ApoCommando/Users/eliahilse/Documents/GitHub/B/apogames/Java/ApoCommando/apoCommando/level/ApoMarioAchievements.java
/Users/eliahilse/Documents/GitHub/B/corpus/java/ApoCommando/Users/eliahilse/Documents/GitHub/B/apogames/Java/ApoCommando/apoCommando/level/ApoMarioRandomLevel.java
/Users/eliahilse/Documents/GitHub/B/corpus/java/ApoCommando/Users/eliahilse/Documents/GitHub/B/apogames/Java/ApoCommando/apoCommando/level/ApoMarioLevel.java
/Users/eliahilse/Documents/GitHub/B/corpus/java/ApoCommando/Users/eliahilse/Documents/GitHub/B/apogames/Java/ApoCommando/apoCommando/ApoMarioConstants.java
/Users/eliahilse/Documents/GitHub/B/corpus/java/ApoCommando/Users/eliahilse/Documents/GitHub/B/apogames/Java/ApoCommando/org/apogames/ApoIO.java
/Users/eliahilse/Documents/GitHub/B/corpus/java/ApoCommando/Users/eliahilse/Documents/GitHub/B/apogames/Java/ApoCommando/org/apogames/ApoLibraryGame.java
/Users/eliahilse/Documents/GitHub/B/corpus/java/ApoCommando/Users/eliahilse/Documents/GitHub/B/apogames/Java/ApoCommando/org/apogames/ApoConstants.java
/Users/eliahilse/Documents/GitHub/B/corpus/java/ApoCommando/Users/eliahilse/Documents/GitHub/B/apogames/Java/ApoCommando/org/apogames/ApoScreen.java
/Users/eliahilse/Documents/GitHub/B/corpus/java/ApoCommando/Users/eliahilse/Documents/GitHub/B/apogames/Java/ApoCommando/org/apogames/ApoCanvas.java
/Users/eliahilse/Documents/GitHub/B/corpus/java/ApoCommando/Users/eliahilse/Documents/GitHub/B/apogames/Java/ApoCommando/org/apogames/input/ApoMouse.java
/Users/eliahilse/Documents/GitHub/B/corpus/java/ApoCommando/Users/eliahilse/Documents/GitHub/B/apogames/Java/ApoCommando/org/apogames/input/ApoKeyboard.java
/Users/eliahilse/Documents/GitHub/B/corpus/java/ApoCommando/Users/eliahilse/Documents/GitHub/B/apogames/Java/ApoCommando/org/apogames/entity/ApoEntity.java
/Users/eliahilse/Documents/GitHub/B/corpus/java/ApoCommando/Users/eliahilse/Documents/GitHub/B/apogames/Java/ApoCommando/org/apogames/entity/ApoAnimation.java
/Users/eliahilse/Documents/GitHub/B/corpus/java/ApoCommando/Users/eliahilse/Documents/GitHub/B/apogames/Java/ApoCommando/org/apogames/entity/ApoButtonText.java
/Users/eliahilse/Documents/GitHub/B/corpus/java/ApoCommando/Users/eliahilse/Documents/GitHub/B/apogames/Java/ApoCommando/org/apogames/entity/ApoTextField.java
/Users/eliahilse/Documents/GitHub/B/corpus/java/ApoCommando/Users/eliahilse/Documents/GitHub/B/apogames/Java/ApoCommando/org/apogames/entity/ApoButton.java
/Users/eliahilse/Documents/GitHub/B/corpus/java/ApoCommando/Users/eliahilse/Documents/GitHub/B/apogames/Java/ApoCommando/org/apogames/entity/ApoDragObject.java
/Users/eliahilse/Documents/GitHub/B/corpus/java/ApoCommando/Users/eliahilse/Documents/GitHub/B/apogames/Java/ApoCommando/org/apogames/entity/ApoNewTextfield.java
/Users/eliahilse/Documents/GitHub/B/corpus/java/ApoCommando/Users/eliahilse/Documents/GitHub/B/apogames/Java/ApoCommando/org/apogames/ApoSubGame.java
/Users/eliahilse/Documents/GitHub/B/corpus/java/ApoCommando/Users/eliahilse/Documents/GitHub/B/apogames/Java/ApoCommando/org/apogames/image/ApoRawScale3x.java
/Users/eliahilse/Documents/GitHub/B/corpus/java/ApoCommando/Users/eliahilse/Documents/GitHub/B/apogames/Java/ApoCommando/org/apogames/image/ApoImage.java
/Users/eliahilse/Documents/GitHub/B/corpus/java/ApoCommando/Users/eliahilse/Documents/GitHub/B/apogames/Java/ApoCommando/org/apogames/image/ApoImageScale.java
/Users/eliahilse/Documents/GitHub/B/corpus/java/ApoCommando/Users/eliahilse/Documents/GitHub/B/apogames/Java/ApoCommando/org/apogames/image/ApoRawScale2x.java
/Users/eliahilse/Documents/GitHub/B/corpus/java/ApoCommando/Users/eliahilse/Documents/GitHub/B/apogames/Java/ApoCommando/org/apogames/image/ApoImageFromValue.java
/Users/eliahilse/Documents/GitHub/B/corpus/java/ApoCommando/Users/eliahilse/Documents/GitHub/B/apogames/Java/ApoCommando/org/apogames/ApoDisplayConfiguration.java
/Users/eliahilse/Documents/GitHub/B/corpus/java/ApoCommando/Users/eliahilse/Documents/GitHub/B/apogames/Java/ApoCommando/org/apogames/sound/AudioPlayer.java
/Users/eliahilse/Documents/GitHub/B/corpus/java/ApoCommando/Users/eliahilse/Documents/GitHub/B/apogames/Java/ApoCommando/org/apogames/sound/ApoMidiPlayer.java
/Users/eliahilse/Documents/GitHub/B/corpus/java/ApoCommando/Users/eliahilse/Documents/GitHub/B/apogames/Java/ApoCommando/org/apogames/sound/ApoMidi.java
/Users/eliahilse/Documents/GitHub/B/corpus/java/ApoCommando/Users/eliahilse/Documents/GitHub/B/apogames/Java/ApoCommando/org/apogames/sound/ApoSoundThread.java
/Users/eliahilse/Documents/GitHub/B/corpus/java/ApoCommando/Users/eliahilse/Documents/GitHub/B/apogames/Java/ApoCommando/org/apogames/sound/ApoSounds.java
/Users/eliahilse/Documents/GitHub/B/corpus/java/ApoCommando/Users/eliahilse/Documents/GitHub/B/apogames/Java/ApoCommando/org/apogames/help/ApoSplashScreen.java
/Users/eliahilse/Documents/GitHub/B/corpus/java/ApoCommando/Users/eliahilse/Documents/GitHub/B/apogames/Java/ApoCommando/org/apogames/help/ApoSplashPainter.java
/Users/eliahilse/Documents/GitHub/B/corpus/java/ApoCommando/Users/eliahilse/Documents/GitHub/B/apogames/Java/ApoCommando/org/apogames/help/ApoHelp.java
/Users/eliahilse/Documents/GitHub/B/corpus/java/ApoCommando/Users/eliahilse/Documents/GitHub/B/apogames/Java/ApoCommando/org/apogames/help/ApoFileFilter.java
/Users/eliahilse/Documents/GitHub/B/corpus/java/ApoCommando/Users/eliahilse/Documents/GitHub/B/apogames/Java/ApoCommando/org/apogames/help/ApoCopy.java
/Users/eliahilse/Documents/GitHub/B/corpus/java/ApoCommando/Users/eliahilse/Documents/GitHub/B/apogames/Java/ApoCommando/org/apogames/help/ApoFileNameFilter.java
/Users/eliahilse/Documents/GitHub/B/corpus/java/ApoCommando/Users/eliahilse/Documents/GitHub/B/apogames/Java/ApoCommando/org/apogames/help/ApoInterface.java
/Users/eliahilse/Documents/GitHub/B/corpus/java/ApoCommando/Users/eliahilse/Documents/GitHub/B/apogames/Java/ApoCommando/org/apogames/help/ApoFloatPoint.java
/Users/eliahilse/Documents/GitHub/B/corpus/java/ApoCommando/Users/eliahilse/Documents/GitHub/B/apogames/Java/ApoCommando/org/apogames/help/ApoClassLoader.java
[0m
[0m$ [0mfind /Users/eliahilse/Documents/GitHub/B/corpus/java/ApoCommando -type f | wc -l; find /Users/eliahilse/Documents/GitHub/B/corpus/java/ApoCommando -type f -name "*.java" | wc -l; find /Users/eliahilse/Documents/GitHub/B/corpus/java/ApoCommando -type f ! -name "*.java" | head -40
72
      72
[0m
[0m✗ [0mRead Users/eliahilse/Documents/GitHub/B/apogames/Java/ApoCommando/org/apogames/ApoClassLoader.java failed
[91m[1mError: [0mFile not found: /Users/eliahilse/Documents/GitHub/B/corpus/java/ApoCommando/Users/eliahilse/Documents/GitHub/B/apogames/Java/ApoCommando/org/apogames/ApoClassLoader.java
72 Java files. Let me read the shared infrastructure first.
[0m→ [0mRead Users/eliahilse/Documents/GitHub/B/apogames/Java/ApoCommando/org/apogames/ApoIO.java
[0m
[0m$ [0mls -la "/Users/eliahilse/Documents/GitHub/B/corpus/java/ApoCommando/Users/eliahilse/Documents/GitHub/B/apogames/Java/ApoCommando/org/apogames/help/" | head -30
total 88
drwxr-xr-x@ 11 eliahilse  staff    352 Aug 24 14:18 .
drwxr-xr-x@ 14 eliahilse  staff    448 Aug 24 14:18 ..
-rw-r--r--@  1 eliahilse  staff   2010 Aug 24 14:18 ApoClassLoader.java
-rw-r--r--@  1 eliahilse  staff   2139 Aug 24 14:18 ApoCopy.java
-rw-r--r--@  1 eliahilse  staff   2119 Aug 24 14:18 ApoFileFilter.java
-rw-r--r--@  1 eliahilse  staff    513 Aug 24 14:18 ApoFileNameFilter.java
-rw-r--r--@  1 eliahilse  staff   1185 Aug 24 14:18 ApoFloatPoint.java
-rw-r--r--@  1 eliahilse  staff  11853 Aug 24 14:18 ApoHelp.java
-rw-r--r--@  1 eliahilse  staff    185 Aug 24 14:18 ApoInterface.java
-rw-r--r--@  1 eliahilse  staff    536 Aug 24 14:18 ApoSplashPainter.java
-rw-r--r--@  1 eliahilse  staff   3504 Aug 24 14:18 ApoSplashScreen.java
[0m
[0m→ [0mRead Users/eliahilse/Documents/GitHub/B/apogames/Java/ApoCommando/org/apogames/help/ApoClassLoader.java
[0m→ [0mRead Users/eliahilse/Documents/GitHub/B/apogames/Java/ApoCommando/org/apogames/ApoConstants.java
[0m
[0m$ [0mcd "/Users/eliahilse/Documents/GitHub/B/corpus/java/ApoCommando/Users/eliahilse/Documents/GitHub/B/apogames/Java/ApoCommando" && grep -rn "ApoClassLoader\|getMyClass" --include="*.java" . ; echo ---; grep -rln "apo-games.de\|http://\|https://" --include="*.java" .
./org/apogames/help/ApoClassLoader.java:15:public class ApoClassLoader {
./org/apogames/help/ApoClassLoader.java:19:	public ApoClassLoader(String path, String classname) {
./org/apogames/help/ApoClassLoader.java:62:	public Object getMyClass() { 
---
./apoCommando/panels/ApoMarioModel.java
[0m
[0m$ [0mcd "/Users/eliahilse/Documents/GitHub/B/corpus/java/ApoCommando/Users/eliahilse/Documents/GitHub/B/apogames/Java/ApoCommando" && grep -rn "MessageDigest\|ObjectInputStream\|loadLibrary\|System.load\|Runtime.getRuntime\|user.home\|user.dir" --include="*.java" .
./org/apogames/help/ApoHelp.java:19:import java.security.MessageDigest;
./org/apogames/help/ApoHelp.java:307:			MessageDigest lDigest = MessageDigest.getInstance("MD5");
[0m
ApoClassLoader is defined but never invoked in this variant. Let me read the network-facing model and the MD5 helper.
[0m→ [0mRead Users/eliahilse/Documents/GitHub/B/apogames/Java/ApoCommando/apoCommando/panels/ApoMarioModel.java
[0m
[0m$ [0mcd "/Users/eliahilse/Documents/GitHub/B/corpus/java/ApoCommando/Users/eliahilse/Documents/GitHub/B/apogames/Java/ApoCommando" && grep -rn "openStream\|openConnection\|URLConnection\|new URL\|getInputStream\|HttpURLConnection" --include="*.java" .
./org/apogames/ApoIO.java:11:import java.net.HttpURLConnection;
./org/apogames/ApoIO.java:40:				URL connectionURL = new URL(fileName);
./org/apogames/ApoIO.java:41:				HttpURLConnection connection = (HttpURLConnection)connectionURL.openConnection(); 
./org/apogames/ApoIO.java:83:				URL connection = new URL(fileName);
./org/apogames/ApoIO.java:84:				data = new DataInputStream(connection.openStream());
./org/apogames/image/ApoImage.java:91:					img = ImageIO.read(new URL(pic));
./org/apogames/help/ApoClassLoader.java:68:				url = new URL( this.getPath() );
./org/apogames/help/ApoClassLoader.java:69:			URLClassLoader cl = new URLClassLoader( new URL[] { url } );
[0m
[0m→ [0mRead Users/eliahilse/Documents/GitHub/B/apogames/Java/ApoCommando/org/apogames/help/ApoHelp.java
[0m
[0m$ [0mcd "/Users/eliahilse/Documents/GitHub/B/corpus/java/ApoCommando/Users/eliahilse/Documents/GitHub/B/apogames/Java/ApoCommando" && grep -rn "getMd5Digest\|extends ApoIO\|readLevel\|writeLevel" --include="*.java" . | grep -v "org/apogames/ApoIO.java"
./org/apogames/help/ApoHelp.java:305:	public static String getMd5Digest(String pInput) {
[0m
[0m→ [0mRead Users/eliahilse/Documents/GitHub/B/apogames/Java/ApoCommando/org/apogames/image/ApoImage.java
[0m
[0m$ [0mcd "/Users/eliahilse/Documents/GitHub/B/corpus/java/ApoCommando/Users/eliahilse/Documents/GitHub/B/apogames/Java/ApoCommando" && grep -rn "FileInputStream\|FileOutputStream\|FileReader\|FileWriter\|new File(\|File(" --include="*.java" . | grep -v "ApoIO.java\|ApoImage.java\|ApoClassLoader.java\|ApoFileFilter\|ApoFileNameFilter"
./org/apogames/image/ApoImageScale.java:86:			return writeScaledImage(ImageIO.read(new File(this.srcFile)), writeFile);
./org/apogames/image/ApoImageScale.java:122:			ImageIO.write(out, "PNG", new File(outFile));
./org/apogames/sound/ApoMidiPlayer.java:4:import java.io.FileInputStream;
./org/apogames/sound/ApoMidiPlayer.java:64:			return getSequence(new FileInputStream(filename));
./org/apogames/help/ApoCopy.java:4:import java.io.FileInputStream;
./org/apogames/help/ApoCopy.java:5:import java.io.FileOutputStream;
./org/apogames/help/ApoCopy.java:28:		File srcDirectory = new File(pSrcDirectory);
./org/apogames/help/ApoCopy.java:32:		File copyDirectory = new File( pCopyDirectory );
./org/apogames/help/ApoCopy.java:40:				if(!new File(pCopyDirectory + File.separator + fileName).exists()) {
./org/apogames/help/ApoCopy.java:41:					this.copyFile(files[i].getPath(), pCopyDirectory + File.separator + fileName);
./org/apogames/help/ApoCopy.java:52:	public void copyFile( String pSrcFile, String pCopyFile ) {
./org/apogames/help/ApoCopy.java:53:		FileInputStream fis = null;
./org/apogames/help/ApoCopy.java:54:		FileOutputStream fos = null;
./org/apogames/help/ApoCopy.java:57:			fis = new FileInputStream(pSrcFile);
./org/apogames/help/ApoCopy.java:58:			fos = new FileOutputStream(pCopyFile);
[0m
[0m$ [0mcd "/Users/eliahilse/Documents/GitHub/B/corpus/java/ApoCommando/Users/eliahilse/Documents/GitHub/B/apogames/Java/ApoCommando" && grep -rn "getPic(" --include="*.java" apoCommando | head -20; echo ===; grep -rn "\.cheat\|\.mar\|\.skunk\|\.defence\|\.rep\|\.lvl\|\.lev" --include="*.java" . | head
zsh:1: == not found
[0m
[0m$ [0mcd "/Users/eliahilse/Documents/GitHub/B/corpus/java/ApoCommando/Users/eliahilse/Documents/GitHub/B/apogames/Java/ApoCommando" && grep -rn "getPic(" --include="*.java" apoCommando | head -20
(no output)
[0m
[0m$ [0mcd "/Users/eliahilse/Documents/GitHub/B/corpus/java/ApoCommando/Users/eliahilse/Documents/GitHub/B/apogames/Java/ApoCommando" && grep -rn "ApoCopy\|ApoMidiPlayer\|ApoImageScale" --include="*.java" . | grep -v "ApoCopy.java\|ApoMidiPlayer.java\|ApoImageScale.java"
./apoCommando/ApoMarioGameComponent.java:10:import org.apogames.image.ApoImageScale;
./apoCommando/ApoMarioGameComponent.java:30:    private ApoImageScale scale;
./apoCommando/ApoMarioGameComponent.java:47:		this.scale = new ApoImageScale("");
[0m
[0m→ [0mRead Users/eliahilse/Documents/GitHub/B/apogames/Java/ApoCommando/apoCommando/ApoMarioGameComponent.java
[0m→ [0mRead Users/eliahilse/Documents/GitHub/B/apogames/Java/ApoCommando/apoCommando/ApoMarioMain.java
[0m→ [0mRead Users/eliahilse/Documents/GitHub/B/apogames/Java/ApoCommando/apoCommando/level/ApoMarioLevel.java
[0m
[0m$ [0mcd "/Users/eliahilse/Documents/GitHub/B/corpus/java/ApoCommando/Users/eliahilse/Documents/GitHub/B/apogames/Java/ApoCommando" && grep -rn "getPic\|getResource\|B_APPLET" --include="*.java" apoCommando | head -40
apoCommando/panels/ApoMarioMenu.java:79:		if (!ApoConstants.B_APPLET) {
apoCommando/panels/ApoMarioMenu.java:148:		if (ApoConstants.B_APPLET) {
apoCommando/panels/ApoMarioAnalysis.java:46:			if (!ApoConstants.B_APPLET) {
apoCommando/panels/ApoMarioAnalysis.java:95:			if (!ApoConstants.B_APPLET) {
apoCommando/panels/ApoMarioAnalysis.java:141:		if (ApoConstants.B_APPLET) {
apoCommando/ApoMarioApplet.java:26:		ApoConstants.B_APPLET = true;
apoCommando/game/ApoMarioPanel.java:199:		if (ApoConstants.B_APPLET) {
[0m
[0m→ [0mRead Users/eliahilse/Documents/GitHub/B/apogames/Java/ApoCommando/apoCommando/ApoMarioApplet.java
[0m→ [0mRead Users/eliahilse/Documents/GitHub/B/apogames/Java/ApoCommando/apoCommando/game/ApoMarioPanel.java
[0m→ [0mRead Users/eliahilse/Documents/GitHub/B/apogames/Java/ApoCommando/apoCommando/level/ApoMarioAchievements.java
[0m→ [0mRead Users/eliahilse/Documents/GitHub/B/apogames/Java/ApoCommando/apoCommando/level/ApoMarioStats.java
[0m→ [0mRead Users/eliahilse/Documents/GitHub/B/apogames/Java/ApoCommando/apoCommando/ApoMarioImages.java
[0m→ [0mRead Users/eliahilse/Documents/GitHub/B/apogames/Java/ApoCommando/org/apogames/image/ApoImageFromValue.java
[0m
[0m$ [0mcd "/Users/eliahilse/Documents/GitHub/B/corpus/java/ApoCommando/Users/eliahilse/Documents/GitHub/B/apogames/Java/ApoCommando" && grep -rn "getImage\|getPic\|IMAGE\|\.png\|\.gif\|\.jpg" --include="*.java" apoCommando/ApoMarioImageContainer.java | head -30
apoCommando/ApoMarioImageContainer.java:47:		ApoMarioImageContainer.PLAYER_EAT[ApoMarioConstants.PLAYER_TYPE_LITTLE] = component.getResizeImage(component.getImages().getImage("images/player_little.gif", false));
apoCommando/ApoMarioImageContainer.java:48:		ApoMarioImageContainer.PLAYER_EAT[ApoMarioConstants.PLAYER_TYPE_BIG] = component.getResizeImage(component.getImages().getImage("images/player_big.gif", false));
apoCommando/ApoMarioImageContainer.java:49:		ApoMarioImageContainer.PLAYER_EAT[ApoMarioConstants.PLAYER_TYPE_FIRE] = component.getResizeImage(component.getImages().getImage("images/player_fire.gif", false));
apoCommando/ApoMarioImageContainer.java:51:		ApoMarioImageContainer.PARTICLE_EAT = component.getResizeImage(component.getImages().getImage("images/particlesheet.gif", false));		
apoCommando/ApoMarioImageContainer.java:52:		ApoMarioImageContainer.TILES_BACKGROUND_EAT = component.getResizeImage(component.getImages().getImage("images/background.png", false));
apoCommando/ApoMarioImageContainer.java:53:		ApoMarioImageContainer.TILES_LEVEL_EAT = component.getResizeImage(component.getImages().getImage("images/mapsheet.gif", false));
apoCommando/ApoMarioImageContainer.java:54:		ApoMarioImageContainer.ITEMS_EAT = component.getResizeImage(component.getImages().getImage("images/itemsheet.gif", false));
apoCommando/ApoMarioImageContainer.java:55:		ApoMarioImageContainer.ENEMIES_EAT = component.getResizeImage(component.getImages().getImage("images/enemysheet.gif", false));
apoCommando/ApoMarioImageContainer.java:58:		ApoMarioImageContainer.PLAYER_MARIO[ApoMarioConstants.PLAYER_TYPE_LITTLE] = component.getResizeImage(component.getImages().getImage("images/player_little_mario.gif", false));
apoCommando/ApoMarioImageContainer.java:59:		ApoMarioImageContainer.PLAYER_MARIO[ApoMarioConstants.PLAYER_TYPE_BIG] = component.getResizeImage(component.getImages().getImage("images/player_big_mario.gif", false));
apoCommando/ApoMarioImageContainer.java:60:		ApoMarioImageContainer.PLAYER_MARIO[ApoMarioConstants.PLAYER_TYPE_FIRE] = component.getResizeImage(component.getImages().getImage("images/player_fire_mario.gif", false));
apoCommando/ApoMarioImageContainer.java:62:		ApoMarioImageContainer.PARTICLE_MARIO = component.getResizeImage(component.getImages().getImage("images/particlesheet_mario.gif", false));		
apoCommando/ApoMarioImageContainer.java:63:		ApoMarioImageContainer.TILES_BACKGROUND_MARIO = component.getResizeImage(component.getImages().getImage("images/background_mario.png", false));
apoCommando/ApoMarioImageContainer.java:64:		ApoMarioImageContainer.TILES_LEVEL_MARIO = component.getResizeImage(component.getImages().getImage("images/mapsheet_mario.gif", false));
apoCommando/ApoMarioImageContainer.java:65:		ApoMarioImageContainer.ITEMS_MARIO = component.getResizeImage(component.getImages().getImage("images/itemsheet_mario.gif", false));
apoCommando/ApoMarioImageContainer.java:66:		ApoMarioImageContainer.ENEMIES_MARIO = component.getResizeImage(component.getImages().getImage("images/enemysheet_mario.gif", false));
apoCommando/ApoMarioImageContainer.java:68:		ApoMarioImageContainer.CAMERA = component.getResizeImage(component.getImages().getImage("images/camera.gif", false));
[0m
