[0m
> build · glm-5.3
[0m
[0m$ [0mfind /Users/eliahilse/Documents/GitHub/B/corpus/java/ApoCheating -type f -name "*.java" | wc -l
27
[0m
[0m$ [0mfind /Users/eliahilse/Documents/GitHub/B/corpus/java/ApoCheating -type f | head -100
/Users/eliahilse/Documents/GitHub/B/corpus/java/ApoCheating/_from_jar_ApoCheating/Human.java
/Users/eliahilse/Documents/GitHub/B/corpus/java/ApoCheating/_from_jar_ApoCheating/apoCheating/ApoCheatingImage.java
/Users/eliahilse/Documents/GitHub/B/corpus/java/ApoCheating/_from_jar_ApoCheating/apoCheating/ApoCheatingFileFilter.java
/Users/eliahilse/Documents/GitHub/B/corpus/java/ApoCheating/_from_jar_ApoCheating/apoCheating/ApoCheatingTeacherWay.java
/Users/eliahilse/Documents/GitHub/B/corpus/java/ApoCheating/_from_jar_ApoCheating/apoCheating/ApoCheatingConstants.java
/Users/eliahilse/Documents/GitHub/B/corpus/java/ApoCheating/_from_jar_ApoCheating/apoCheating/ApoCheatingEnemy.java
/Users/eliahilse/Documents/GitHub/B/corpus/java/ApoCheating/_from_jar_ApoCheating/apoCheating/ApoCheatingLoadSave.java
/Users/eliahilse/Documents/GitHub/B/corpus/java/ApoCheating/_from_jar_ApoCheating/apoCheating/ApoCheatingButton.java
/Users/eliahilse/Documents/GitHub/B/corpus/java/ApoCheating/_from_jar_ApoCheating/apoCheating/ApoCheatingSearchClass.java
/Users/eliahilse/Documents/GitHub/B/corpus/java/ApoCheating/_from_jar_ApoCheating/apoCheating/ApoCheatingGamePanel.java
/Users/eliahilse/Documents/GitHub/B/corpus/java/ApoCheating/_from_jar_ApoCheating/apoCheating/ApoCheatingButtonEntity.java
/Users/eliahilse/Documents/GitHub/B/corpus/java/ApoCheating/_from_jar_ApoCheating/apoCheating/ApoCheatingFinish.java
/Users/eliahilse/Documents/GitHub/B/corpus/java/ApoCheating/_from_jar_ApoCheating/apoCheating/ApoCheatingTeacherView.java
/Users/eliahilse/Documents/GitHub/B/corpus/java/ApoCheating/_from_jar_ApoCheating/apoCheating/ApoCheatingEntity.java
/Users/eliahilse/Documents/GitHub/B/corpus/java/ApoCheating/_from_jar_ApoCheating/apoCheating/ApoCheatingMain.java
/Users/eliahilse/Documents/GitHub/B/corpus/java/ApoCheating/_from_jar_ApoCheating/apoCheating/ApoCheatingTeacher.java
/Users/eliahilse/Documents/GitHub/B/corpus/java/ApoCheating/_from_jar_ApoCheating/apoCheating/ApoCheatingExtra.java
/Users/eliahilse/Documents/GitHub/B/corpus/java/ApoCheating/_from_jar_ApoCheating/apoCheating/ApoCheatingSearch.java
/Users/eliahilse/Documents/GitHub/B/corpus/java/ApoCheating/_from_jar_ApoCheating/apoCheating/ApoCheatingTimer.java
/Users/eliahilse/Documents/GitHub/B/corpus/java/ApoCheating/_from_jar_ApoCheating/apoCheating/ApoCheatingHudPanel.java
/Users/eliahilse/Documents/GitHub/B/corpus/java/ApoCheating/_from_jar_ApoCheating/apoCheating/ApoCheatingPanel.java
/Users/eliahilse/Documents/GitHub/B/corpus/java/ApoCheating/_from_jar_ApoCheating/apoCheating/ApoCheatingEntityHand.java
/Users/eliahilse/Documents/GitHub/B/corpus/java/ApoCheating/_from_jar_ApoCheating/apoCheating/ApoCheatingGoal.java
/Users/eliahilse/Documents/GitHub/B/corpus/java/ApoCheating/_from_jar_ApoCheating/apoCheating/ApoCheatingLevel.java
/Users/eliahilse/Documents/GitHub/B/corpus/java/ApoCheating/_from_jar_ApoCheating/apoCheating/ApoCheatingPlayer.java
/Users/eliahilse/Documents/GitHub/B/corpus/java/ApoCheating/_from_jar_ApoCheating/apoCheating/ApoCheatingAI.java
/Users/eliahilse/Documents/GitHub/B/corpus/java/ApoCheating/_from_jar_ApoCheating/human/Human.java
[0m
[0m$ [0mfind /Users/eliahilse/Documents/GitHub/B/corpus/java/ApoCheating -type d; echo ---; find /Users/eliahilse/Documents/GitHub/B/corpus/java/ApoCheating -type f | wc -l; echo ---; ls -la /Users/eliahilse/Documents/GitHub/B/corpus/java/ApoCheating
/Users/eliahilse/Documents/GitHub/B/corpus/java/ApoCheating
/Users/eliahilse/Documents/GitHub/B/corpus/java/ApoCheating/_from_jar_ApoCheating
/Users/eliahilse/Documents/GitHub/B/corpus/java/ApoCheating/_from_jar_ApoCheating/apoCheating
/Users/eliahilse/Documents/GitHub/B/corpus/java/ApoCheating/_from_jar_ApoCheating/human
---
      27
---
total 0
drwxr-xr-x@  5 eliahilse  staff  160 Aug 24 14:18 _from_jar_ApoCheating
drwxr-xr-x@  3 eliahilse  staff   96 Aug 24 14:18 .
drwxr-xr-x@ 22 eliahilse  staff  704 Aug 24 14:19 ..
[0m
[0m→ [0mRead _from_jar_ApoCheating/Human.java
[0m→ [0mRead _from_jar_ApoCheating/apoCheating/ApoCheatingMain.java
[0m→ [0mRead _from_jar_ApoCheating/apoCheating/ApoCheatingFileFilter.java
[0m→ [0mRead _from_jar_ApoCheating/human/Human.java
[0m✱ [0mGrep "ObjectInputStream|MessageDigest|HttpURLConnection|URLConnection|http|apO-games|apo-games"[90m in . · 3 matches[0m
[0m✱ [0mGrep "defineClass|ClassLoader|loadClass|Class\.forName"[90m in . · 0 matches[0m
[0m✱ [0mGrep "getClass\(\)|getResource|System\.load|Runtime|Process|exec"[90m in . · 1 match[0m
[0m✱ [0mGrep "user\.home|user\.dir|File\(|FileInputStream|FileOutputStream"[90m in . · 12 matches[0m
[0m→ [0mRead _from_jar_ApoCheating/apoCheating/ApoCheatingLoadSave.java
[0m✱ [0mGrep "readObject|writeObject"[90m in . · 0 matches[0m
[0m→ [0mRead _from_jar_ApoCheating/apoCheating/ApoCheatingGamePanel.java
[0m→ [0mRead _from_jar_ApoCheating/apoCheating/ApoCheatingPanel.java
[0m→ [0mRead _from_jar_ApoCheating/apoCheating/ApoCheatingImage.java
[0m→ [0mRead _from_jar_ApoCheating/apoCheating/ApoCheatingPlayer.java
[0m→ [0mRead _from_jar_ApoCheating/apoCheating/ApoCheatingHudPanel.java
[0m→ [0mRead _from_jar_ApoCheating/apoCheating/ApoCheatingSearchClass.java
[0m→ [0mRead _from_jar_ApoCheating/apoCheating/ApoCheatingSearch.java
[0m→ [0mRead _from_jar_ApoCheating/apoCheating/ApoCheatingTimer.java
[0m→ [0mRead _from_jar_ApoCheating/apoCheating/ApoCheatingConstants.java
[0m→ [0mRead _from_jar_ApoCheating/apoCheating/ApoCheatingTeacher.java
[0m→ [0mRead _from_jar_ApoCheating/apoCheating/ApoCheatingEnemy.java
[0m→ [0mRead _from_jar_ApoCheating/apoCheating/ApoCheatingAI.java
[0m→ [0mRead _from_jar_ApoCheating/apoCheating/ApoCheatingEntity.java
[0m→ [0mRead _from_jar_ApoCheating/apoCheating/ApoCheatingTeacherView.java
[0m→ [0mRead _from_jar_ApoCheating/apoCheating/ApoCheatingTeacherWay.java
[0m→ [0mRead _from_jar_ApoCheating/apoCheating/ApoCheatingExtra.java
[0m→ [0mRead _from_jar_ApoCheating/apoCheating/ApoCheatingGoal.java
[0m→ [0mRead _from_jar_ApoCheating/apoCheating/ApoCheatingFinish.java
[0m→ [0mRead _from_jar_ApoCheating/apoCheating/ApoCheatingEntityHand.java
[0m→ [0mRead _from_jar_ApoCheating/apoCheating/ApoCheatingButton.java
[0m→ [0mRead _from_jar_ApoCheating/apoCheating/ApoCheatingButtonEntity.java
[0m
[0m$ [0mfind /Users/eliahilse/Documents/GitHub/B/corpus/java/ApoCheating -type f -name "*.java" | sort; echo "---count:"; find /Users/eliahilse/Documents/GitHub/B/corpus/java/ApoCheating -type f -name "*.java" | wc -l
/Users/eliahilse/Documents/GitHub/B/corpus/java/ApoCheating/_from_jar_ApoCheating/apoCheating/ApoCheatingAI.java
/Users/eliahilse/Documents/GitHub/B/corpus/java/ApoCheating/_from_jar_ApoCheating/apoCheating/ApoCheatingButton.java
/Users/eliahilse/Documents/GitHub/B/corpus/java/ApoCheating/_from_jar_ApoCheating/apoCheating/ApoCheatingButtonEntity.java
/Users/eliahilse/Documents/GitHub/B/corpus/java/ApoCheating/_from_jar_ApoCheating/apoCheating/ApoCheatingConstants.java
/Users/eliahilse/Documents/GitHub/B/corpus/java/ApoCheating/_from_jar_ApoCheating/apoCheating/ApoCheatingEnemy.java
/Users/eliahilse/Documents/GitHub/B/corpus/java/ApoCheating/_from_jar_ApoCheating/apoCheating/ApoCheatingEntity.java
/Users/eliahilse/Documents/GitHub/B/corpus/java/ApoCheating/_from_jar_ApoCheating/apoCheating/ApoCheatingEntityHand.java
/Users/eliahilse/Documents/GitHub/B/corpus/java/ApoCheating/_from_jar_ApoCheating/apoCheating/ApoCheatingExtra.java
/Users/eliahilse/Documents/GitHub/B/corpus/java/ApoCheating/_from_jar_ApoCheating/apoCheating/ApoCheatingFileFilter.java
/Users/eliahilse/Documents/GitHub/B/corpus/java/ApoCheating/_from_jar_ApoCheating/apoCheating/ApoCheatingFinish.java
/Users/eliahilse/Documents/GitHub/B/corpus/java/ApoCheating/_from_jar_ApoCheating/apoCheating/ApoCheatingGamePanel.java
/Users/eliahilse/Documents/GitHub/B/corpus/java/ApoCheating/_from_jar_ApoCheating/apoCheating/ApoCheatingGoal.java
/Users/eliahilse/Documents/GitHub/B/corpus/java/ApoCheating/_from_jar_ApoCheating/apoCheating/ApoCheatingHudPanel.java
/Users/eliahilse/Documents/GitHub/B/corpus/java/ApoCheating/_from_jar_ApoCheating/apoCheating/ApoCheatingImage.java
/Users/eliahilse/Documents/GitHub/B/corpus/java/ApoCheating/_from_jar_ApoCheating/apoCheating/ApoCheatingLevel.java
/Users/eliahilse/Documents/GitHub/B/corpus/java/ApoCheating/_from_jar_ApoCheating/apoCheating/ApoCheatingLoadSave.java
/Users/eliahilse/Documents/GitHub/B/corpus/java/ApoCheating/_from_jar_ApoCheating/apoCheating/ApoCheatingMain.java
/Users/eliahilse/Documents/GitHub/B/corpus/java/ApoCheating/_from_jar_ApoCheating/apoCheating/ApoCheatingPanel.java
/Users/eliahilse/Documents/GitHub/B/corpus/java/ApoCheating/_from_jar_ApoCheating/apoCheating/ApoCheatingPlayer.java
/Users/eliahilse/Documents/GitHub/B/corpus/java/ApoCheating/_from_jar_ApoCheating/apoCheating/ApoCheatingSearch.java
/Users/eliahilse/Documents/GitHub/B/corpus/java/ApoCheating/_from_jar_ApoCheating/apoCheating/ApoCheatingSearchClass.java
/Users/eliahilse/Documents/GitHub/B/corpus/java/ApoCheating/_from_jar_ApoCheating/apoCheating/ApoCheatingTeacher.java
/Users/eliahilse/Documents/GitHub/B/corpus/java/ApoCheating/_from_jar_ApoCheating/apoCheating/ApoCheatingTeacherView.java
/Users/eliahilse/Documents/GitHub/B/corpus/java/ApoCheating/_from_jar_ApoCheating/apoCheating/ApoCheatingTeacherWay.java
/Users/eliahilse/Documents/GitHub/B/corpus/java/ApoCheating/_from_jar_ApoCheating/apoCheating/ApoCheatingTimer.java
/Users/eliahilse/Documents/GitHub/B/corpus/java/ApoCheating/_from_jar_ApoCheating/Human.java
/Users/eliahilse/Documents/GitHub/B/corpus/java/ApoCheating/_from_jar_ApoCheating/human/Human.java
---count:
      27
[0m
All 26+ files located. Let me verify the exact file count and double-check for any remaining network/reflection usage I might have missed:
[0m✱ [0mGrep "Socket|URL|javax\.net|java\.net|reflect|newInstance|invoke|JApplet|Applet|SecurityManager|MD5|md5|digest|Random\(|seed"[90m in . · 4 matches[0m
