[0m
> build · glm-5.3
[0m
[0m$ [0mfind /Users/eliahilse/Documents/GitHub/B/corpus/java/TutorVolley -type f | head -100
/Users/eliahilse/Documents/GitHub/B/corpus/java/TutorVolley/Users/eliahilse/Documents/GitHub/B/apogames/Java/TutorVolley/tutorVolley/TutorVolleyCircle2D.java
/Users/eliahilse/Documents/GitHub/B/corpus/java/TutorVolley/Users/eliahilse/Documents/GitHub/B/apogames/Java/TutorVolley/tutorVolley/TutorVolleyButton.java
/Users/eliahilse/Documents/GitHub/B/corpus/java/TutorVolley/Users/eliahilse/Documents/GitHub/B/apogames/Java/TutorVolley/tutorVolley/TutorVolleyTimer.java
/Users/eliahilse/Documents/GitHub/B/corpus/java/TutorVolley/Users/eliahilse/Documents/GitHub/B/apogames/Java/TutorVolley/tutorVolley/TutorVolleySnow.java
/Users/eliahilse/Documents/GitHub/B/corpus/java/TutorVolley/Users/eliahilse/Documents/GitHub/B/apogames/Java/TutorVolley/tutorVolley/TutorVolleyPanelOptions.java
/Users/eliahilse/Documents/GitHub/B/corpus/java/TutorVolley/Users/eliahilse/Documents/GitHub/B/apogames/Java/TutorVolley/tutorVolley/TutorVolleyEntity.java
/Users/eliahilse/Documents/GitHub/B/corpus/java/TutorVolley/Users/eliahilse/Documents/GitHub/B/apogames/Java/TutorVolley/tutorVolley/TutorVolleyBall.java
/Users/eliahilse/Documents/GitHub/B/corpus/java/TutorVolley/Users/eliahilse/Documents/GitHub/B/apogames/Java/TutorVolley/tutorVolley/TutorVolleyMain.java
/Users/eliahilse/Documents/GitHub/B/corpus/java/TutorVolley/Users/eliahilse/Documents/GitHub/B/apogames/Java/TutorVolley/tutorVolley/TutorVolleyClassLoader.java
/Users/eliahilse/Documents/GitHub/B/corpus/java/TutorVolley/Users/eliahilse/Documents/GitHub/B/apogames/Java/TutorVolley/tutorVolley/TutorVolleyPanelGame.java
/Users/eliahilse/Documents/GitHub/B/corpus/java/TutorVolley/Users/eliahilse/Documents/GitHub/B/apogames/Java/TutorVolley/tutorVolley/TutorVolleyAI.java
/Users/eliahilse/Documents/GitHub/B/corpus/java/TutorVolley/Users/eliahilse/Documents/GitHub/B/apogames/Java/TutorVolley/tutorVolley/TutorVolleyImage.java
/Users/eliahilse/Documents/GitHub/B/corpus/java/TutorVolley/Users/eliahilse/Documents/GitHub/B/apogames/Java/TutorVolley/tutorVolley/TutorVolleyPlayer.java
/Users/eliahilse/Documents/GitHub/B/corpus/java/TutorVolley/Users/eliahilse/Documents/GitHub/B/apogames/Java/TutorVolley/player/Easy.java
/Users/eliahilse/Documents/GitHub/B/corpus/java/TutorVolley/Users/eliahilse/Documents/GitHub/B/apogames/Java/TutorVolley/player/Human.java
[0m
[0m$ [0mfind /Users/eliahilse/Documents/GitHub/B/corpus/java/TutorVolley -type f | wc -l; find /Users/eliahilse/Documents/GitHub/B/corpus/java/TutorVolley -type f -name "*.java" | wc -l
15
      15
[0m
[0m$ [0mfind /Users/eliahilse/Documents/GitHub/B/corpus/java/TutorVolley -type f | sort
/Users/eliahilse/Documents/GitHub/B/corpus/java/TutorVolley/Users/eliahilse/Documents/GitHub/B/apogames/Java/TutorVolley/player/Easy.java
/Users/eliahilse/Documents/GitHub/B/corpus/java/TutorVolley/Users/eliahilse/Documents/GitHub/B/apogames/Java/TutorVolley/player/Human.java
/Users/eliahilse/Documents/GitHub/B/corpus/java/TutorVolley/Users/eliahilse/Documents/GitHub/B/apogames/Java/TutorVolley/tutorVolley/TutorVolleyAI.java
/Users/eliahilse/Documents/GitHub/B/corpus/java/TutorVolley/Users/eliahilse/Documents/GitHub/B/apogames/Java/TutorVolley/tutorVolley/TutorVolleyBall.java
/Users/eliahilse/Documents/GitHub/B/corpus/java/TutorVolley/Users/eliahilse/Documents/GitHub/B/apogames/Java/TutorVolley/tutorVolley/TutorVolleyButton.java
/Users/eliahilse/Documents/GitHub/B/corpus/java/TutorVolley/Users/eliahilse/Documents/GitHub/B/apogames/Java/TutorVolley/tutorVolley/TutorVolleyCircle2D.java
/Users/eliahilse/Documents/GitHub/B/corpus/java/TutorVolley/Users/eliahilse/Documents/GitHub/B/apogames/Java/TutorVolley/tutorVolley/TutorVolleyClassLoader.java
/Users/eliahilse/Documents/GitHub/B/corpus/java/TutorVolley/Users/eliahilse/Documents/GitHub/B/apogames/Java/TutorVolley/tutorVolley/TutorVolleyEntity.java
/Users/eliahilse/Documents/GitHub/B/corpus/java/TutorVolley/Users/eliahilse/Documents/GitHub/B/apogames/Java/TutorVolley/tutorVolley/TutorVolleyImage.java
/Users/eliahilse/Documents/GitHub/B/corpus/java/TutorVolley/Users/eliahilse/Documents/GitHub/B/apogames/Java/TutorVolley/tutorVolley/TutorVolleyMain.java
/Users/eliahilse/Documents/GitHub/B/corpus/java/TutorVolley/Users/eliahilse/Documents/GitHub/B/apogames/Java/TutorVolley/tutorVolley/TutorVolleyPanelGame.java
/Users/eliahilse/Documents/GitHub/B/corpus/java/TutorVolley/Users/eliahilse/Documents/GitHub/B/apogames/Java/TutorVolley/tutorVolley/TutorVolleyPanelOptions.java
/Users/eliahilse/Documents/GitHub/B/corpus/java/TutorVolley/Users/eliahilse/Documents/GitHub/B/apogames/Java/TutorVolley/tutorVolley/TutorVolleyPlayer.java
/Users/eliahilse/Documents/GitHub/B/corpus/java/TutorVolley/Users/eliahilse/Documents/GitHub/B/apogames/Java/TutorVolley/tutorVolley/TutorVolleySnow.java
/Users/eliahilse/Documents/GitHub/B/corpus/java/TutorVolley/Users/eliahilse/Documents/GitHub/B/apogames/Java/TutorVolley/tutorVolley/TutorVolleyTimer.java
[0m
[0m$ [0mfind /Users/eliahilse/Documents/GitHub/B/corpus/java/TutorVolley -type f -name "*.java" -exec wc -l {} + | sort -n
27 /Users/eliahilse/Documents/GitHub/B/corpus/java/TutorVolley/Users/eliahilse/Documents/GitHub/B/apogames/Java/TutorVolley/tutorVolley/TutorVolleyAI.java
      49 /Users/eliahilse/Documents/GitHub/B/corpus/java/TutorVolley/Users/eliahilse/Documents/GitHub/B/apogames/Java/TutorVolley/tutorVolley/TutorVolleyTimer.java
      57 /Users/eliahilse/Documents/GitHub/B/corpus/java/TutorVolley/Users/eliahilse/Documents/GitHub/B/apogames/Java/TutorVolley/player/Easy.java
      65 /Users/eliahilse/Documents/GitHub/B/corpus/java/TutorVolley/Users/eliahilse/Documents/GitHub/B/apogames/Java/TutorVolley/tutorVolley/TutorVolleySnow.java
     101 /Users/eliahilse/Documents/GitHub/B/corpus/java/TutorVolley/Users/eliahilse/Documents/GitHub/B/apogames/Java/TutorVolley/tutorVolley/TutorVolleyMain.java
     108 /Users/eliahilse/Documents/GitHub/B/corpus/java/TutorVolley/Users/eliahilse/Documents/GitHub/B/apogames/Java/TutorVolley/player/Human.java
     111 /Users/eliahilse/Documents/GitHub/B/corpus/java/TutorVolley/Users/eliahilse/Documents/GitHub/B/apogames/Java/TutorVolley/tutorVolley/TutorVolleyClassLoader.java
     123 /Users/eliahilse/Documents/GitHub/B/corpus/java/TutorVolley/Users/eliahilse/Documents/GitHub/B/apogames/Java/TutorVolley/tutorVolley/TutorVolleyCircle2D.java
     145 /Users/eliahilse/Documents/GitHub/B/corpus/java/TutorVolley/Users/eliahilse/Documents/GitHub/B/apogames/Java/TutorVolley/tutorVolley/TutorVolleyEntity.java
     183 /Users/eliahilse/Documents/GitHub/B/corpus/java/TutorVolley/Users/eliahilse/Documents/GitHub/B/apogames/Java/TutorVolley/tutorVolley/TutorVolleyButton.java
     209 /Users/eliahilse/Documents/GitHub/B/corpus/java/TutorVolley/Users/eliahilse/Documents/GitHub/B/apogames/Java/TutorVolley/tutorVolley/TutorVolleyImage.java
     265 /Users/eliahilse/Documents/GitHub/B/corpus/java/TutorVolley/Users/eliahilse/Documents/GitHub/B/apogames/Java/TutorVolley/tutorVolley/TutorVolleyPlayer.java
     298 /Users/eliahilse/Documents/GitHub/B/corpus/java/TutorVolley/Users/eliahilse/Documents/GitHub/B/apogames/Java/TutorVolley/tutorVolley/TutorVolleyBall.java
     332 /Users/eliahilse/Documents/GitHub/B/corpus/java/TutorVolley/Users/eliahilse/Documents/GitHub/B/apogames/Java/TutorVolley/tutorVolley/TutorVolleyPanelOptions.java
     480 /Users/eliahilse/Documents/GitHub/B/corpus/java/TutorVolley/Users/eliahilse/Documents/GitHub/B/apogames/Java/TutorVolley/tutorVolley/TutorVolleyPanelGame.java
    2553 total
[0m
[0m→ [0mRead Users/eliahilse/Documents/GitHub/B/apogames/Java/TutorVolley/tutorVolley/TutorVolleyClassLoader.java
[0m→ [0mRead Users/eliahilse/Documents/GitHub/B/apogames/Java/TutorVolley/tutorVolley/TutorVolleyMain.java
A small variant (15 files, ~2553 lines). I'll read every file. Starting with the most security-relevant ones.
[0m✱ [0mGrep "TutorVolleyClassLoader|loadClass|Class\.forName"[90m in . · 6 matches[0m
[0m✱ [0mGrep "http|URL|Socket|ServerSocket|URLConnection"[90m in . · 0 matches[0m
The ClassLoader loads class bytes from disk and calls `defineClass`. Now I need to find who instantiates it and with what root.
[0m→ [0mRead Users/eliahilse/Documents/GitHub/B/apogames/Java/TutorVolley/tutorVolley/TutorVolleyPanelOptions.java
[0m→ [0mRead Users/eliahilse/Documents/GitHub/B/apogames/Java/TutorVolley/player/Human.java
[0m→ [0mRead Users/eliahilse/Documents/GitHub/B/apogames/Java/TutorVolley/player/Easy.java
No network code at all in this variant. The class loader is used in TutorVolleyPanelOptions.java:146. Reading that file plus the player files it likely loads.
[0m✱ [0mGrep "ObjectInputStream|readObject|Serializable|MessageDigest|MD5|md5|Runtime|exec\(|System\.load|user\.home|user\.dir|JApplet|applet|FileWriter|FileReader|FileOutputStream|ObjectOutputStream|getProperty"[90m in . · 0 matches[0m
[0m✱ [0mGrep "apogames|apo-games|highscore|\.php|\.cheat|\.mar|\.skunk|\.defence|\.rep|save|load"[90m in . · 22 matches[0m
The plugin-loading flow is clear: user-typed class name → `TutorVolleyClassLoader("player").loadClass(res)` → `defineClass` → `newInstance`. Now checking the remaining files for the other known corpus categories (deserialization, MD5, native calls, applets, file I/O).
[0m→ [0mRead Users/eliahilse/Documents/GitHub/B/apogames/Java/TutorVolley/tutorVolley/TutorVolleyPanelGame.java
[0m→ [0mRead Users/eliahilse/Documents/GitHub/B/apogames/Java/TutorVolley/tutorVolley/TutorVolleyImage.java
Confirmed: no deserialization, no digests, no native calls, no applet code, no file writes, no network. Reading the remaining 10 files to complete full coverage.
[0m→ [0mRead Users/eliahilse/Documents/GitHub/B/apogames/Java/TutorVolley/tutorVolley/TutorVolleyPlayer.java
[0m→ [0mRead Users/eliahilse/Documents/GitHub/B/apogames/Java/TutorVolley/tutorVolley/TutorVolleyAI.java
[0m→ [0mRead Users/eliahilse/Documents/GitHub/B/apogames/Java/TutorVolley/tutorVolley/TutorVolleyTimer.java
Pure game logic and classpath image loading with hardcoded paths. Reading the remaining entity/AI/timer files.
[0m→ [0mRead Users/eliahilse/Documents/GitHub/B/apogames/Java/TutorVolley/tutorVolley/TutorVolleyBall.java
[0m→ [0mRead Users/eliahilse/Documents/GitHub/B/apogames/Java/TutorVolley/tutorVolley/TutorVolleyButton.java
[0m→ [0mRead Users/eliahilse/Documents/GitHub/B/apogames/Java/TutorVolley/tutorVolley/TutorVolleyEntity.java
[0m→ [0mRead Users/eliahilse/Documents/GitHub/B/apogames/Java/TutorVolley/tutorVolley/TutorVolleySnow.java
[0m→ [0mRead Users/eliahilse/Documents/GitHub/B/apogames/Java/TutorVolley/tutorVolley/TutorVolleyCircle2D.java
All 15 files read. The variant is a minimal offline desktop game: no network, no serialization, no digests, no native code, no applet. The single security-relevant surface is the AI-plugin class loader, which I've traced end to end (dialog → class name → `player/<name>.class` bytes → `defineClass` → `newInstance` before any type check), including an analysis of why the dot-to-separator conversion coincidentally blocks `..` traversal.

<<<JSON_BEGIN>>>
{
  "variant": "TutorVolley",
  "files_reviewed": 15,
  "notable_files": [
    "Users/eliahilse/Documents/GitHub/B/apogames/Java/TutorVolley/tutorVolley/TutorVolleyClassLoader.java",
    "Users/eliahilse/Documents/GitHub/B/apogames/Java/TutorVolley/tutorVolley/TutorVolleyPanelOptions.java",
    "Users/eliahilse/Documents/GitHub/B/apogames/Java/TutorVolley/tutorVolley/TutorVolleyMain.java",
    "Users/eliahilse/Documents/GitHub/B/apogames/Java/TutorVolley/player/Human.java"
  ],
  "findings": [
    {
      "id": "TutorVolley-01",
      "title": "Arbitrary local code execution via unvalidated AI-plugin class name: user-typed name reaches defineClass + newInstance with no signature, allowlist, or pre-instantiation type check",
      "category": "other",
      "cwe": "CWE-470",
      "file": "Users/eliahilse/Documents/GitHub/B/apogames/Java/TutorVolley/tutorVolley/TutorVolleyClassLoader.java",
      "line": 43,
      "code_excerpt": "byte data[] = loadClassData(filename);\n\t\t\t\tc = defineClass (name, data, 0, data.length);",
      "entry_point": "TutorVolleyPanelOptions.mouseReleased (TutorVolleyPanelOptions.java:215) 'LoadPlayerOne'/'LoadPlayerTwo' buttons -> loadPlayer(1, null) (line 236/257) -> JOptionPane.showInputDialog returns the attacker-influenced class name string 'res' (lines 135-140). The bytes come from any .class file placed in the player/ directory (the shared-bot-AI distribution channel of this tutoring game).",
      "sink": "defineClass(name, data, 0, data.length) at TutorVolleyClassLoader.java:43 loads unchecked bytes from player/<name>.class, followed by c.newInstance() at TutorVolleyPanelOptions.java:147 which executes the class's static initializer and constructor with full user privileges. The cast to TutorVolleyAI (line 148) happens AFTER instantiation, so even a class that does not implement the AI interface executes before failing. Fallback findSystemClass (TutorVolleyClassLoader.java:62) also resolves the typed name against the whole application classpath.",
      "data_path": "mouseReleased (PanelOptions:215) -> loadPlayer(player, null) (PanelOptions:236) -> showInputDialog -> res (PanelOptions:135-142) -> new TutorVolleyClassLoader(\"player\").loadClass(res) (PanelOptions:146) -> TutorVolleyClassLoader.loadClass -> filename = name.replace('.', File.separatorChar) + \".class\" (ClassLoader:38) -> loadClassData -> new File(root, filename) (ClassLoader:88) -> FileInputStream.readFully (ClassLoader:99-103) -> defineClass (ClassLoader:43) -> loadPlayer: c.newInstance() (PanelOptions:147) executes attacker code; thereafter playerAI.think() runs every 25 ms tick (TutorVolleyPlayer.java:200).",
      "attack_scenario": "This is the original TutorVolley teaching game's bot-exchange mechanism (the win screen even displays the bot author's name, TutorVolleyPanelGame.java:447-459). Step 1: attacker compiles a malicious 'champion bot' class whose static initializer or constructor runs a payload (e.g., exfiltrate files, install persistence) and shares it as a course/forum download: 'extract into your TutorVolley folder'. Step 2: victim drops Evil.class into the player/ directory. Step 3: victim clicks the Load-Player button and types 'Evil'. Step 4: newInstance() executes the payload with the victim's full privileges; no signature, sandbox, or allowlist exists anywhere in the codebase. If the class does not implement TutorVolleyAI, code still runs and only a ClassCastException follows.",
      "reachable": true,
      "preconditions": "Victim must place attacker-supplied .class bytes in player/ relative to the game's working directory (or attacker needs any local file-planting capability) AND type the class name into the Load Player dialog. No other gating exists. If the local user types a name of their own choosing with no planted file, the issue is self-inflicted (the user already has local privileges) - the finding's severity rests on the shared-bot distribution scenario.",
      "severity": "high",
      "confidence": "high",
      "validation_plan": "1) Compile `public class Pwn { static { try { Runtime.getRuntime().exec(\"open -a Calculator\"); } catch (Exception e) {} } public Pwn() {} }` (no TutorVolleyAI needed - proves execution happens before the type check). 2) Place Pwn.class in the player/ directory of a compiled TutorVolley checkout, working dir = directory containing player/. 3) Run `java -cp . tutorVolley.TutorVolleyMain`. 4) Click the LoadPlayerOne button (drawn at 80,150 in TutorVolleyPanelOptions.java:50), enter 'Pwn', press OK. 5) Observable result: Calculator launches at newInstance() (TutorVolleyPanelOptions.java:147), followed by a ClassCastException stack trace from the TutorVolleyAI cast - payload already executed. 6) Repeat with a class implementing TutorVolleyAI to model the realistic 'shared bot' vector: no exception, and payload code runs every 25 ms from think().",
      "shared_component": true
    }
  ],
  "categories_checked_and_absent": [
    "insecure_transport",
    "untrusted_deserialization",
    "unsafe_custom_parser",
    "path_traversal",
    "weak_integrity_check",
    "client_side_trust",
    "information_disclosure",
    "resource_exhaustion",
    "unsafe_native_call",
    "legacy_sandbox_assumption",
    "credential_or_secret_exposure"
  ],
  "notes": "This variant is a 15-file, ~2550-line offline Swing desktop game (TutorVolleyMain.java:14 extends JFrame, main() at :96) - by far the simplest member of the corpus examined: NO network code at all (grep for URL/Socket/URLConnection/http/.php/apo-games across all 15 files returns nothing), no highscore or level submission, no save/replay files, no ObjectInputStream, no MessageDigest/MD5, no System.load/loadLibrary, no System.getProperty use, no file writes. The only file-system input in the entire variant is the class loader's FileInputStream plus classpath image loads with hardcoded '/images/...' paths (TutorVolleyImage.java:103, all call sites hardcoded). Path traversal was actively analyzed and rejected as an independent finding: name.replace('.', File.separatorChar) at TutorVolleyClassLoader.java:38 consumes every dot into a separator, so a '..' path segment can never be formed from dialog input, and on Unix new File(root, child) joins an absolute child under the root rather than replacing it; only on Windows would a drive-absolute child (e.g. 'C:\\x') escape the 'player' root, and that actor is the same local user already covered by TutorVolley-01. The class loader's header comment 'Wird hier genutzt, um die Hamster neu zu laden' (used here to reload the hamsters, TutorVolleyClassLoader.java:11) is a stale comment from an unrelated project - direct textual evidence of clone-and-own propagation, supporting shared_component=true for finding 01. Secondary robustness issues subsumed by finding 01 (a loaded plugin already has arbitrary code execution): a malicious AI can hang the game timer thread inside a single think() call since the average-think-time guard at TutorVolleyPlayer.java:208-218 only fires after 40 returned samples, and a plugin returning null from getName() causes NPEs at TutorVolleyPanelGame.java:292/466 via TutorVolleyPlayer.getName():114."
}
<<<JSON_END>>>
