[0m
> build · minimax-m3
[0m
[0m$ [0mls -la /Users/eliahilse/Documents/GitHub/B/corpus/java/ApoCheating
total 0
drwxr-xr-x@  5 eliahilse  staff  160 Aug 24 14:18 _from_jar_ApoCheating
drwxr-xr-x@  3 eliahilse  staff   96 Aug 24 14:18 .
drwxr-xr-x@ 22 eliahilse  staff  704 Aug 24 14:19 ..
[0m
[0m$ [0mls -la /Users/eliahilse/Documents/GitHub/B/corpus/java/ApoCheating/_from_jar_ApoCheating
total 8
drwxr-xr-x@  5 eliahilse  staff  160 Aug 24 14:18 .
drwxr-xr-x@  3 eliahilse  staff   96 Aug 24 14:18 ..
drwxr-xr-x@ 27 eliahilse  staff  864 Aug 24 14:18 apoCheating
drwxr-xr-x@  3 eliahilse  staff   96 Aug 24 14:18 human
-rw-r--r--@  1 eliahilse  staff   46 Apr 11  2007 Human.java
[0m
[0m$ [0mls -la /Users/eliahilse/Documents/GitHub/B/corpus/java/ApoCheating/_from_jar_ApoCheating/apoCheating /Users/eliahilse/Documents/GitHub/B/corpus/java/ApoCheating/_from_jar_ApoCheating/human
/Users/eliahilse/Documents/GitHub/B/corpus/java/ApoCheating/_from_jar_ApoCheating/apoCheating:
total 392
drwxr-xr-x@ 27 eliahilse  staff    864 Aug 24 14:18 .
drwxr-xr-x@  5 eliahilse  staff    160 Aug 24 14:18 ..
-rw-r--r--@  1 eliahilse  staff    366 Apr 11  2007 ApoCheatingAI.java
-rw-r--r--@  1 eliahilse  staff    763 Apr 11  2007 ApoCheatingButton.java
-rw-r--r--@  1 eliahilse  staff   4475 Apr 11  2007 ApoCheatingButtonEntity.java
-rw-r--r--@  1 eliahilse  staff   2147 Apr 11  2007 ApoCheatingConstants.java
-rw-r--r--@  1 eliahilse  staff    472 Apr 11  2007 ApoCheatingEnemy.java
-rw-r--r--@  1 eliahilse  staff   6526 Apr 11  2007 ApoCheatingEntity.java
-rw-r--r--@  1 eliahilse  staff   7245 Apr 11  2007 ApoCheatingEntityHand.java
-rw-r--r--@  1 eliahilse  staff    799 Apr 11  2007 ApoCheatingExtra.java
-rw-r--r--@  1 eliahilse  staff   1249 Apr 11  2007 ApoCheatingFileFilter.java
-rw-r--r--@  1 eliahilse  staff   3284 Apr 11  2007 ApoCheatingFinish.java
-rw-r--r--@  1 eliahilse  staff  40619 Apr 11  2007 ApoCheatingGamePanel.java
-rw-r--r--@  1 eliahilse  staff   2652 Apr 11  2007 ApoCheatingGoal.java
-rw-r--r--@  1 eliahilse  staff  15112 Apr 11  2007 ApoCheatingHudPanel.java
-rw-r--r--@  1 eliahilse  staff   5413 Apr 11  2007 ApoCheatingImage.java
-rw-r--r--@  1 eliahilse  staff   2084 Apr 11  2007 ApoCheatingLevel.java
-rw-r--r--@  1 eliahilse  staff  15312 Apr 11  2007 ApoCheatingLoadSave.java
-rw-r--r--@  1 eliahilse  staff   1151 Apr 11  2007 ApoCheatingMain.java
-rw-r--r--@  1 eliahilse  staff   1003 Apr 11  2007 ApoCheatingPanel.java
-rw-r--r--@  1 eliahilse  staff   7778 Apr 11  2007 ApoCheatingPlayer.java
-rw-r--r--@  1 eliahilse  staff   6169 Apr 11  2007 ApoCheatingSearch.java
-rw-r--r--@  1 eliahilse  staff   1308 Apr 11  2007 ApoCheatingSearchClass.java
-rw-r--r--@  1 eliahilse  staff   9214 Apr 11  2007 ApoCheatingTeacher.java
-rw-r--r--@  1 eliahilse  staff   4867 Apr 11  2007 ApoCheatingTeacherView.java
-rw-r--r--@  1 eliahilse  staff   3183 Apr 11  2007 ApoCheatingTeacherWay.java
-rw-r--r--@  1 eliahilse  staff    686 Apr 11  2007 ApoCheatingTimer.java

/Users/eliahilse/Documents/GitHub/B/corpus/java/ApoCheating/_from_jar_ApoCheating/human:
total 8
drwxr-xr-x@ 3 eliahilse  staff    96 Aug 24 14:18 .
drwxr-xr-x@ 5 eliahilse  staff   160 Aug 24 14:18 ..
-rw-r--r--@ 1 eliahilse  staff  3732 Apr 11  2007 Human.java
[0m
[0m→ [0mRead _from_jar_ApoCheating/Human.java
[0m→ [0mRead _from_jar_ApoCheating/human/Human.java
[0m→ [0mRead _from_jar_ApoCheating/apoCheating/ApoCheatingMain.java
[0m→ [0mRead _from_jar_ApoCheating/apoCheating/ApoCheatingLoadSave.java
[0m→ [0mRead _from_jar_ApoCheating/apoCheating/ApoCheatingGamePanel.java
[0m→ [0mRead _from_jar_ApoCheating/apoCheating/ApoCheatingConstants.java
[0m→ [0mRead _from_jar_ApoCheating/apoCheating/ApoCheatingFileFilter.java
[0m→ [0mRead _from_jar_ApoCheating/apoCheating/ApoCheatingImage.java
[0m→ [0mRead _from_jar_ApoCheating/apoCheating/ApoCheatingPanel.java
[0m→ [0mRead _from_jar_ApoCheating/apoCheating/ApoCheatingLevel.java
[0m✱ [0mGrep "URL|HttpURL|URLConnection|InputStreamReader|InputStream\(|getResource|openStream|openConnection|Socket|DatagramSocket|ServerSocket"[90m in _from_jar_ApoCheating · 5 matches[0m
[0m✱ [0mGrep "Class\.forName|defineClass|loadClass|getMethod|invoke|System\.load|Runtime|exec|ProcessBuilder|MessageDigest|MD5|getRuntime"[90m in _from_jar_ApoCheating · 0 matches[0m
[0m✱ [0mGrep "http|apo-games|apo_games|save_highscore|save_level|get_level|\.php|\.html"[90m in _from_jar_ApoCheating · 0 matches[0m
[0m✱ [0mGrep "user\.dir|user\.home|System\.getProperty|System\.getenv"[90m in _from_jar_ApoCheating · 2 matches[0m
[0m✱ [0mGrep "FileOutputStream|FileInputStream|RandomAccessFile|writeObject|readObject|Serializable"[90m in _from_jar_ApoCheating · 5 matches[0m
[0m✱ [0mGrep "getSelectedFile|showOpenDialog|showSaveDialog|JFileChooser"[90m in _from_jar_ApoCheating · 6 matches[0m
[0m→ [0mRead _from_jar_ApoCheating/apoCheating/ApoCheatingHudPanel.java
[0m✱ [0mGrep "import|class|interface"[90m in _from_jar_ApoCheating · 100 matches[0m
[0m✱ [0mGrep "java\.net|java\.security|java\.lang\.reflect|JNI|ClassLoader|loadLibrary|System\.load"[90m in _from_jar_ApoCheating · 0 matches[0m
[0m→ [0mRead _from_jar_ApoCheating/apoCheating/ApoCheatingEntity.java
[0m→ [0mRead _from_jar_ApoCheating/apoCheating/ApoCheatingSearch.java
[0m→ [0mRead _from_jar_ApoCheating/apoCheating/ApoCheatingPlayer.java
[0m→ [0mRead _from_jar_ApoCheating/apoCheating/ApoCheatingTeacher.java
[0m→ [0mRead _from_jar_ApoCheating/apoCheating/ApoCheatingEnemy.java
