[0m
> build · minimax-m3
[0m
[0m$ [0mls -la /Users/eliahilse/Documents/GitHub/B/corpus/java/ApoBot
total 0
drwxr-xr-x@  3 eliahilse  staff   96 Aug 24 14:18 .
drwxr-xr-x@ 22 eliahilse  staff  704 Aug 24 14:19 ..
drwxr-xr-x@  3 eliahilse  staff   96 Aug 24 14:18 Users
[0m
[0m$ [0mfind /Users/eliahilse/Documents/GitHub/B/corpus/java/ApoBot -type f -name "*.java" | head -50
/Users/eliahilse/Documents/GitHub/B/corpus/java/ApoBot/Users/eliahilse/Documents/GitHub/B/apogames/Java/ApoBot/org/apogames/ApoIO.java
/Users/eliahilse/Documents/GitHub/B/corpus/java/ApoBot/Users/eliahilse/Documents/GitHub/B/apogames/Java/ApoBot/org/apogames/ApoThread.java
/Users/eliahilse/Documents/GitHub/B/corpus/java/ApoBot/Users/eliahilse/Documents/GitHub/B/apogames/Java/ApoBot/org/apogames/ApoConstants.java
/Users/eliahilse/Documents/GitHub/B/corpus/java/ApoBot/Users/eliahilse/Documents/GitHub/B/apogames/Java/ApoBot/org/apogames/ApoStart.java
/Users/eliahilse/Documents/GitHub/B/corpus/java/ApoBot/Users/eliahilse/Documents/GitHub/B/apogames/Java/ApoBot/org/apogames/entity/ApoEntity.java
/Users/eliahilse/Documents/GitHub/B/corpus/java/ApoBot/Users/eliahilse/Documents/GitHub/B/apogames/Java/ApoBot/org/apogames/entity/ApoAnimation.java
/Users/eliahilse/Documents/GitHub/B/corpus/java/ApoBot/Users/eliahilse/Documents/GitHub/B/apogames/Java/ApoBot/org/apogames/entity/ApoButtonText.java
/Users/eliahilse/Documents/GitHub/B/corpus/java/ApoBot/Users/eliahilse/Documents/GitHub/B/apogames/Java/ApoBot/org/apogames/entity/ApoButton.java
/Users/eliahilse/Documents/GitHub/B/corpus/java/ApoBot/Users/eliahilse/Documents/GitHub/B/apogames/Java/ApoBot/org/apogames/entity/ApoDragObject.java
/Users/eliahilse/Documents/GitHub/B/corpus/java/ApoBot/Users/eliahilse/Documents/GitHub/B/apogames/Java/ApoBot/org/apogames/ApoApplet.java
/Users/eliahilse/Documents/GitHub/B/corpus/java/ApoBot/Users/eliahilse/Documents/GitHub/B/apogames/Java/ApoBot/org/apogames/image/ApoRawScale3x.java
/Users/eliahilse/Documents/GitHub/B/corpus/java/ApoBot/Users/eliahilse/Documents/GitHub/B/apogames/Java/ApoBot/org/apogames/image/ApoImage.java
/Users/eliahilse/Documents/GitHub/B/corpus/java/ApoBot/Users/eliahilse/Documents/GitHub/B/apogames/Java/ApoBot/org/apogames/image/ApoImageScale.java
/Users/eliahilse/Documents/GitHub/B/corpus/java/ApoBot/Users/eliahilse/Documents/GitHub/B/apogames/Java/ApoBot/org/apogames/image/ApoRawScale2x.java
/Users/eliahilse/Documents/GitHub/B/corpus/java/ApoBot/Users/eliahilse/Documents/GitHub/B/apogames/Java/ApoBot/org/apogames/image/ApoImageFromValue.java
/Users/eliahilse/Documents/GitHub/B/corpus/java/ApoBot/Users/eliahilse/Documents/GitHub/B/apogames/Java/ApoBot/org/apogames/ApoComponent.java
/Users/eliahilse/Documents/GitHub/B/corpus/java/ApoBot/Users/eliahilse/Documents/GitHub/B/apogames/Java/ApoBot/org/apogames/ApoMainBufferedStrategy.java
/Users/eliahilse/Documents/GitHub/B/corpus/java/ApoBot/Users/eliahilse/Documents/GitHub/B/apogames/Java/ApoBot/org/apogames/ApoTimerInterface.java
/Users/eliahilse/Documents/GitHub/B/corpus/java/ApoBot/Users/eliahilse/Documents/GitHub/B/apogames/Java/ApoBot/org/apogames/ApoAppletBufferedStrategy.java
/Users/eliahilse/Documents/GitHub/B/corpus/java/ApoBot/Users/eliahilse/Documents/GitHub/B/apogames/Java/ApoBot/org/apogames/ApoNewThread.java
/Users/eliahilse/Documents/GitHub/B/corpus/java/ApoBot/Users/eliahilse/Documents/GitHub/B/apogames/Java/ApoBot/org/apogames/ApoMain.java
/Users/eliahilse/Documents/GitHub/B/corpus/java/ApoBot/Users/eliahilse/Documents/GitHub/B/apogames/Java/ApoBot/org/apogames/ApoTimer.java
/Users/eliahilse/Documents/GitHub/B/corpus/java/ApoBot/Users/eliahilse/Documents/GitHub/B/apogames/Java/ApoBot/org/apogames/ApoComponentBufferedStrategy.java
/Users/eliahilse/Documents/GitHub/B/corpus/java/ApoBot/Users/eliahilse/Documents/GitHub/B/apogames/Java/ApoBot/org/apogames/sound/ApoSounds.java
/Users/eliahilse/Documents/GitHub/B/corpus/java/ApoBot/Users/eliahilse/Documents/GitHub/B/apogames/Java/ApoBot/org/apogames/help/ApoSplashScreen.java
/Users/eliahilse/Documents/GitHub/B/corpus/java/ApoBot/Users/eliahilse/Documents/GitHub/B/apogames/Java/ApoBot/org/apogames/help/ApoSplashPainter.java
/Users/eliahilse/Documents/GitHub/B/corpus/java/ApoBot/Users/eliahilse/Documents/GitHub/B/apogames/Java/ApoBot/org/apogames/help/ApoHelp.java
/Users/eliahilse/Documents/GitHub/B/corpus/java/ApoBot/Users/eliahilse/Documents/GitHub/B/apogames/Java/ApoBot/org/apogames/help/ApoFileFilter.java
/Users/eliahilse/Documents/GitHub/B/corpus/java/ApoBot/Users/eliahilse/Documents/GitHub/B/apogames/Java/ApoBot/org/apogames/help/ApoCopy.java
/Users/eliahilse/Documents/GitHub/B/corpus/java/ApoBot/Users/eliahilse/Documents/GitHub/B/apogames/Java/ApoBot/org/apogames/help/ApoFileNameFilter.java
/Users/eliahilse/Documents/GitHub/B/corpus/java/ApoBot/Users/eliahilse/Documents/GitHub/B/apogames/Java/ApoBot/org/apogames/help/ApoInterface.java
/Users/eliahilse/Documents/GitHub/B/corpus/java/ApoBot/Users/eliahilse/Documents/GitHub/B/apogames/Java/ApoBot/org/apogames/help/ApoFloatPoint.java
/Users/eliahilse/Documents/GitHub/B/corpus/java/ApoBot/Users/eliahilse/Documents/GitHub/B/apogames/Java/ApoBot/org/apogames/help/ApoClassLoader.java
/Users/eliahilse/Documents/GitHub/B/corpus/java/ApoBot/Users/eliahilse/Documents/GitHub/B/apogames/Java/ApoBot/apoBot/ApoBotImage.java
/Users/eliahilse/Documents/GitHub/B/corpus/java/ApoBot/Users/eliahilse/Documents/GitHub/B/apogames/Java/ApoBot/apoBot/ApoBotComponent.java
/Users/eliahilse/Documents/GitHub/B/corpus/java/ApoBot/Users/eliahilse/Documents/GitHub/B/apogames/Java/ApoBot/apoBot/ApoBotMain.java
/Users/eliahilse/Documents/GitHub/B/corpus/java/ApoBot/Users/eliahilse/Documents/GitHub/B/apogames/Java/ApoBot/apoBot/entity/ApoBotEntity.java
/Users/eliahilse/Documents/GitHub/B/corpus/java/ApoBot/Users/eliahilse/Documents/GitHub/B/apogames/Java/ApoBot/apoBot/entity/ApoBotPlayer.java
/Users/eliahilse/Documents/GitHub/B/corpus/java/ApoBot/Users/eliahilse/Documents/GitHub/B/apogames/Java/ApoBot/apoBot/ApoBotApplet.java
/Users/eliahilse/Documents/GitHub/B/corpus/java/ApoBot/Users/eliahilse/Documents/GitHub/B/apogames/Java/ApoBot/apoBot/game/ApoBotGame.java
/Users/eliahilse/Documents/GitHub/B/corpus/java/ApoBot/Users/eliahilse/Documents/GitHub/B/apogames/Java/ApoBot/apoBot/game/ApoBotEditor.java
/Users/eliahilse/Documents/GitHub/B/corpus/java/ApoBot/Users/eliahilse/Documents/GitHub/B/apogames/Java/ApoBot/apoBot/game/ApoBotButton.java
/Users/eliahilse/Documents/GitHub/B/corpus/java/ApoBot/Users/eliahilse/Documents/GitHub/B/apogames/Java/ApoBot/apoBot/game/ApoBotTutorial.java
/Users/eliahilse/Documents/GitHub/B/corpus/java/ApoBot/Users/eliahilse/Documents/GitHub/B/apogames/Java/ApoBot/apoBot/ApoBotConstants.java
/Users/eliahilse/Documents/GitHub/B/corpus/java/ApoBot/Users/eliahilse/Documents/GitHub/B/apogames/Java/ApoBot/apoBot/level/ApoBotLevelLevel.java
/Users/eliahilse/Documents/GitHub/B/corpus/java/ApoBot/Users/eliahilse/Documents/GitHub/B/apogames/Java/ApoBot/apoBot/level/ApoBotLevelIO.java
/Users/eliahilse/Documents/GitHub/B/corpus/java/ApoBot/Users/eliahilse/Documents/GitHub/B/apogames/Java/ApoBot/apoBot/level/ApoBotLevelTest.java
/Users/eliahilse/Documents/GitHub/B/corpus/java/ApoBot/Users/eliahilse/Documents/GitHub/B/apogames/Java/ApoBot/apoBot/level/ApoBotLevel.java
[0m
[0m$ [0mfind /Users/eliahilse/Documents/GitHub/B/corpus/java/ApoBot -type f -name "*.java" | wc -l && find /Users/eliahilse/Documents/GitHub/B/corpus/java/ApoBot -type f -name "*.java"
48
/Users/eliahilse/Documents/GitHub/B/corpus/java/ApoBot/Users/eliahilse/Documents/GitHub/B/apogames/Java/ApoBot/org/apogames/ApoIO.java
/Users/eliahilse/Documents/GitHub/B/corpus/java/ApoBot/Users/eliahilse/Documents/GitHub/B/apogames/Java/ApoBot/org/apogames/ApoThread.java
/Users/eliahilse/Documents/GitHub/B/corpus/java/ApoBot/Users/eliahilse/Documents/GitHub/B/apogames/Java/ApoBot/org/apogames/ApoConstants.java
/Users/eliahilse/Documents/GitHub/B/corpus/java/ApoBot/Users/eliahilse/Documents/GitHub/B/apogames/Java/ApoBot/org/apogames/ApoStart.java
/Users/eliahilse/Documents/GitHub/B/corpus/java/ApoBot/Users/eliahilse/Documents/GitHub/B/apogames/Java/ApoBot/org/apogames/entity/ApoEntity.java
/Users/eliahilse/Documents/GitHub/B/corpus/java/ApoBot/Users/eliahilse/Documents/GitHub/B/apogames/Java/ApoBot/org/apogames/entity/ApoAnimation.java
/Users/eliahilse/Documents/GitHub/B/corpus/java/ApoBot/Users/eliahilse/Documents/GitHub/B/apogames/Java/ApoBot/org/apogames/entity/ApoButtonText.java
/Users/eliahilse/Documents/GitHub/B/corpus/java/ApoBot/Users/eliahilse/Documents/GitHub/B/apogames/Java/ApoBot/org/apogames/entity/ApoButton.java
/Users/eliahilse/Documents/GitHub/B/corpus/java/ApoBot/Users/eliahilse/Documents/GitHub/B/apogames/Java/ApoBot/org/apogames/entity/ApoDragObject.java
/Users/eliahilse/Documents/GitHub/B/corpus/java/ApoBot/Users/eliahilse/Documents/GitHub/B/apogames/Java/ApoBot/org/apogames/ApoApplet.java
/Users/eliahilse/Documents/GitHub/B/corpus/java/ApoBot/Users/eliahilse/Documents/GitHub/B/apogames/Java/ApoBot/org/apogames/image/ApoRawScale3x.java
/Users/eliahilse/Documents/GitHub/B/corpus/java/ApoBot/Users/eliahilse/Documents/GitHub/B/apogames/Java/ApoBot/org/apogames/image/ApoImage.java
/Users/eliahilse/Documents/GitHub/B/corpus/java/ApoBot/Users/eliahilse/Documents/GitHub/B/apogames/Java/ApoBot/org/apogames/image/ApoImageScale.java
/Users/eliahilse/Documents/GitHub/B/corpus/java/ApoBot/Users/eliahilse/Documents/GitHub/B/apogames/Java/ApoBot/org/apogames/image/ApoRawScale2x.java
/Users/eliahilse/Documents/GitHub/B/corpus/java/ApoBot/Users/eliahilse/Documents/GitHub/B/apogames/Java/ApoBot/org/apogames/image/ApoImageFromValue.java
/Users/eliahilse/Documents/GitHub/B/corpus/java/ApoBot/Users/eliahilse/Documents/GitHub/B/apogames/Java/ApoBot/org/apogames/ApoComponent.java
/Users/eliahilse/Documents/GitHub/B/corpus/java/ApoBot/Users/eliahilse/Documents/GitHub/B/apogames/Java/ApoBot/org/apogames/ApoMainBufferedStrategy.java
/Users/eliahilse/Documents/GitHub/B/corpus/java/ApoBot/Users/eliahilse/Documents/GitHub/B/apogames/Java/ApoBot/org/apogames/ApoTimerInterface.java
/Users/eliahilse/Documents/GitHub/B/corpus/java/ApoBot/Users/eliahilse/Documents/GitHub/B/apogames/Java/ApoBot/org/apogames/ApoAppletBufferedStrategy.java
/Users/eliahilse/Documents/GitHub/B/corpus/java/ApoBot/Users/eliahilse/Documents/GitHub/B/apogames/Java/ApoBot/org/apogames/ApoNewThread.java
/Users/eliahilse/Documents/GitHub/B/corpus/java/ApoBot/Users/eliahilse/Documents/GitHub/B/apogames/Java/ApoBot/org/apogames/ApoMain.java
/Users/eliahilse/Documents/GitHub/B/corpus/java/ApoBot/Users/eliahilse/Documents/GitHub/B/apogames/Java/ApoBot/org/apogames/ApoTimer.java
/Users/eliahilse/Documents/GitHub/B/corpus/java/ApoBot/Users/eliahilse/Documents/GitHub/B/apogames/Java/ApoBot/org/apogames/ApoComponentBufferedStrategy.java
/Users/eliahilse/Documents/GitHub/B/corpus/java/ApoBot/Users/eliahilse/Documents/GitHub/B/apogames/Java/ApoBot/org/apogames/sound/ApoSounds.java
/Users/eliahilse/Documents/GitHub/B/corpus/java/ApoBot/Users/eliahilse/Documents/GitHub/B/apogames/Java/ApoBot/org/apogames/help/ApoSplashScreen.java
/Users/eliahilse/Documents/GitHub/B/corpus/java/ApoBot/Users/eliahilse/Documents/GitHub/B/apogames/Java/ApoBot/org/apogames/help/ApoSplashPainter.java
/Users/eliahilse/Documents/GitHub/B/corpus/java/ApoBot/Users/eliahilse/Documents/GitHub/B/apogames/Java/ApoBot/org/apogames/help/ApoHelp.java
/Users/eliahilse/Documents/GitHub/B/corpus/java/ApoBot/Users/eliahilse/Documents/GitHub/B/apogames/Java/ApoBot/org/apogames/help/ApoFileFilter.java
/Users/eliahilse/Documents/GitHub/B/corpus/java/ApoBot/Users/eliahilse/Documents/GitHub/B/apogames/Java/ApoBot/org/apogames/help/ApoCopy.java
/Users/eliahilse/Documents/GitHub/B/corpus/java/ApoBot/Users/eliahilse/Documents/GitHub/B/apogames/Java/ApoBot/org/apogames/help/ApoFileNameFilter.java
/Users/eliahilse/Documents/GitHub/B/corpus/java/ApoBot/Users/eliahilse/Documents/GitHub/B/apogames/Java/ApoBot/org/apogames/help/ApoInterface.java
/Users/eliahilse/Documents/GitHub/B/corpus/java/ApoBot/Users/eliahilse/Documents/GitHub/B/apogames/Java/ApoBot/org/apogames/help/ApoFloatPoint.java
/Users/eliahilse/Documents/GitHub/B/corpus/java/ApoBot/Users/eliahilse/Documents/GitHub/B/apogames/Java/ApoBot/org/apogames/help/ApoClassLoader.java
/Users/eliahilse/Documents/GitHub/B/corpus/java/ApoBot/Users/eliahilse/Documents/GitHub/B/apogames/Java/ApoBot/apoBot/ApoBotImage.java
/Users/eliahilse/Documents/GitHub/B/corpus/java/ApoBot/Users/eliahilse/Documents/GitHub/B/apogames/Java/ApoBot/apoBot/ApoBotComponent.java
/Users/eliahilse/Documents/GitHub/B/corpus/java/ApoBot/Users/eliahilse/Documents/GitHub/B/apogames/Java/ApoBot/apoBot/ApoBotMain.java
/Users/eliahilse/Documents/GitHub/B/corpus/java/ApoBot/Users/eliahilse/Documents/GitHub/B/apogames/Java/ApoBot/apoBot/entity/ApoBotEntity.java
/Users/eliahilse/Documents/GitHub/B/corpus/java/ApoBot/Users/eliahilse/Documents/GitHub/B/apogames/Java/ApoBot/apoBot/entity/ApoBotPlayer.java
/Users/eliahilse/Documents/GitHub/B/corpus/java/ApoBot/Users/eliahilse/Documents/GitHub/B/apogames/Java/ApoBot/apoBot/ApoBotApplet.java
/Users/eliahilse/Documents/GitHub/B/corpus/java/ApoBot/Users/eliahilse/Documents/GitHub/B/apogames/Java/ApoBot/apoBot/game/ApoBotGame.java
/Users/eliahilse/Documents/GitHub/B/corpus/java/ApoBot/Users/eliahilse/Documents/GitHub/B/apogames/Java/ApoBot/apoBot/game/ApoBotEditor.java
/Users/eliahilse/Documents/GitHub/B/corpus/java/ApoBot/Users/eliahilse/Documents/GitHub/B/apogames/Java/ApoBot/apoBot/game/ApoBotButton.java
/Users/eliahilse/Documents/GitHub/B/corpus/java/ApoBot/Users/eliahilse/Documents/GitHub/B/apogames/Java/ApoBot/apoBot/game/ApoBotTutorial.java
/Users/eliahilse/Documents/GitHub/B/corpus/java/ApoBot/Users/eliahilse/Documents/GitHub/B/apogames/Java/ApoBot/apoBot/ApoBotConstants.java
/Users/eliahilse/Documents/GitHub/B/corpus/java/ApoBot/Users/eliahilse/Documents/GitHub/B/apogames/Java/ApoBot/apoBot/level/ApoBotLevelLevel.java
/Users/eliahilse/Documents/GitHub/B/corpus/java/ApoBot/Users/eliahilse/Documents/GitHub/B/apogames/Java/ApoBot/apoBot/level/ApoBotLevelIO.java
/Users/eliahilse/Documents/GitHub/B/corpus/java/ApoBot/Users/eliahilse/Documents/GitHub/B/apogames/Java/ApoBot/apoBot/level/ApoBotLevelTest.java
/Users/eliahilse/Documents/GitHub/B/corpus/java/ApoBot/Users/eliahilse/Documents/GitHub/B/apogames/Java/ApoBot/apoBot/level/ApoBotLevel.java
[0m
[0m→ [0mRead Users/eliahilse/Documents/GitHub/B/apogames/Java/ApoBot/org/apogames/ApoIO.java
[0m→ [0mRead Users/eliahilse/Documents/GitHub/B/apogames/Java/ApoBot/org/apogames/help/ApoHelp.java
[0m→ [0mRead Users/eliahilse/Documents/GitHub/B/apogames/Java/ApoBot/org/apogames/help/ApoClassLoader.java
[0m
[0m$ [0mfind /Users/eliahilse/Documents/GitHub/B/corpus/java/ApoBot -name "*.java" -exec wc -l {} +
243 /Users/eliahilse/Documents/GitHub/B/corpus/java/ApoBot/Users/eliahilse/Documents/GitHub/B/apogames/Java/ApoBot/org/apogames/ApoIO.java
     273 /Users/eliahilse/Documents/GitHub/B/corpus/java/ApoBot/Users/eliahilse/Documents/GitHub/B/apogames/Java/ApoBot/org/apogames/ApoThread.java
      33 /Users/eliahilse/Documents/GitHub/B/corpus/java/ApoBot/Users/eliahilse/Documents/GitHub/B/apogames/Java/ApoBot/org/apogames/ApoConstants.java
      18 /Users/eliahilse/Documents/GitHub/B/corpus/java/ApoBot/Users/eliahilse/Documents/GitHub/B/apogames/Java/ApoBot/org/apogames/ApoStart.java
     498 /Users/eliahilse/Documents/GitHub/B/corpus/java/ApoBot/Users/eliahilse/Documents/GitHub/B/apogames/Java/ApoBot/org/apogames/entity/ApoEntity.java
     178 /Users/eliahilse/Documents/GitHub/B/corpus/java/ApoBot/Users/eliahilse/Documents/GitHub/B/apogames/Java/ApoBot/org/apogames/entity/ApoAnimation.java
     133 /Users/eliahilse/Documents/GitHub/B/corpus/java/ApoBot/Users/eliahilse/Documents/GitHub/B/apogames/Java/ApoBot/org/apogames/entity/ApoButtonText.java
     210 /Users/eliahilse/Documents/GitHub/B/corpus/java/ApoBot/Users/eliahilse/Documents/GitHub/B/apogames/Java/ApoBot/org/apogames/entity/ApoButton.java
     129 /Users/eliahilse/Documents/GitHub/B/corpus/java/ApoBot/Users/eliahilse/Documents/GitHub/B/apogames/Java/ApoBot/org/apogames/entity/ApoDragObject.java
      74 /Users/eliahilse/Documents/GitHub/B/corpus/java/ApoBot/Users/eliahilse/Documents/GitHub/B/apogames/Java/ApoBot/org/apogames/ApoApplet.java
     146 /Users/eliahilse/Documents/GitHub/B/corpus/java/ApoBot/Users/eliahilse/Documents/GitHub/B/apogames/Java/ApoBot/org/apogames/image/ApoRawScale3x.java
     117 /Users/eliahilse/Documents/GitHub/B/corpus/java/ApoBot/Users/eliahilse/Documents/GitHub/B/apogames/Java/ApoBot/org/apogames/image/ApoImage.java
     171 /Users/eliahilse/Documents/GitHub/B/corpus/java/ApoBot/Users/eliahilse/Documents/GitHub/B/apogames/Java/ApoBot/org/apogames/image/ApoImageScale.java
     130 /Users/eliahilse/Documents/GitHub/B/corpus/java/ApoBot/Users/eliahilse/Documents/GitHub/B/apogames/Java/ApoBot/org/apogames/image/ApoRawScale2x.java
     170 /Users/eliahilse/Documents/GitHub/B/corpus/java/ApoBot/Users/eliahilse/Documents/GitHub/B/apogames/Java/ApoBot/org/apogames/image/ApoImageFromValue.java
     525 /Users/eliahilse/Documents/GitHub/B/corpus/java/ApoBot/Users/eliahilse/Documents/GitHub/B/apogames/Java/ApoBot/org/apogames/ApoComponent.java
     102 /Users/eliahilse/Documents/GitHub/B/corpus/java/ApoBot/Users/eliahilse/Documents/GitHub/B/apogames/Java/ApoBot/org/apogames/ApoMainBufferedStrategy.java
      13 /Users/eliahilse/Documents/GitHub/B/corpus/java/ApoBot/Users/eliahilse/Documents/GitHub/B/apogames/Java/ApoBot/org/apogames/ApoTimerInterface.java
      68 /Users/eliahilse/Documents/GitHub/B/corpus/java/ApoBot/Users/eliahilse/Documents/GitHub/B/apogames/Java/ApoBot/org/apogames/ApoAppletBufferedStrategy.java
     258 /Users/eliahilse/Documents/GitHub/B/corpus/java/ApoBot/Users/eliahilse/Documents/GitHub/B/apogames/Java/ApoBot/org/apogames/ApoNewThread.java
     114 /Users/eliahilse/Documents/GitHub/B/corpus/java/ApoBot/Users/eliahilse/Documents/GitHub/B/apogames/Java/ApoBot/org/apogames/ApoMain.java
     151 /Users/eliahilse/Documents/GitHub/B/corpus/java/ApoBot/Users/eliahilse/Documents/GitHub/B/apogames/Java/ApoBot/org/apogames/ApoTimer.java
     611 /Users/eliahilse/Documents/GitHub/B/corpus/java/ApoBot/Users/eliahilse/Documents/GitHub/B/apogames/Java/ApoBot/org/apogames/ApoComponentBufferedStrategy.java
      45 /Users/eliahilse/Documents/GitHub/B/corpus/java/ApoBot/Users/eliahilse/Documents/GitHub/B/apogames/Java/ApoBot/org/apogames/sound/ApoSounds.java
     127 /Users/eliahilse/Documents/GitHub/B/corpus/java/ApoBot/Users/eliahilse/Documents/GitHub/B/apogames/Java/ApoBot/org/apogames/help/ApoSplashScreen.java
      26 /Users/eliahilse/Documents/GitHub/B/corpus/java/ApoBot/Users/eliahilse/Documents/GitHub/B/apogames/Java/ApoBot/org/apogames/help/ApoSplashPainter.java
     242 /Users/eliahilse/Documents/GitHub/B/corpus/java/ApoBot/Users/eliahilse/Documents/GitHub/B/apogames/Java/ApoBot/org/apogames/help/ApoHelp.java
      95 /Users/eliahilse/Documents/GitHub/B/corpus/java/ApoBot/Users/eliahilse/Documents/GitHub/B/apogames/Java/ApoBot/org/apogames/help/ApoFileFilter.java
      76 /Users/eliahilse/Documents/GitHub/B/corpus/java/ApoBot/Users/eliahilse/Documents/GitHub/B/apogames/Java/ApoBot/org/apogames/help/ApoCopy.java
      28 /Users/eliahilse/Documents/GitHub/B/corpus/java/ApoBot/Users/eliahilse/Documents/GitHub/B/apogames/Java/ApoBot/org/apogames/help/ApoFileNameFilter.java
      13 /Users/eliahilse/Documents/GitHub/B/corpus/java/ApoBot/Users/eliahilse/Documents/GitHub/B/apogames/Java/ApoBot/org/apogames/help/ApoInterface.java
      64 /Users/eliahilse/Documents/GitHub/B/corpus/java/ApoBot/Users/eliahilse/Documents/GitHub/B/apogames/Java/ApoBot/org/apogames/help/ApoFloatPoint.java
      90 /Users/eliahilse/Documents/GitHub/B/corpus/java/ApoBot/Users/eliahilse/Documents/GitHub/B/apogames/Java/ApoBot/org/apogames/help/ApoClassLoader.java
     260 /Users/eliahilse/Documents/GitHub/B/corpus/java/ApoBot/Users/eliahilse/Documents/GitHub/B/apogames/Java/ApoBot/apoBot/ApoBotImage.java
     628 /Users/eliahilse/Documents/GitHub/B/corpus/java/ApoBot/Users/eliahilse/Documents/GitHub/B/apogames/Java/ApoBot/apoBot/ApoBotComponent.java
      56 /Users/eliahilse/Documents/GitHub/B/corpus/java/ApoBot/Users/eliahilse/Documents/GitHub/B/apogames/Java/ApoBot/apoBot/ApoBotMain.java
      28 /Users/eliahilse/Documents/GitHub/B/corpus/java/ApoBot/Users/eliahilse/Documents/GitHub/B/apogames/Java/ApoBot/apoBot/entity/ApoBotEntity.java
     209 /Users/eliahilse/Documents/GitHub/B/corpus/java/ApoBot/Users/eliahilse/Documents/GitHub/B/apogames/Java/ApoBot/apoBot/entity/ApoBotPlayer.java
      35 /Users/eliahilse/Documents/GitHub/B/corpus/java/ApoBot/Users/eliahilse/Documents/GitHub/B/apogames/Java/ApoBot/apoBot/ApoBotApplet.java
    1290 /Users/eliahilse/Documents/GitHub/B/corpus/java/ApoBot/Users/eliahilse/Documents/GitHub/B/apogames/Java/ApoBot/apoBot/game/ApoBotGame.java
     348 /Users/eliahilse/Documents/GitHub/B/corpus/java/ApoBot/Users/eliahilse/Documents/GitHub/B/apogames/Java/ApoBot/apoBot/game/ApoBotEditor.java
     409 /Users/eliahilse/Documents/GitHub/B/corpus/java/ApoBot/Users/eliahilse/Documents/GitHub/B/apogames/Java/ApoBot/apoBot/game/ApoBotButton.java
     271 /Users/eliahilse/Documents/GitHub/B/corpus/java/ApoBot/Users/eliahilse/Documents/GitHub/B/apogames/Java/ApoBot/apoBot/game/ApoBotTutorial.java
      75 /Users/eliahilse/Documents/GitHub/B/corpus/java/ApoBot/Users/eliahilse/Documents/GitHub/B/apogames/Java/ApoBot/apoBot/ApoBotConstants.java
      63 /Users/eliahilse/Documents/GitHub/B/corpus/java/ApoBot/Users/eliahilse/Documents/GitHub/B/apogames/Java/ApoBot/apoBot/level/ApoBotLevelLevel.java
     132 /Users/eliahilse/Documents/GitHub/B/corpus/java/ApoBot/Users/eliahilse/Documents/GitHub/B/apogames/Java/ApoBot/apoBot/level/ApoBotLevelIO.java
     118 /Users/eliahilse/Documents/GitHub/B/corpus/java/ApoBot/Users/eliahilse/Documents/GitHub/B/apogames/Java/ApoBot/apoBot/level/ApoBotLevelTest.java
     135 /Users/eliahilse/Documents/GitHub/B/corpus/java/ApoBot/Users/eliahilse/Documents/GitHub/B/apogames/Java/ApoBot/apoBot/level/ApoBotLevel.java
    9228 total
[0m
[0m✱ [0mGrep "ObjectInputStream|readObject|readUnshared|MessageDigest|getInstance|MD5|SHA"[90m in . · 1 match[0m
[0m✱ [0mGrep "defineClass|loadClass|System\.load|Runtime\.exec|ProcessBuilder|loadLibrary"[90m in . · 1 match[0m
[0m✱ [0mGrep "http://|https://|HttpURLConnection|URL\(|new URL"[90m in . · 10 matches[0m
[0m✱ [0mGrep "apo-games|save_highscore|save_level|get_level"[90m in . · 1 match[0m
[0m→ [0mRead Users/eliahilse/Documents/GitHub/B/apogames/Java/ApoBot/apoBot/ApoBotComponent.java
[0m→ [0mRead Users/eliahilse/Documents/GitHub/B/apogames/Java/ApoBot/apoBot/ApoBotMain.java
[0m→ [0mRead Users/eliahilse/Documents/GitHub/B/apogames/Java/ApoBot/apoBot/ApoBotApplet.java
[0m→ [0mRead Users/eliahilse/Documents/GitHub/B/apogames/Java/ApoBot/apoBot/level/ApoBotLevelIO.java
[0m✱ [0mGrep "loadLevel|saveLevel|ApoBotLevelIO|readLevel|hasNextLevel|APPLET_LEVEL"[90m in . · 37 matches[0m
[0m✱ [0mGrep "user\.|System\.getProperty|user\.home|user\.dir"[90m in . · 4 matches[0m
[0m→ [0mRead Users/eliahilse/Documents/GitHub/B/apogames/Java/ApoBot/apoBot/game/ApoBotTutorial.java
[0m→ [0mRead Users/eliahilse/Documents/GitHub/B/apogames/Java/ApoBot/apoBot/game/ApoBotEditor.java
[0m→ [0mRead Users/eliahilse/Documents/GitHub/B/apogames/Java/ApoBot/apoBot/game/ApoBotGame.java[90m [offset=130, limit=200][0m
[0m→ [0mRead Users/eliahilse/Documents/GitHub/B/apogames/Java/ApoBot/apoBot/ApoBotConstants.java
[0m→ [0mRead Users/eliahilse/Documents/GitHub/B/apogames/Java/ApoBot/apoBot/level/ApoBotLevel.java
[0m→ [0mRead Users/eliahilse/Documents/GitHub/B/apogames/Java/ApoBot/apoBot/level/ApoBotLevelLevel.java
[0m✱ [0mGrep "player\.getX|player\.getY|getStartPoint|getLevel\(\)\["[90m in . · 69 matches[0m
[0m✱ [0mGrep "getFunctionsOneMenu|getFunctionsTwoMenu|getCommandsMenu|menu\["[90m in . · 33 matches[0m
[0m→ [0mRead Users/eliahilse/Documents/GitHub/B/apogames/Java/ApoBot/apoBot/game/ApoBotGame.java[90m [offset=900, limit=100][0m
[0m→ [0mRead Users/eliahilse/Documents/GitHub/B/apogames/Java/ApoBot/apoBot/game/ApoBotGame.java[90m [offset=1000, limit=80][0m
[0m→ [0mRead Users/eliahilse/Documents/GitHub/B/apogames/Java/ApoBot/apoBot/game/ApoBotGame.java[90m [offset=770, limit=60][0m
