[0m
> build · minimax-m3
[0m
[0m$ [0mls -la /Users/eliahilse/Documents/GitHub/B/corpus/java/ApoDefence
total 0
drwxr-xr-x@  3 eliahilse  staff   96 Aug 24 14:18 .
drwxr-xr-x@ 22 eliahilse  staff  704 Aug 24 14:19 ..
drwxr-xr-x@  3 eliahilse  staff   96 Aug 24 14:18 Users
[0m
[0m$ [0mfind /Users/eliahilse/Documents/GitHub/B/corpus/java/ApoDefence -type f | head -100
/Users/eliahilse/Documents/GitHub/B/corpus/java/ApoDefence/Users/eliahilse/Documents/GitHub/B/apogames/Java/ApoDefence/ApoDefence/options/ApoDefenceOptions.java
/Users/eliahilse/Documents/GitHub/B/corpus/java/ApoDefence/Users/eliahilse/Documents/GitHub/B/apogames/Java/ApoDefence/ApoDefence/options/ApoDefenceOptionsTower.java
/Users/eliahilse/Documents/GitHub/B/corpus/java/ApoDefence/Users/eliahilse/Documents/GitHub/B/apogames/Java/ApoDefence/ApoDefence/options/ApoDefenceOptionsEnemy.java
/Users/eliahilse/Documents/GitHub/B/corpus/java/ApoDefence/Users/eliahilse/Documents/GitHub/B/apogames/Java/ApoDefence/ApoDefence/options/ApoDefenceOptionsResearch.java
/Users/eliahilse/Documents/GitHub/B/corpus/java/ApoDefence/Users/eliahilse/Documents/GitHub/B/apogames/Java/ApoDefence/ApoDefence/options/ApoDefenceOptionsGeneral.java
/Users/eliahilse/Documents/GitHub/B/corpus/java/ApoDefence/Users/eliahilse/Documents/GitHub/B/apogames/Java/ApoDefence/ApoDefence/ApoDefenceImage.java
/Users/eliahilse/Documents/GitHub/B/corpus/java/ApoDefence/Users/eliahilse/Documents/GitHub/B/apogames/Java/ApoDefence/ApoDefence/ApoDefenceEntity.java
/Users/eliahilse/Documents/GitHub/B/corpus/java/ApoDefence/Users/eliahilse/Documents/GitHub/B/apogames/Java/ApoDefence/ApoDefence/ApoDefencePoint.java
/Users/eliahilse/Documents/GitHub/B/corpus/java/ApoDefence/Users/eliahilse/Documents/GitHub/B/apogames/Java/ApoDefence/ApoDefence/game/ApoDefenceEnemyUndead.java
/Users/eliahilse/Documents/GitHub/B/corpus/java/ApoDefence/Users/eliahilse/Documents/GitHub/B/apogames/Java/ApoDefence/ApoDefence/game/ApoDefenceGameTower.java
/Users/eliahilse/Documents/GitHub/B/corpus/java/ApoDefence/Users/eliahilse/Documents/GitHub/B/apogames/Java/ApoDefence/ApoDefence/game/ApoDefenceTower.java
/Users/eliahilse/Documents/GitHub/B/corpus/java/ApoDefence/Users/eliahilse/Documents/GitHub/B/apogames/Java/ApoDefence/ApoDefence/game/ApoDefenceShootFire.java
/Users/eliahilse/Documents/GitHub/B/corpus/java/ApoDefence/Users/eliahilse/Documents/GitHub/B/apogames/Java/ApoDefence/ApoDefence/game/ApoDefenceTowerFire.java
/Users/eliahilse/Documents/GitHub/B/corpus/java/ApoDefence/Users/eliahilse/Documents/GitHub/B/apogames/Java/ApoDefence/ApoDefence/game/ApoDefenceGameEnemy.java
/Users/eliahilse/Documents/GitHub/B/corpus/java/ApoDefence/Users/eliahilse/Documents/GitHub/B/apogames/Java/ApoDefence/ApoDefence/game/ApoDefenceGameHud.java
/Users/eliahilse/Documents/GitHub/B/corpus/java/ApoDefence/Users/eliahilse/Documents/GitHub/B/apogames/Java/ApoDefence/ApoDefence/game/ApoDefenceEnemyDevil.java
/Users/eliahilse/Documents/GitHub/B/corpus/java/ApoDefence/Users/eliahilse/Documents/GitHub/B/apogames/Java/ApoDefence/ApoDefence/game/ApoDefenceEnemy.java
/Users/eliahilse/Documents/GitHub/B/corpus/java/ApoDefence/Users/eliahilse/Documents/GitHub/B/apogames/Java/ApoDefence/ApoDefence/game/ApoDefenceEnemyDog.java
/Users/eliahilse/Documents/GitHub/B/corpus/java/ApoDefence/Users/eliahilse/Documents/GitHub/B/apogames/Java/ApoDefence/ApoDefence/game/ApoDefenceShootIce.java
/Users/eliahilse/Documents/GitHub/B/corpus/java/ApoDefence/Users/eliahilse/Documents/GitHub/B/apogames/Java/ApoDefence/ApoDefence/game/ApoDefenceCastle.java
/Users/eliahilse/Documents/GitHub/B/corpus/java/ApoDefence/Users/eliahilse/Documents/GitHub/B/apogames/Java/ApoDefence/ApoDefence/game/ApoDefenceEnemyDragon.java
/Users/eliahilse/Documents/GitHub/B/corpus/java/ApoDefence/Users/eliahilse/Documents/GitHub/B/apogames/Java/ApoDefence/ApoDefence/game/ApoDefenceTowerLight.java
/Users/eliahilse/Documents/GitHub/B/corpus/java/ApoDefence/Users/eliahilse/Documents/GitHub/B/apogames/Java/ApoDefence/ApoDefence/game/ApoDefenceEnemyWerewolf.java
/Users/eliahilse/Documents/GitHub/B/corpus/java/ApoDefence/Users/eliahilse/Documents/GitHub/B/apogames/Java/ApoDefence/ApoDefence/game/ApoDefenceShoot.java
/Users/eliahilse/Documents/GitHub/B/corpus/java/ApoDefence/Users/eliahilse/Documents/GitHub/B/apogames/Java/ApoDefence/ApoDefence/game/ApoDefenceEnemyAquatic.java
/Users/eliahilse/Documents/GitHub/B/corpus/java/ApoDefence/Users/eliahilse/Documents/GitHub/B/apogames/Java/ApoDefence/ApoDefence/game/ApoDefenceEnemyFire.java
/Users/eliahilse/Documents/GitHub/B/corpus/java/ApoDefence/Users/eliahilse/Documents/GitHub/B/apogames/Java/ApoDefence/ApoDefence/game/ApoDefenceTowerIce.java
/Users/eliahilse/Documents/GitHub/B/corpus/java/ApoDefence/Users/eliahilse/Documents/GitHub/B/apogames/Java/ApoDefence/ApoDefence/game/ApoDefenceTowerUltra.java
/Users/eliahilse/Documents/GitHub/B/corpus/java/ApoDefence/Users/eliahilse/Documents/GitHub/B/apogames/Java/ApoDefence/ApoDefence/game/ApoDefenceEnemyLion.java
/Users/eliahilse/Documents/GitHub/B/corpus/java/ApoDefence/Users/eliahilse/Documents/GitHub/B/apogames/Java/ApoDefence/ApoDefence/game/ApoDefenceShootEnemy.java
/Users/eliahilse/Documents/GitHub/B/corpus/java/ApoDefence/Users/eliahilse/Documents/GitHub/B/apogames/Java/ApoDefence/ApoDefence/game/ApoDefenceEnemyHorse.java
/Users/eliahilse/Documents/GitHub/B/corpus/java/ApoDefence/Users/eliahilse/Documents/GitHub/B/apogames/Java/ApoDefence/ApoDefence/game/ApoDefenceEnemyBird.java
/Users/eliahilse/Documents/GitHub/B/corpus/java/ApoDefence/Users/eliahilse/Documents/GitHub/B/apogames/Java/ApoDefence/ApoDefence/game/ApoDefenceFileFilter.java
/Users/eliahilse/Documents/GitHub/B/corpus/java/ApoDefence/Users/eliahilse/Documents/GitHub/B/apogames/Java/ApoDefence/ApoDefence/game/ApoDefenceHighscoreEntity.java
/Users/eliahilse/Documents/GitHub/B/corpus/java/ApoDefence/Users/eliahilse/Documents/GitHub/B/apogames/Java/ApoDefence/ApoDefence/game/ApoDefenceGame.java
/Users/eliahilse/Documents/GitHub/B/corpus/java/ApoDefence/Users/eliahilse/Documents/GitHub/B/apogames/Java/ApoDefence/ApoDefence/game/ApoDefenceEnemyGhost.java
/Users/eliahilse/Documents/GitHub/B/corpus/java/ApoDefence/Users/eliahilse/Documents/GitHub/B/apogames/Java/ApoDefence/ApoDefence/game/ApoDefenceEnemyGoblin.java
/Users/eliahilse/Documents/GitHub/B/corpus/java/ApoDefence/Users/eliahilse/Documents/GitHub/B/apogames/Java/ApoDefence/ApoDefence/game/ApoDefenceHighscoreEncrypt.java
/Users/eliahilse/Documents/GitHub/B/corpus/java/ApoDefence/Users/eliahilse/Documents/GitHub/B/apogames/Java/ApoDefence/ApoDefence/game/ApoDefenceResearch.java
/Users/eliahilse/Documents/GitHub/B/corpus/java/ApoDefence/Users/eliahilse/Documents/GitHub/B/apogames/Java/ApoDefence/ApoDefence/game/ApoDefenceShootLight.java
/Users/eliahilse/Documents/GitHub/B/corpus/java/ApoDefence/Users/eliahilse/Documents/GitHub/B/apogames/Java/ApoDefence/ApoDefence/game/ApoDefenceShootArch.java
/Users/eliahilse/Documents/GitHub/B/corpus/java/ApoDefence/Users/eliahilse/Documents/GitHub/B/apogames/Java/ApoDefence/ApoDefence/game/ApoDefenceEnemySnake.java
/Users/eliahilse/Documents/GitHub/B/corpus/java/ApoDefence/Users/eliahilse/Documents/GitHub/B/apogames/Java/ApoDefence/ApoDefence/game/ApoDefenceEnemyMonk.java
/Users/eliahilse/Documents/GitHub/B/corpus/java/ApoDefence/Users/eliahilse/Documents/GitHub/B/apogames/Java/ApoDefence/ApoDefence/game/ApoDefenceEnemyKnight.java
/Users/eliahilse/Documents/GitHub/B/corpus/java/ApoDefence/Users/eliahilse/Documents/GitHub/B/apogames/Java/ApoDefence/ApoDefence/game/ApoDefenceTowerArch.java
/Users/eliahilse/Documents/GitHub/B/corpus/java/ApoDefence/Users/eliahilse/Documents/GitHub/B/apogames/Java/ApoDefence/ApoDefence/game/ApoDefenceEnemyDracula.java
/Users/eliahilse/Documents/GitHub/B/corpus/java/ApoDefence/Users/eliahilse/Documents/GitHub/B/apogames/Java/ApoDefence/ApoDefence/game/ApoDefenceEnemySkull.java
/Users/eliahilse/Documents/GitHub/B/corpus/java/ApoDefence/Users/eliahilse/Documents/GitHub/B/apogames/Java/ApoDefence/ApoDefence/game/ApoDefenceEnemySkeleton.java
/Users/eliahilse/Documents/GitHub/B/corpus/java/ApoDefence/Users/eliahilse/Documents/GitHub/B/apogames/Java/ApoDefence/ApoDefence/game/ApoDefenceHighscore.java
/Users/eliahilse/Documents/GitHub/B/corpus/java/ApoDefence/Users/eliahilse/Documents/GitHub/B/apogames/Java/ApoDefence/ApoDefence/game/ApoDefenceEnemyMummy.java
/Users/eliahilse/Documents/GitHub/B/corpus/java/ApoDefence/Users/eliahilse/Documents/GitHub/B/apogames/Java/ApoDefence/ApoDefence/game/ApoDefenceEnemyUndefined.java
/Users/eliahilse/Documents/GitHub/B/corpus/java/ApoDefence/Users/eliahilse/Documents/GitHub/B/apogames/Java/ApoDefence/ApoDefence/game/ApoDefenceShootUltra.java
/Users/eliahilse/Documents/GitHub/B/corpus/java/ApoDefence/Users/eliahilse/Documents/GitHub/B/apogames/Java/ApoDefence/ApoDefence/ApoDefenceButton.java
/Users/eliahilse/Documents/GitHub/B/corpus/java/ApoDefence/Users/eliahilse/Documents/GitHub/B/apogames/Java/ApoDefence/ApoDefence/ApoDefenceTimer.java
/Users/eliahilse/Documents/GitHub/B/corpus/java/ApoDefence/Users/eliahilse/Documents/GitHub/B/apogames/Java/ApoDefence/ApoDefence/ApoDefenceFileFilter.java
/Users/eliahilse/Documents/GitHub/B/corpus/java/ApoDefence/Users/eliahilse/Documents/GitHub/B/apogames/Java/ApoDefence/ApoDefence/ApoDefenceConstantsOriginal.java
/Users/eliahilse/Documents/GitHub/B/corpus/java/ApoDefence/Users/eliahilse/Documents/GitHub/B/apogames/Java/ApoDefence/ApoDefence/ApoDefenceMain.java
/Users/eliahilse/Documents/GitHub/B/corpus/java/ApoDefence/Users/eliahilse/Documents/GitHub/B/apogames/Java/ApoDefence/ApoDefence/ApoDefenceSounds.java
/Users/eliahilse/Documents/GitHub/B/corpus/java/ApoDefence/Users/eliahilse/Documents/GitHub/B/apogames/Java/ApoDefence/ApoDefence/ApoDefenceDragObject.java
/Users/eliahilse/Documents/GitHub/B/corpus/java/ApoDefence/Users/eliahilse/Documents/GitHub/B/apogames/Java/ApoDefence/ApoDefence/ApoDefenceLoadSave.java
/Users/eliahilse/Documents/GitHub/B/corpus/java/ApoDefence/Users/eliahilse/Documents/GitHub/B/apogames/Java/ApoDefence/ApoDefence/editor/ApoDefenceEditorGame.java
/Users/eliahilse/Documents/GitHub/B/corpus/java/ApoDefence/Users/eliahilse/Documents/GitHub/B/apogames/Java/ApoDefence/ApoDefence/editor/ApoDefenceEditorHudEnemy.java
/Users/eliahilse/Documents/GitHub/B/corpus/java/ApoDefence/Users/eliahilse/Documents/GitHub/B/apogames/Java/ApoDefence/ApoDefence/editor/ApoDefenceEditorHudWaypoint.java
/Users/eliahilse/Documents/GitHub/B/corpus/java/ApoDefence/Users/eliahilse/Documents/GitHub/B/apogames/Java/ApoDefence/ApoDefence/editor/ApoDefenceEditor.java
/Users/eliahilse/Documents/GitHub/B/corpus/java/ApoDefence/Users/eliahilse/Documents/GitHub/B/apogames/Java/ApoDefence/ApoDefence/editor/ApoDefenceEditorHud.java
/Users/eliahilse/Documents/GitHub/B/corpus/java/ApoDefence/Users/eliahilse/Documents/GitHub/B/apogames/Java/ApoDefence/ApoDefence/editor/ApoDefenceEditorHudGeneral.java
/Users/eliahilse/Documents/GitHub/B/corpus/java/ApoDefence/Users/eliahilse/Documents/GitHub/B/apogames/Java/ApoDefence/ApoDefence/ApoDefenceConstants.java
[0m
[0m$ [0mfind /Users/eliahilse/Documents/GitHub/B/corpus/java/ApoDefence -type f | wc -l
67
[0m
[0m$ [0mfind /Users/eliahilse/Documents/GitHub/B/corpus/java/ApoDefence -type f
/Users/eliahilse/Documents/GitHub/B/corpus/java/ApoDefence/Users/eliahilse/Documents/GitHub/B/apogames/Java/ApoDefence/ApoDefence/options/ApoDefenceOptions.java
/Users/eliahilse/Documents/GitHub/B/corpus/java/ApoDefence/Users/eliahilse/Documents/GitHub/B/apogames/Java/ApoDefence/ApoDefence/options/ApoDefenceOptionsTower.java
/Users/eliahilse/Documents/GitHub/B/corpus/java/ApoDefence/Users/eliahilse/Documents/GitHub/B/apogames/Java/ApoDefence/ApoDefence/options/ApoDefenceOptionsEnemy.java
/Users/eliahilse/Documents/GitHub/B/corpus/java/ApoDefence/Users/eliahilse/Documents/GitHub/B/apogames/Java/ApoDefence/ApoDefence/options/ApoDefenceOptionsResearch.java
/Users/eliahilse/Documents/GitHub/B/corpus/java/ApoDefence/Users/eliahilse/Documents/GitHub/B/apogames/Java/ApoDefence/ApoDefence/options/ApoDefenceOptionsGeneral.java
/Users/eliahilse/Documents/GitHub/B/corpus/java/ApoDefence/Users/eliahilse/Documents/GitHub/B/apogames/Java/ApoDefence/ApoDefence/ApoDefenceImage.java
/Users/eliahilse/Documents/GitHub/B/corpus/java/ApoDefence/Users/eliahilse/Documents/GitHub/B/apogames/Java/ApoDefence/ApoDefence/ApoDefenceEntity.java
/Users/eliahilse/Documents/GitHub/B/corpus/java/ApoDefence/Users/eliahilse/Documents/GitHub/B/apogames/Java/ApoDefence/ApoDefence/ApoDefencePoint.java
/Users/eliahilse/Documents/GitHub/B/corpus/java/ApoDefence/Users/eliahilse/Documents/GitHub/B/apogames/Java/ApoDefence/ApoDefence/game/ApoDefenceEnemyUndead.java
/Users/eliahilse/Documents/GitHub/B/corpus/java/ApoDefence/Users/eliahilse/Documents/GitHub/B/apogames/Java/ApoDefence/ApoDefence/game/ApoDefenceGameTower.java
/Users/eliahilse/Documents/GitHub/B/corpus/java/ApoDefence/Users/eliahilse/Documents/GitHub/B/apogames/Java/ApoDefence/ApoDefence/game/ApoDefenceTower.java
/Users/eliahilse/Documents/GitHub/B/corpus/java/ApoDefence/Users/eliahilse/Documents/GitHub/B/apogames/Java/ApoDefence/ApoDefence/game/ApoDefenceShootFire.java
/Users/eliahilse/Documents/GitHub/B/corpus/java/ApoDefence/Users/eliahilse/Documents/GitHub/B/apogames/Java/ApoDefence/ApoDefence/game/ApoDefenceTowerFire.java
/Users/eliahilse/Documents/GitHub/B/corpus/java/ApoDefence/Users/eliahilse/Documents/GitHub/B/apogames/Java/ApoDefence/ApoDefence/game/ApoDefenceGameEnemy.java
/Users/eliahilse/Documents/GitHub/B/corpus/java/ApoDefence/Users/eliahilse/Documents/GitHub/B/apogames/Java/ApoDefence/ApoDefence/game/ApoDefenceGameHud.java
/Users/eliahilse/Documents/GitHub/B/corpus/java/ApoDefence/Users/eliahilse/Documents/GitHub/B/apogames/Java/ApoDefence/ApoDefence/game/ApoDefenceEnemyDevil.java
/Users/eliahilse/Documents/GitHub/B/corpus/java/ApoDefence/Users/eliahilse/Documents/GitHub/B/apogames/Java/ApoDefence/ApoDefence/game/ApoDefenceEnemy.java
/Users/eliahilse/Documents/GitHub/B/corpus/java/ApoDefence/Users/eliahilse/Documents/GitHub/B/apogames/Java/ApoDefence/ApoDefence/game/ApoDefenceEnemyDog.java
/Users/eliahilse/Documents/GitHub/B/corpus/java/ApoDefence/Users/eliahilse/Documents/GitHub/B/apogames/Java/ApoDefence/ApoDefence/game/ApoDefenceShootIce.java
/Users/eliahilse/Documents/GitHub/B/corpus/java/ApoDefence/Users/eliahilse/Documents/GitHub/B/apogames/Java/ApoDefence/ApoDefence/game/ApoDefenceCastle.java
/Users/eliahilse/Documents/GitHub/B/corpus/java/ApoDefence/Users/eliahilse/Documents/GitHub/B/apogames/Java/ApoDefence/ApoDefence/game/ApoDefenceEnemyDragon.java
/Users/eliahilse/Documents/GitHub/B/corpus/java/ApoDefence/Users/eliahilse/Documents/GitHub/B/apogames/Java/ApoDefence/ApoDefence/game/ApoDefenceTowerLight.java
/Users/eliahilse/Documents/GitHub/B/corpus/java/ApoDefence/Users/eliahilse/Documents/GitHub/B/apogames/Java/ApoDefence/ApoDefence/game/ApoDefenceEnemyWerewolf.java
/Users/eliahilse/Documents/GitHub/B/corpus/java/ApoDefence/Users/eliahilse/Documents/GitHub/B/apogames/Java/ApoDefence/ApoDefence/game/ApoDefenceShoot.java
/Users/eliahilse/Documents/GitHub/B/corpus/java/ApoDefence/Users/eliahilse/Documents/GitHub/B/apogames/Java/ApoDefence/ApoDefence/game/ApoDefenceEnemyAquatic.java
/Users/eliahilse/Documents/GitHub/B/corpus/java/ApoDefence/Users/eliahilse/Documents/GitHub/B/apogames/Java/ApoDefence/ApoDefence/game/ApoDefenceEnemyFire.java
/Users/eliahilse/Documents/GitHub/B/corpus/java/ApoDefence/Users/eliahilse/Documents/GitHub/B/apogames/Java/ApoDefence/ApoDefence/game/ApoDefenceTowerIce.java
/Users/eliahilse/Documents/GitHub/B/corpus/java/ApoDefence/Users/eliahilse/Documents/GitHub/B/apogames/Java/ApoDefence/ApoDefence/game/ApoDefenceTowerUltra.java
/Users/eliahilse/Documents/GitHub/B/corpus/java/ApoDefence/Users/eliahilse/Documents/GitHub/B/apogames/Java/ApoDefence/ApoDefence/game/ApoDefenceEnemyLion.java
/Users/eliahilse/Documents/GitHub/B/corpus/java/ApoDefence/Users/eliahilse/Documents/GitHub/B/apogames/Java/ApoDefence/ApoDefence/game/ApoDefenceShootEnemy.java
/Users/eliahilse/Documents/GitHub/B/corpus/java/ApoDefence/Users/eliahilse/Documents/GitHub/B/apogames/Java/ApoDefence/ApoDefence/game/ApoDefenceEnemyHorse.java
/Users/eliahilse/Documents/GitHub/B/corpus/java/ApoDefence/Users/eliahilse/Documents/GitHub/B/apogames/Java/ApoDefence/ApoDefence/game/ApoDefenceEnemyBird.java
/Users/eliahilse/Documents/GitHub/B/corpus/java/ApoDefence/Users/eliahilse/Documents/GitHub/B/apogames/Java/ApoDefence/ApoDefence/game/ApoDefenceFileFilter.java
/Users/eliahilse/Documents/GitHub/B/corpus/java/ApoDefence/Users/eliahilse/Documents/GitHub/B/apogames/Java/ApoDefence/ApoDefence/game/ApoDefenceHighscoreEntity.java
/Users/eliahilse/Documents/GitHub/B/corpus/java/ApoDefence/Users/eliahilse/Documents/GitHub/B/apogames/Java/ApoDefence/ApoDefence/game/ApoDefenceGame.java
/Users/eliahilse/Documents/GitHub/B/corpus/java/ApoDefence/Users/eliahilse/Documents/GitHub/B/apogames/Java/ApoDefence/ApoDefence/game/ApoDefenceEnemyGhost.java
/Users/eliahilse/Documents/GitHub/B/corpus/java/ApoDefence/Users/eliahilse/Documents/GitHub/B/apogames/Java/ApoDefence/ApoDefence/game/ApoDefenceEnemyGoblin.java
/Users/eliahilse/Documents/GitHub/B/corpus/java/ApoDefence/Users/eliahilse/Documents/GitHub/B/apogames/Java/ApoDefence/ApoDefence/game/ApoDefenceHighscoreEncrypt.java
/Users/eliahilse/Documents/GitHub/B/corpus/java/ApoDefence/Users/eliahilse/Documents/GitHub/B/apogames/Java/ApoDefence/ApoDefence/game/ApoDefenceResearch.java
/Users/eliahilse/Documents/GitHub/B/corpus/java/ApoDefence/Users/eliahilse/Documents/GitHub/B/apogames/Java/ApoDefence/ApoDefence/game/ApoDefenceShootLight.java
/Users/eliahilse/Documents/GitHub/B/corpus/java/ApoDefence/Users/eliahilse/Documents/GitHub/B/apogames/Java/ApoDefence/ApoDefence/game/ApoDefenceShootArch.java
/Users/eliahilse/Documents/GitHub/B/corpus/java/ApoDefence/Users/eliahilse/Documents/GitHub/B/apogames/Java/ApoDefence/ApoDefence/game/ApoDefenceEnemySnake.java
/Users/eliahilse/Documents/GitHub/B/corpus/java/ApoDefence/Users/eliahilse/Documents/GitHub/B/apogames/Java/ApoDefence/ApoDefence/game/ApoDefenceEnemyMonk.java
/Users/eliahilse/Documents/GitHub/B/corpus/java/ApoDefence/Users/eliahilse/Documents/GitHub/B/apogames/Java/ApoDefence/ApoDefence/game/ApoDefenceEnemyKnight.java
/Users/eliahilse/Documents/GitHub/B/corpus/java/ApoDefence/Users/eliahilse/Documents/GitHub/B/apogames/Java/ApoDefence/ApoDefence/game/ApoDefenceTowerArch.java
/Users/eliahilse/Documents/GitHub/B/corpus/java/ApoDefence/Users/eliahilse/Documents/GitHub/B/apogames/Java/ApoDefence/ApoDefence/game/ApoDefenceEnemyDracula.java
/Users/eliahilse/Documents/GitHub/B/corpus/java/ApoDefence/Users/eliahilse/Documents/GitHub/B/apogames/Java/ApoDefence/ApoDefence/game/ApoDefenceEnemySkull.java
/Users/eliahilse/Documents/GitHub/B/corpus/java/ApoDefence/Users/eliahilse/Documents/GitHub/B/apogames/Java/ApoDefence/ApoDefence/game/ApoDefenceEnemySkeleton.java
/Users/eliahilse/Documents/GitHub/B/corpus/java/ApoDefence/Users/eliahilse/Documents/GitHub/B/apogames/Java/ApoDefence/ApoDefence/game/ApoDefenceHighscore.java
/Users/eliahilse/Documents/GitHub/B/corpus/java/ApoDefence/Users/eliahilse/Documents/GitHub/B/apogames/Java/ApoDefence/ApoDefence/game/ApoDefenceEnemyMummy.java
/Users/eliahilse/Documents/GitHub/B/corpus/java/ApoDefence/Users/eliahilse/Documents/GitHub/B/apogames/Java/ApoDefence/ApoDefence/game/ApoDefenceEnemyUndefined.java
/Users/eliahilse/Documents/GitHub/B/corpus/java/ApoDefence/Users/eliahilse/Documents/GitHub/B/apogames/Java/ApoDefence/ApoDefence/game/ApoDefenceShootUltra.java
/Users/eliahilse/Documents/GitHub/B/corpus/java/ApoDefence/Users/eliahilse/Documents/GitHub/B/apogames/Java/ApoDefence/ApoDefence/ApoDefenceButton.java
/Users/eliahilse/Documents/GitHub/B/corpus/java/ApoDefence/Users/eliahilse/Documents/GitHub/B/apogames/Java/ApoDefence/ApoDefence/ApoDefenceTimer.java
/Users/eliahilse/Documents/GitHub/B/corpus/java/ApoDefence/Users/eliahilse/Documents/GitHub/B/apogames/Java/ApoDefence/ApoDefence/ApoDefenceFileFilter.java
/Users/eliahilse/Documents/GitHub/B/corpus/java/ApoDefence/Users/eliahilse/Documents/GitHub/B/apogames/Java/ApoDefence/ApoDefence/ApoDefenceConstantsOriginal.java
/Users/eliahilse/Documents/GitHub/B/corpus/java/ApoDefence/Users/eliahilse/Documents/GitHub/B/apogames/Java/ApoDefence/ApoDefence/ApoDefenceMain.java
/Users/eliahilse/Documents/GitHub/B/corpus/java/ApoDefence/Users/eliahilse/Documents/GitHub/B/apogames/Java/ApoDefence/ApoDefence/ApoDefenceSounds.java
/Users/eliahilse/Documents/GitHub/B/corpus/java/ApoDefence/Users/eliahilse/Documents/GitHub/B/apogames/Java/ApoDefence/ApoDefence/ApoDefenceDragObject.java
/Users/eliahilse/Documents/GitHub/B/corpus/java/ApoDefence/Users/eliahilse/Documents/GitHub/B/apogames/Java/ApoDefence/ApoDefence/ApoDefenceLoadSave.java
/Users/eliahilse/Documents/GitHub/B/corpus/java/ApoDefence/Users/eliahilse/Documents/GitHub/B/apogames/Java/ApoDefence/ApoDefence/editor/ApoDefenceEditorGame.java
/Users/eliahilse/Documents/GitHub/B/corpus/java/ApoDefence/Users/eliahilse/Documents/GitHub/B/apogames/Java/ApoDefence/ApoDefence/editor/ApoDefenceEditorHudEnemy.java
/Users/eliahilse/Documents/GitHub/B/corpus/java/ApoDefence/Users/eliahilse/Documents/GitHub/B/apogames/Java/ApoDefence/ApoDefence/editor/ApoDefenceEditorHudWaypoint.java
/Users/eliahilse/Documents/GitHub/B/corpus/java/ApoDefence/Users/eliahilse/Documents/GitHub/B/apogames/Java/ApoDefence/ApoDefence/editor/ApoDefenceEditor.java
/Users/eliahilse/Documents/GitHub/B/corpus/java/ApoDefence/Users/eliahilse/Documents/GitHub/B/apogames/Java/ApoDefence/ApoDefence/editor/ApoDefenceEditorHud.java
/Users/eliahilse/Documents/GitHub/B/corpus/java/ApoDefence/Users/eliahilse/Documents/GitHub/B/apogames/Java/ApoDefence/ApoDefence/editor/ApoDefenceEditorHudGeneral.java
/Users/eliahilse/Documents/GitHub/B/corpus/java/ApoDefence/Users/eliahilse/Documents/GitHub/B/apogames/Java/ApoDefence/ApoDefence/ApoDefenceConstants.java
[0m
[0m# [0mTodos
[•] Read all key files: Main, LoadSave, Highscore, HighscoreEncrypt, Constants, Editor
[ ] Search for network/HTTP usage, class loaders, native calls
[ ] Search for ObjectInputStream, MessageDigest, file path handling
[ ] Compose findings JSON
[0m
[0m$ [0mPROJ="/Users/eliahilse/Documents/GitHub/B/corpus/java/ApoDefence/Users/eliahilse/Documents/GitHub/B/apogames/Java/ApoDefence/ApoDefence"; ls -la "$PROJ"
(no output)
[0m
[0m$ [0mPROJ="/Users/eliahilse/Documents/GitHub/B/corpus/java/ApoDefence/Users/eliahilse/Documents/GitHub/B/apogames/Java/ApoDefence/ApoDefence"; ls -la "$PROJ/"
total 224
drwxr-xr-x@ 17 eliahilse  staff    544 Aug 24 14:18 .
drwxr-xr-x@  3 eliahilse  staff     96 Aug 24 14:18 ..
-rw-r--r--@  1 eliahilse  staff   8317 Aug 24 14:18 ApoDefenceButton.java
-rw-r--r--@  1 eliahilse  staff  35290 Aug 24 14:18 ApoDefenceConstants.java
-rw-r--r--@  1 eliahilse  staff  20029 Aug 24 14:18 ApoDefenceConstantsOriginal.java
-rw-r--r--@  1 eliahilse  staff   4092 Aug 24 14:18 ApoDefenceDragObject.java
-rw-r--r--@  1 eliahilse  staff   2681 Aug 24 14:18 ApoDefenceEntity.java
-rw-r--r--@  1 eliahilse  staff   1190 Aug 24 14:18 ApoDefenceFileFilter.java
-rw-r--r--@  1 eliahilse  staff   5195 Aug 24 14:18 ApoDefenceImage.java
-rw-r--r--@  1 eliahilse  staff   7751 Aug 24 14:18 ApoDefenceLoadSave.java
-rw-r--r--@  1 eliahilse  staff   3436 Aug 24 14:18 ApoDefenceMain.java
-rw-r--r--@  1 eliahilse  staff    253 Aug 24 14:18 ApoDefencePoint.java
-rw-r--r--@  1 eliahilse  staff   3680 Aug 24 14:18 ApoDefenceSounds.java
-rw-r--r--@  1 eliahilse  staff    912 Aug 24 14:18 ApoDefenceTimer.java
drwxr-xr-x@  8 eliahilse  staff    256 Aug 24 14:18 editor
drwxr-xr-x@ 46 eliahilse  staff   1472 Aug 24 14:18 game
drwxr-xr-x@  7 eliahilse  staff    224 Aug 24 14:18 options
[0m
[0m→ [0mRead Users/eliahilse/Documents/GitHub/B/apogames/Java/ApoDefence/ApoDefence/ApoDefenceMain.java
[0m→ [0mRead Users/eliahilse/Documents/GitHub/B/apogames/Java/ApoDefence/ApoDefence/ApoDefenceLoadSave.java
[0m→ [0mRead Users/eliahilse/Documents/GitHub/B/apogames/Java/ApoDefence/ApoDefence/game/ApoDefenceHighscore.java
[0m→ [0mRead Users/eliahilse/Documents/GitHub/B/apogames/Java/ApoDefence/ApoDefence/game/ApoDefenceHighscoreEncrypt.java
[0m
[0m$ [0mPROJ="/Users/eliahilse/Documents/GitHub/B/corpus/java/ApoDefence/Users/eliahilse/Documents/GitHub/B/apogames/Java/ApoDefence/ApoDefence"; wc -l "$PROJ/ApoDefenceConstants.java" "$PROJ/ApoDefenceConstantsOriginal.java"
444 /Users/eliahilse/Documents/GitHub/B/corpus/java/ApoDefence/Users/eliahilse/Documents/GitHub/B/apogames/Java/ApoDefence/ApoDefence/ApoDefenceConstants.java
     367 /Users/eliahilse/Documents/GitHub/B/corpus/java/ApoDefence/Users/eliahilse/Documents/GitHub/B/apogames/Java/ApoDefence/ApoDefence/ApoDefenceConstantsOriginal.java
     811 total
[0m
[0m✱ [0mGrep "(http://|https://|HttpURLConnection|URL\(|MessageDigest|ObjectInputStream|defineClass|loadLibrary|load\(|user.home|user.dir|System\.getProperty|Runtime\.exec|ProcessBuilder)"[90m in Users/eliahilse/Documents/GitHub/B/apogames/Java/ApoDefence/ApoDefence · 13 matches[0m
[0m→ [0mRead Users/eliahilse/Documents/GitHub/B/apogames/Java/ApoDefence/ApoDefence/game/ApoDefenceGame.java
[0m→ [0mRead Users/eliahilse/Documents/GitHub/B/apogames/Java/ApoDefence/ApoDefence/editor/ApoDefenceEditorGame.java
[0m→ [0mRead Users/eliahilse/Documents/GitHub/B/apogames/Java/ApoDefence/ApoDefence/ApoDefenceImage.java
[0m→ [0mRead Users/eliahilse/Documents/GitHub/B/apogames/Java/ApoDefence/ApoDefence/ApoDefenceConstants.java
[0m✱ [0mGrep "(new File\(|FileInputStream|FileOutputStream|RandomAccessFile|Scanner\(|new URL\(|openConnection|createClassLoader|URLClassLoader|defineClass|loadLibrary|exec\(|getRuntime|ProcessBuilder|Socket|DatagramSocket|ServerSocket)"[90m in Users/eliahilse/Documents/GitHub/B/apogames/Java/ApoDefence/ApoDefence · 14 matches[0m
[0m✱ [0mGrep "(file|FILE|input|read|write|http|URL|Socket|MessageDigest|ObjectInputStream|RandomAccessFile|exec|Runtime)"[90m in Users/eliahilse/Documents/GitHub/B/apogames/Java/ApoDefence/ApoDefence/options · 0 matches[0m
