[0m
> build · minimax-m3
[0m
[0m$ [0mls -la /Users/eliahilse/Documents/GitHub/B/corpus/java/ApoIcarus
total 0
drwxr-xr-x@  3 eliahilse  staff   96 Aug 24 14:18 .
drwxr-xr-x@ 22 eliahilse  staff  704 Aug 24 14:19 ..
drwxr-xr-x@  3 eliahilse  staff   96 Aug 24 14:18 Users
[0m
[0m$ [0mfind /Users/eliahilse/Documents/GitHub/B/corpus/java/ApoIcarus -type f | head -100
/Users/eliahilse/Documents/GitHub/B/corpus/java/ApoIcarus/Users/eliahilse/Documents/GitHub/B/apogames/Java/ApoIcarus/org/apogames/ApoIO.java
/Users/eliahilse/Documents/GitHub/B/corpus/java/ApoIcarus/Users/eliahilse/Documents/GitHub/B/apogames/Java/ApoIcarus/org/apogames/ApoLibraryGame.java
/Users/eliahilse/Documents/GitHub/B/corpus/java/ApoIcarus/Users/eliahilse/Documents/GitHub/B/apogames/Java/ApoIcarus/org/apogames/ApoConstants.java
/Users/eliahilse/Documents/GitHub/B/corpus/java/ApoIcarus/Users/eliahilse/Documents/GitHub/B/apogames/Java/ApoIcarus/org/apogames/ApoScreen.java
/Users/eliahilse/Documents/GitHub/B/corpus/java/ApoIcarus/Users/eliahilse/Documents/GitHub/B/apogames/Java/ApoIcarus/org/apogames/ApoCanvas.java
/Users/eliahilse/Documents/GitHub/B/corpus/java/ApoIcarus/Users/eliahilse/Documents/GitHub/B/apogames/Java/ApoIcarus/org/apogames/input/ApoMouse.java
/Users/eliahilse/Documents/GitHub/B/corpus/java/ApoIcarus/Users/eliahilse/Documents/GitHub/B/apogames/Java/ApoIcarus/org/apogames/input/ApoKeyboard.java
/Users/eliahilse/Documents/GitHub/B/corpus/java/ApoIcarus/Users/eliahilse/Documents/GitHub/B/apogames/Java/ApoIcarus/org/apogames/entity/ApoEntity.java
/Users/eliahilse/Documents/GitHub/B/corpus/java/ApoIcarus/Users/eliahilse/Documents/GitHub/B/apogames/Java/ApoIcarus/org/apogames/entity/ApoAnimation.java
/Users/eliahilse/Documents/GitHub/B/corpus/java/ApoIcarus/Users/eliahilse/Documents/GitHub/B/apogames/Java/ApoIcarus/org/apogames/entity/ApoButtonText.java
/Users/eliahilse/Documents/GitHub/B/corpus/java/ApoIcarus/Users/eliahilse/Documents/GitHub/B/apogames/Java/ApoIcarus/org/apogames/entity/ApoTextField.java
/Users/eliahilse/Documents/GitHub/B/corpus/java/ApoIcarus/Users/eliahilse/Documents/GitHub/B/apogames/Java/ApoIcarus/org/apogames/entity/ApoButton.java
/Users/eliahilse/Documents/GitHub/B/corpus/java/ApoIcarus/Users/eliahilse/Documents/GitHub/B/apogames/Java/ApoIcarus/org/apogames/entity/ApoDragObject.java
/Users/eliahilse/Documents/GitHub/B/corpus/java/ApoIcarus/Users/eliahilse/Documents/GitHub/B/apogames/Java/ApoIcarus/org/apogames/entity/ApoNewTextfield.java
/Users/eliahilse/Documents/GitHub/B/corpus/java/ApoIcarus/Users/eliahilse/Documents/GitHub/B/apogames/Java/ApoIcarus/org/apogames/ApoSubGame.java
/Users/eliahilse/Documents/GitHub/B/corpus/java/ApoIcarus/Users/eliahilse/Documents/GitHub/B/apogames/Java/ApoIcarus/org/apogames/image/ApoRawScale3x.java
/Users/eliahilse/Documents/GitHub/B/corpus/java/ApoIcarus/Users/eliahilse/Documents/GitHub/B/apogames/Java/ApoIcarus/org/apogames/image/ApoImage.java
/Users/eliahilse/Documents/GitHub/B/corpus/java/ApoIcarus/Users/eliahilse/Documents/GitHub/B/apogames/Java/ApoIcarus/org/apogames/image/ApoImageScale.java
/Users/eliahilse/Documents/GitHub/B/corpus/java/ApoIcarus/Users/eliahilse/Documents/GitHub/B/apogames/Java/ApoIcarus/org/apogames/image/ApoRawScale2x.java
/Users/eliahilse/Documents/GitHub/B/corpus/java/ApoIcarus/Users/eliahilse/Documents/GitHub/B/apogames/Java/ApoIcarus/org/apogames/image/ApoImageFromValue.java
/Users/eliahilse/Documents/GitHub/B/corpus/java/ApoIcarus/Users/eliahilse/Documents/GitHub/B/apogames/Java/ApoIcarus/org/apogames/ApoDisplayConfiguration.java
/Users/eliahilse/Documents/GitHub/B/corpus/java/ApoIcarus/Users/eliahilse/Documents/GitHub/B/apogames/Java/ApoIcarus/org/apogames/help/ApoHighscore.java
/Users/eliahilse/Documents/GitHub/B/corpus/java/ApoIcarus/Users/eliahilse/Documents/GitHub/B/apogames/Java/ApoIcarus/org/apogames/help/ApoSplashScreen.java
/Users/eliahilse/Documents/GitHub/B/corpus/java/ApoIcarus/Users/eliahilse/Documents/GitHub/B/apogames/Java/ApoIcarus/org/apogames/help/ApoSplashPainter.java
/Users/eliahilse/Documents/GitHub/B/corpus/java/ApoIcarus/Users/eliahilse/Documents/GitHub/B/apogames/Java/ApoIcarus/org/apogames/help/ApoHelp.java
/Users/eliahilse/Documents/GitHub/B/corpus/java/ApoIcarus/Users/eliahilse/Documents/GitHub/B/apogames/Java/ApoIcarus/org/apogames/help/ApoFileFilter.java
/Users/eliahilse/Documents/GitHub/B/corpus/java/ApoIcarus/Users/eliahilse/Documents/GitHub/B/apogames/Java/ApoIcarus/org/apogames/help/ApoCopy.java
/Users/eliahilse/Documents/GitHub/B/corpus/java/ApoIcarus/Users/eliahilse/Documents/GitHub/B/apogames/Java/ApoIcarus/org/apogames/help/ApoFileNameFilter.java
/Users/eliahilse/Documents/GitHub/B/corpus/java/ApoIcarus/Users/eliahilse/Documents/GitHub/B/apogames/Java/ApoIcarus/org/apogames/help/ApoInterface.java
/Users/eliahilse/Documents/GitHub/B/corpus/java/ApoIcarus/Users/eliahilse/Documents/GitHub/B/apogames/Java/ApoIcarus/org/apogames/help/ApoFloatPoint.java
/Users/eliahilse/Documents/GitHub/B/corpus/java/ApoIcarus/Users/eliahilse/Documents/GitHub/B/apogames/Java/ApoIcarus/org/apogames/help/ApoClassLoader.java
/Users/eliahilse/Documents/GitHub/B/corpus/java/ApoIcarus/Users/eliahilse/Documents/GitHub/B/apogames/Java/ApoIcarus/apoJump/entity/ApoJumpFeatureHelicopter.java
/Users/eliahilse/Documents/GitHub/B/corpus/java/ApoIcarus/Users/eliahilse/Documents/GitHub/B/apogames/Java/ApoIcarus/apoJump/entity/ApoJumpPlatformInvisible.java
/Users/eliahilse/Documents/GitHub/B/corpus/java/ApoIcarus/Users/eliahilse/Documents/GitHub/B/apogames/Java/ApoIcarus/apoJump/entity/ApoJumpEnemy.java
/Users/eliahilse/Documents/GitHub/B/corpus/java/ApoIcarus/Users/eliahilse/Documents/GitHub/B/apogames/Java/ApoIcarus/apoJump/entity/ApoJumpFeatureMissle.java
/Users/eliahilse/Documents/GitHub/B/corpus/java/ApoIcarus/Users/eliahilse/Documents/GitHub/B/apogames/Java/ApoIcarus/apoJump/entity/ApoJumpPlatformNormal.java
/Users/eliahilse/Documents/GitHub/B/corpus/java/ApoIcarus/Users/eliahilse/Documents/GitHub/B/apogames/Java/ApoIcarus/apoJump/entity/ApoJumpPlatformIce.java
/Users/eliahilse/Documents/GitHub/B/corpus/java/ApoIcarus/Users/eliahilse/Documents/GitHub/B/apogames/Java/ApoIcarus/apoJump/entity/ApoJumpEntity.java
/Users/eliahilse/Documents/GitHub/B/corpus/java/ApoIcarus/Users/eliahilse/Documents/GitHub/B/apogames/Java/ApoIcarus/apoJump/entity/ApoJumpFeatureArrow.java
/Users/eliahilse/Documents/GitHub/B/corpus/java/ApoIcarus/Users/eliahilse/Documents/GitHub/B/apogames/Java/ApoIcarus/apoJump/entity/ApoJumpFeatureSpring.java
/Users/eliahilse/Documents/GitHub/B/corpus/java/ApoIcarus/Users/eliahilse/Documents/GitHub/B/apogames/Java/ApoIcarus/apoJump/entity/ApoJumpArrow.java
/Users/eliahilse/Documents/GitHub/B/corpus/java/ApoIcarus/Users/eliahilse/Documents/GitHub/B/apogames/Java/ApoIcarus/apoJump/entity/ApoJumpPlayer.java
/Users/eliahilse/Documents/GitHub/B/corpus/java/ApoIcarus/Users/eliahilse/Documents/GitHub/B/apogames/Java/ApoIcarus/apoJump/ApoJumpComponent.java
/Users/eliahilse/Documents/GitHub/B/corpus/java/ApoIcarus/Users/eliahilse/Documents/GitHub/B/apogames/Java/ApoIcarus/apoJump/game/ApoJumpStateOptions.java
/Users/eliahilse/Documents/GitHub/B/corpus/java/ApoIcarus/Users/eliahilse/Documents/GitHub/B/apogames/Java/ApoIcarus/apoJump/game/ApoJumpButton.java
/Users/eliahilse/Documents/GitHub/B/corpus/java/ApoIcarus/Users/eliahilse/Documents/GitHub/B/apogames/Java/ApoIcarus/apoJump/game/ApoJumpStateHighscore.java
/Users/eliahilse/Documents/GitHub/B/corpus/java/ApoIcarus/Users/eliahilse/Documents/GitHub/B/apogames/Java/ApoIcarus/apoJump/game/ApoJumpStateMenu.java
/Users/eliahilse/Documents/GitHub/B/corpus/java/ApoIcarus/Users/eliahilse/Documents/GitHub/B/apogames/Java/ApoIcarus/apoJump/game/ApoJumpStateHelp.java
/Users/eliahilse/Documents/GitHub/B/corpus/java/ApoIcarus/Users/eliahilse/Documents/GitHub/B/apogames/Java/ApoIcarus/apoJump/game/ApoJumpState.java
/Users/eliahilse/Documents/GitHub/B/corpus/java/ApoIcarus/Users/eliahilse/Documents/GitHub/B/apogames/Java/ApoIcarus/apoJump/game/ApoJumpStateAchievements.java
/Users/eliahilse/Documents/GitHub/B/corpus/java/ApoIcarus/Users/eliahilse/Documents/GitHub/B/apogames/Java/ApoIcarus/apoJump/game/ApoJumpStateHighscoreHelp.java
/Users/eliahilse/Documents/GitHub/B/corpus/java/ApoIcarus/Users/eliahilse/Documents/GitHub/B/apogames/Java/ApoIcarus/apoJump/game/ApoJumpStateGame.java
/Users/eliahilse/Documents/GitHub/B/corpus/java/ApoIcarus/Users/eliahilse/Documents/GitHub/B/apogames/Java/ApoIcarus/apoJump/game/ApoJumpPanel.java
/Users/eliahilse/Documents/GitHub/B/corpus/java/ApoIcarus/Users/eliahilse/Documents/GitHub/B/apogames/Java/ApoIcarus/apoJump/ApoJumpMain.java
/Users/eliahilse/Documents/GitHub/B/corpus/java/ApoIcarus/Users/eliahilse/Documents/GitHub/B/apogames/Java/ApoIcarus/apoJump/ApoJumpConstants.java
/Users/eliahilse/Documents/GitHub/B/corpus/java/ApoIcarus/Users/eliahilse/Documents/GitHub/B/apogames/Java/ApoIcarus/apoJump/level/ApoJumpLevel.java
/Users/eliahilse/Documents/GitHub/B/corpus/java/ApoIcarus/Users/eliahilse/Documents/GitHub/B/apogames/Java/ApoIcarus/apoJump/ApoJumpApplet.java
/Users/eliahilse/Documents/GitHub/B/corpus/java/ApoIcarus/Users/eliahilse/Documents/GitHub/B/apogames/Java/ApoIcarus/apoJump/ApoJumpImageContainer.java
/Users/eliahilse/Documents/GitHub/B/corpus/java/ApoIcarus/Users/eliahilse/Documents/GitHub/B/apogames/Java/ApoIcarus/apoJump/ApoJumpImages.java
[0m
[0m$ [0mfind /Users/eliahilse/Documents/GitHub/B/corpus/java/ApoIcarus -type f | wc -l && find /Users/eliahilse/Documents/GitHub/B/corpus/java/ApoIcarus -type f
59
/Users/eliahilse/Documents/GitHub/B/corpus/java/ApoIcarus/Users/eliahilse/Documents/GitHub/B/apogames/Java/ApoIcarus/org/apogames/ApoIO.java
/Users/eliahilse/Documents/GitHub/B/corpus/java/ApoIcarus/Users/eliahilse/Documents/GitHub/B/apogames/Java/ApoIcarus/org/apogames/ApoLibraryGame.java
/Users/eliahilse/Documents/GitHub/B/corpus/java/ApoIcarus/Users/eliahilse/Documents/GitHub/B/apogames/Java/ApoIcarus/org/apogames/ApoConstants.java
/Users/eliahilse/Documents/GitHub/B/corpus/java/ApoIcarus/Users/eliahilse/Documents/GitHub/B/apogames/Java/ApoIcarus/org/apogames/ApoScreen.java
/Users/eliahilse/Documents/GitHub/B/corpus/java/ApoIcarus/Users/eliahilse/Documents/GitHub/B/apogames/Java/ApoIcarus/org/apogames/ApoCanvas.java
/Users/eliahilse/Documents/GitHub/B/corpus/java/ApoIcarus/Users/eliahilse/Documents/GitHub/B/apogames/Java/ApoIcarus/org/apogames/input/ApoMouse.java
/Users/eliahilse/Documents/GitHub/B/corpus/java/ApoIcarus/Users/eliahilse/Documents/GitHub/B/apogames/Java/ApoIcarus/org/apogames/input/ApoKeyboard.java
/Users/eliahilse/Documents/GitHub/B/corpus/java/ApoIcarus/Users/eliahilse/Documents/GitHub/B/apogames/Java/ApoIcarus/org/apogames/entity/ApoEntity.java
/Users/eliahilse/Documents/GitHub/B/corpus/java/ApoIcarus/Users/eliahilse/Documents/GitHub/B/apogames/Java/ApoIcarus/org/apogames/entity/ApoAnimation.java
/Users/eliahilse/Documents/GitHub/B/corpus/java/ApoIcarus/Users/eliahilse/Documents/GitHub/B/apogames/Java/ApoIcarus/org/apogames/entity/ApoButtonText.java
/Users/eliahilse/Documents/GitHub/B/corpus/java/ApoIcarus/Users/eliahilse/Documents/GitHub/B/apogames/Java/ApoIcarus/org/apogames/entity/ApoTextField.java
/Users/eliahilse/Documents/GitHub/B/corpus/java/ApoIcarus/Users/eliahilse/Documents/GitHub/B/apogames/Java/ApoIcarus/org/apogames/entity/ApoButton.java
/Users/eliahilse/Documents/GitHub/B/corpus/java/ApoIcarus/Users/eliahilse/Documents/GitHub/B/apogames/Java/ApoIcarus/org/apogames/entity/ApoDragObject.java
/Users/eliahilse/Documents/GitHub/B/corpus/java/ApoIcarus/Users/eliahilse/Documents/GitHub/B/apogames/Java/ApoIcarus/org/apogames/entity/ApoNewTextfield.java
/Users/eliahilse/Documents/GitHub/B/corpus/java/ApoIcarus/Users/eliahilse/Documents/GitHub/B/apogames/Java/ApoIcarus/org/apogames/ApoSubGame.java
/Users/eliahilse/Documents/GitHub/B/corpus/java/ApoIcarus/Users/eliahilse/Documents/GitHub/B/apogames/Java/ApoIcarus/org/apogames/image/ApoRawScale3x.java
/Users/eliahilse/Documents/GitHub/B/corpus/java/ApoIcarus/Users/eliahilse/Documents/GitHub/B/apogames/Java/ApoIcarus/org/apogames/image/ApoImage.java
/Users/eliahilse/Documents/GitHub/B/corpus/java/ApoIcarus/Users/eliahilse/Documents/GitHub/B/apogames/Java/ApoIcarus/org/apogames/image/ApoImageScale.java
/Users/eliahilse/Documents/GitHub/B/corpus/java/ApoIcarus/Users/eliahilse/Documents/GitHub/B/apogames/Java/ApoIcarus/org/apogames/image/ApoRawScale2x.java
/Users/eliahilse/Documents/GitHub/B/corpus/java/ApoIcarus/Users/eliahilse/Documents/GitHub/B/apogames/Java/ApoIcarus/org/apogames/image/ApoImageFromValue.java
/Users/eliahilse/Documents/GitHub/B/corpus/java/ApoIcarus/Users/eliahilse/Documents/GitHub/B/apogames/Java/ApoIcarus/org/apogames/ApoDisplayConfiguration.java
/Users/eliahilse/Documents/GitHub/B/corpus/java/ApoIcarus/Users/eliahilse/Documents/GitHub/B/apogames/Java/ApoIcarus/org/apogames/help/ApoHighscore.java
/Users/eliahilse/Documents/GitHub/B/corpus/java/ApoIcarus/Users/eliahilse/Documents/GitHub/B/apogames/Java/ApoIcarus/org/apogames/help/ApoSplashScreen.java
/Users/eliahilse/Documents/GitHub/B/corpus/java/ApoIcarus/Users/eliahilse/Documents/GitHub/B/apogames/Java/ApoIcarus/org/apogames/help/ApoSplashPainter.java
/Users/eliahilse/Documents/GitHub/B/corpus/java/ApoIcarus/Users/eliahilse/Documents/GitHub/B/apogames/Java/ApoIcarus/org/apogames/help/ApoHelp.java
/Users/eliahilse/Documents/GitHub/B/corpus/java/ApoIcarus/Users/eliahilse/Documents/GitHub/B/apogames/Java/ApoIcarus/org/apogames/help/ApoFileFilter.java
/Users/eliahilse/Documents/GitHub/B/corpus/java/ApoIcarus/Users/eliahilse/Documents/GitHub/B/apogames/Java/ApoIcarus/org/apogames/help/ApoCopy.java
/Users/eliahilse/Documents/GitHub/B/corpus/java/ApoIcarus/Users/eliahilse/Documents/GitHub/B/apogames/Java/ApoIcarus/org/apogames/help/ApoFileNameFilter.java
/Users/eliahilse/Documents/GitHub/B/corpus/java/ApoIcarus/Users/eliahilse/Documents/GitHub/B/apogames/Java/ApoIcarus/org/apogames/help/ApoInterface.java
/Users/eliahilse/Documents/GitHub/B/corpus/java/ApoIcarus/Users/eliahilse/Documents/GitHub/B/apogames/Java/ApoIcarus/org/apogames/help/ApoFloatPoint.java
/Users/eliahilse/Documents/GitHub/B/corpus/java/ApoIcarus/Users/eliahilse/Documents/GitHub/B/apogames/Java/ApoIcarus/org/apogames/help/ApoClassLoader.java
/Users/eliahilse/Documents/GitHub/B/corpus/java/ApoIcarus/Users/eliahilse/Documents/GitHub/B/apogames/Java/ApoIcarus/apoJump/entity/ApoJumpFeatureHelicopter.java
/Users/eliahilse/Documents/GitHub/B/corpus/java/ApoIcarus/Users/eliahilse/Documents/GitHub/B/apogames/Java/ApoIcarus/apoJump/entity/ApoJumpPlatformInvisible.java
/Users/eliahilse/Documents/GitHub/B/corpus/java/ApoIcarus/Users/eliahilse/Documents/GitHub/B/apogames/Java/ApoIcarus/apoJump/entity/ApoJumpEnemy.java
/Users/eliahilse/Documents/GitHub/B/corpus/java/ApoIcarus/Users/eliahilse/Documents/GitHub/B/apogames/Java/ApoIcarus/apoJump/entity/ApoJumpFeatureMissle.java
/Users/eliahilse/Documents/GitHub/B/corpus/java/ApoIcarus/Users/eliahilse/Documents/GitHub/B/apogames/Java/ApoIcarus/apoJump/entity/ApoJumpPlatformNormal.java
/Users/eliahilse/Documents/GitHub/B/corpus/java/ApoIcarus/Users/eliahilse/Documents/GitHub/B/apogames/Java/ApoIcarus/apoJump/entity/ApoJumpPlatformIce.java
/Users/eliahilse/Documents/GitHub/B/corpus/java/ApoIcarus/Users/eliahilse/Documents/GitHub/B/apogames/Java/ApoIcarus/apoJump/entity/ApoJumpEntity.java
/Users/eliahilse/Documents/GitHub/B/corpus/java/ApoIcarus/Users/eliahilse/Documents/GitHub/B/apogames/Java/ApoIcarus/apoJump/entity/ApoJumpFeatureArrow.java
/Users/eliahilse/Documents/GitHub/B/corpus/java/ApoIcarus/Users/eliahilse/Documents/GitHub/B/apogames/Java/ApoIcarus/apoJump/entity/ApoJumpFeatureSpring.java
/Users/eliahilse/Documents/GitHub/B/corpus/java/ApoIcarus/Users/eliahilse/Documents/GitHub/B/apogames/Java/ApoIcarus/apoJump/entity/ApoJumpArrow.java
/Users/eliahilse/Documents/GitHub/B/corpus/java/ApoIcarus/Users/eliahilse/Documents/GitHub/B/apogames/Java/ApoIcarus/apoJump/entity/ApoJumpPlayer.java
/Users/eliahilse/Documents/GitHub/B/corpus/java/ApoIcarus/Users/eliahilse/Documents/GitHub/B/apogames/Java/ApoIcarus/apoJump/ApoJumpComponent.java
/Users/eliahilse/Documents/GitHub/B/corpus/java/ApoIcarus/Users/eliahilse/Documents/GitHub/B/apogames/Java/ApoIcarus/apoJump/game/ApoJumpStateOptions.java
/Users/eliahilse/Documents/GitHub/B/corpus/java/ApoIcarus/Users/eliahilse/Documents/GitHub/B/apogames/Java/ApoIcarus/apoJump/game/ApoJumpButton.java
/Users/eliahilse/Documents/GitHub/B/corpus/java/ApoIcarus/Users/eliahilse/Documents/GitHub/B/apogames/Java/ApoIcarus/apoJump/game/ApoJumpStateHighscore.java
/Users/eliahilse/Documents/GitHub/B/corpus/java/ApoIcarus/Users/eliahilse/Documents/GitHub/B/apogames/Java/ApoIcarus/apoJump/game/ApoJumpStateMenu.java
/Users/eliahilse/Documents/GitHub/B/corpus/java/ApoIcarus/Users/eliahilse/Documents/GitHub/B/apogames/Java/ApoIcarus/apoJump/game/ApoJumpStateHelp.java
/Users/eliahilse/Documents/GitHub/B/corpus/java/ApoIcarus/Users/eliahilse/Documents/GitHub/B/apogames/Java/ApoIcarus/apoJump/game/ApoJumpState.java
/Users/eliahilse/Documents/GitHub/B/corpus/java/ApoIcarus/Users/eliahilse/Documents/GitHub/B/apogames/Java/ApoIcarus/apoJump/game/ApoJumpStateAchievements.java
/Users/eliahilse/Documents/GitHub/B/corpus/java/ApoIcarus/Users/eliahilse/Documents/GitHub/B/apogames/Java/ApoIcarus/apoJump/game/ApoJumpStateHighscoreHelp.java
/Users/eliahilse/Documents/GitHub/B/corpus/java/ApoIcarus/Users/eliahilse/Documents/GitHub/B/apogames/Java/ApoIcarus/apoJump/game/ApoJumpStateGame.java
/Users/eliahilse/Documents/GitHub/B/corpus/java/ApoIcarus/Users/eliahilse/Documents/GitHub/B/apogames/Java/ApoIcarus/apoJump/game/ApoJumpPanel.java
/Users/eliahilse/Documents/GitHub/B/corpus/java/ApoIcarus/Users/eliahilse/Documents/GitHub/B/apogames/Java/ApoIcarus/apoJump/ApoJumpMain.java
/Users/eliahilse/Documents/GitHub/B/corpus/java/ApoIcarus/Users/eliahilse/Documents/GitHub/B/apogames/Java/ApoIcarus/apoJump/ApoJumpConstants.java
/Users/eliahilse/Documents/GitHub/B/corpus/java/ApoIcarus/Users/eliahilse/Documents/GitHub/B/apogames/Java/ApoIcarus/apoJump/level/ApoJumpLevel.java
/Users/eliahilse/Documents/GitHub/B/corpus/java/ApoIcarus/Users/eliahilse/Documents/GitHub/B/apogames/Java/ApoIcarus/apoJump/ApoJumpApplet.java
/Users/eliahilse/Documents/GitHub/B/corpus/java/ApoIcarus/Users/eliahilse/Documents/GitHub/B/apogames/Java/ApoIcarus/apoJump/ApoJumpImageContainer.java
/Users/eliahilse/Documents/GitHub/B/corpus/java/ApoIcarus/Users/eliahilse/Documents/GitHub/B/apogames/Java/ApoIcarus/apoJump/ApoJumpImages.java
[0m
[0m$ [0mls -la /Users/eliahilse/Documents/GitHub/B/corpus/java/ApoIcarus/Users/eliahilse/Documents/GitHub/B/apogames/Java/ApoIcarus/
total 0
drwxr-xr-x@  4 eliahilse  staff  128 Aug 24 14:18 .
drwxr-xr-x@  3 eliahilse  staff   96 Aug 24 14:18 ..
drwxr-xr-x@ 11 eliahilse  staff  352 Aug 24 14:18 apoJump
drwxr-xr-x@  3 eliahilse  staff   96 Aug 24 14:18 org
[0m
[0m→ [0mRead Users/eliahilse/Documents/GitHub/B/apogames/Java/ApoIcarus/org/apogames/help/ApoClassLoader.java
[0m✱ [0mGrep "ApoClassLoader"[90m in . · 2 matches[0m
[0m→ [0mRead Users/eliahilse/Documents/GitHub/B/apogames/Java/ApoIcarus/org/apogames/ApoIO.java
[0m→ [0mRead Users/eliahilse/Documents/GitHub/B/apogames/Java/ApoIcarus/org/apogames/ApoConstants.java
[0m→ [0mRead Users/eliahilse/Documents/GitHub/B/apogames/Java/ApoIcarus/org/apogames/help/ApoHighscore.java
[0m→ [0mRead Users/eliahilse/Documents/GitHub/B/apogames/Java/ApoIcarus/org/apogames/ApoLibraryGame.java
[0m→ [0mRead Users/eliahilse/Documents/GitHub/B/apogames/Java/ApoIcarus/org/apogames/ApoScreen.java
[0m→ [0mRead Users/eliahilse/Documents/GitHub/B/apogames/Java/ApoIcarus/org/apogames/ApoSubGame.java
[0m→ [0mRead Users/eliahilse/Documents/GitHub/B/apogames/Java/ApoIcarus/apoJump/ApoJumpApplet.java
[0m→ [0mRead Users/eliahilse/Documents/GitHub/B/apogames/Java/ApoIcarus/apoJump/ApoJumpMain.java
[0m→ [0mRead Users/eliahilse/Documents/GitHub/B/apogames/Java/ApoIcarus/apoJump/ApoJumpConstants.java
[0m→ [0mRead Users/eliahilse/Documents/GitHub/B/apogames/Java/ApoIcarus/apoJump/level/ApoJumpLevel.java
[0m→ [0mRead Users/eliahilse/Documents/GitHub/B/apogames/Java/ApoIcarus/apoJump/game/ApoJumpPanel.java
[0m→ [0mRead Users/eliahilse/Documents/GitHub/B/apogames/Java/ApoIcarus/apoJump/game/ApoJumpState.java
[0m→ [0mRead Users/eliahilse/Documents/GitHub/B/apogames/Java/ApoIcarus/apoJump/game/ApoJumpStateHighscore.java
[0m→ [0mRead Users/eliahilse/Documents/GitHub/B/apogames/Java/ApoIcarus/apoJump/game/ApoJumpStateGame.java
[0m→ [0mRead Users/eliahilse/Documents/GitHub/B/apogames/Java/ApoIcarus/apoJump/game/ApoJumpStateAchievements.java
[0m→ [0mRead Users/eliahilse/Documents/GitHub/B/apogames/Java/ApoIcarus/org/apogames/help/ApoHelp.java
[0m✱ [0mGrep "ObjectInputStream|readObject|defineClass|Runtime|exec\(|System\.load|loadLibrary|MessageDigest|user\.home|user\.dir|getProperty|getenv"[90m in . · 3 matches[0m
[0m✗ [0mGrep "getMd5Digest|md5|MD5" failed[90m in .[0m
[91m[1mError: [0mInvalid ripgrep match output
[0m✱ [0mGrep "getMd5Digest"[90m in . · 1 match[0m
[0m✱ [0mGrep "http://|https://|new URL|HttpURL|openConnection|openStream|new FileInputStream|new FileOutputStream|FileReader|FileWriter"[90m in . · 28 matches[0m
[0m→ [0mRead Users/eliahilse/Documents/GitHub/B/apogames/Java/ApoIcarus/org/apogames/image/ApoImage.java
[0m→ [0mRead Users/eliahilse/Documents/GitHub/B/apogames/Java/ApoIcarus/org/apogames/help/ApoCopy.java
[0m→ [0mRead Users/eliahilse/Documents/GitHub/B/apogames/Java/ApoIcarus/org/apogames/help/ApoFileFilter.java
[0m→ [0mRead Users/eliahilse/Documents/GitHub/B/apogames/Java/ApoIcarus/org/apogames/help/ApoFileNameFilter.java
[0m→ [0mRead Users/eliahilse/Documents/GitHub/B/apogames/Java/ApoIcarus/org/apogames/help/ApoSplashPainter.java
