[0m
> build · kimi-k3
[0m
[0m$ [0mfind /Users/eliahilse/Documents/GitHub/B/corpus/java/ApoCommando -type f | head -100
/Users/eliahilse/Documents/GitHub/B/corpus/java/ApoCommando/Users/eliahilse/Documents/GitHub/B/apogames/Java/ApoCommando/apoCommando/ApoMarioImageContainer.java
/Users/eliahilse/Documents/GitHub/B/corpus/java/ApoCommando/Users/eliahilse/Documents/GitHub/B/apogames/Java/ApoCommando/apoCommando/ApoMarioGameComponent.java
/Users/eliahilse/Documents/GitHub/B/corpus/java/ApoCommando/Users/eliahilse/Documents/GitHub/B/apogames/Java/ApoCommando/apoCommando/ApoMarioImages.java
/Users/eliahilse/Documents/GitHub/B/corpus/java/ApoCommando/Users/eliahilse/Documents/GitHub/B/apogames/Java/ApoCommando/apoCommando/entity/ApoMarioDestructableWall.java
/Users/eliahilse/Documents/GitHub/B/corpus/java/ApoCommando/Users/eliahilse/Documents/GitHub/B/apogames/Java/ApoCommando/apoCommando/entity/ApoMarioParticle.java
/Users/eliahilse/Documents/GitHub/B/corpus/java/ApoCommando/Users/eliahilse/Documents/GitHub/B/apogames/Java/ApoCommando/apoCommando/entity/ApoMarioCoinParticle.java
/Users/eliahilse/Documents/GitHub/B/corpus/java/ApoCommando/Users/eliahilse/Documents/GitHub/B/apogames/Java/ApoCommando/apoCommando/entity/ApoMarioFlower.java
/Users/eliahilse/Documents/GitHub/B/corpus/java/ApoCommando/Users/eliahilse/Documents/GitHub/B/apogames/Java/ApoCommando/apoCommando/entity/ApoMarioEntity.java
/Users/eliahilse/Documents/GitHub/B/corpus/java/ApoCommando/Users/eliahilse/Documents/GitHub/B/apogames/Java/ApoCommando/apoCommando/entity/ApoMarioShell.java
/Users/eliahilse/Documents/GitHub/B/corpus/java/ApoCommando/Users/eliahilse/Documents/GitHub/B/apogames/Java/ApoCommando/apoCommando/entity/ApoMarioCoin.java
/Users/eliahilse/Documents/GitHub/B/corpus/java/ApoCommando/Users/eliahilse/Documents/GitHub/B/apogames/Java/ApoCommando/apoCommando/entity/ApoMarioGoodieMushroom.java
/Users/eliahilse/Documents/GitHub/B/corpus/java/ApoCommando/Users/eliahilse/Documents/GitHub/B/apogames/Java/ApoCommando/apoCommando/entity/ApoMarioEnd.java
/Users/eliahilse/Documents/GitHub/B/corpus/java/ApoCommando/Users/eliahilse/Documents/GitHub/B/apogames/Java/ApoCommando/apoCommando/entity/ApoMarioFireball.java
/Users/eliahilse/Documents/GitHub/B/corpus/java/ApoCommando/Users/eliahilse/Documents/GitHub/B/apogames/Java/ApoCommando/apoCommando/entity/ApoMarioQuestionmark.java
/Users/eliahilse/Documents/GitHub/B/corpus/java/ApoCommando/Users/eliahilse/Documents/GitHub/B/apogames/Java/ApoCommando/apoCommando/entity/ApoMarioCannon.java
/Users/eliahilse/Documents/GitHub/B/corpus/java/ApoCommando/Users/eliahilse/Documents/GitHub/B/apogames/Java/ApoCommando/apoCommando/entity/ApoMarioPlayer.java
/Users/eliahilse/Documents/GitHub/B/corpus/java/ApoCommando/Users/eliahilse/Documents/GitHub/B/apogames/Java/ApoCommando/apoCommando/entity/ApoMarioEnemy.java
/Users/eliahilse/Documents/GitHub/B/corpus/java/ApoCommando/Users/eliahilse/Documents/GitHub/B/apogames/Java/ApoCommando/apoCommando/entity/ApoMarioWall.java
/Users/eliahilse/Documents/GitHub/B/corpus/java/ApoCommando/Users/eliahilse/Documents/GitHub/B/apogames/Java/ApoCommando/apoCommando/entity/ApoMarioGoodieFireflower.java
/Users/eliahilse/Documents/GitHub/B/corpus/java/ApoCommando/Users/eliahilse/Documents/GitHub/B/apogames/Java/ApoCommando/apoCommando/entity/ApoMarioGumba.java
/Users/eliahilse/Documents/GitHub/B/corpus/java/ApoCommando/Users/eliahilse/Documents/GitHub/B/apogames/Java/ApoCommando/apoCommando/entity/ApoMarioKoopa.java
/Users/eliahilse/Documents/GitHub/B/corpus/java/ApoCommando/Users/eliahilse/Documents/GitHub/B/apogames/Java/ApoCommando/apoCommando/entity/ApoMarioCannonCannon.java
/Users/eliahilse/Documents/GitHub/B/corpus/java/ApoCommando/Users/eliahilse/Documents/GitHub/B/apogames/Java/ApoCommando/apoCommando/panels/ApoMarioMenu.java
/Users/eliahilse/Documents/GitHub/B/corpus/java/ApoCommando/Users/eliahilse/Documents/GitHub/B/apogames/Java/ApoCommando/apoCommando/panels/ApoMarioGame.java
/Users/eliahilse/Documents/GitHub/B/corpus/java/ApoCommando/Users/eliahilse/Documents/GitHub/B/apogames/Java/ApoCommando/apoCommando/panels/ApoMarioModel.java
/Users/eliahilse/Documents/GitHub/B/corpus/java/ApoCommando/Users/eliahilse/Documents/GitHub/B/apogames/Java/ApoCommando/apoCommando/panels/ApoMarioAnalysis.java
/Users/eliahilse/Documents/GitHub/B/corpus/java/ApoCommando/Users/eliahilse/Documents/GitHub/B/apogames/Java/ApoCommando/apoCommando/panels/ApoMarioTutorial.java
/Users/eliahilse/Documents/GitHub/B/corpus/java/ApoCommando/Users/eliahilse/Documents/GitHub/B/apogames/Java/ApoCommando/apoCommando/ApoMarioApplet.java
/Users/eliahilse/Documents/GitHub/B/corpus/java/ApoCommando/Users/eliahilse/Documents/GitHub/B/apogames/Java/ApoCommando/apoCommando/game/ApoMarioButtons.java
/Users/eliahilse/Documents/GitHub/B/corpus/java/ApoCommando/Users/eliahilse/Documents/GitHub/B/apogames/Java/ApoCommando/apoCommando/game/ApoMarioPanel.java
/Users/eliahilse/Documents/GitHub/B/corpus/java/ApoCommando/Users/eliahilse/Documents/GitHub/B/apogames/Java/ApoCommando/apoCommando/ApoMarioMain.java
/Users/eliahilse/Documents/GitHub/B/corpus/java/ApoCommando/Users/eliahilse/Documents/GitHub/B/apogames/Java/ApoCommando/apoCommando/level/ApoMarioMyLevels.java
/Users/eliahilse/Documents/GitHub/B/corpus/java/ApoCommando/Users/eliahilse/Documents/GitHub/B/apogames/Java/ApoCommando/apoCommando/level/ApoMarioStats.java
/Users/eliahilse/Documents/GitHub/B/corpus/java/ApoCommando/Users/eliahilse/Documents/GitHub/B/apogames/Java/ApoCommando/apoCommando/level/ApoMarioAchievements.java
/Users/eliahilse/Documents/GitHub/B/corpus/java/ApoCommando/Users/eliahilse/Documents/GitHub/B/apogames/Java/ApoCommando/apoCommando/level/ApoMarioRandomLevel.java
/Users/eliahilse/Documents/GitHub/B/corpus/java/ApoCommando/Users/eliahilse/Documents/GitHub/B/apogames/Java/ApoCommando/apoCommando/level/ApoMarioLevel.java
/Users/eliahilse/Documents/GitHub/B/corpus/java/ApoCommando/Users/eliahilse/Documents/GitHub/B/apogames/Java/ApoCommando/apoCommando/ApoMarioConstants.java
/Users/eliahilse/Documents/GitHub/B/corpus/java/ApoCommando/Users/eliahilse/Documents/GitHub/B/apogames/Java/ApoCommando/org/apogames/ApoIO.java
/Users/eliahilse/Documents/GitHub/B/corpus/java/ApoCommando/Users/eliahilse/Documents/GitHub/B/apogames/Java/ApoCommando/org/apogames/ApoLibraryGame.java
/Users/eliahilse/Documents/GitHub/B/corpus/java/ApoCommando/Users/eliahilse/Documents/GitHub/B/apogames/Java/ApoCommando/org/apogames/ApoConstants.java
/Users/eliahilse/Documents/GitHub/B/corpus/java/ApoCommando/Users/eliahilse/Documents/GitHub/B/apogames/Java/ApoCommando/org/apogames/ApoScreen.java
/Users/eliahilse/Documents/GitHub/B/corpus/java/ApoCommando/Users/eliahilse/Documents/GitHub/B/apogames/Java/ApoCommando/org/apogames/ApoCanvas.java
/Users/eliahilse/Documents/GitHub/B/corpus/java/ApoCommando/Users/eliahilse/Documents/GitHub/B/apogames/Java/ApoCommando/org/apogames/input/ApoMouse.java
/Users/eliahilse/Documents/GitHub/B/corpus/java/ApoCommando/Users/eliahilse/Documents/GitHub/B/apogames/Java/ApoCommando/org/apogames/input/ApoKeyboard.java
/Users/eliahilse/Documents/GitHub/B/corpus/java/ApoCommando/Users/eliahilse/Documents/GitHub/B/apogames/Java/ApoCommando/org/apogames/entity/ApoEntity.java
/Users/eliahilse/Documents/GitHub/B/corpus/java/ApoCommando/Users/eliahilse/Documents/GitHub/B/apogames/Java/ApoCommando/org/apogames/entity/ApoAnimation.java
/Users/eliahilse/Documents/GitHub/B/corpus/java/ApoCommando/Users/eliahilse/Documents/GitHub/B/apogames/Java/ApoCommando/org/apogames/entity/ApoButtonText.java
/Users/eliahilse/Documents/GitHub/B/corpus/java/ApoCommando/Users/eliahilse/Documents/GitHub/B/apogames/Java/ApoCommando/org/apogames/entity/ApoTextField.java
/Users/eliahilse/Documents/GitHub/B/corpus/java/ApoCommando/Users/eliahilse/Documents/GitHub/B/apogames/Java/ApoCommando/org/apogames/entity/ApoButton.java
/Users/eliahilse/Documents/GitHub/B/corpus/java/ApoCommando/Users/eliahilse/Documents/GitHub/B/apogames/Java/ApoCommando/org/apogames/entity/ApoDragObject.java
/Users/eliahilse/Documents/GitHub/B/corpus/java/ApoCommando/Users/eliahilse/Documents/GitHub/B/apogames/Java/ApoCommando/org/apogames/entity/ApoNewTextfield.java
/Users/eliahilse/Documents/GitHub/B/corpus/java/ApoCommando/Users/eliahilse/Documents/GitHub/B/apogames/Java/ApoCommando/org/apogames/ApoSubGame.java
/Users/eliahilse/Documents/GitHub/B/corpus/java/ApoCommando/Users/eliahilse/Documents/GitHub/B/apogames/Java/ApoCommando/org/apogames/image/ApoRawScale3x.java
/Users/eliahilse/Documents/GitHub/B/corpus/java/ApoCommando/Users/eliahilse/Documents/GitHub/B/apogames/Java/ApoCommando/org/apogames/image/ApoImage.java
/Users/eliahilse/Documents/GitHub/B/corpus/java/ApoCommando/Users/eliahilse/Documents/GitHub/B/apogames/Java/ApoCommando/org/apogames/image/ApoImageScale.java
/Users/eliahilse/Documents/GitHub/B/corpus/java/ApoCommando/Users/eliahilse/Documents/GitHub/B/apogames/Java/ApoCommando/org/apogames/image/ApoRawScale2x.java
/Users/eliahilse/Documents/GitHub/B/corpus/java/ApoCommando/Users/eliahilse/Documents/GitHub/B/apogames/Java/ApoCommando/org/apogames/image/ApoImageFromValue.java
/Users/eliahilse/Documents/GitHub/B/corpus/java/ApoCommando/Users/eliahilse/Documents/GitHub/B/apogames/Java/ApoCommando/org/apogames/ApoDisplayConfiguration.java
/Users/eliahilse/Documents/GitHub/B/corpus/java/ApoCommando/Users/eliahilse/Documents/GitHub/B/apogames/Java/ApoCommando/org/apogames/sound/AudioPlayer.java
/Users/eliahilse/Documents/GitHub/B/corpus/java/ApoCommando/Users/eliahilse/Documents/GitHub/B/apogames/Java/ApoCommando/org/apogames/sound/ApoMidiPlayer.java
/Users/eliahilse/Documents/GitHub/B/corpus/java/ApoCommando/Users/eliahilse/Documents/GitHub/B/apogames/Java/ApoCommando/org/apogames/sound/ApoMidi.java
/Users/eliahilse/Documents/GitHub/B/corpus/java/ApoCommando/Users/eliahilse/Documents/GitHub/B/apogames/Java/ApoCommando/org/apogames/sound/ApoSoundThread.java
/Users/eliahilse/Documents/GitHub/B/corpus/java/ApoCommando/Users/eliahilse/Documents/GitHub/B/apogames/Java/ApoCommando/org/apogames/sound/ApoSounds.java
/Users/eliahilse/Documents/GitHub/B/corpus/java/ApoCommando/Users/eliahilse/Documents/GitHub/B/apogames/Java/ApoCommando/org/apogames/help/ApoSplashScreen.java
/Users/eliahilse/Documents/GitHub/B/corpus/java/ApoCommando/Users/eliahilse/Documents/GitHub/B/apogames/Java/ApoCommando/org/apogames/help/ApoSplashPainter.java
/Users/eliahilse/Documents/GitHub/B/corpus/java/ApoCommando/Users/eliahilse/Documents/GitHub/B/apogames/Java/ApoCommando/org/apogames/help/ApoHelp.java
/Users/eliahilse/Documents/GitHub/B/corpus/java/ApoCommando/Users/eliahilse/Documents/GitHub/B/apogames/Java/ApoCommando/org/apogames/help/ApoFileFilter.java
/Users/eliahilse/Documents/GitHub/B/corpus/java/ApoCommando/Users/eliahilse/Documents/GitHub/B/apogames/Java/ApoCommando/org/apogames/help/ApoCopy.java
/Users/eliahilse/Documents/GitHub/B/corpus/java/ApoCommando/Users/eliahilse/Documents/GitHub/B/apogames/Java/ApoCommando/org/apogames/help/ApoFileNameFilter.java
/Users/eliahilse/Documents/GitHub/B/corpus/java/ApoCommando/Users/eliahilse/Documents/GitHub/B/apogames/Java/ApoCommando/org/apogames/help/ApoInterface.java
/Users/eliahilse/Documents/GitHub/B/corpus/java/ApoCommando/Users/eliahilse/Documents/GitHub/B/apogames/Java/ApoCommando/org/apogames/help/ApoFloatPoint.java
/Users/eliahilse/Documents/GitHub/B/corpus/java/ApoCommando/Users/eliahilse/Documents/GitHub/B/apogames/Java/ApoCommando/org/apogames/help/ApoClassLoader.java
[0m
[0m$ [0mfind "/Users/eliahilse/Documents/GitHub/B/corpus/java/ApoCommando" -type f -name "*.java" | wc -l; find "/Users/eliahilse/Documents/GitHub/B/corpus/java/ApoCommando" -type f | wc -l; find "/Users/eliahilse/Documents/GitHub/B/corpus/java/ApoCommando" -type f -not -name "*.java"
72
      72
[0m
[0m$ [0mfind "/Users/eliahilse/Documents/GitHub/B/corpus/java/ApoCommando" -name "*.java" | sed 's|/Users/eliahilse/Documents/GitHub/B/corpus/java/ApoCommando/||' | sort
Users/eliahilse/Documents/GitHub/B/apogames/Java/ApoCommando/apoCommando/ApoMarioApplet.java
Users/eliahilse/Documents/GitHub/B/apogames/Java/ApoCommando/apoCommando/ApoMarioConstants.java
Users/eliahilse/Documents/GitHub/B/apogames/Java/ApoCommando/apoCommando/ApoMarioGameComponent.java
Users/eliahilse/Documents/GitHub/B/apogames/Java/ApoCommando/apoCommando/ApoMarioImageContainer.java
Users/eliahilse/Documents/GitHub/B/apogames/Java/ApoCommando/apoCommando/ApoMarioImages.java
Users/eliahilse/Documents/GitHub/B/apogames/Java/ApoCommando/apoCommando/ApoMarioMain.java
Users/eliahilse/Documents/GitHub/B/apogames/Java/ApoCommando/apoCommando/entity/ApoMarioCannon.java
Users/eliahilse/Documents/GitHub/B/apogames/Java/ApoCommando/apoCommando/entity/ApoMarioCannonCannon.java
Users/eliahilse/Documents/GitHub/B/apogames/Java/ApoCommando/apoCommando/entity/ApoMarioCoin.java
Users/eliahilse/Documents/GitHub/B/apogames/Java/ApoCommando/apoCommando/entity/ApoMarioCoinParticle.java
Users/eliahilse/Documents/GitHub/B/apogames/Java/ApoCommando/apoCommando/entity/ApoMarioDestructableWall.java
Users/eliahilse/Documents/GitHub/B/apogames/Java/ApoCommando/apoCommando/entity/ApoMarioEnd.java
Users/eliahilse/Documents/GitHub/B/apogames/Java/ApoCommando/apoCommando/entity/ApoMarioEnemy.java
Users/eliahilse/Documents/GitHub/B/apogames/Java/ApoCommando/apoCommando/entity/ApoMarioEntity.java
Users/eliahilse/Documents/GitHub/B/apogames/Java/ApoCommando/apoCommando/entity/ApoMarioFireball.java
Users/eliahilse/Documents/GitHub/B/apogames/Java/ApoCommando/apoCommando/entity/ApoMarioFlower.java
Users/eliahilse/Documents/GitHub/B/apogames/Java/ApoCommando/apoCommando/entity/ApoMarioGoodieFireflower.java
Users/eliahilse/Documents/GitHub/B/apogames/Java/ApoCommando/apoCommando/entity/ApoMarioGoodieMushroom.java
Users/eliahilse/Documents/GitHub/B/apogames/Java/ApoCommando/apoCommando/entity/ApoMarioGumba.java
Users/eliahilse/Documents/GitHub/B/apogames/Java/ApoCommando/apoCommando/entity/ApoMarioKoopa.java
Users/eliahilse/Documents/GitHub/B/apogames/Java/ApoCommando/apoCommando/entity/ApoMarioParticle.java
Users/eliahilse/Documents/GitHub/B/apogames/Java/ApoCommando/apoCommando/entity/ApoMarioPlayer.java
Users/eliahilse/Documents/GitHub/B/apogames/Java/ApoCommando/apoCommando/entity/ApoMarioQuestionmark.java
Users/eliahilse/Documents/GitHub/B/apogames/Java/ApoCommando/apoCommando/entity/ApoMarioShell.java
Users/eliahilse/Documents/GitHub/B/apogames/Java/ApoCommando/apoCommando/entity/ApoMarioWall.java
Users/eliahilse/Documents/GitHub/B/apogames/Java/ApoCommando/apoCommando/game/ApoMarioButtons.java
Users/eliahilse/Documents/GitHub/B/apogames/Java/ApoCommando/apoCommando/game/ApoMarioPanel.java
Users/eliahilse/Documents/GitHub/B/apogames/Java/ApoCommando/apoCommando/level/ApoMarioAchievements.java
Users/eliahilse/Documents/GitHub/B/apogames/Java/ApoCommando/apoCommando/level/ApoMarioLevel.java
Users/eliahilse/Documents/GitHub/B/apogames/Java/ApoCommando/apoCommando/level/ApoMarioMyLevels.java
Users/eliahilse/Documents/GitHub/B/apogames/Java/ApoCommando/apoCommando/level/ApoMarioRandomLevel.java
Users/eliahilse/Documents/GitHub/B/apogames/Java/ApoCommando/apoCommando/level/ApoMarioStats.java
Users/eliahilse/Documents/GitHub/B/apogames/Java/ApoCommando/apoCommando/panels/ApoMarioAnalysis.java
Users/eliahilse/Documents/GitHub/B/apogames/Java/ApoCommando/apoCommando/panels/ApoMarioGame.java
Users/eliahilse/Documents/GitHub/B/apogames/Java/ApoCommando/apoCommando/panels/ApoMarioMenu.java
Users/eliahilse/Documents/GitHub/B/apogames/Java/ApoCommando/apoCommando/panels/ApoMarioModel.java
Users/eliahilse/Documents/GitHub/B/apogames/Java/ApoCommando/apoCommando/panels/ApoMarioTutorial.java
Users/eliahilse/Documents/GitHub/B/apogames/Java/ApoCommando/org/apogames/ApoCanvas.java
Users/eliahilse/Documents/GitHub/B/apogames/Java/ApoCommando/org/apogames/ApoConstants.java
Users/eliahilse/Documents/GitHub/B/apogames/Java/ApoCommando/org/apogames/ApoDisplayConfiguration.java
Users/eliahilse/Documents/GitHub/B/apogames/Java/ApoCommando/org/apogames/ApoIO.java
Users/eliahilse/Documents/GitHub/B/apogames/Java/ApoCommando/org/apogames/ApoLibraryGame.java
Users/eliahilse/Documents/GitHub/B/apogames/Java/ApoCommando/org/apogames/ApoScreen.java
Users/eliahilse/Documents/GitHub/B/apogames/Java/ApoCommando/org/apogames/ApoSubGame.java
Users/eliahilse/Documents/GitHub/B/apogames/Java/ApoCommando/org/apogames/entity/ApoAnimation.java
Users/eliahilse/Documents/GitHub/B/apogames/Java/ApoCommando/org/apogames/entity/ApoButton.java
Users/eliahilse/Documents/GitHub/B/apogames/Java/ApoCommando/org/apogames/entity/ApoButtonText.java
Users/eliahilse/Documents/GitHub/B/apogames/Java/ApoCommando/org/apogames/entity/ApoDragObject.java
Users/eliahilse/Documents/GitHub/B/apogames/Java/ApoCommando/org/apogames/entity/ApoEntity.java
Users/eliahilse/Documents/GitHub/B/apogames/Java/ApoCommando/org/apogames/entity/ApoNewTextfield.java
Users/eliahilse/Documents/GitHub/B/apogames/Java/ApoCommando/org/apogames/entity/ApoTextField.java
Users/eliahilse/Documents/GitHub/B/apogames/Java/ApoCommando/org/apogames/help/ApoClassLoader.java
Users/eliahilse/Documents/GitHub/B/apogames/Java/ApoCommando/org/apogames/help/ApoCopy.java
Users/eliahilse/Documents/GitHub/B/apogames/Java/ApoCommando/org/apogames/help/ApoFileFilter.java
Users/eliahilse/Documents/GitHub/B/apogames/Java/ApoCommando/org/apogames/help/ApoFileNameFilter.java
Users/eliahilse/Documents/GitHub/B/apogames/Java/ApoCommando/org/apogames/help/ApoFloatPoint.java
Users/eliahilse/Documents/GitHub/B/apogames/Java/ApoCommando/org/apogames/help/ApoHelp.java
Users/eliahilse/Documents/GitHub/B/apogames/Java/ApoCommando/org/apogames/help/ApoInterface.java
Users/eliahilse/Documents/GitHub/B/apogames/Java/ApoCommando/org/apogames/help/ApoSplashPainter.java
Users/eliahilse/Documents/GitHub/B/apogames/Java/ApoCommando/org/apogames/help/ApoSplashScreen.java
Users/eliahilse/Documents/GitHub/B/apogames/Java/ApoCommando/org/apogames/image/ApoImage.java
Users/eliahilse/Documents/GitHub/B/apogames/Java/ApoCommando/org/apogames/image/ApoImageFromValue.java
Users/eliahilse/Documents/GitHub/B/apogames/Java/ApoCommando/org/apogames/image/ApoImageScale.java
Users/eliahilse/Documents/GitHub/B/apogames/Java/ApoCommando/org/apogames/image/ApoRawScale2x.java
Users/eliahilse/Documents/GitHub/B/apogames/Java/ApoCommando/org/apogames/image/ApoRawScale3x.java
Users/eliahilse/Documents/GitHub/B/apogames/Java/ApoCommando/org/apogames/input/ApoKeyboard.java
Users/eliahilse/Documents/GitHub/B/apogames/Java/ApoCommando/org/apogames/input/ApoMouse.java
Users/eliahilse/Documents/GitHub/B/apogames/Java/ApoCommando/org/apogames/sound/ApoMidi.java
Users/eliahilse/Documents/GitHub/B/apogames/Java/ApoCommando/org/apogames/sound/ApoMidiPlayer.java
Users/eliahilse/Documents/GitHub/B/apogames/Java/ApoCommando/org/apogames/sound/ApoSounds.java
Users/eliahilse/Documents/GitHub/B/apogames/Java/ApoCommando/org/apogames/sound/ApoSoundThread.java
Users/eliahilse/Documents/GitHub/B/apogames/Java/ApoCommando/org/apogames/sound/AudioPlayer.java
[0m
72 Java files. Let me read the known-interesting infrastructure files first, in parallel.
[0m→ [0mRead Users/eliahilse/Documents/GitHub/B/apogames/Java/ApoCommando/org/apogames/ApoIO.java
[0m→ [0mRead Users/eliahilse/Documents/GitHub/B/apogames/Java/ApoCommando/org/apogames/help/ApoHelp.java
[0m→ [0mRead Users/eliahilse/Documents/GitHub/B/apogames/Java/ApoCommando/org/apogames/help/ApoClassLoader.java
Now the game-specific level/save/highscore files and entry points.
[0m→ [0mRead Users/eliahilse/Documents/GitHub/B/apogames/Java/ApoCommando/apoCommando/ApoMarioMain.java
[0m→ [0mRead Users/eliahilse/Documents/GitHub/B/apogames/Java/ApoCommando/apoCommando/ApoMarioApplet.java
[0m→ [0mRead Users/eliahilse/Documents/GitHub/B/apogames/Java/ApoCommando/apoCommando/level/ApoMarioLevel.java
[0m✱ [0mGrep "extends ApoIO|readLevel|writeLevel|getMd5Digest|MessageDigest"[90m in . · 11 matches[0m
[0m✱ [0mGrep "http://|https://|apo-games|save_highscore|get_level|save_level|HttpURLConnection|new URL"[90m in . · 9 matches[0m
[0m✱ [0mGrep "ApoClassLoader|getMyClass|defineClass|ObjectInputStream|System\.load|Runtime\.exec"[90m in . · 3 matches[0m
[0m✱ [0mGrep "FileInputStream|FileOutputStream|FileWriter|FileReader|RandomAccessFile|new File\(|user\.home|user\.dir|getProperty|Properties"[90m in . · 20 matches[0m
[0m✱ [0mGrep "ApoIO|DataInputStream|DataOutputStream|\.mar|\.cheat|\.rep|\.comm"[90m in . · 17 matches[0m
[0m✱ [0mGrep "highscore|Highscore|HIGHSCORE|browse|showDocument|Desktop|getAppletContext"[90m in . · 0 matches[0m
[0m→ [0mRead Users/eliahilse/Documents/GitHub/B/apogames/Java/ApoCommando/apoCommando/panels/ApoMarioModel.java[90m [offset=380, limit=100][0m
[0m→ [0mRead Users/eliahilse/Documents/GitHub/B/apogames/Java/ApoCommando/apoCommando/panels/ApoMarioModel.java[90m [limit=380][0m
[0m→ [0mRead Users/eliahilse/Documents/GitHub/B/apogames/Java/ApoCommando/org/apogames/sound/ApoMidiPlayer.java
[0m→ [0mRead Users/eliahilse/Documents/GitHub/B/apogames/Java/ApoCommando/org/apogames/ApoConstants.java
[0m→ [0mRead Users/eliahilse/Documents/GitHub/B/apogames/Java/ApoCommando/org/apogames/image/ApoImage.java
