[0m
> build · kimi-k3
[0m
[0m$ [0mfind /Users/eliahilse/Documents/GitHub/B/corpus/java/ApoCheating -type f | head -100
/Users/eliahilse/Documents/GitHub/B/corpus/java/ApoCheating/_from_jar_ApoCheating/Human.java
/Users/eliahilse/Documents/GitHub/B/corpus/java/ApoCheating/_from_jar_ApoCheating/apoCheating/ApoCheatingImage.java
/Users/eliahilse/Documents/GitHub/B/corpus/java/ApoCheating/_from_jar_ApoCheating/apoCheating/ApoCheatingFileFilter.java
/Users/eliahilse/Documents/GitHub/B/corpus/java/ApoCheating/_from_jar_ApoCheating/apoCheating/ApoCheatingTeacherWay.java
/Users/eliahilse/Documents/GitHub/B/corpus/java/ApoCheating/_from_jar_ApoCheating/apoCheating/ApoCheatingConstants.java
/Users/eliahilse/Documents/GitHub/B/corpus/java/ApoCheating/_from_jar_ApoCheating/apoCheating/ApoCheatingEnemy.java
/Users/eliahilse/Documents/GitHub/B/corpus/java/ApoCheating/_from_jar_ApoCheating/apoCheating/ApoCheatingLoadSave.java
/Users/eliahilse/Documents/GitHub/B/corpus/java/ApoCheating/_from_jar_ApoCheating/apoCheating/ApoCheatingButton.java
/Users/eliahilse/Documents/GitHub/B/corpus/java/ApoCheating/_from_jar_ApoCheating/apoCheating/ApoCheatingSearchClass.java
/Users/eliahilse/Documents/GitHub/B/corpus/java/ApoCheating/_from_jar_ApoCheating/apoCheating/ApoCheatingGamePanel.java
/Users/eliahilse/Documents/GitHub/B/corpus/java/ApoCheating/_from_jar_ApoCheating/apoCheating/ApoCheatingButtonEntity.java
/Users/eliahilse/Documents/GitHub/B/corpus/java/ApoCheating/_from_jar_ApoCheating/apoCheating/ApoCheatingFinish.java
/Users/eliahilse/Documents/GitHub/B/corpus/java/ApoCheating/_from_jar_ApoCheating/apoCheating/ApoCheatingTeacherView.java
/Users/eliahilse/Documents/GitHub/B/corpus/java/ApoCheating/_from_jar_ApoCheating/apoCheating/ApoCheatingEntity.java
/Users/eliahilse/Documents/GitHub/B/corpus/java/ApoCheating/_from_jar_ApoCheating/apoCheating/ApoCheatingMain.java
/Users/eliahilse/Documents/GitHub/B/corpus/java/ApoCheating/_from_jar_ApoCheating/apoCheating/ApoCheatingTeacher.java
/Users/eliahilse/Documents/GitHub/B/corpus/java/ApoCheating/_from_jar_ApoCheating/apoCheating/ApoCheatingExtra.java
/Users/eliahilse/Documents/GitHub/B/corpus/java/ApoCheating/_from_jar_ApoCheating/apoCheating/ApoCheatingSearch.java
/Users/eliahilse/Documents/GitHub/B/corpus/java/ApoCheating/_from_jar_ApoCheating/apoCheating/ApoCheatingTimer.java
/Users/eliahilse/Documents/GitHub/B/corpus/java/ApoCheating/_from_jar_ApoCheating/apoCheating/ApoCheatingHudPanel.java
/Users/eliahilse/Documents/GitHub/B/corpus/java/ApoCheating/_from_jar_ApoCheating/apoCheating/ApoCheatingPanel.java
/Users/eliahilse/Documents/GitHub/B/corpus/java/ApoCheating/_from_jar_ApoCheating/apoCheating/ApoCheatingEntityHand.java
/Users/eliahilse/Documents/GitHub/B/corpus/java/ApoCheating/_from_jar_ApoCheating/apoCheating/ApoCheatingGoal.java
/Users/eliahilse/Documents/GitHub/B/corpus/java/ApoCheating/_from_jar_ApoCheating/apoCheating/ApoCheatingLevel.java
/Users/eliahilse/Documents/GitHub/B/corpus/java/ApoCheating/_from_jar_ApoCheating/apoCheating/ApoCheatingPlayer.java
/Users/eliahilse/Documents/GitHub/B/corpus/java/ApoCheating/_from_jar_ApoCheating/apoCheating/ApoCheatingAI.java
/Users/eliahilse/Documents/GitHub/B/corpus/java/ApoCheating/_from_jar_ApoCheating/human/Human.java
[0m
[0m$ [0mfind /Users/eliahilse/Documents/GitHub/B/corpus/java/ApoCheating -type f | wc -l && find /Users/eliahilse/Documents/GitHub/B/corpus/java/ApoCheating -type d
27
/Users/eliahilse/Documents/GitHub/B/corpus/java/ApoCheating
/Users/eliahilse/Documents/GitHub/B/corpus/java/ApoCheating/_from_jar_ApoCheating
/Users/eliahilse/Documents/GitHub/B/corpus/java/ApoCheating/_from_jar_ApoCheating/apoCheating
/Users/eliahilse/Documents/GitHub/B/corpus/java/ApoCheating/_from_jar_ApoCheating/human
[0m
[0m$ [0mfind /Users/eliahilse/Documents/GitHub/B/corpus/java/ApoCheating -type f -exec wc -l {} + | sort -n
3 /Users/eliahilse/Documents/GitHub/B/corpus/java/ApoCheating/_from_jar_ApoCheating/Human.java
      13 /Users/eliahilse/Documents/GitHub/B/corpus/java/ApoCheating/_from_jar_ApoCheating/apoCheating/ApoCheatingAI.java
      23 /Users/eliahilse/Documents/GitHub/B/corpus/java/ApoCheating/_from_jar_ApoCheating/apoCheating/ApoCheatingExtra.java
      32 /Users/eliahilse/Documents/GitHub/B/corpus/java/ApoCheating/_from_jar_ApoCheating/apoCheating/ApoCheatingEnemy.java
      36 /Users/eliahilse/Documents/GitHub/B/corpus/java/ApoCheating/_from_jar_ApoCheating/apoCheating/ApoCheatingPanel.java
      38 /Users/eliahilse/Documents/GitHub/B/corpus/java/ApoCheating/_from_jar_ApoCheating/apoCheating/ApoCheatingTimer.java
      39 /Users/eliahilse/Documents/GitHub/B/corpus/java/ApoCheating/_from_jar_ApoCheating/apoCheating/ApoCheatingButton.java
      53 /Users/eliahilse/Documents/GitHub/B/corpus/java/ApoCheating/_from_jar_ApoCheating/apoCheating/ApoCheatingConstants.java
      53 /Users/eliahilse/Documents/GitHub/B/corpus/java/ApoCheating/_from_jar_ApoCheating/apoCheating/ApoCheatingMain.java
      60 /Users/eliahilse/Documents/GitHub/B/corpus/java/ApoCheating/_from_jar_ApoCheating/apoCheating/ApoCheatingFileFilter.java
      79 /Users/eliahilse/Documents/GitHub/B/corpus/java/ApoCheating/_from_jar_ApoCheating/apoCheating/ApoCheatingSearchClass.java
      92 /Users/eliahilse/Documents/GitHub/B/corpus/java/ApoCheating/_from_jar_ApoCheating/apoCheating/ApoCheatingGoal.java
      98 /Users/eliahilse/Documents/GitHub/B/corpus/java/ApoCheating/_from_jar_ApoCheating/apoCheating/ApoCheatingLevel.java
     113 /Users/eliahilse/Documents/GitHub/B/corpus/java/ApoCheating/_from_jar_ApoCheating/apoCheating/ApoCheatingFinish.java
     127 /Users/eliahilse/Documents/GitHub/B/corpus/java/ApoCheating/_from_jar_ApoCheating/apoCheating/ApoCheatingTeacherWay.java
     131 /Users/eliahilse/Documents/GitHub/B/corpus/java/ApoCheating/_from_jar_ApoCheating/human/Human.java
     158 /Users/eliahilse/Documents/GitHub/B/corpus/java/ApoCheating/_from_jar_ApoCheating/apoCheating/ApoCheatingEntityHand.java
     165 /Users/eliahilse/Documents/GitHub/B/corpus/java/ApoCheating/_from_jar_ApoCheating/apoCheating/ApoCheatingButtonEntity.java
     173 /Users/eliahilse/Documents/GitHub/B/corpus/java/ApoCheating/_from_jar_ApoCheating/apoCheating/ApoCheatingTeacherView.java
     204 /Users/eliahilse/Documents/GitHub/B/corpus/java/ApoCheating/_from_jar_ApoCheating/apoCheating/ApoCheatingSearch.java
     209 /Users/eliahilse/Documents/GitHub/B/corpus/java/ApoCheating/_from_jar_ApoCheating/apoCheating/ApoCheatingImage.java
     285 /Users/eliahilse/Documents/GitHub/B/corpus/java/ApoCheating/_from_jar_ApoCheating/apoCheating/ApoCheatingEntity.java
     293 /Users/eliahilse/Documents/GitHub/B/corpus/java/ApoCheating/_from_jar_ApoCheating/apoCheating/ApoCheatingTeacher.java
     357 /Users/eliahilse/Documents/GitHub/B/corpus/java/ApoCheating/_from_jar_ApoCheating/apoCheating/ApoCheatingPlayer.java
     490 /Users/eliahilse/Documents/GitHub/B/corpus/java/ApoCheating/_from_jar_ApoCheating/apoCheating/ApoCheatingLoadSave.java
     499 /Users/eliahilse/Documents/GitHub/B/corpus/java/ApoCheating/_from_jar_ApoCheating/apoCheating/ApoCheatingHudPanel.java
    1119 /Users/eliahilse/Documents/GitHub/B/corpus/java/ApoCheating/_from_jar_ApoCheating/apoCheating/ApoCheatingGamePanel.java
    4942 total
[0m
[0m→ [0mRead _from_jar_ApoCheating/apoCheating/ApoCheatingLoadSave.java
[0m→ [0mRead _from_jar_ApoCheating/apoCheating/ApoCheatingMain.java
[0m→ [0mRead _from_jar_ApoCheating/apoCheating/ApoCheatingConstants.java
[0m→ [0mRead _from_jar_ApoCheating/apoCheating/ApoCheatingLevel.java
[0m→ [0mRead _from_jar_ApoCheating/apoCheating/ApoCheatingFileFilter.java
[0m→ [0mRead _from_jar_ApoCheating/apoCheating/ApoCheatingImage.java
[0m→ [0mRead _from_jar_ApoCheating/apoCheating/ApoCheatingSearchClass.java
[0m✱ [0mGrep "http|URL|HttpURLConnection|MessageDigest|ClassLoader|defineClass|System\.load|Runtime\.exec|readObject|user\.home|user\.dir|ObjectInputStream|\.php"[90m in . · 5 matches[0m
[0m→ [0mRead _from_jar_ApoCheating/apoCheating/ApoCheatingGamePanel.java
[0m→ [0mRead _from_jar_ApoCheating/apoCheating/ApoCheatingPanel.java
[0m→ [0mRead _from_jar_ApoCheating/apoCheating/ApoCheatingSearch.java
[0m→ [0mRead _from_jar_ApoCheating/human/Human.java
[0m→ [0mRead _from_jar_ApoCheating/Human.java
[0m→ [0mRead _from_jar_ApoCheating/apoCheating/ApoCheatingHudPanel.java
[0m→ [0mRead _from_jar_ApoCheating/apoCheating/ApoCheatingPlayer.java
[0m→ [0mRead _from_jar_ApoCheating/apoCheating/ApoCheatingEntity.java[90m [limit=120][0m
Now let me review the remaining entity and teacher classes to complete coverage and verify how parsed level data flows into array indexing.
[0m→ [0mRead _from_jar_ApoCheating/apoCheating/ApoCheatingTeacher.java[90m [limit=150][0m
[0m→ [0mRead _from_jar_ApoCheating/apoCheating/ApoCheatingGoal.java
