[0m
> build · kimi-k3
[0m
[0m$ [0mfind /Users/eliahilse/Documents/GitHub/B/corpus/java/ApoDefence -type f | head -100
/Users/eliahilse/Documents/GitHub/B/corpus/java/ApoDefence/Users/eliahilse/Documents/GitHub/B/apogames/Java/ApoDefence/ApoDefence/options/ApoDefenceOptions.java
/Users/eliahilse/Documents/GitHub/B/corpus/java/ApoDefence/Users/eliahilse/Documents/GitHub/B/apogames/Java/ApoDefence/ApoDefence/options/ApoDefenceOptionsTower.java
/Users/eliahilse/Documents/GitHub/B/corpus/java/ApoDefence/Users/eliahilse/Documents/GitHub/B/apogames/Java/ApoDefence/ApoDefence/options/ApoDefenceOptionsEnemy.java
/Users/eliahilse/Documents/GitHub/B/corpus/java/ApoDefence/Users/eliahilse/Documents/GitHub/B/apogames/Java/ApoDefence/ApoDefence/options/ApoDefenceOptionsResearch.java
/Users/eliahilse/Documents/GitHub/B/corpus/java/ApoDefence/Users/eliahilse/Documents/GitHub/B/apogames/Java/ApoDefence/ApoDefence/options/ApoDefenceOptionsGeneral.java
/Users/eliahilse/Documents/GitHub/B/corpus/java/ApoDefence/Users/eliahilse/Documents/GitHub/B/apogames/Java/ApoDefence/ApoDefence/ApoDefenceImage.java
/Users/eliahilse/Documents/GitHub/B/corpus/java/ApoDefence/Users/eliahilse/Documents/GitHub/B/apogames/Java/ApoDefence/ApoDefence/ApoDefenceEntity.java
/Users/eliahilse/Documents/GitHub/B/corpus/java/ApoDefence/Users/eliahilse/Documents/GitHub/B/apogames/Java/ApoDefence/ApoDefence/ApoDefencePoint.java
/Users/eliahilse/Documents/GitHub/B/corpus/java/ApoDefence/Users/eliahilse/Documents/GitHub/B/apogames/Java/ApoDefence/ApoDefence/game/ApoDefenceEnemyUndead.java
/Users/eliahilse/Documents/GitHub/B/corpus/java/ApoDefence/Users/eliahilse/Documents/GitHub/B/apogames/Java/ApoDefence/ApoDefence/game/ApoDefenceGameTower.java
/Users/eliahilse/Documents/GitHub/B/corpus/java/ApoDefence/Users/eliahilse/Documents/GitHub/B/apogames/Java/ApoDefence/ApoDefence/game/ApoDefenceTower.java
/Users/eliahilse/Documents/GitHub/B/corpus/java/ApoDefence/Users/eliahilse/Documents/GitHub/B/apogames/Java/ApoDefence/ApoDefence/game/ApoDefenceShootFire.java
/Users/eliahilse/Documents/GitHub/B/corpus/java/ApoDefence/Users/eliahilse/Documents/GitHub/B/apogames/Java/ApoDefence/ApoDefence/game/ApoDefenceTowerFire.java
/Users/eliahilse/Documents/GitHub/B/corpus/java/ApoDefence/Users/eliahilse/Documents/GitHub/B/apogames/Java/ApoDefence/ApoDefence/game/ApoDefenceGameEnemy.java
/Users/eliahilse/Documents/GitHub/B/corpus/java/ApoDefence/Users/eliahilse/Documents/GitHub/B/apogames/Java/ApoDefence/ApoDefence/game/ApoDefenceGameHud.java
/Users/eliahilse/Documents/GitHub/B/corpus/java/ApoDefence/Users/eliahilse/Documents/GitHub/B/apogames/Java/ApoDefence/ApoDefence/game/ApoDefenceEnemyDevil.java
/Users/eliahilse/Documents/GitHub/B/corpus/java/ApoDefence/Users/eliahilse/Documents/GitHub/B/apogames/Java/ApoDefence/ApoDefence/game/ApoDefenceEnemy.java
/Users/eliahilse/Documents/GitHub/B/corpus/java/ApoDefence/Users/eliahilse/Documents/GitHub/B/apogames/Java/ApoDefence/ApoDefence/game/ApoDefenceEnemyDog.java
/Users/eliahilse/Documents/GitHub/B/corpus/java/ApoDefence/Users/eliahilse/Documents/GitHub/B/apogames/Java/ApoDefence/ApoDefence/game/ApoDefenceShootIce.java
/Users/eliahilse/Documents/GitHub/B/corpus/java/ApoDefence/Users/eliahilse/Documents/GitHub/B/apogames/Java/ApoDefence/ApoDefence/game/ApoDefenceCastle.java
/Users/eliahilse/Documents/GitHub/B/corpus/java/ApoDefence/Users/eliahilse/Documents/GitHub/B/apogames/Java/ApoDefence/ApoDefence/game/ApoDefenceEnemyDragon.java
/Users/eliahilse/Documents/GitHub/B/corpus/java/ApoDefence/Users/eliahilse/Documents/GitHub/B/apogames/Java/ApoDefence/ApoDefence/game/ApoDefenceTowerLight.java
/Users/eliahilse/Documents/GitHub/B/corpus/java/ApoDefence/Users/eliahilse/Documents/GitHub/B/apogames/Java/ApoDefence/ApoDefence/game/ApoDefenceEnemyWerewolf.java
/Users/eliahilse/Documents/GitHub/B/corpus/java/ApoDefence/Users/eliahilse/Documents/GitHub/B/apogames/Java/ApoDefence/ApoDefence/game/ApoDefenceShoot.java
/Users/eliahilse/Documents/GitHub/B/corpus/java/ApoDefence/Users/eliahilse/Documents/GitHub/B/apogames/Java/ApoDefence/ApoDefence/game/ApoDefenceEnemyAquatic.java
/Users/eliahilse/Documents/GitHub/B/corpus/java/ApoDefence/Users/eliahilse/Documents/GitHub/B/apogames/Java/ApoDefence/ApoDefence/game/ApoDefenceEnemyFire.java
/Users/eliahilse/Documents/GitHub/B/corpus/java/ApoDefence/Users/eliahilse/Documents/GitHub/B/apogames/Java/ApoDefence/ApoDefence/game/ApoDefenceTowerIce.java
/Users/eliahilse/Documents/GitHub/B/corpus/java/ApoDefence/Users/eliahilse/Documents/GitHub/B/apogames/Java/ApoDefence/ApoDefence/game/ApoDefenceTowerUltra.java
/Users/eliahilse/Documents/GitHub/B/corpus/java/ApoDefence/Users/eliahilse/Documents/GitHub/B/apogames/Java/ApoDefence/ApoDefence/game/ApoDefenceEnemyLion.java
/Users/eliahilse/Documents/GitHub/B/corpus/java/ApoDefence/Users/eliahilse/Documents/GitHub/B/apogames/Java/ApoDefence/ApoDefence/game/ApoDefenceShootEnemy.java
/Users/eliahilse/Documents/GitHub/B/corpus/java/ApoDefence/Users/eliahilse/Documents/GitHub/B/apogames/Java/ApoDefence/ApoDefence/game/ApoDefenceEnemyHorse.java
/Users/eliahilse/Documents/GitHub/B/corpus/java/ApoDefence/Users/eliahilse/Documents/GitHub/B/apogames/Java/ApoDefence/ApoDefence/game/ApoDefenceEnemyBird.java
/Users/eliahilse/Documents/GitHub/B/corpus/java/ApoDefence/Users/eliahilse/Documents/GitHub/B/apogames/Java/ApoDefence/ApoDefence/game/ApoDefenceFileFilter.java
/Users/eliahilse/Documents/GitHub/B/corpus/java/ApoDefence/Users/eliahilse/Documents/GitHub/B/apogames/Java/ApoDefence/ApoDefence/game/ApoDefenceHighscoreEntity.java
/Users/eliahilse/Documents/GitHub/B/corpus/java/ApoDefence/Users/eliahilse/Documents/GitHub/B/apogames/Java/ApoDefence/ApoDefence/game/ApoDefenceGame.java
/Users/eliahilse/Documents/GitHub/B/corpus/java/ApoDefence/Users/eliahilse/Documents/GitHub/B/apogames/Java/ApoDefence/ApoDefence/game/ApoDefenceEnemyGhost.java
/Users/eliahilse/Documents/GitHub/B/corpus/java/ApoDefence/Users/eliahilse/Documents/GitHub/B/apogames/Java/ApoDefence/ApoDefence/game/ApoDefenceEnemyGoblin.java
/Users/eliahilse/Documents/GitHub/B/corpus/java/ApoDefence/Users/eliahilse/Documents/GitHub/B/apogames/Java/ApoDefence/ApoDefence/game/ApoDefenceHighscoreEncrypt.java
/Users/eliahilse/Documents/GitHub/B/corpus/java/ApoDefence/Users/eliahilse/Documents/GitHub/B/apogames/Java/ApoDefence/ApoDefence/game/ApoDefenceResearch.java
/Users/eliahilse/Documents/GitHub/B/corpus/java/ApoDefence/Users/eliahilse/Documents/GitHub/B/apogames/Java/ApoDefence/ApoDefence/game/ApoDefenceShootLight.java
/Users/eliahilse/Documents/GitHub/B/corpus/java/ApoDefence/Users/eliahilse/Documents/GitHub/B/apogames/Java/ApoDefence/ApoDefence/game/ApoDefenceShootArch.java
/Users/eliahilse/Documents/GitHub/B/corpus/java/ApoDefence/Users/eliahilse/Documents/GitHub/B/apogames/Java/ApoDefence/ApoDefence/game/ApoDefenceEnemySnake.java
/Users/eliahilse/Documents/GitHub/B/corpus/java/ApoDefence/Users/eliahilse/Documents/GitHub/B/apogames/Java/ApoDefence/ApoDefence/game/ApoDefenceEnemyMonk.java
/Users/eliahilse/Documents/GitHub/B/corpus/java/ApoDefence/Users/eliahilse/Documents/GitHub/B/apogames/Java/ApoDefence/ApoDefence/game/ApoDefenceEnemyKnight.java
/Users/eliahilse/Documents/GitHub/B/corpus/java/ApoDefence/Users/eliahilse/Documents/GitHub/B/apogames/Java/ApoDefence/ApoDefence/game/ApoDefenceTowerArch.java
/Users/eliahilse/Documents/GitHub/B/corpus/java/ApoDefence/Users/eliahilse/Documents/GitHub/B/apogames/Java/ApoDefence/ApoDefence/game/ApoDefenceEnemyDracula.java
/Users/eliahilse/Documents/GitHub/B/corpus/java/ApoDefence/Users/eliahilse/Documents/GitHub/B/apogames/Java/ApoDefence/ApoDefence/game/ApoDefenceEnemySkull.java
/Users/eliahilse/Documents/GitHub/B/corpus/java/ApoDefence/Users/eliahilse/Documents/GitHub/B/apogames/Java/ApoDefence/ApoDefence/game/ApoDefenceEnemySkeleton.java
/Users/eliahilse/Documents/GitHub/B/corpus/java/ApoDefence/Users/eliahilse/Documents/GitHub/B/apogames/Java/ApoDefence/ApoDefence/game/ApoDefenceHighscore.java
/Users/eliahilse/Documents/GitHub/B/corpus/java/ApoDefence/Users/eliahilse/Documents/GitHub/B/apogames/Java/ApoDefence/ApoDefence/game/ApoDefenceEnemyMummy.java
/Users/eliahilse/Documents/GitHub/B/corpus/java/ApoDefence/Users/eliahilse/Documents/GitHub/B/apogames/Java/ApoDefence/ApoDefence/game/ApoDefenceEnemyUndefined.java
/Users/eliahilse/Documents/GitHub/B/corpus/java/ApoDefence/Users/eliahilse/Documents/GitHub/B/apogames/Java/ApoDefence/ApoDefence/game/ApoDefenceShootUltra.java
/Users/eliahilse/Documents/GitHub/B/corpus/java/ApoDefence/Users/eliahilse/Documents/GitHub/B/apogames/Java/ApoDefence/ApoDefence/ApoDefenceButton.java
/Users/eliahilse/Documents/GitHub/B/corpus/java/ApoDefence/Users/eliahilse/Documents/GitHub/B/apogames/Java/ApoDefence/ApoDefence/ApoDefenceTimer.java
/Users/eliahilse/Documents/GitHub/B/corpus/java/ApoDefence/Users/eliahilse/Documents/GitHub/B/apogames/Java/ApoDefence/ApoDefence/ApoDefenceFileFilter.java
/Users/eliahilse/Documents/GitHub/B/corpus/java/ApoDefence/Users/eliahilse/Documents/GitHub/B/apogames/Java/ApoDefence/ApoDefence/ApoDefenceConstantsOriginal.java
/Users/eliahilse/Documents/GitHub/B/corpus/java/ApoDefence/Users/eliahilse/Documents/GitHub/B/apogames/Java/ApoDefence/ApoDefence/ApoDefenceMain.java
/Users/eliahilse/Documents/GitHub/B/corpus/java/ApoDefence/Users/eliahilse/Documents/GitHub/B/apogames/Java/ApoDefence/ApoDefence/ApoDefenceSounds.java
/Users/eliahilse/Documents/GitHub/B/corpus/java/ApoDefence/Users/eliahilse/Documents/GitHub/B/apogames/Java/ApoDefence/ApoDefence/ApoDefenceDragObject.java
/Users/eliahilse/Documents/GitHub/B/corpus/java/ApoDefence/Users/eliahilse/Documents/GitHub/B/apogames/Java/ApoDefence/ApoDefence/ApoDefenceLoadSave.java
/Users/eliahilse/Documents/GitHub/B/corpus/java/ApoDefence/Users/eliahilse/Documents/GitHub/B/apogames/Java/ApoDefence/ApoDefence/editor/ApoDefenceEditorGame.java
/Users/eliahilse/Documents/GitHub/B/corpus/java/ApoDefence/Users/eliahilse/Documents/GitHub/B/apogames/Java/ApoDefence/ApoDefence/editor/ApoDefenceEditorHudEnemy.java
/Users/eliahilse/Documents/GitHub/B/corpus/java/ApoDefence/Users/eliahilse/Documents/GitHub/B/apogames/Java/ApoDefence/ApoDefence/editor/ApoDefenceEditorHudWaypoint.java
/Users/eliahilse/Documents/GitHub/B/corpus/java/ApoDefence/Users/eliahilse/Documents/GitHub/B/apogames/Java/ApoDefence/ApoDefence/editor/ApoDefenceEditor.java
/Users/eliahilse/Documents/GitHub/B/corpus/java/ApoDefence/Users/eliahilse/Documents/GitHub/B/apogames/Java/ApoDefence/ApoDefence/editor/ApoDefenceEditorHud.java
/Users/eliahilse/Documents/GitHub/B/corpus/java/ApoDefence/Users/eliahilse/Documents/GitHub/B/apogames/Java/ApoDefence/ApoDefence/editor/ApoDefenceEditorHudGeneral.java
/Users/eliahilse/Documents/GitHub/B/corpus/java/ApoDefence/Users/eliahilse/Documents/GitHub/B/apogames/Java/ApoDefence/ApoDefence/ApoDefenceConstants.java
[0m
[0m$ [0mfind /Users/eliahilse/Documents/GitHub/B/corpus/java/ApoDefence -type f -name "*.java" | wc -l; find /Users/eliahilse/Documents/GitHub/B/corpus/java/ApoDefence -type f ! -name "*.java"
67
[0m
[0m$ [0mfind /Users/eliahilse/Documents/GitHub/B/corpus/java/ApoDefence -type d | sort
/Users/eliahilse/Documents/GitHub/B/corpus/java/ApoDefence
/Users/eliahilse/Documents/GitHub/B/corpus/java/ApoDefence/Users
/Users/eliahilse/Documents/GitHub/B/corpus/java/ApoDefence/Users/eliahilse
/Users/eliahilse/Documents/GitHub/B/corpus/java/ApoDefence/Users/eliahilse/Documents
/Users/eliahilse/Documents/GitHub/B/corpus/java/ApoDefence/Users/eliahilse/Documents/GitHub
/Users/eliahilse/Documents/GitHub/B/corpus/java/ApoDefence/Users/eliahilse/Documents/GitHub/B
/Users/eliahilse/Documents/GitHub/B/corpus/java/ApoDefence/Users/eliahilse/Documents/GitHub/B/apogames
/Users/eliahilse/Documents/GitHub/B/corpus/java/ApoDefence/Users/eliahilse/Documents/GitHub/B/apogames/Java
/Users/eliahilse/Documents/GitHub/B/corpus/java/ApoDefence/Users/eliahilse/Documents/GitHub/B/apogames/Java/ApoDefence
/Users/eliahilse/Documents/GitHub/B/corpus/java/ApoDefence/Users/eliahilse/Documents/GitHub/B/apogames/Java/ApoDefence/ApoDefence
/Users/eliahilse/Documents/GitHub/B/corpus/java/ApoDefence/Users/eliahilse/Documents/GitHub/B/apogames/Java/ApoDefence/ApoDefence/editor
/Users/eliahilse/Documents/GitHub/B/corpus/java/ApoDefence/Users/eliahilse/Documents/GitHub/B/apogames/Java/ApoDefence/ApoDefence/game
/Users/eliahilse/Documents/GitHub/B/corpus/java/ApoDefence/Users/eliahilse/Documents/GitHub/B/apogames/Java/ApoDefence/ApoDefence/options
[0m
[0m$ [0mROOT="/Users/eliahilse/Documents/GitHub/B/corpus/java/ApoDefence/Users/eliahilse/Documents/GitHub/B/apogames/Java/ApoDefence/ApoDefence"; grep -rn -E "HttpURLConnection|URL\(|openConnection|defineClass|ClassLoader|ObjectInputStream|MessageDigest|System\.load|user\.home|user\.dir|Runtime\.exec|\.php|http://" "$ROOT" | head -60
/Users/eliahilse/Documents/GitHub/B/corpus/java/ApoDefence/Users/eliahilse/Documents/GitHub/B/apogames/Java/ApoDefence/ApoDefence/game/ApoDefenceGame.java:128:		this.fc.setCurrentDirectory( new File( System.getProperty("user.dir") + File.separator+ "levels" ) );
/Users/eliahilse/Documents/GitHub/B/corpus/java/ApoDefence/Users/eliahilse/Documents/GitHub/B/apogames/Java/ApoDefence/ApoDefence/game/ApoDefenceGame.java:176:		this.setLoad( System.getProperty("user.dir") + File.separator + "levels" + File.separator + "Original_First.defence" );
/Users/eliahilse/Documents/GitHub/B/corpus/java/ApoDefence/Users/eliahilse/Documents/GitHub/B/apogames/Java/ApoDefence/ApoDefence/game/ApoDefenceHighscoreEncrypt.java:12: * href="http://www.gnu.org/licenses/lgpl.html">GNU/LGPL</a> license.<br>
/Users/eliahilse/Documents/GitHub/B/corpus/java/ApoDefence/Users/eliahilse/Documents/GitHub/B/apogames/Java/ApoDefence/ApoDefence/game/ApoDefenceHighscoreEncrypt.java:15: * Home page: <a href="http://www.source-code.biz">www.source-code.biz</a><br>
/Users/eliahilse/Documents/GitHub/B/corpus/java/ApoDefence/Users/eliahilse/Documents/GitHub/B/apogames/Java/ApoDefence/ApoDefence/game/ApoDefenceHighscore.java:10:import java.net.HttpURLConnection;
/Users/eliahilse/Documents/GitHub/B/corpus/java/ApoDefence/Users/eliahilse/Documents/GitHub/B/apogames/Java/ApoDefence/ApoDefence/game/ApoDefenceHighscore.java:63:			BufferedImage iConnect = ImageIO.read(new URL(
/Users/eliahilse/Documents/GitHub/B/corpus/java/ApoDefence/Users/eliahilse/Documents/GitHub/B/apogames/Java/ApoDefence/ApoDefence/game/ApoDefenceHighscore.java:64:					"http://home.arcor.de/newbielein/test.gif"));
/Users/eliahilse/Documents/GitHub/B/corpus/java/ApoDefence/Users/eliahilse/Documents/GitHub/B/apogames/Java/ApoDefence/ApoDefence/game/ApoDefenceHighscore.java:81:				connection = new URL(
/Users/eliahilse/Documents/GitHub/B/corpus/java/ApoDefence/Users/eliahilse/Documents/GitHub/B/apogames/Java/ApoDefence/ApoDefence/game/ApoDefenceHighscore.java:82:						"http://daporius.drition.net/highscore.xml");
/Users/eliahilse/Documents/GitHub/B/corpus/java/ApoDefence/Users/eliahilse/Documents/GitHub/B/apogames/Java/ApoDefence/ApoDefence/game/ApoDefenceHighscore.java:191:		String url = "http://daporius.drition.net/highscore.php?";
/Users/eliahilse/Documents/GitHub/B/corpus/java/ApoDefence/Users/eliahilse/Documents/GitHub/B/apogames/Java/ApoDefence/ApoDefence/game/ApoDefenceHighscore.java:199:			this.writeConnection = new URL(url);
/Users/eliahilse/Documents/GitHub/B/corpus/java/ApoDefence/Users/eliahilse/Documents/GitHub/B/apogames/Java/ApoDefence/ApoDefence/game/ApoDefenceHighscore.java:200:			HttpURLConnection con = (HttpURLConnection) this.writeConnection
/Users/eliahilse/Documents/GitHub/B/corpus/java/ApoDefence/Users/eliahilse/Documents/GitHub/B/apogames/Java/ApoDefence/ApoDefence/game/ApoDefenceHighscore.java:201:					.openConnection();
/Users/eliahilse/Documents/GitHub/B/corpus/java/ApoDefence/Users/eliahilse/Documents/GitHub/B/apogames/Java/ApoDefence/ApoDefence/editor/ApoDefenceEditorGame.java:62:		this.fc.setCurrentDirectory( new File( System.getProperty("user.dir") + File.separator+ "levels" ) );
[0m
[0m→ [0mRead Users/eliahilse/Documents/GitHub/B/apogames/Java/ApoDefence/ApoDefence/ApoDefenceLoadSave.java
[0m→ [0mRead Users/eliahilse/Documents/GitHub/B/apogames/Java/ApoDefence/ApoDefence/game/ApoDefenceHighscore.java
[0m→ [0mRead Users/eliahilse/Documents/GitHub/B/apogames/Java/ApoDefence/ApoDefence/ApoDefenceMain.java
[0m→ [0mRead Users/eliahilse/Documents/GitHub/B/apogames/Java/ApoDefence/ApoDefence/game/ApoDefenceHighscoreEncrypt.java
[0m
[0m$ [0mROOT="/Users/eliahilse/Documents/GitHub/B/corpus/java/ApoDefence/Users/eliahilse/Documents/GitHub/B/apogames/Java/ApoDefence/ApoDefence"; grep -rn -E "readLevel|writeLevel|setLoad|makeEntity|\.send\(|canConnect|JFileChooser|showOpenDialog|showSaveDialog|getSelectedFile" "$ROOT"
/Users/eliahilse/Documents/GitHub/B/corpus/java/ApoDefence/Users/eliahilse/Documents/GitHub/B/apogames/Java/ApoDefence/ApoDefence/options/ApoDefenceOptions.java:172:					this.main.getGame().setLoad( null );
/Users/eliahilse/Documents/GitHub/B/corpus/java/ApoDefence/Users/eliahilse/Documents/GitHub/B/apogames/Java/ApoDefence/ApoDefence/game/ApoDefenceGame.java:22:import javax.swing.JFileChooser;
/Users/eliahilse/Documents/GitHub/B/corpus/java/ApoDefence/Users/eliahilse/Documents/GitHub/B/apogames/Java/ApoDefence/ApoDefence/game/ApoDefenceGame.java:100:	private final JFileChooser 			fc = new JFileChooser();
/Users/eliahilse/Documents/GitHub/B/corpus/java/ApoDefence/Users/eliahilse/Documents/GitHub/B/apogames/Java/ApoDefence/ApoDefence/game/ApoDefenceGame.java:176:		this.setLoad( System.getProperty("user.dir") + File.separator + "levels" + File.separator + "Original_First.defence" );
/Users/eliahilse/Documents/GitHub/B/corpus/java/ApoDefence/Users/eliahilse/Documents/GitHub/B/apogames/Java/ApoDefence/ApoDefence/game/ApoDefenceGame.java:347:	public void setLoad( String level )
/Users/eliahilse/Documents/GitHub/B/corpus/java/ApoDefence/Users/eliahilse/Documents/GitHub/B/apogames/Java/ApoDefence/ApoDefence/game/ApoDefenceGame.java:351:			p = this.fc.showOpenDialog(this);
/Users/eliahilse/Documents/GitHub/B/corpus/java/ApoDefence/Users/eliahilse/Documents/GitHub/B/apogames/Java/ApoDefence/ApoDefence/game/ApoDefenceGame.java:357:				s	= this.fc.getSelectedFile().getPath();
/Users/eliahilse/Documents/GitHub/B/corpus/java/ApoDefence/Users/eliahilse/Documents/GitHub/B/apogames/Java/ApoDefence/ApoDefence/game/ApoDefenceGame.java:362:			this.loadSave.readLevel( s );
/Users/eliahilse/Documents/GitHub/B/corpus/java/ApoDefence/Users/eliahilse/Documents/GitHub/B/apogames/Java/ApoDefence/ApoDefence/game/ApoDefenceGame.java:400:			if ( ( this.highscore.canConnect() ) && ( this.main.isOriginal() ) )
/Users/eliahilse/Documents/GitHub/B/corpus/java/ApoDefence/Users/eliahilse/Documents/GitHub/B/apogames/Java/ApoDefence/ApoDefence/game/ApoDefenceGame.java:405:				this.highscore.makeEntity();
/Users/eliahilse/Documents/GitHub/B/corpus/java/ApoDefence/Users/eliahilse/Documents/GitHub/B/apogames/Java/ApoDefence/ApoDefence/game/ApoDefenceGame.java:426:				if ( ( this.highscore.canConnect() ) && ( this.main.isOriginal() ) )
/Users/eliahilse/Documents/GitHub/B/corpus/java/ApoDefence/Users/eliahilse/Documents/GitHub/B/apogames/Java/ApoDefence/ApoDefence/game/ApoDefenceGame.java:431:					this.highscore.makeEntity();
/Users/eliahilse/Documents/GitHub/B/corpus/java/ApoDefence/Users/eliahilse/Documents/GitHub/B/apogames/Java/ApoDefence/ApoDefence/game/ApoDefenceGame.java:777:					this.highscore.send( this.nicknameField.getText(), this.loadSave.getLevel(), this.waves, (int)this.points );
/Users/eliahilse/Documents/GitHub/B/corpus/java/ApoDefence/Users/eliahilse/Documents/GitHub/B/apogames/Java/ApoDefence/ApoDefence/game/ApoDefenceHighscore.java:42:		// this.send("Ole", "Original_First", 85, 4000);
/Users/eliahilse/Documents/GitHub/B/corpus/java/ApoDefence/Users/eliahilse/Documents/GitHub/B/apogames/Java/ApoDefence/ApoDefence/game/ApoDefenceHighscore.java:61:	public boolean canConnect() {
/Users/eliahilse/Documents/GitHub/B/corpus/java/ApoDefence/Users/eliahilse/Documents/GitHub/B/apogames/Java/ApoDefence/ApoDefence/game/ApoDefenceHighscore.java:78:	public void makeEntity() {
/Users/eliahilse/Documents/GitHub/B/corpus/java/ApoDefence/Users/eliahilse/Documents/GitHub/B/apogames/Java/ApoDefence/ApoDefence/game/ApoDefenceHighscore.java:87:			this.makeEntity(new Scanner(is).useDelimiter("\\Z").next());
/Users/eliahilse/Documents/GitHub/B/corpus/java/ApoDefence/Users/eliahilse/Documents/GitHub/B/apogames/Java/ApoDefence/ApoDefence/game/ApoDefenceHighscore.java:91:	private void makeEntity(String s) {
/Users/eliahilse/Documents/GitHub/B/corpus/java/ApoDefence/Users/eliahilse/Documents/GitHub/B/apogames/Java/ApoDefence/ApoDefence/ApoDefenceLoadSave.java:90:	public void writeLevel( String fileName )
/Users/eliahilse/Documents/GitHub/B/corpus/java/ApoDefence/Users/eliahilse/Documents/GitHub/B/apogames/Java/ApoDefence/ApoDefence/ApoDefenceLoadSave.java:145:	public void readLevel( String fileName )
/Users/eliahilse/Documents/GitHub/B/corpus/java/ApoDefence/Users/eliahilse/Documents/GitHub/B/apogames/Java/ApoDefence/ApoDefence/editor/ApoDefenceEditorGame.java:16:import javax.swing.JFileChooser;
/Users/eliahilse/Documents/GitHub/B/corpus/java/ApoDefence/Users/eliahilse/Documents/GitHub/B/apogames/Java/ApoDefence/ApoDefence/editor/ApoDefenceEditorGame.java:48:	private final JFileChooser 			fc = new JFileChooser();
/Users/eliahilse/Documents/GitHub/B/corpus/java/ApoDefence/Users/eliahilse/Documents/GitHub/B/apogames/Java/ApoDefence/ApoDefence/editor/ApoDefenceEditorGame.java:306:	protected void setLoad()
/Users/eliahilse/Documents/GitHub/B/corpus/java/ApoDefence/Users/eliahilse/Documents/GitHub/B/apogames/Java/ApoDefence/ApoDefence/editor/ApoDefenceEditorGame.java:308:		int p = this.fc.showOpenDialog(this);
/Users/eliahilse/Documents/GitHub/B/corpus/java/ApoDefence/Users/eliahilse/Documents/GitHub/B/apogames/Java/ApoDefence/ApoDefence/editor/ApoDefenceEditorGame.java:311:			String s = this.fc.getSelectedFile().getPath();
/Users/eliahilse/Documents/GitHub/B/corpus/java/ApoDefence/Users/eliahilse/Documents/GitHub/B/apogames/Java/ApoDefence/ApoDefence/editor/ApoDefenceEditorGame.java:312:			this.loadSave.readLevel( s );
/Users/eliahilse/Documents/GitHub/B/corpus/java/ApoDefence/Users/eliahilse/Documents/GitHub/B/apogames/Java/ApoDefence/ApoDefence/editor/ApoDefenceEditorGame.java:340:		int p = this.fc.showSaveDialog(this);
/Users/eliahilse/Documents/GitHub/B/corpus/java/ApoDefence/Users/eliahilse/Documents/GitHub/B/apogames/Java/ApoDefence/ApoDefence/editor/ApoDefenceEditorGame.java:343:			String s = this.fc.getSelectedFile().getPath();
/Users/eliahilse/Documents/GitHub/B/corpus/java/ApoDefence/Users/eliahilse/Documents/GitHub/B/apogames/Java/ApoDefence/ApoDefence/editor/ApoDefenceEditorGame.java:351:			this.loadSave.writeLevel( s );
/Users/eliahilse/Documents/GitHub/B/corpus/java/ApoDefence/Users/eliahilse/Documents/GitHub/B/apogames/Java/ApoDefence/ApoDefence/editor/ApoDefenceEditorHudGeneral.java:111:					this.setLoad();
/Users/eliahilse/Documents/GitHub/B/corpus/java/ApoDefence/Users/eliahilse/Documents/GitHub/B/apogames/Java/ApoDefence/ApoDefence/editor/ApoDefenceEditorHudGeneral.java:182:	private void setLoad()
/Users/eliahilse/Documents/GitHub/B/corpus/java/ApoDefence/Users/eliahilse/Documents/GitHub/B/apogames/Java/ApoDefence/ApoDefence/editor/ApoDefenceEditorHudGeneral.java:186:			this.hud.getEditor().setLoad();
[0m
[0m→ [0mRead Users/eliahilse/Documents/GitHub/B/apogames/Java/ApoDefence/ApoDefence/game/ApoDefenceGame.java[90m [offset=330, limit=130][0m
[0m
[0m$ [0mROOT="/Users/eliahilse/Documents/GitHub/B/corpus/java/ApoDefence/Users/eliahilse/Documents/GitHub/B/apogames/Java/ApoDefence/ApoDefence"; grep -rn -E "FileInputStream|FileOutputStream|FileReader|FileWriter|RandomAccessFile|readLine|Properties|Scanner|getPic|getResource|AudioSystem|Clip" "$ROOT" | grep -v "ApoDefenceLoadSave.java" | head -40
/Users/eliahilse/Documents/GitHub/B/corpus/java/ApoDefence/Users/eliahilse/Documents/GitHub/B/apogames/Java/ApoDefence/ApoDefence/options/ApoDefenceOptions.java:50:		this.iBackground			= image.getPic( "/images/first.png", false );
/Users/eliahilse/Documents/GitHub/B/corpus/java/ApoDefence/Users/eliahilse/Documents/GitHub/B/apogames/Java/ApoDefence/ApoDefence/options/ApoDefenceOptions.java:51:		this.iOptions				= image.getPic( "/images/first_options.png", false );
/Users/eliahilse/Documents/GitHub/B/corpus/java/ApoDefence/Users/eliahilse/Documents/GitHub/B/apogames/Java/ApoDefence/ApoDefence/options/ApoDefenceOptions.java:54:		this.buttons[0]				= new ApoDefenceButton( image.getPic( "/images/button/button_play.png" , false),       457, 117, 166, 36, "Play" );
/Users/eliahilse/Documents/GitHub/B/corpus/java/ApoDefence/Users/eliahilse/Documents/GitHub/B/apogames/Java/ApoDefence/ApoDefence/options/ApoDefenceOptions.java:55:		this.buttons[1]				= new ApoDefenceButton( image.getPic( "/images/button/button_load_first.png" , false), 457, 166, 166, 36, "Load" );
/Users/eliahilse/Documents/GitHub/B/corpus/java/ApoDefence/Users/eliahilse/Documents/GitHub/B/apogames/Java/ApoDefence/ApoDefence/options/ApoDefenceOptions.java:56:		this.buttons[2]				= new ApoDefenceButton( image.getPic( "/images/button/button_options.png" , false),    457, 215, 166, 36, "Options" );
/Users/eliahilse/Documents/GitHub/B/corpus/java/ApoDefence/Users/eliahilse/Documents/GitHub/B/apogames/Java/ApoDefence/ApoDefence/options/ApoDefenceOptions.java:57:		this.buttons[3]				= new ApoDefenceButton( image.getPic( "/images/button/button_exit.png" , false),       457, 314, 166, 36, "Exit" );
/Users/eliahilse/Documents/GitHub/B/corpus/java/ApoDefence/Users/eliahilse/Documents/GitHub/B/apogames/Java/ApoDefence/ApoDefence/options/ApoDefenceOptions.java:58:		this.buttons[4]				= new ApoDefenceButton( image.getPic( "/images/button/button_editor.png" , false),     457, 263, 166, 36, "Editor" );
/Users/eliahilse/Documents/GitHub/B/corpus/java/ApoDefence/Users/eliahilse/Documents/GitHub/B/apogames/Java/ApoDefence/ApoDefence/options/ApoDefenceOptions.java:60:		this.buttons[5]				= new ApoDefenceButton( image.getPic( "/images/button/button_options_general.png" , false),      23, 199, 100, 45, "General" );
/Users/eliahilse/Documents/GitHub/B/corpus/java/ApoDefence/Users/eliahilse/Documents/GitHub/B/apogames/Java/ApoDefence/ApoDefence/options/ApoDefenceOptions.java:62:		this.buttons[6]				= new ApoDefenceButton( image.getPic( "/images/button/button_options_research.png" , false),    123, 199, 100, 45, "Research" );
/Users/eliahilse/Documents/GitHub/B/corpus/java/ApoDefence/Users/eliahilse/Documents/GitHub/B/apogames/Java/ApoDefence/ApoDefence/options/ApoDefenceOptions.java:64:		this.buttons[7]				= new ApoDefenceButton( image.getPic( "/images/button/button_options_towers.png" , false),      223, 199, 100, 45, "Towers" );
/Users/eliahilse/Documents/GitHub/B/corpus/java/ApoDefence/Users/eliahilse/Documents/GitHub/B/apogames/Java/ApoDefence/ApoDefence/options/ApoDefenceOptions.java:66:		this.buttons[8]				= new ApoDefenceButton( image.getPic( "/images/button/button_options_enemies.png" , false),     323, 199, 100, 45, "Enemies" );
/Users/eliahilse/Documents/GitHub/B/corpus/java/ApoDefence/Users/eliahilse/Documents/GitHub/B/apogames/Java/ApoDefence/ApoDefence/options/ApoDefenceOptionsTower.java:34:		this.iBackground			= image.getPic( "/images/options_tower.png", false );
/Users/eliahilse/Documents/GitHub/B/corpus/java/ApoDefence/Users/eliahilse/Documents/GitHub/B/apogames/Java/ApoDefence/ApoDefence/options/ApoDefenceOptionsTower.java:36:		BufferedImage	button_up	= image.getPic( "/images/button/button_options_up.png", false );
/Users/eliahilse/Documents/GitHub/B/corpus/java/ApoDefence/Users/eliahilse/Documents/GitHub/B/apogames/Java/ApoDefence/ApoDefence/options/ApoDefenceOptionsTower.java:37:		BufferedImage	button_down	= image.getPic( "/images/button/button_options_down.png", false );
/Users/eliahilse/Documents/GitHub/B/corpus/java/ApoDefence/Users/eliahilse/Documents/GitHub/B/apogames/Java/ApoDefence/ApoDefence/options/ApoDefenceOptionsTower.java:40:		this.buttons[0]				= new ApoDefenceButton( image.getPic( "/images/button/button_options_original.png", false ),   156 + 15,  172 + 244, 100, 45, "Original" );
/Users/eliahilse/Documents/GitHub/B/corpus/java/ApoDefence/Users/eliahilse/Documents/GitHub/B/apogames/Java/ApoDefence/ApoDefence/options/ApoDefenceOptionsEnemy.java:28:		this.iBackground			= image.getPic( "/images/options_enemy.png", false );
/Users/eliahilse/Documents/GitHub/B/corpus/java/ApoDefence/Users/eliahilse/Documents/GitHub/B/apogames/Java/ApoDefence/ApoDefence/options/ApoDefenceOptionsEnemy.java:30:		BufferedImage	button_up	= image.getPic( "/images/button/button_options_up.png", false );
/Users/eliahilse/Documents/GitHub/B/corpus/java/ApoDefence/Users/eliahilse/Documents/GitHub/B/apogames/Java/ApoDefence/ApoDefence/options/ApoDefenceOptionsEnemy.java:31:		BufferedImage	button_down	= image.getPic( "/images/button/button_options_down.png", false );
/Users/eliahilse/Documents/GitHub/B/corpus/java/ApoDefence/Users/eliahilse/Documents/GitHub/B/apogames/Java/ApoDefence/ApoDefence/options/ApoDefenceOptionsEnemy.java:34:		this.buttons[0]				= new ApoDefenceButton( image.getPic( "/images/button/button_options_original.png", false ),   156 + 15,  172 + 244, 100, 45, "Original" );
/Users/eliahilse/Documents/GitHub/B/corpus/java/ApoDefence/Users/eliahilse/Documents/GitHub/B/apogames/Java/ApoDefence/ApoDefence/options/ApoDefenceOptionsResearch.java:25:		this.iBackground			= image.getPic( "/images/options_research.png", false );
/Users/eliahilse/Documents/GitHub/B/corpus/java/ApoDefence/Users/eliahilse/Documents/GitHub/B/apogames/Java/ApoDefence/ApoDefence/options/ApoDefenceOptionsResearch.java:27:		BufferedImage	button_up	= image.getPic( "/images/button/button_options_up.png", false );
/Users/eliahilse/Documents/GitHub/B/corpus/java/ApoDefence/Users/eliahilse/Documents/GitHub/B/apogames/Java/ApoDefence/ApoDefence/options/ApoDefenceOptionsResearch.java:28:		BufferedImage	button_down	= image.getPic( "/images/button/button_options_down.png", false );
/Users/eliahilse/Documents/GitHub/B/corpus/java/ApoDefence/Users/eliahilse/Documents/GitHub/B/apogames/Java/ApoDefence/ApoDefence/options/ApoDefenceOptionsResearch.java:31:		this.buttons[0]				= new ApoDefenceButton( image.getPic( "/images/button/button_options_original.png", false ),   156 + 15,  172 + 244, 100, 45, "Original" );
/Users/eliahilse/Documents/GitHub/B/corpus/java/ApoDefence/Users/eliahilse/Documents/GitHub/B/apogames/Java/ApoDefence/ApoDefence/options/ApoDefenceOptionsGeneral.java:25:		this.iBackground			= image.getPic( "/images/options_general.png", false );
/Users/eliahilse/Documents/GitHub/B/corpus/java/ApoDefence/Users/eliahilse/Documents/GitHub/B/apogames/Java/ApoDefence/ApoDefence/options/ApoDefenceOptionsGeneral.java:27:		BufferedImage	button_up	= image.getPic( "/images/button/button_options_up.png", false );
/Users/eliahilse/Documents/GitHub/B/corpus/java/ApoDefence/Users/eliahilse/Documents/GitHub/B/apogames/Java/ApoDefence/ApoDefence/options/ApoDefenceOptionsGeneral.java:28:		BufferedImage	button_down	= image.getPic( "/images/button/button_options_down.png", false );
/Users/eliahilse/Documents/GitHub/B/corpus/java/ApoDefence/Users/eliahilse/Documents/GitHub/B/apogames/Java/ApoDefence/ApoDefence/options/ApoDefenceOptionsGeneral.java:31:		this.buttons[0]				= new ApoDefenceButton( image.getPic( "/images/button/button_options_original.png", false ),   156 + 15,  172 + 244, 100, 45, "Original" );
/Users/eliahilse/Documents/GitHub/B/corpus/java/ApoDefence/Users/eliahilse/Documents/GitHub/B/apogames/Java/ApoDefence/ApoDefence/ApoDefenceImage.java:63:	public BufferedImage getPic( String BildString, boolean bLoad ) 
/Users/eliahilse/Documents/GitHub/B/corpus/java/ApoDefence/Users/eliahilse/Documents/GitHub/B/apogames/Java/ApoDefence/ApoDefence/ApoDefenceImage.java:103:				img = ImageIO.read( ApoDefenceImage.class.getResource( BildName ) );
/Users/eliahilse/Documents/GitHub/B/corpus/java/ApoDefence/Users/eliahilse/Documents/GitHub/B/apogames/Java/ApoDefence/ApoDefence/game/ApoDefenceGameTower.java:40:		this.iTowerArch			= image.getPic( "/images/tower/tower_arch.png", false );
/Users/eliahilse/Documents/GitHub/B/corpus/java/ApoDefence/Users/eliahilse/Documents/GitHub/B/apogames/Java/ApoDefence/ApoDefence/game/ApoDefenceGameTower.java:41:		this.iTowerFire			= image.getPic( "/images/tower/tower_fire.png", false );
/Users/eliahilse/Documents/GitHub/B/corpus/java/ApoDefence/Users/eliahilse/Documents/GitHub/B/apogames/Java/ApoDefence/ApoDefence/game/ApoDefenceGameTower.java:42:		this.iTowerIce			= image.getPic( "/images/tower/tower_ice.png", false );
/Users/eliahilse/Documents/GitHub/B/corpus/java/ApoDefence/Users/eliahilse/Documents/GitHub/B/apogames/Java/ApoDefence/ApoDefence/game/ApoDefenceGameTower.java:43:		this.iTowerLight		= image.getPic( "/images/tower/tower_light.png", false );
/Users/eliahilse/Documents/GitHub/B/corpus/java/ApoDefence/Users/eliahilse/Documents/GitHub/B/apogames/Java/ApoDefence/ApoDefence/game/ApoDefenceGameTower.java:44:		this.iTowerUltra		= image.getPic( "/images/tower/tower_ultra.png", false );
/Users/eliahilse/Documents/GitHub/B/corpus/java/ApoDefence/Users/eliahilse/Documents/GitHub/B/apogames/Java/ApoDefence/ApoDefence/game/ApoDefenceGameTower.java:45:		this.iTowerUltraShoot	= image.getPic( "/images/tower/ultraball.png", false );
/Users/eliahilse/Documents/GitHub/B/corpus/java/ApoDefence/Users/eliahilse/Documents/GitHub/B/apogames/Java/ApoDefence/ApoDefence/game/ApoDefenceGameEnemy.java:56:		this.iEnemyBird			= image.getPic( "/images/monster/monster_bird.png", false );
/Users/eliahilse/Documents/GitHub/B/corpus/java/ApoDefence/Users/eliahilse/Documents/GitHub/B/apogames/Java/ApoDefence/ApoDefence/game/ApoDefenceGameEnemy.java:57:		this.iEnemyDog			= image.getPic( "/images/monster/monster_dog.png", false );
/Users/eliahilse/Documents/GitHub/B/corpus/java/ApoDefence/Users/eliahilse/Documents/GitHub/B/apogames/Java/ApoDefence/ApoDefence/game/ApoDefenceGameEnemy.java:58:		this.iEnemyGhost		= image.getPic( "/images/monster/monster_ghost.png", false );
/Users/eliahilse/Documents/GitHub/B/corpus/java/ApoDefence/Users/eliahilse/Documents/GitHub/B/apogames/Java/ApoDefence/ApoDefence/game/ApoDefenceGameEnemy.java:59:		this.iEnemyLion			= image.getPic( "/images/monster/monster_lion.png", false );
/Users/eliahilse/Documents/GitHub/B/corpus/java/ApoDefence/Users/eliahilse/Documents/GitHub/B/apogames/Java/ApoDefence/ApoDefence/game/ApoDefenceGameEnemy.java:60:		this.iEnemyHorse		= image.getPic( "/images/monster/monster_horse.png", false );
[0m
[0m$ [0mROOT="/Users/eliahilse/Documents/GitHub/B/corpus/java/ApoDefence/Users/eliahilse/Documents/GitHub/B/apogames/Java/ApoDefence/ApoDefence"; wc -l "$ROOT"/*.java "$ROOT"/game/*.java "$ROOT"/editor/*.java "$ROOT"/options/*.java | tail -5; grep -rn "imageString" "$ROOT" | head
1547 /Users/eliahilse/Documents/GitHub/B/corpus/java/ApoDefence/Users/eliahilse/Documents/GitHub/B/apogames/Java/ApoDefence/ApoDefence/options/ApoDefenceOptionsEnemy.java
     193 /Users/eliahilse/Documents/GitHub/B/corpus/java/ApoDefence/Users/eliahilse/Documents/GitHub/B/apogames/Java/ApoDefence/ApoDefence/options/ApoDefenceOptionsGeneral.java
     277 /Users/eliahilse/Documents/GitHub/B/corpus/java/ApoDefence/Users/eliahilse/Documents/GitHub/B/apogames/Java/ApoDefence/ApoDefence/options/ApoDefenceOptionsResearch.java
     871 /Users/eliahilse/Documents/GitHub/B/corpus/java/ApoDefence/Users/eliahilse/Documents/GitHub/B/apogames/Java/ApoDefence/ApoDefence/options/ApoDefenceOptionsTower.java
   15320 total
/Users/eliahilse/Documents/GitHub/B/corpus/java/ApoDefence/Users/eliahilse/Documents/GitHub/B/apogames/Java/ApoDefence/ApoDefence/game/ApoDefenceGame.java:97:	private String 						imageString;
/Users/eliahilse/Documents/GitHub/B/corpus/java/ApoDefence/Users/eliahilse/Documents/GitHub/B/apogames/Java/ApoDefence/ApoDefence/game/ApoDefenceGame.java:132:		this.imageString			= "";
/Users/eliahilse/Documents/GitHub/B/corpus/java/ApoDefence/Users/eliahilse/Documents/GitHub/B/apogames/Java/ApoDefence/ApoDefence/game/ApoDefenceGame.java:1069:		if ( !this.imageString.equals( this.loadSave.getImageString() ) )
/Users/eliahilse/Documents/GitHub/B/corpus/java/ApoDefence/Users/eliahilse/Documents/GitHub/B/apogames/Java/ApoDefence/ApoDefence/game/ApoDefenceGame.java:1071:			this.imageString	= this.loadSave.getImageString();
/Users/eliahilse/Documents/GitHub/B/corpus/java/ApoDefence/Users/eliahilse/Documents/GitHub/B/apogames/Java/ApoDefence/ApoDefence/game/ApoDefenceGame.java:1072:			this.iUnderground	= this.image.getPic( this.imageString, false );
/Users/eliahilse/Documents/GitHub/B/corpus/java/ApoDefence/Users/eliahilse/Documents/GitHub/B/apogames/Java/ApoDefence/ApoDefence/ApoDefenceLoadSave.java:36:	private String				imageString;
/Users/eliahilse/Documents/GitHub/B/corpus/java/ApoDefence/Users/eliahilse/Documents/GitHub/B/apogames/Java/ApoDefence/ApoDefence/ApoDefenceLoadSave.java:49:		this.imageString		= "";
/Users/eliahilse/Documents/GitHub/B/corpus/java/ApoDefence/Users/eliahilse/Documents/GitHub/B/apogames/Java/ApoDefence/ApoDefence/ApoDefenceLoadSave.java:65:	 * @param imageString: gibt an, welchen Untergrund zum malen bentutzt werden soll
/Users/eliahilse/Documents/GitHub/B/corpus/java/ApoDefence/Users/eliahilse/Documents/GitHub/B/apogames/Java/ApoDefence/ApoDefence/ApoDefenceLoadSave.java:71:	public void setAll( int x, int y, int[][] aPlayground, Point pointDefend, Point pointUpgrade, ArrayList<ApoDefenceDragObject> enemyWay, String imageString, int money, int towerCount, int waves, ArrayList<Integer> enemies )
/Users/eliahilse/Documents/GitHub/B/corpus/java/ApoDefence/Users/eliahilse/Documents/GitHub/B/apogames/Java/ApoDefence/ApoDefence/ApoDefenceLoadSave.java:79:		this.imageString	= imageString;
[0m
[0m→ [0mRead Users/eliahilse/Documents/GitHub/B/apogames/Java/ApoDefence/ApoDefence/ApoDefenceImage.java
[0m→ [0mRead Users/eliahilse/Documents/GitHub/B/apogames/Java/ApoDefence/ApoDefence/game/ApoDefenceGame.java[90m [limit=80, offset=740][0m
[0m→ [0mRead Users/eliahilse/Documents/GitHub/B/apogames/Java/ApoDefence/ApoDefence/game/ApoDefenceGame.java[90m [limit=90, offset=100][0m
[0m
[0m$ [0mROOT="/Users/eliahilse/Documents/GitHub/B/corpus/java/ApoDefence/Users/eliahilse/Documents/GitHub/B/apogames/Java/ApoDefence/ApoDefence"; grep -rn -E "exec|ProcessBuilder|loadLibrary|System\.load|Applet|JApplet|ObjectInput|ObjectOutput|Serializable|MD5|SHA|Cipher|KeyStore|Password|secret|token" "$ROOT"; echo ---; grep -rn -E "new File\(|FileWriter|PrintWriter|\.delete\(|renameTo" "$ROOT"
---
/Users/eliahilse/Documents/GitHub/B/corpus/java/ApoDefence/Users/eliahilse/Documents/GitHub/B/apogames/Java/ApoDefence/ApoDefence/game/ApoDefenceGame.java:128:		this.fc.setCurrentDirectory( new File( System.getProperty("user.dir") + File.separator+ "levels" ) );
/Users/eliahilse/Documents/GitHub/B/corpus/java/ApoDefence/Users/eliahilse/Documents/GitHub/B/apogames/Java/ApoDefence/ApoDefence/ApoDefenceSounds.java:33:     ApoDefenceSounds s1=new ApoDefenceSounds(new File("sound1.wav"));
/Users/eliahilse/Documents/GitHub/B/corpus/java/ApoDefence/Users/eliahilse/Documents/GitHub/B/apogames/Java/ApoDefence/ApoDefence/ApoDefenceSounds.java:34:     ApoDefenceSounds s2=new ApoDefenceSounds(new File("sound2.wav"));
/Users/eliahilse/Documents/GitHub/B/corpus/java/ApoDefence/Users/eliahilse/Documents/GitHub/B/apogames/Java/ApoDefence/ApoDefence/ApoDefenceSounds.java:35:     ApoDefenceSounds s3=new ApoDefenceSounds(new File("sound3.wav"));
/Users/eliahilse/Documents/GitHub/B/corpus/java/ApoDefence/Users/eliahilse/Documents/GitHub/B/apogames/Java/ApoDefence/ApoDefence/editor/ApoDefenceEditorGame.java:62:		this.fc.setCurrentDirectory( new File( System.getProperty("user.dir") + File.separator+ "levels" ) );
[0m
[0m→ [0mRead Users/eliahilse/Documents/GitHub/B/apogames/Java/ApoDefence/ApoDefence/editor/ApoDefenceEditorGame.java[90m [limit=70, offset=295][0m
[0m
[0m$ [0mROOT="/Users/eliahilse/Documents/GitHub/B/corpus/java/ApoDefence/Users/eliahilse/Documents/GitHub/B/apogames/Java/ApoDefence/ApoDefence"; grep -n "restart\|getXValue\|getYValue\|makeNewWave\|aPlayground" "$ROOT/game/ApoDefenceGame.java" | head -30; echo ---; grep -n "makeNewWave\|enemies" "$ROOT/game/ApoDefenceGameEnemy.java" | head -20
67:	private int[][]						aPlayground;
147:		this.buttons[0]	= new ApoDefenceButton( image.getPic( "/images/button/button_restart.png" , false), 	    240, 165, 162, 24, "Restart" );
217:			this.aPlayground			= new int[this.y][this.x];
242:				if ( this.aPlayground[i][j] == ApoDefenceConstants.EMPTY )
255:				else if ( this.aPlayground[i][j] == ApoDefenceConstants.LEFT_UP )
260:				else if ( this.aPlayground[i][j] == ApoDefenceConstants.LEFT )
262:				else if ( this.aPlayground[i][j] == ApoDefenceConstants.RIGHT )
264:				else if ( this.aPlayground[i][j] == ApoDefenceConstants.LEFT_DOWN )
269:				else if ( this.aPlayground[i][j] == ApoDefenceConstants.LEFT_RIGHT )
274:				else if ( this.aPlayground[i][j] == ApoDefenceConstants.LEFT_UP_RIGHT )
280:				else if ( this.aPlayground[i][j] == ApoDefenceConstants.LEFT_DOWN_RIGHT )
287:				else if ( this.aPlayground[i][j] == ApoDefenceConstants.LEFT_DOWN_RIGHT_UP )
294:				else if ( this.aPlayground[i][j] == ApoDefenceConstants.UP )
298:				else if ( this.aPlayground[i][j] == ApoDefenceConstants.DOWN )
302:				else if ( this.aPlayground[i][j] == ApoDefenceConstants.UP_DOWN )
307:				else if ( this.aPlayground[i][j] == ApoDefenceConstants.UP_RIGHT )
312:				else if ( this.aPlayground[i][j] == ApoDefenceConstants.UP_RIGHT_DOWN )
318:				else if ( this.aPlayground[i][j] == ApoDefenceConstants.DOWN_RIGHT )
323:				else if ( this.aPlayground[i][j] == ApoDefenceConstants.DOWN_LEFT_UP )
329:				else if ( this.aPlayground[i][j] == ApoDefenceConstants.SAND )
368:			this.restart();
393:				this.gameEnemy.makeNewWave( this.waves );
455:				if ( this.currentX < this.getXValue() * 32 - 640 - 3 )
463:				if ( this.currentY < this.getYValue() * 32 - 342 - 3 )
559:				this.restart();
751:						this.restart();
910:		return this.aPlayground;
1048:	public void restart()
1058:		this.aPlayground	= this.loadSave.getAPlayground();
1065:		this.gameTower.restart();
---
159:	public void makeNewWave( int level )
[0m
[0m→ [0mRead Users/eliahilse/Documents/GitHub/B/apogames/Java/ApoDefence/ApoDefence/game/ApoDefenceGame.java[90m [limit=40, offset=1040][0m
[0m→ [0mRead Users/eliahilse/Documents/GitHub/B/apogames/Java/ApoDefence/ApoDefence/game/ApoDefenceGameEnemy.java[90m [limit=60, offset=150][0m
[0m
[0m$ [0mROOT="/Users/eliahilse/Documents/GitHub/B/corpus/java/ApoDefence/Users/eliahilse/Documents/GitHub/B/apogames/Java/ApoDefence/ApoDefence"; grep -rn -E "Socket|DatagramPacket|URLConnection|InetAddress|ServerSocket" "$ROOT"; echo "exit=$?"
/Users/eliahilse/Documents/GitHub/B/corpus/java/ApoDefence/Users/eliahilse/Documents/GitHub/B/apogames/Java/ApoDefence/ApoDefence/game/ApoDefenceHighscore.java:10:import java.net.HttpURLConnection;
/Users/eliahilse/Documents/GitHub/B/corpus/java/ApoDefence/Users/eliahilse/Documents/GitHub/B/apogames/Java/ApoDefence/ApoDefence/game/ApoDefenceHighscore.java:200:			HttpURLConnection con = (HttpURLConnection) this.writeConnection
exit=0
[0m
[0m→ [0mRead Users/eliahilse/Documents/GitHub/B/apogames/Java/ApoDefence/ApoDefence/ApoDefenceSounds.java[90m [limit=60][0m
I've completed the audit. I read all 67 Java files' key paths (network, file I/O, parsing) and grepped the entire tree for the known corpus patterns. Summary of what I verified:

- **Network code** exists only in `game/ApoDefenceHighscore.java` — plain HTTP to `daporius.drition.net` (highscore.xml / highscore.php) and `home.arcor.de`.
- **Custom binary parser** in `ApoDefenceLoadSave.java` parses `.defence` level files with unvalidated lengths; reachable from both the game and the editor via `JFileChooser`.
- **"Encryption"** is Base64 applied 2–5 times (`ApoDefenceHighscoreEncrypt.java`).
- **Confirmed absent**: no `ClassLoader`/`defineClass`, no `ObjectInputStream`, no `MessageDigest`, no JNI/`System.load`, no applet, no `Runtime.exec`, no `user.home` paths.

<<<JSON_BEGIN>>>
{
  "variant": "ApoDefence",
  "files_reviewed": 67,
  "notable_files": [
    "Users/eliahilse/Documents/GitHub/B/apogames/Java/ApoDefence/ApoDefence/game/ApoDefenceHighscore.java",
    "Users/eliahilse/Documents/GitHub/B/apogames/Java/ApoDefence/ApoDefence/game/ApoDefenceHighscoreEncrypt.java",
    "Users/eliahilse/Documents/GitHub/B/apogames/Java/ApoDefence/ApoDefence/ApoDefenceLoadSave.java",
    "Users/eliahilse/Documents/GitHub/B/apogames/Java/ApoDefence/ApoDefence/game/ApoDefenceGame.java",
    "Users/eliahilse/Documents/GitHub/B/apogames/Java/ApoDefence/ApoDefence/editor/ApoDefenceEditorGame.java",
    "Users/eliahilse/Documents/GitHub/B/apogames/Java/ApoDefence/ApoDefence/ApoDefenceImage.java"
  ],
  "findings": [
    {
      "id": "ApoDefence-01",
      "title": "Plain-HTTP highscore fetch and submission (no TLS, no integrity)",
      "category": "insecure_transport",
      "cwe": "CWE-319",
      "file": "Users/eliahilse/Documents/GitHub/B/apogames/Java/ApoDefence/ApoDefence/game/ApoDefenceHighscore.java",
      "line": 191,
      "code_excerpt": "String url = \"http://daporius.drition.net/highscore.php?\";\nString getUrl = \"name=\" + baseName + \"&map=\" + baseMap + \"&level=\" + baseLevel + \"&points=\" + basePoints + \"&cor=\" + day;\n...\nconnection = new URL(\"http://daporius.drition.net/highscore.xml\");  // line 81-82\nBufferedImage iConnect = ImageIO.read(new URL(\"http://home.arcor.de/newbielein/test.gif\")); // line 63-64",
      "entry_point": "Game-over / win path: ApoDefenceGame.think() (ApoDefenceGame.java:400-431) calls highscore.canConnect() and highscore.makeEntity(); Upload button handler (ApoDefenceGame.java:777) calls highscore.send(nickname, level, waves, points)",
      "sink": "java.net.URL.openStream()/HttpURLConnection GET to http://daporius.drition.net/highscore.xml and highscore.php, and ImageIO.read over http://home.arcor.de",
      "data_path": "ApoDefenceGame.think() -> ApoDefenceHighscore.canConnect()/makeEntity() -> URL.openStream(); ApoDefenceGame mouse handler -> ApoDefenceHighscore.send() -> HttpURLConnection GET with nickname/map/level/points in the query string",
      "attack_scenario": "A network attacker (open Wi-Fi, ISP, or anyone who re-registers the long-dead daporius.drition.net / home.arcor.de domains) can: (1) read the player's nickname and score submitted in cleartext GET parameters; (2) forge arbitrary highscore submissions since there is no authentication; (3) return a crafted highscore.xml body, which feeds directly into the fragile parser of finding ApoDefence-02 to crash the client.",
      "reachable": true,
      "preconditions": "Player finishes or loses a game while online; attacker is on the network path or controls the (defunct) domains. No user interaction beyond normal play.",
      "severity": "medium",
      "confidence": "high",
      "validation_plan": "Run the game with /etc/hosts mapping daporius.drition.net and home.arcor.de to 127.0.0.1, serve any GIF at /test.gif and a controlled XML body at /highscore.xml, lose a game, and observe via tcpdump/Wireshark that the GET to /highscore.php?name=...&points=... is cleartext HTTP and that the client accepts the attacker-controlled XML.",
      "shared_component": true
    },
    {
      "id": "ApoDefence-02",
      "title": "Hand-rolled substring parser on server-controlled highscore.xml crashes client",
      "category": "unsafe_custom_parser",
      "cwe": "CWE-20",
      "file": "Users/eliahilse/Documents/GitHub/B/apogames/Java/ApoDefence/ApoDefence/game/ApoDefenceHighscore.java",
      "line": 95,
      "code_excerpt": "while (s.indexOf(\"<person>\") != -1) {\n  int i = s.indexOf(\"<person>\") + 9;\n  int h = s.indexOf(\"</person>\");\n  String sub = s.substring(i, h);\n  String name = sub.substring(sub.indexOf(\"<nickname>\") + 10, sub.indexOf(\"</nickname>\"));\n  int level = Integer.parseInt(sub.substring(sub.indexOf(\"<level>\") + 7, sub.indexOf(\"</level>\")));",
      "entry_point": "HTTP response body of http://daporius.drition.net/highscore.xml fetched in makeEntity() at line 83-87 (new Scanner(is).useDelimiter(\"\\\\Z\").next())",
      "sink": "String.substring() with indexOf()-derived offsets and Integer.parseInt() on attacker-controlled content; also new Scanner(is) at line 87 dereferences this.is which stays null if openStream() threw IOException",
      "data_path": "ApoDefenceGame.think() (lines 405/431) -> ApoDefenceHighscore.makeEntity() -> makeEntity(String) parser. No try/catch around the parsing; only the fetch is caught.",
      "attack_scenario": "A malicious server or MITM (trivial over plain HTTP, see ApoDefence-01) returns a body containing '<person>' without a matching '</person>' (h == -1 -> substring(i,-1) throws StringIndexOutOfBoundsException), or a '<level>abc</level>' (NumberFormatException from parseInt), or simply makes the fetch fail after canConnect() succeeded (is == null -> NullPointerException in new Scanner(is)). The uncaught RuntimeException kills the game loop thread exactly at the win/lose screen.",
      "reachable": true,
      "preconditions": "Attacker controls the HTTP response (network position or the defunct domain); player reaches the win/lose highscore path while canConnect() succeeds.",
      "severity": "low",
      "confidence": "high",
      "validation_plan": "Serve '<person><nickname>x' (truncated) as highscore.xml via a local hosts redirect, trigger makeEntity() (lose a game), and observe an uncaught StringIndexOutOfBoundsException on the game thread; repeat with '<level>zz</level>' for NumberFormatException, and with a connection reset between canConnect() and makeEntity() for the NPE at line 87.",
      "shared_component": true
    },
    {
      "id": "ApoDefence-03",
      "title": "Level file parser allocates int[y][x] from unvalidated file-controlled dimensions",
      "category": "resource_exhaustion",
      "cwe": "CWE-789",
      "file": "Users/eliahilse/Documents/GitHub/B/apogames/Java/ApoDefence/ApoDefence/ApoDefenceLoadSave.java",
      "line": 156,
      "code_excerpt": "this.x = data.readInt();\nthis.y = data.readInt();\nthis.aPlayground = new int[this.y][this.x];\nfor (int i = 0; i < this.y; i++) { for (int j = 0; j < this.x; j++) { this.aPlayground[i][j] = data.readInt(); } }",
      "entry_point": "A .defence level file on disk chosen by the user: ApoDefenceGame.setLoad() (ApoDefenceGame.java:347-362, JFileChooser 'Load' button) and ApoDefenceEditorGame.setLoad() (ApoDefenceEditorGame.java:306-312) both call loadSave.readLevel(s); the game also auto-loads user.dir/levels/Original_First.defence at startup (line 176)",
      "sink": "new int[this.y][this.x] heap allocation with y and x read directly from the file (also NegativeArraySizeException for negative values; neither is caught — only EOFException and IOException are)",
      "data_path": "JFileChooser selected file path -> ApoDefenceLoadSave.readLevel(fileName) -> DataInputStream.readInt() for x,y -> array allocation; subsequent per-cell readInt() loop iterates y*x times",
      "attack_scenario": "Attacker shares a crafted .defence level (e.g. via a community level exchange); the victim opens it with the Load button. First 8 bytes = x=0x7FFFFFFF, y=0x7FFFFFFF -> immediate OutOfMemoryError crashing the JVM; negative values -> uncaught NegativeArraySizeException; a large-but-legal x*y forces a multi-minute read loop on a short file until EOFException (which is caught, leaving a giant mostly-zero array and possibly a hung UI). A level file whose name contains no '.' additionally crashes at line 154 (lastIndexOf('.') == -1 -> substring StringIndexOutOfBoundsException).",
      "reachable": true,
      "preconditions": "Victim must download/open an untrusted .defence file; the file chooser filter ('defence' extension, ApoDefenceGame.java:102) is cosmetic and does not validate content.",
      "severity": "low",
      "confidence": "high",
      "validation_plan": "Craft a file whose first 8 bytes are 00 00 7F FF 00 00 7F FF, name it evil.defence, open it via the game's Load button: observe OutOfMemoryError/NegativeArraySizeException crashing the process (no catch for these in readLevel). Repeat with 8 zero-length bytes to confirm the EOF path is the only handled one.",
      "shared_component": true
    },
    {
      "id": "ApoDefence-04",
      "title": "Highscore 'encryption' is repeated Base64; score integrity is trivially forgeable",
      "category": "weak_integrity_check",
      "cwe": "CWE-345",
      "file": "Users/eliahilse/Documents/GitHub/B/apogames/Java/ApoDefence/ApoDefence/game/ApoDefenceHighscore.java",
      "line": 167,
      "code_excerpt": "ApoDefenceHighscoreEncrypt base = new ApoDefenceHighscoreEncrypt();\nString baseName = base.encodeString(name); baseName = base.encodeString(baseName); baseName = base.encodeString(baseName);\n...\nString day = Integer.toString(Calendar.getInstance().get(Calendar.DAY_OF_MONTH));\nday = base.encodeString(day); day = base.encodeString(day);",
      "entry_point": "ApoDefenceHighscoreEncrypt.encodeString() (ApoDefenceHighscoreEncrypt.java:61-63) is a stock Base64 encoder (Christian d'Heureuse Base64Coder); the anti-tamper token 'cor' is just the day-of-month Base64-encoded twice",
      "sink": "GET http://daporius.drition.net/highscore.php?name=...&map=...&level=...&points=...&cor=... accepted by the server as a valid score submission",
      "data_path": "ApoDefenceGame.java:777 highscore.send(nickname, level, waves, points) -> Base64 x2..x5 -> URL query string -> server. The points value is computed entirely client-side and the only 'protection' is the publicly readable Base64 wrapping plus a 31-value day token.",
      "attack_scenario": "Anyone who reads this source (or reverses one captured request) can forge a top score: compute cor = base64(base64(dayOfMonth)), Base64-wrap an arbitrary name/map/level/points the required number of times, and issue one GET. No secret key exists, so server-side validation cannot distinguish a forged submission from a real one.",
      "reachable": true,
      "preconditions": "Server endpoint still reachable (or an attacker-run clone); attacker reads the client source or intercepts one request.",
      "severity": "low",
      "confidence": "high",
      "validation_plan": "In Python: cor = b64(b64(str(day))); points = b64 applied 5x to '99999999'; GET highscore.php with those params; then fetch highscore.xml and confirm the forged entry appears (or, offline, decode one captured request with the same class's decode() to prove the scheme is pure Base64).",
      "shared_component": true
    },
    {
      "id": "ApoDefence-05",
      "title": "Level-file imageString reaches ClassLoader.getResource; null resource crashes with NPE",
      "category": "unsafe_custom_parser",
      "cwe": "CWE-476",
      "file": "Users/eliahilse/Documents/GitHub/B/apogames/Java/ApoDefence/ApoDefence/game/ApoDefenceGame.java",
      "line": 1072,
      "code_excerpt": "if (!this.imageString.equals(this.loadSave.getImageString())) {\n  this.imageString = this.loadSave.getImageString();\n  this.iUnderground = this.image.getPic(this.imageString, false);\n}",
      "entry_point": "The writeUTF/readUTF 'imageString' field of a .defence level file (ApoDefenceLoadSave.java:185 this.imageString = data.readUTF())",
      "sink": "ApoDefenceImage.getImage() (ApoDefenceImage.java:103-108): ImageIO.read(ApoDefenceImage.class.getResource(BildName)) returns null for a nonexistent classpath resource, then img.getWidth() throws NullPointerException; MediaTracker.addImage(null,0) in getPic (line 71) also throws",
      "data_path": "Crafted .defence file -> ApoDefenceGame.setLoad() -> readLevel() -> restart() (line 1069-1073) -> image.getPic(imageString,false); same path in the editor at ApoDefenceEditorGame.java:325-329",
      "attack_scenario": "Attacker crafts a .defence file whose imageString is e.g. '/images/does_not_exist.png' (or an arbitrary classpath path such as '/META-INF/MANIFEST.MF', which ImageIO cannot decode, also yielding null). Victim loads the level; the game dies with an uncaught NPE during restart(). Note this is confined to classpath resource lookup — no filesystem path traversal is possible through getResource.",
      "reachable": true,
      "preconditions": "Victim opens an untrusted .defence file via the Load dialog (same precondition as ApoDefence-03).",
      "severity": "low",
      "confidence": "high",
      "validation_plan": "Take a valid .defence file, rewrite the imageString UTF field to '/nope.png', load it in the game, and observe the uncaught NullPointerException at ApoDefenceImage.getImage line 108 (img.getWidth()).",
      "shared_component": true
    }
  ],
  "categories_checked_and_absent": [
    "remote_code_loading",
    "untrusted_deserialization",
    "unsafe_native_call",
    "path_traversal",
    "legacy_sandbox_assumption",
    "credential_or_secret_exposure",
    "information_disclosure"
  ],
  "notes": "The corpus tree nests the project under a duplicated absolute path (Users/eliahilse/.../apogames/Java/ApoDefence/ApoDefence/); all paths above are relative to the stated source root. This variant has NO custom ClassLoader/defineClass, no ObjectInputStream, no MessageDigest/MD5, no JNI/System.load, no applet entry point (ApoDefenceMain is a plain JFrame), no Runtime.exec, and no user.home usage — grep over all 67 .java files confirms these absences, so the corpus's heavier findings (remote class loading, Java deserialization) genuinely do not occur here. The only network surface is ApoDefenceHighscore.java; the only file parsers are the .defence binary format (ApoDefenceLoadSave, DataInputStream, not Java serialization) and classpath image loading. Highscore submission is additionally gated by main.isOriginal() (ApoDefenceGame.java:400,426), a client-side check any local tamperer can bypass — consistent with, and folded into, finding ApoDefence-04's client-side-trust assessment. Severity across this variant is dominated by local DoS/crash and cheatable highscores; nothing found enables code execution or data theft under the stated desktop-game threat model. ApoDefenceSounds.java is dead demo code (its main() is unused by the game)."
}
<<<JSON_END>>>
