[0m
> build · kimi-k3
[0m
[0m$ [0mfind /Users/eliahilse/Documents/GitHub/B/corpus/java/ApoBot -type f | head -100
/Users/eliahilse/Documents/GitHub/B/corpus/java/ApoBot/Users/eliahilse/Documents/GitHub/B/apogames/Java/ApoBot/org/apogames/ApoIO.java
/Users/eliahilse/Documents/GitHub/B/corpus/java/ApoBot/Users/eliahilse/Documents/GitHub/B/apogames/Java/ApoBot/org/apogames/ApoThread.java
/Users/eliahilse/Documents/GitHub/B/corpus/java/ApoBot/Users/eliahilse/Documents/GitHub/B/apogames/Java/ApoBot/org/apogames/ApoConstants.java
/Users/eliahilse/Documents/GitHub/B/corpus/java/ApoBot/Users/eliahilse/Documents/GitHub/B/apogames/Java/ApoBot/org/apogames/ApoStart.java
/Users/eliahilse/Documents/GitHub/B/corpus/java/ApoBot/Users/eliahilse/Documents/GitHub/B/apogames/Java/ApoBot/org/apogames/entity/ApoEntity.java
/Users/eliahilse/Documents/GitHub/B/corpus/java/ApoBot/Users/eliahilse/Documents/GitHub/B/apogames/Java/ApoBot/org/apogames/entity/ApoAnimation.java
/Users/eliahilse/Documents/GitHub/B/corpus/java/ApoBot/Users/eliahilse/Documents/GitHub/B/apogames/Java/ApoBot/org/apogames/entity/ApoButtonText.java
/Users/eliahilse/Documents/GitHub/B/corpus/java/ApoBot/Users/eliahilse/Documents/GitHub/B/apogames/Java/ApoBot/org/apogames/entity/ApoButton.java
/Users/eliahilse/Documents/GitHub/B/corpus/java/ApoBot/Users/eliahilse/Documents/GitHub/B/apogames/Java/ApoBot/org/apogames/entity/ApoDragObject.java
/Users/eliahilse/Documents/GitHub/B/corpus/java/ApoBot/Users/eliahilse/Documents/GitHub/B/apogames/Java/ApoBot/org/apogames/ApoApplet.java
/Users/eliahilse/Documents/GitHub/B/corpus/java/ApoBot/Users/eliahilse/Documents/GitHub/B/apogames/Java/ApoBot/org/apogames/image/ApoRawScale3x.java
/Users/eliahilse/Documents/GitHub/B/corpus/java/ApoBot/Users/eliahilse/Documents/GitHub/B/apogames/Java/ApoBot/org/apogames/image/ApoImage.java
/Users/eliahilse/Documents/GitHub/B/corpus/java/ApoBot/Users/eliahilse/Documents/GitHub/B/apogames/Java/ApoBot/org/apogames/image/ApoImageScale.java
/Users/eliahilse/Documents/GitHub/B/corpus/java/ApoBot/Users/eliahilse/Documents/GitHub/B/apogames/Java/ApoBot/org/apogames/image/ApoRawScale2x.java
/Users/eliahilse/Documents/GitHub/B/corpus/java/ApoBot/Users/eliahilse/Documents/GitHub/B/apogames/Java/ApoBot/org/apogames/image/ApoImageFromValue.java
/Users/eliahilse/Documents/GitHub/B/corpus/java/ApoBot/Users/eliahilse/Documents/GitHub/B/apogames/Java/ApoBot/org/apogames/ApoComponent.java
/Users/eliahilse/Documents/GitHub/B/corpus/java/ApoBot/Users/eliahilse/Documents/GitHub/B/apogames/Java/ApoBot/org/apogames/ApoMainBufferedStrategy.java
/Users/eliahilse/Documents/GitHub/B/corpus/java/ApoBot/Users/eliahilse/Documents/GitHub/B/apogames/Java/ApoBot/org/apogames/ApoTimerInterface.java
/Users/eliahilse/Documents/GitHub/B/corpus/java/ApoBot/Users/eliahilse/Documents/GitHub/B/apogames/Java/ApoBot/org/apogames/ApoAppletBufferedStrategy.java
/Users/eliahilse/Documents/GitHub/B/corpus/java/ApoBot/Users/eliahilse/Documents/GitHub/B/apogames/Java/ApoBot/org/apogames/ApoNewThread.java
/Users/eliahilse/Documents/GitHub/B/corpus/java/ApoBot/Users/eliahilse/Documents/GitHub/B/apogames/Java/ApoBot/org/apogames/ApoMain.java
/Users/eliahilse/Documents/GitHub/B/corpus/java/ApoBot/Users/eliahilse/Documents/GitHub/B/apogames/Java/ApoBot/org/apogames/ApoTimer.java
/Users/eliahilse/Documents/GitHub/B/corpus/java/ApoBot/Users/eliahilse/Documents/GitHub/B/apogames/Java/ApoBot/org/apogames/ApoComponentBufferedStrategy.java
/Users/eliahilse/Documents/GitHub/B/corpus/java/ApoBot/Users/eliahilse/Documents/GitHub/B/apogames/Java/ApoBot/org/apogames/sound/ApoSounds.java
/Users/eliahilse/Documents/GitHub/B/corpus/java/ApoBot/Users/eliahilse/Documents/GitHub/B/apogames/Java/ApoBot/org/apogames/help/ApoSplashScreen.java
/Users/eliahilse/Documents/GitHub/B/corpus/java/ApoBot/Users/eliahilse/Documents/GitHub/B/apogames/Java/ApoBot/org/apogames/help/ApoSplashPainter.java
/Users/eliahilse/Documents/GitHub/B/corpus/java/ApoBot/Users/eliahilse/Documents/GitHub/B/apogames/Java/ApoBot/org/apogames/help/ApoHelp.java
/Users/eliahilse/Documents/GitHub/B/corpus/java/ApoBot/Users/eliahilse/Documents/GitHub/B/apogames/Java/ApoBot/org/apogames/help/ApoFileFilter.java
/Users/eliahilse/Documents/GitHub/B/corpus/java/ApoBot/Users/eliahilse/Documents/GitHub/B/apogames/Java/ApoBot/org/apogames/help/ApoCopy.java
/Users/eliahilse/Documents/GitHub/B/corpus/java/ApoBot/Users/eliahilse/Documents/GitHub/B/apogames/Java/ApoBot/org/apogames/help/ApoFileNameFilter.java
/Users/eliahilse/Documents/GitHub/B/corpus/java/ApoBot/Users/eliahilse/Documents/GitHub/B/apogames/Java/ApoBot/org/apogames/help/ApoInterface.java
/Users/eliahilse/Documents/GitHub/B/corpus/java/ApoBot/Users/eliahilse/Documents/GitHub/B/apogames/Java/ApoBot/org/apogames/help/ApoFloatPoint.java
/Users/eliahilse/Documents/GitHub/B/corpus/java/ApoBot/Users/eliahilse/Documents/GitHub/B/apogames/Java/ApoBot/org/apogames/help/ApoClassLoader.java
/Users/eliahilse/Documents/GitHub/B/corpus/java/ApoBot/Users/eliahilse/Documents/GitHub/B/apogames/Java/ApoBot/apoBot/ApoBotImage.java
/Users/eliahilse/Documents/GitHub/B/corpus/java/ApoBot/Users/eliahilse/Documents/GitHub/B/apogames/Java/ApoBot/apoBot/ApoBotComponent.java
/Users/eliahilse/Documents/GitHub/B/corpus/java/ApoBot/Users/eliahilse/Documents/GitHub/B/apogames/Java/ApoBot/apoBot/ApoBotMain.java
/Users/eliahilse/Documents/GitHub/B/corpus/java/ApoBot/Users/eliahilse/Documents/GitHub/B/apogames/Java/ApoBot/apoBot/entity/ApoBotEntity.java
/Users/eliahilse/Documents/GitHub/B/corpus/java/ApoBot/Users/eliahilse/Documents/GitHub/B/apogames/Java/ApoBot/apoBot/entity/ApoBotPlayer.java
/Users/eliahilse/Documents/GitHub/B/corpus/java/ApoBot/Users/eliahilse/Documents/GitHub/B/apogames/Java/ApoBot/apoBot/ApoBotApplet.java
/Users/eliahilse/Documents/GitHub/B/corpus/java/ApoBot/Users/eliahilse/Documents/GitHub/B/apogames/Java/ApoBot/apoBot/game/ApoBotGame.java
/Users/eliahilse/Documents/GitHub/B/corpus/java/ApoBot/Users/eliahilse/Documents/GitHub/B/apogames/Java/ApoBot/apoBot/game/ApoBotEditor.java
/Users/eliahilse/Documents/GitHub/B/corpus/java/ApoBot/Users/eliahilse/Documents/GitHub/B/apogames/Java/ApoBot/apoBot/game/ApoBotButton.java
/Users/eliahilse/Documents/GitHub/B/corpus/java/ApoBot/Users/eliahilse/Documents/GitHub/B/apogames/Java/ApoBot/apoBot/game/ApoBotTutorial.java
/Users/eliahilse/Documents/GitHub/B/corpus/java/ApoBot/Users/eliahilse/Documents/GitHub/B/apogames/Java/ApoBot/apoBot/ApoBotConstants.java
/Users/eliahilse/Documents/GitHub/B/corpus/java/ApoBot/Users/eliahilse/Documents/GitHub/B/apogames/Java/ApoBot/apoBot/level/ApoBotLevelLevel.java
/Users/eliahilse/Documents/GitHub/B/corpus/java/ApoBot/Users/eliahilse/Documents/GitHub/B/apogames/Java/ApoBot/apoBot/level/ApoBotLevelIO.java
/Users/eliahilse/Documents/GitHub/B/corpus/java/ApoBot/Users/eliahilse/Documents/GitHub/B/apogames/Java/ApoBot/apoBot/level/ApoBotLevelTest.java
/Users/eliahilse/Documents/GitHub/B/corpus/java/ApoBot/Users/eliahilse/Documents/GitHub/B/apogames/Java/ApoBot/apoBot/level/ApoBotLevel.java
[0m
[0m$ [0mfind /Users/eliahilse/Documents/GitHub/B/corpus/java/ApoBot -name "*.java" | wc -l
48
[0m
[0m→ [0mRead Users/eliahilse/Documents/GitHub/B/apogames/Java/ApoBot/org/apogames/ApoIO.java
[0m→ [0mRead Users/eliahilse/Documents/GitHub/B/apogames/Java/ApoBot/org/apogames/help/ApoClassLoader.java
[0m✱ [0mGrep "ApoClassLoader|new URL|openStream|HttpURLConnection"[90m in . · 12 matches[0m
[0m✱ [0mGrep "http://|apo-games|MessageDigest|ObjectInputStream|defineClass|System\.load|getProperty|user\.home|user\.dir"[90m in . · 5 matches[0m
[0m→ [0mRead Users/eliahilse/Documents/GitHub/B/apogames/Java/ApoBot/apoBot/ApoBotComponent.java
[0m→ [0mRead Users/eliahilse/Documents/GitHub/B/apogames/Java/ApoBot/apoBot/level/ApoBotLevelIO.java
[0m✱ [0mGrep "APPLET_LEVEL|readLevel|loadLevel|saveLevel|hasNextLevel"[90m in . · 29 matches[0m
[0m→ [0mRead Users/eliahilse/Documents/GitHub/B/apogames/Java/ApoBot/apoBot/game/ApoBotGame.java[90m [offset=1, limit=250][0m
[0m→ [0mRead Users/eliahilse/Documents/GitHub/B/apogames/Java/ApoBot/apoBot/level/ApoBotLevel.java
[0m→ [0mRead Users/eliahilse/Documents/GitHub/B/apogames/Java/ApoBot/apoBot/game/ApoBotEditor.java
[0m→ [0mRead Users/eliahilse/Documents/GitHub/B/apogames/Java/ApoBot/apoBot/ApoBotMain.java
[0m→ [0mRead Users/eliahilse/Documents/GitHub/B/apogames/Java/ApoBot/apoBot/ApoBotApplet.java
[0m→ [0mRead Users/eliahilse/Documents/GitHub/B/apogames/Java/ApoBot/apoBot/game/ApoBotTutorial.java
[0m✱ [0mGrep "ApoClassLoader|ApoCopy|ApoHelp\.|System\.exit|Runtime|exec\(|ProcessBuilder|System\.setProperty"[90m in . · 7 matches[0m
[0m→ [0mRead Users/eliahilse/Documents/GitHub/B/apogames/Java/ApoBot/org/apogames/image/ApoImage.java
[0m→ [0mRead Users/eliahilse/Documents/GitHub/B/apogames/Java/ApoBot/org/apogames/ApoConstants.java
[0m→ [0mRead Users/eliahilse/Documents/GitHub/B/apogames/Java/ApoBot/org/apogames/ApoStart.java
[0m→ [0mRead Users/eliahilse/Documents/GitHub/B/apogames/Java/ApoBot/org/apogames/help/ApoCopy.java
[0m✱ [0mGrep "new ApoClassLoader|new ApoCopy|getMyClass"[90m in . · 1 match[0m
[0m→ [0mRead Users/eliahilse/Documents/GitHub/B/apogames/Java/ApoBot/apoBot/ApoBotConstants.java
[0m→ [0mRead Users/eliahilse/Documents/GitHub/B/apogames/Java/ApoBot/apoBot/game/ApoBotGame.java[90m [limit=450, offset=251][0m
[0m→ [0mRead Users/eliahilse/Documents/GitHub/B/apogames/Java/ApoBot/apoBot/level/ApoBotLevelLevel.java
[0m→ [0mRead Users/eliahilse/Documents/GitHub/B/apogames/Java/ApoBot/apoBot/game/ApoBotGame.java[90m [limit=591, offset=701][0m
[0m→ [0mRead Users/eliahilse/Documents/GitHub/B/apogames/Java/ApoBot/apoBot/ApoBotImage.java
[0m→ [0mRead Users/eliahilse/Documents/GitHub/B/apogames/Java/ApoBot/apoBot/level/ApoBotLevelTest.java[90m [limit=60][0m
[0m→ [0mRead Users/eliahilse/Documents/GitHub/B/apogames/Java/ApoBot/org/apogames/help/ApoHelp.java
[0m→ [0mRead Users/eliahilse/Documents/GitHub/B/apogames/Java/ApoBot/org/apogames/ApoAppletBufferedStrategy.java
[0m✱ [0mGrep "getImageFromPath|getPic\("[90m in . · 4 matches[0m
[0m→ [0mRead Users/eliahilse/Documents/GitHub/B/apogames/Java/ApoBot/org/apogames/ApoApplet.java
