[0m
> build · kimi-k3
[0m
[0m$ [0mfind /Users/eliahilse/Documents/GitHub/B/corpus/java/ApoIcarus -type f | head -100
/Users/eliahilse/Documents/GitHub/B/corpus/java/ApoIcarus/Users/eliahilse/Documents/GitHub/B/apogames/Java/ApoIcarus/org/apogames/ApoIO.java
/Users/eliahilse/Documents/GitHub/B/corpus/java/ApoIcarus/Users/eliahilse/Documents/GitHub/B/apogames/Java/ApoIcarus/org/apogames/ApoLibraryGame.java
/Users/eliahilse/Documents/GitHub/B/corpus/java/ApoIcarus/Users/eliahilse/Documents/GitHub/B/apogames/Java/ApoIcarus/org/apogames/ApoConstants.java
/Users/eliahilse/Documents/GitHub/B/corpus/java/ApoIcarus/Users/eliahilse/Documents/GitHub/B/apogames/Java/ApoIcarus/org/apogames/ApoScreen.java
/Users/eliahilse/Documents/GitHub/B/corpus/java/ApoIcarus/Users/eliahilse/Documents/GitHub/B/apogames/Java/ApoIcarus/org/apogames/ApoCanvas.java
/Users/eliahilse/Documents/GitHub/B/corpus/java/ApoIcarus/Users/eliahilse/Documents/GitHub/B/apogames/Java/ApoIcarus/org/apogames/input/ApoMouse.java
/Users/eliahilse/Documents/GitHub/B/corpus/java/ApoIcarus/Users/eliahilse/Documents/GitHub/B/apogames/Java/ApoIcarus/org/apogames/input/ApoKeyboard.java
/Users/eliahilse/Documents/GitHub/B/corpus/java/ApoIcarus/Users/eliahilse/Documents/GitHub/B/apogames/Java/ApoIcarus/org/apogames/entity/ApoEntity.java
/Users/eliahilse/Documents/GitHub/B/corpus/java/ApoIcarus/Users/eliahilse/Documents/GitHub/B/apogames/Java/ApoIcarus/org/apogames/entity/ApoAnimation.java
/Users/eliahilse/Documents/GitHub/B/corpus/java/ApoIcarus/Users/eliahilse/Documents/GitHub/B/apogames/Java/ApoIcarus/org/apogames/entity/ApoButtonText.java
/Users/eliahilse/Documents/GitHub/B/corpus/java/ApoIcarus/Users/eliahilse/Documents/GitHub/B/apogames/Java/ApoIcarus/org/apogames/entity/ApoTextField.java
/Users/eliahilse/Documents/GitHub/B/corpus/java/ApoIcarus/Users/eliahilse/Documents/GitHub/B/apogames/Java/ApoIcarus/org/apogames/entity/ApoButton.java
/Users/eliahilse/Documents/GitHub/B/corpus/java/ApoIcarus/Users/eliahilse/Documents/GitHub/B/apogames/Java/ApoIcarus/org/apogames/entity/ApoDragObject.java
/Users/eliahilse/Documents/GitHub/B/corpus/java/ApoIcarus/Users/eliahilse/Documents/GitHub/B/apogames/Java/ApoIcarus/org/apogames/entity/ApoNewTextfield.java
/Users/eliahilse/Documents/GitHub/B/corpus/java/ApoIcarus/Users/eliahilse/Documents/GitHub/B/apogames/Java/ApoIcarus/org/apogames/ApoSubGame.java
/Users/eliahilse/Documents/GitHub/B/corpus/java/ApoIcarus/Users/eliahilse/Documents/GitHub/B/apogames/Java/ApoIcarus/org/apogames/image/ApoRawScale3x.java
/Users/eliahilse/Documents/GitHub/B/corpus/java/ApoIcarus/Users/eliahilse/Documents/GitHub/B/apogames/Java/ApoIcarus/org/apogames/image/ApoImage.java
/Users/eliahilse/Documents/GitHub/B/corpus/java/ApoIcarus/Users/eliahilse/Documents/GitHub/B/apogames/Java/ApoIcarus/org/apogames/image/ApoImageScale.java
/Users/eliahilse/Documents/GitHub/B/corpus/java/ApoIcarus/Users/eliahilse/Documents/GitHub/B/apogames/Java/ApoIcarus/org/apogames/image/ApoRawScale2x.java
/Users/eliahilse/Documents/GitHub/B/corpus/java/ApoIcarus/Users/eliahilse/Documents/GitHub/B/apogames/Java/ApoIcarus/org/apogames/image/ApoImageFromValue.java
/Users/eliahilse/Documents/GitHub/B/corpus/java/ApoIcarus/Users/eliahilse/Documents/GitHub/B/apogames/Java/ApoIcarus/org/apogames/ApoDisplayConfiguration.java
/Users/eliahilse/Documents/GitHub/B/corpus/java/ApoIcarus/Users/eliahilse/Documents/GitHub/B/apogames/Java/ApoIcarus/org/apogames/help/ApoHighscore.java
/Users/eliahilse/Documents/GitHub/B/corpus/java/ApoIcarus/Users/eliahilse/Documents/GitHub/B/apogames/Java/ApoIcarus/org/apogames/help/ApoSplashScreen.java
/Users/eliahilse/Documents/GitHub/B/corpus/java/ApoIcarus/Users/eliahilse/Documents/GitHub/B/apogames/Java/ApoIcarus/org/apogames/help/ApoSplashPainter.java
/Users/eliahilse/Documents/GitHub/B/corpus/java/ApoIcarus/Users/eliahilse/Documents/GitHub/B/apogames/Java/ApoIcarus/org/apogames/help/ApoHelp.java
/Users/eliahilse/Documents/GitHub/B/corpus/java/ApoIcarus/Users/eliahilse/Documents/GitHub/B/apogames/Java/ApoIcarus/org/apogames/help/ApoFileFilter.java
/Users/eliahilse/Documents/GitHub/B/corpus/java/ApoIcarus/Users/eliahilse/Documents/GitHub/B/apogames/Java/ApoIcarus/org/apogames/help/ApoCopy.java
/Users/eliahilse/Documents/GitHub/B/corpus/java/ApoIcarus/Users/eliahilse/Documents/GitHub/B/apogames/Java/ApoIcarus/org/apogames/help/ApoFileNameFilter.java
/Users/eliahilse/Documents/GitHub/B/corpus/java/ApoIcarus/Users/eliahilse/Documents/GitHub/B/apogames/Java/ApoIcarus/org/apogames/help/ApoInterface.java
/Users/eliahilse/Documents/GitHub/B/corpus/java/ApoIcarus/Users/eliahilse/Documents/GitHub/B/apogames/Java/ApoIcarus/org/apogames/help/ApoFloatPoint.java
/Users/eliahilse/Documents/GitHub/B/corpus/java/ApoIcarus/Users/eliahilse/Documents/GitHub/B/apogames/Java/ApoIcarus/org/apogames/help/ApoClassLoader.java
/Users/eliahilse/Documents/GitHub/B/corpus/java/ApoIcarus/Users/eliahilse/Documents/GitHub/B/apogames/Java/ApoIcarus/apoJump/entity/ApoJumpFeatureHelicopter.java
/Users/eliahilse/Documents/GitHub/B/corpus/java/ApoIcarus/Users/eliahilse/Documents/GitHub/B/apogames/Java/ApoIcarus/apoJump/entity/ApoJumpPlatformInvisible.java
/Users/eliahilse/Documents/GitHub/B/corpus/java/ApoIcarus/Users/eliahilse/Documents/GitHub/B/apogames/Java/ApoIcarus/apoJump/entity/ApoJumpEnemy.java
/Users/eliahilse/Documents/GitHub/B/corpus/java/ApoIcarus/Users/eliahilse/Documents/GitHub/B/apogames/Java/ApoIcarus/apoJump/entity/ApoJumpFeatureMissle.java
/Users/eliahilse/Documents/GitHub/B/corpus/java/ApoIcarus/Users/eliahilse/Documents/GitHub/B/apogames/Java/ApoIcarus/apoJump/entity/ApoJumpPlatformNormal.java
/Users/eliahilse/Documents/GitHub/B/corpus/java/ApoIcarus/Users/eliahilse/Documents/GitHub/B/apogames/Java/ApoIcarus/apoJump/entity/ApoJumpPlatformIce.java
/Users/eliahilse/Documents/GitHub/B/corpus/java/ApoIcarus/Users/eliahilse/Documents/GitHub/B/apogames/Java/ApoIcarus/apoJump/entity/ApoJumpEntity.java
/Users/eliahilse/Documents/GitHub/B/corpus/java/ApoIcarus/Users/eliahilse/Documents/GitHub/B/apogames/Java/ApoIcarus/apoJump/entity/ApoJumpFeatureArrow.java
/Users/eliahilse/Documents/GitHub/B/corpus/java/ApoIcarus/Users/eliahilse/Documents/GitHub/B/apogames/Java/ApoIcarus/apoJump/entity/ApoJumpFeatureSpring.java
/Users/eliahilse/Documents/GitHub/B/corpus/java/ApoIcarus/Users/eliahilse/Documents/GitHub/B/apogames/Java/ApoIcarus/apoJump/entity/ApoJumpArrow.java
/Users/eliahilse/Documents/GitHub/B/corpus/java/ApoIcarus/Users/eliahilse/Documents/GitHub/B/apogames/Java/ApoIcarus/apoJump/entity/ApoJumpPlayer.java
/Users/eliahilse/Documents/GitHub/B/corpus/java/ApoIcarus/Users/eliahilse/Documents/GitHub/B/apogames/Java/ApoIcarus/apoJump/ApoJumpComponent.java
/Users/eliahilse/Documents/GitHub/B/corpus/java/ApoIcarus/Users/eliahilse/Documents/GitHub/B/apogames/Java/ApoIcarus/apoJump/game/ApoJumpStateOptions.java
/Users/eliahilse/Documents/GitHub/B/corpus/java/ApoIcarus/Users/eliahilse/Documents/GitHub/B/apogames/Java/ApoIcarus/apoJump/game/ApoJumpButton.java
/Users/eliahilse/Documents/GitHub/B/corpus/java/ApoIcarus/Users/eliahilse/Documents/GitHub/B/apogames/Java/ApoIcarus/apoJump/game/ApoJumpStateHighscore.java
/Users/eliahilse/Documents/GitHub/B/corpus/java/ApoIcarus/Users/eliahilse/Documents/GitHub/B/apogames/Java/ApoIcarus/apoJump/game/ApoJumpStateMenu.java
/Users/eliahilse/Documents/GitHub/B/corpus/java/ApoIcarus/Users/eliahilse/Documents/GitHub/B/apogames/Java/ApoIcarus/apoJump/game/ApoJumpStateHelp.java
/Users/eliahilse/Documents/GitHub/B/corpus/java/ApoIcarus/Users/eliahilse/Documents/GitHub/B/apogames/Java/ApoIcarus/apoJump/game/ApoJumpState.java
/Users/eliahilse/Documents/GitHub/B/corpus/java/ApoIcarus/Users/eliahilse/Documents/GitHub/B/apogames/Java/ApoIcarus/apoJump/game/ApoJumpStateAchievements.java
/Users/eliahilse/Documents/GitHub/B/corpus/java/ApoIcarus/Users/eliahilse/Documents/GitHub/B/apogames/Java/ApoIcarus/apoJump/game/ApoJumpStateHighscoreHelp.java
/Users/eliahilse/Documents/GitHub/B/corpus/java/ApoIcarus/Users/eliahilse/Documents/GitHub/B/apogames/Java/ApoIcarus/apoJump/game/ApoJumpStateGame.java
/Users/eliahilse/Documents/GitHub/B/corpus/java/ApoIcarus/Users/eliahilse/Documents/GitHub/B/apogames/Java/ApoIcarus/apoJump/game/ApoJumpPanel.java
/Users/eliahilse/Documents/GitHub/B/corpus/java/ApoIcarus/Users/eliahilse/Documents/GitHub/B/apogames/Java/ApoIcarus/apoJump/ApoJumpMain.java
/Users/eliahilse/Documents/GitHub/B/corpus/java/ApoIcarus/Users/eliahilse/Documents/GitHub/B/apogames/Java/ApoIcarus/apoJump/ApoJumpConstants.java
/Users/eliahilse/Documents/GitHub/B/corpus/java/ApoIcarus/Users/eliahilse/Documents/GitHub/B/apogames/Java/ApoIcarus/apoJump/level/ApoJumpLevel.java
/Users/eliahilse/Documents/GitHub/B/corpus/java/ApoIcarus/Users/eliahilse/Documents/GitHub/B/apogames/Java/ApoIcarus/apoJump/ApoJumpApplet.java
/Users/eliahilse/Documents/GitHub/B/corpus/java/ApoIcarus/Users/eliahilse/Documents/GitHub/B/apogames/Java/ApoIcarus/apoJump/ApoJumpImageContainer.java
/Users/eliahilse/Documents/GitHub/B/corpus/java/ApoIcarus/Users/eliahilse/Documents/GitHub/B/apogames/Java/ApoIcarus/apoJump/ApoJumpImages.java
[0m
[0m$ [0mfind /Users/eliahilse/Documents/GitHub/B/corpus/java/ApoIcarus -type f -name "*.java" | wc -l && find /Users/eliahilse/Documents/GitHub/B/corpus/java/ApoIcarus -type f ! -name "*.java" | head -50
59
[0m
[0m$ [0mfind /Users/eliahilse/Documents/GitHub/B/corpus/java/ApoIcarus -type f | wc -l && find /Users/eliahilse/Documents/GitHub/B/corpus/java/ApoIcarus -type d
59
/Users/eliahilse/Documents/GitHub/B/corpus/java/ApoIcarus
/Users/eliahilse/Documents/GitHub/B/corpus/java/ApoIcarus/Users
/Users/eliahilse/Documents/GitHub/B/corpus/java/ApoIcarus/Users/eliahilse
/Users/eliahilse/Documents/GitHub/B/corpus/java/ApoIcarus/Users/eliahilse/Documents
/Users/eliahilse/Documents/GitHub/B/corpus/java/ApoIcarus/Users/eliahilse/Documents/GitHub
/Users/eliahilse/Documents/GitHub/B/corpus/java/ApoIcarus/Users/eliahilse/Documents/GitHub/B
/Users/eliahilse/Documents/GitHub/B/corpus/java/ApoIcarus/Users/eliahilse/Documents/GitHub/B/apogames
/Users/eliahilse/Documents/GitHub/B/corpus/java/ApoIcarus/Users/eliahilse/Documents/GitHub/B/apogames/Java
/Users/eliahilse/Documents/GitHub/B/corpus/java/ApoIcarus/Users/eliahilse/Documents/GitHub/B/apogames/Java/ApoIcarus
/Users/eliahilse/Documents/GitHub/B/corpus/java/ApoIcarus/Users/eliahilse/Documents/GitHub/B/apogames/Java/ApoIcarus/org
/Users/eliahilse/Documents/GitHub/B/corpus/java/ApoIcarus/Users/eliahilse/Documents/GitHub/B/apogames/Java/ApoIcarus/org/apogames
/Users/eliahilse/Documents/GitHub/B/corpus/java/ApoIcarus/Users/eliahilse/Documents/GitHub/B/apogames/Java/ApoIcarus/org/apogames/input
/Users/eliahilse/Documents/GitHub/B/corpus/java/ApoIcarus/Users/eliahilse/Documents/GitHub/B/apogames/Java/ApoIcarus/org/apogames/entity
/Users/eliahilse/Documents/GitHub/B/corpus/java/ApoIcarus/Users/eliahilse/Documents/GitHub/B/apogames/Java/ApoIcarus/org/apogames/image
/Users/eliahilse/Documents/GitHub/B/corpus/java/ApoIcarus/Users/eliahilse/Documents/GitHub/B/apogames/Java/ApoIcarus/org/apogames/help
/Users/eliahilse/Documents/GitHub/B/corpus/java/ApoIcarus/Users/eliahilse/Documents/GitHub/B/apogames/Java/ApoIcarus/apoJump
/Users/eliahilse/Documents/GitHub/B/corpus/java/ApoIcarus/Users/eliahilse/Documents/GitHub/B/apogames/Java/ApoIcarus/apoJump/entity
/Users/eliahilse/Documents/GitHub/B/corpus/java/ApoIcarus/Users/eliahilse/Documents/GitHub/B/apogames/Java/ApoIcarus/apoJump/game
/Users/eliahilse/Documents/GitHub/B/corpus/java/ApoIcarus/Users/eliahilse/Documents/GitHub/B/apogames/Java/ApoIcarus/apoJump/level
[0m
[0m$ [0mfind /Users/eliahilse/Documents/GitHub/B/corpus/java/ApoIcarus -type f -name "*.java" -exec wc -l {} + | sort -n
13 /Users/eliahilse/Documents/GitHub/B/corpus/java/ApoIcarus/Users/eliahilse/Documents/GitHub/B/apogames/Java/ApoIcarus/org/apogames/help/ApoInterface.java
      15 /Users/eliahilse/Documents/GitHub/B/corpus/java/ApoIcarus/Users/eliahilse/Documents/GitHub/B/apogames/Java/ApoIcarus/org/apogames/ApoCanvas.java
      21 /Users/eliahilse/Documents/GitHub/B/corpus/java/ApoIcarus/Users/eliahilse/Documents/GitHub/B/apogames/Java/ApoIcarus/apoJump/entity/ApoJumpEntity.java
      26 /Users/eliahilse/Documents/GitHub/B/corpus/java/ApoIcarus/Users/eliahilse/Documents/GitHub/B/apogames/Java/ApoIcarus/org/apogames/ApoConstants.java
      26 /Users/eliahilse/Documents/GitHub/B/corpus/java/ApoIcarus/Users/eliahilse/Documents/GitHub/B/apogames/Java/ApoIcarus/org/apogames/help/ApoSplashPainter.java
      28 /Users/eliahilse/Documents/GitHub/B/corpus/java/ApoIcarus/Users/eliahilse/Documents/GitHub/B/apogames/Java/ApoIcarus/org/apogames/help/ApoFileNameFilter.java
      29 /Users/eliahilse/Documents/GitHub/B/corpus/java/ApoIcarus/Users/eliahilse/Documents/GitHub/B/apogames/Java/ApoIcarus/apoJump/game/ApoJumpStateHighscoreHelp.java
      32 /Users/eliahilse/Documents/GitHub/B/corpus/java/ApoIcarus/Users/eliahilse/Documents/GitHub/B/apogames/Java/ApoIcarus/apoJump/entity/ApoJumpPlatformIce.java
      35 /Users/eliahilse/Documents/GitHub/B/corpus/java/ApoIcarus/Users/eliahilse/Documents/GitHub/B/apogames/Java/ApoIcarus/apoJump/ApoJumpMain.java
      35 /Users/eliahilse/Documents/GitHub/B/corpus/java/ApoIcarus/Users/eliahilse/Documents/GitHub/B/apogames/Java/ApoIcarus/apoJump/entity/ApoJumpFeatureHelicopter.java
      36 /Users/eliahilse/Documents/GitHub/B/corpus/java/ApoIcarus/Users/eliahilse/Documents/GitHub/B/apogames/Java/ApoIcarus/apoJump/entity/ApoJumpFeatureArrow.java
      41 /Users/eliahilse/Documents/GitHub/B/corpus/java/ApoIcarus/Users/eliahilse/Documents/GitHub/B/apogames/Java/ApoIcarus/apoJump/entity/ApoJumpFeatureMissle.java
      42 /Users/eliahilse/Documents/GitHub/B/corpus/java/ApoIcarus/Users/eliahilse/Documents/GitHub/B/apogames/Java/ApoIcarus/apoJump/game/ApoJumpState.java
      49 /Users/eliahilse/Documents/GitHub/B/corpus/java/ApoIcarus/Users/eliahilse/Documents/GitHub/B/apogames/Java/ApoIcarus/apoJump/ApoJumpApplet.java
      49 /Users/eliahilse/Documents/GitHub/B/corpus/java/ApoIcarus/Users/eliahilse/Documents/GitHub/B/apogames/Java/ApoIcarus/apoJump/entity/ApoJumpFeatureSpring.java
      58 /Users/eliahilse/Documents/GitHub/B/corpus/java/ApoIcarus/Users/eliahilse/Documents/GitHub/B/apogames/Java/ApoIcarus/apoJump/entity/ApoJumpPlatformInvisible.java
      60 /Users/eliahilse/Documents/GitHub/B/corpus/java/ApoIcarus/Users/eliahilse/Documents/GitHub/B/apogames/Java/ApoIcarus/apoJump/ApoJumpConstants.java
      60 /Users/eliahilse/Documents/GitHub/B/corpus/java/ApoIcarus/Users/eliahilse/Documents/GitHub/B/apogames/Java/ApoIcarus/apoJump/entity/ApoJumpArrow.java
      64 /Users/eliahilse/Documents/GitHub/B/corpus/java/ApoIcarus/Users/eliahilse/Documents/GitHub/B/apogames/Java/ApoIcarus/org/apogames/help/ApoFloatPoint.java
      75 /Users/eliahilse/Documents/GitHub/B/corpus/java/ApoIcarus/Users/eliahilse/Documents/GitHub/B/apogames/Java/ApoIcarus/org/apogames/ApoLibraryGame.java
      76 /Users/eliahilse/Documents/GitHub/B/corpus/java/ApoIcarus/Users/eliahilse/Documents/GitHub/B/apogames/Java/ApoIcarus/org/apogames/help/ApoCopy.java
      80 /Users/eliahilse/Documents/GitHub/B/corpus/java/ApoIcarus/Users/eliahilse/Documents/GitHub/B/apogames/Java/ApoIcarus/apoJump/game/ApoJumpStateOptions.java
      84 /Users/eliahilse/Documents/GitHub/B/corpus/java/ApoIcarus/Users/eliahilse/Documents/GitHub/B/apogames/Java/ApoIcarus/org/apogames/ApoDisplayConfiguration.java
      90 /Users/eliahilse/Documents/GitHub/B/corpus/java/ApoIcarus/Users/eliahilse/Documents/GitHub/B/apogames/Java/ApoIcarus/org/apogames/help/ApoClassLoader.java
      95 /Users/eliahilse/Documents/GitHub/B/corpus/java/ApoIcarus/Users/eliahilse/Documents/GitHub/B/apogames/Java/ApoIcarus/org/apogames/help/ApoFileFilter.java
     100 /Users/eliahilse/Documents/GitHub/B/corpus/java/ApoIcarus/Users/eliahilse/Documents/GitHub/B/apogames/Java/ApoIcarus/apoJump/entity/ApoJumpEnemy.java
     100 /Users/eliahilse/Documents/GitHub/B/corpus/java/ApoIcarus/Users/eliahilse/Documents/GitHub/B/apogames/Java/ApoIcarus/org/apogames/input/ApoKeyboard.java
     106 /Users/eliahilse/Documents/GitHub/B/corpus/java/ApoIcarus/Users/eliahilse/Documents/GitHub/B/apogames/Java/ApoIcarus/org/apogames/ApoIO.java
     109 /Users/eliahilse/Documents/GitHub/B/corpus/java/ApoIcarus/Users/eliahilse/Documents/GitHub/B/apogames/Java/ApoIcarus/org/apogames/image/ApoImage.java
     112 /Users/eliahilse/Documents/GitHub/B/corpus/java/ApoIcarus/Users/eliahilse/Documents/GitHub/B/apogames/Java/ApoIcarus/apoJump/entity/ApoJumpPlatformNormal.java
     116 /Users/eliahilse/Documents/GitHub/B/corpus/java/ApoIcarus/Users/eliahilse/Documents/GitHub/B/apogames/Java/ApoIcarus/apoJump/ApoJumpImageContainer.java
     127 /Users/eliahilse/Documents/GitHub/B/corpus/java/ApoIcarus/Users/eliahilse/Documents/GitHub/B/apogames/Java/ApoIcarus/org/apogames/help/ApoSplashScreen.java
     129 /Users/eliahilse/Documents/GitHub/B/corpus/java/ApoIcarus/Users/eliahilse/Documents/GitHub/B/apogames/Java/ApoIcarus/org/apogames/entity/ApoDragObject.java
     130 /Users/eliahilse/Documents/GitHub/B/corpus/java/ApoIcarus/Users/eliahilse/Documents/GitHub/B/apogames/Java/ApoIcarus/org/apogames/image/ApoRawScale2x.java
     133 /Users/eliahilse/Documents/GitHub/B/corpus/java/ApoIcarus/Users/eliahilse/Documents/GitHub/B/apogames/Java/ApoIcarus/org/apogames/entity/ApoButtonText.java
     136 /Users/eliahilse/Documents/GitHub/B/corpus/java/ApoIcarus/Users/eliahilse/Documents/GitHub/B/apogames/Java/ApoIcarus/org/apogames/image/ApoRawScale3x.java
     138 /Users/eliahilse/Documents/GitHub/B/corpus/java/ApoIcarus/Users/eliahilse/Documents/GitHub/B/apogames/Java/ApoIcarus/org/apogames/input/ApoMouse.java
     140 /Users/eliahilse/Documents/GitHub/B/corpus/java/ApoIcarus/Users/eliahilse/Documents/GitHub/B/apogames/Java/ApoIcarus/org/apogames/entity/ApoTextField.java
     150 /Users/eliahilse/Documents/GitHub/B/corpus/java/ApoIcarus/Users/eliahilse/Documents/GitHub/B/apogames/Java/ApoIcarus/org/apogames/help/ApoHighscore.java
     165 /Users/eliahilse/Documents/GitHub/B/corpus/java/ApoIcarus/Users/eliahilse/Documents/GitHub/B/apogames/Java/ApoIcarus/apoJump/game/ApoJumpStateMenu.java
     166 /Users/eliahilse/Documents/GitHub/B/corpus/java/ApoIcarus/Users/eliahilse/Documents/GitHub/B/apogames/Java/ApoIcarus/apoJump/game/ApoJumpButton.java
     170 /Users/eliahilse/Documents/GitHub/B/corpus/java/ApoIcarus/Users/eliahilse/Documents/GitHub/B/apogames/Java/ApoIcarus/apoJump/ApoJumpImages.java
     171 /Users/eliahilse/Documents/GitHub/B/corpus/java/ApoIcarus/Users/eliahilse/Documents/GitHub/B/apogames/Java/ApoIcarus/org/apogames/image/ApoImageScale.java
     179 /Users/eliahilse/Documents/GitHub/B/corpus/java/ApoIcarus/Users/eliahilse/Documents/GitHub/B/apogames/Java/ApoIcarus/apoJump/game/ApoJumpStateHelp.java
     194 /Users/eliahilse/Documents/GitHub/B/corpus/java/ApoIcarus/Users/eliahilse/Documents/GitHub/B/apogames/Java/ApoIcarus/apoJump/game/ApoJumpStateAchievements.java
     225 /Users/eliahilse/Documents/GitHub/B/corpus/java/ApoIcarus/Users/eliahilse/Documents/GitHub/B/apogames/Java/ApoIcarus/apoJump/entity/ApoJumpPlayer.java
     227 /Users/eliahilse/Documents/GitHub/B/corpus/java/ApoIcarus/Users/eliahilse/Documents/GitHub/B/apogames/Java/ApoIcarus/org/apogames/entity/ApoButton.java
     236 /Users/eliahilse/Documents/GitHub/B/corpus/java/ApoIcarus/Users/eliahilse/Documents/GitHub/B/apogames/Java/ApoIcarus/apoJump/game/ApoJumpStateHighscore.java
     256 /Users/eliahilse/Documents/GitHub/B/corpus/java/ApoIcarus/Users/eliahilse/Documents/GitHub/B/apogames/Java/ApoIcarus/apoJump/ApoJumpComponent.java
     256 /Users/eliahilse/Documents/GitHub/B/corpus/java/ApoIcarus/Users/eliahilse/Documents/GitHub/B/apogames/Java/ApoIcarus/apoJump/game/ApoJumpPanel.java
     272 /Users/eliahilse/Documents/GitHub/B/corpus/java/ApoIcarus/Users/eliahilse/Documents/GitHub/B/apogames/Java/ApoIcarus/org/apogames/image/ApoImageFromValue.java
     279 /Users/eliahilse/Documents/GitHub/B/corpus/java/ApoIcarus/Users/eliahilse/Documents/GitHub/B/apogames/Java/ApoIcarus/org/apogames/ApoSubGame.java
     299 /Users/eliahilse/Documents/GitHub/B/corpus/java/ApoIcarus/Users/eliahilse/Documents/GitHub/B/apogames/Java/ApoIcarus/org/apogames/entity/ApoAnimation.java
     311 /Users/eliahilse/Documents/GitHub/B/corpus/java/ApoIcarus/Users/eliahilse/Documents/GitHub/B/apogames/Java/ApoIcarus/apoJump/game/ApoJumpStateGame.java
     347 /Users/eliahilse/Documents/GitHub/B/corpus/java/ApoIcarus/Users/eliahilse/Documents/GitHub/B/apogames/Java/ApoIcarus/org/apogames/ApoScreen.java
     367 /Users/eliahilse/Documents/GitHub/B/corpus/java/ApoIcarus/Users/eliahilse/Documents/GitHub/B/apogames/Java/ApoIcarus/org/apogames/entity/ApoNewTextfield.java
     475 /Users/eliahilse/Documents/GitHub/B/corpus/java/ApoIcarus/Users/eliahilse/Documents/GitHub/B/apogames/Java/ApoIcarus/org/apogames/help/ApoHelp.java
     476 /Users/eliahilse/Documents/GitHub/B/corpus/java/ApoIcarus/Users/eliahilse/Documents/GitHub/B/apogames/Java/ApoIcarus/apoJump/level/ApoJumpLevel.java
     530 /Users/eliahilse/Documents/GitHub/B/corpus/java/ApoIcarus/Users/eliahilse/Documents/GitHub/B/apogames/Java/ApoIcarus/org/apogames/entity/ApoEntity.java
    8546 total
[0m
[0m→ [0mRead Users/eliahilse/Documents/GitHub/B/apogames/Java/ApoIcarus/org/apogames/help/ApoClassLoader.java
The variant has 59 Java files (~8.5k lines). Let me read the security-relevant infrastructure files first.
[0m→ [0mRead Users/eliahilse/Documents/GitHub/B/apogames/Java/ApoIcarus/org/apogames/ApoIO.java
[0m→ [0mRead Users/eliahilse/Documents/GitHub/B/apogames/Java/ApoIcarus/org/apogames/help/ApoHighscore.java
[0m→ [0mRead Users/eliahilse/Documents/GitHub/B/apogames/Java/ApoIcarus/org/apogames/help/ApoHelp.java
[0m→ [0mRead Users/eliahilse/Documents/GitHub/B/apogames/Java/ApoIcarus/org/apogames/ApoConstants.java
Confirmed plain-HTTP endpoints. Now let me check the game-specific files and grep for dangerous patterns across the variant.
[0m
[0m$ [0mcd /Users/eliahilse/Documents/GitHub/B/corpus/java/ApoIcarus && rg -n "ObjectInputStream|defineClass|System\.load|Runtime\.exec|user\.home|user\.dir|getMd5Digest|MessageDigest|ApoClassLoader|new URL\(|openConnection|openStream|URLEncoder|saveData|loadData|cookies\.php" --no-heading
zsh:1: command not found: rg
[0m
[0m✱ [0mGrep "ObjectInputStream|defineClass|System\.load|Runtime\.exec|user\.home|user\.dir|getMd5Digest|MessageDigest|ApoClassLoader|new URL\(|openConnection|openStream|URLEncoder|saveData|loadData|cookies\.php"[90m 28 matches[0m
[0m✱ [0mGrep "getMd5Digest|getMyClass|new ApoClassLoader|readLevel|writeLevel"[90m 10 matches[0m
[0m→ [0mRead Users/eliahilse/Documents/GitHub/B/apogames/Java/ApoIcarus/apoJump/ApoJumpConstants.java
[0m✱ [0mGrep "extends ApoIO|ApoIO"[90m 2 matches[0m
[0m→ [0mRead Users/eliahilse/Documents/GitHub/B/apogames/Java/ApoIcarus/apoJump/game/ApoJumpStateAchievements.java
[0m→ [0mRead Users/eliahilse/Documents/GitHub/B/apogames/Java/ApoIcarus/apoJump/level/ApoJumpLevel.java
[0m→ [0mRead Users/eliahilse/Documents/GitHub/B/apogames/Java/ApoIcarus/apoJump/ApoJumpApplet.java
[0m→ [0mRead Users/eliahilse/Documents/GitHub/B/apogames/Java/ApoIcarus/apoJump/game/ApoJumpStateHighscore.java
[0m→ [0mRead Users/eliahilse/Documents/GitHub/B/apogames/Java/ApoIcarus/apoJump/game/ApoJumpStateHighscoreHelp.java
[0m→ [0mRead Users/eliahilse/Documents/GitHub/B/apogames/Java/ApoIcarus/apoJump/ApoJumpMain.java
[0m→ [0mRead Users/eliahilse/Documents/GitHub/B/apogames/Java/ApoIcarus/apoJump/game/ApoJumpStateGame.java
[0m→ [0mRead Users/eliahilse/Documents/GitHub/B/apogames/Java/ApoIcarus/apoJump/game/ApoJumpPanel.java
