[0m
> build · ox-alpha-free
[0m
[0m$ [0mfind . -type f \( -name "*.java" -o -name "*.xml" -o -name "*.gradle" \) | head -100
./_from_jar_android-midi-libv3/com/leff/midi/MidiTrack.java
./_from_jar_android-midi-libv3/com/leff/midi/util/VariableLengthInt.java
./_from_jar_android-midi-libv3/com/leff/midi/util/MidiProcessor.java
./_from_jar_android-midi-libv3/com/leff/midi/util/MidiUtil.java
./_from_jar_android-midi-libv3/com/leff/midi/util/MidiEventListener.java
./_from_jar_android-midi-libv3/com/leff/midi/util/MetronomeTick.java
./_from_jar_android-midi-libv3/com/leff/midi/examples/MidiFileFromScratch.java
./_from_jar_android-midi-libv3/com/leff/midi/examples/EventPrinter.java
./_from_jar_android-midi-libv3/com/leff/midi/examples/MidiManipulation.java
./_from_jar_android-midi-libv3/com/leff/midi/MidiFile.java
./_from_jar_android-midi-libv3/com/leff/midi/event/PitchBend.java
./_from_jar_android-midi-libv3/com/leff/midi/event/ChannelEvent.java
./_from_jar_android-midi-libv3/com/leff/midi/event/NoteOn.java
./_from_jar_android-midi-libv3/com/leff/midi/event/NoteOff.java
./_from_jar_android-midi-libv3/com/leff/midi/event/ChannelAftertouch.java
./_from_jar_android-midi-libv3/com/leff/midi/event/meta/SequenceNumber.java
./_from_jar_android-midi-libv3/com/leff/midi/event/meta/Tempo.java
./_from_jar_android-midi-libv3/com/leff/midi/event/meta/SequencerSpecificEvent.java
./_from_jar_android-midi-libv3/com/leff/midi/event/meta/Text.java
./_from_jar_android-midi-libv3/com/leff/midi/event/meta/CopyrightNotice.java
./_from_jar_android-midi-libv3/com/leff/midi/event/meta/EndOfTrack.java
./_from_jar_android-midi-libv3/com/leff/midi/event/meta/MidiChannelPrefix.java
./_from_jar_android-midi-libv3/com/leff/midi/event/meta/TimeSignature.java
./_from_jar_android-midi-libv3/com/leff/midi/event/meta/CuePoint.java
./_from_jar_android-midi-libv3/com/leff/midi/event/meta/SmpteOffset.java
./_from_jar_android-midi-libv3/com/leff/midi/event/meta/MetaEvent.java
./_from_jar_android-midi-libv3/com/leff/midi/event/meta/TrackName.java
./_from_jar_android-midi-libv3/com/leff/midi/event/meta/GenericMetaEvent.java
./_from_jar_android-midi-libv3/com/leff/midi/event/meta/TextualMetaEvent.java
./_from_jar_android-midi-libv3/com/leff/midi/event/meta/Marker.java
./_from_jar_android-midi-libv3/com/leff/midi/event/meta/InstrumentName.java
./_from_jar_android-midi-libv3/com/leff/midi/event/meta/Lyrics.java
./_from_jar_android-midi-libv3/com/leff/midi/event/meta/KeySignature.java
./_from_jar_android-midi-libv3/com/leff/midi/event/ProgramChange.java
./_from_jar_android-midi-libv3/com/leff/midi/event/SystemExclusiveEvent.java
./_from_jar_android-midi-libv3/com/leff/midi/event/Controller.java
./_from_jar_android-midi-libv3/com/leff/midi/event/MidiEvent.java
./_from_jar_android-midi-libv3/com/leff/midi/event/NoteAftertouch.java
./_from_jar_andmodplug-1.0/com/peculiargames/andmodplug/MODResourcePlayer.java
./_from_jar_andmodplug-1.0/com/peculiargames/andmodplug/PlayerThread.java
./_from_jar_andmodplug-1.0-5e85666bb08415ae1c681a5697679c0c/com/peculiargames/andmodplug/MODResourcePlayer.java
./_from_jar_andmodplug-1.0-5e85666bb08415ae1c681a5697679c0c/com/peculiargames/andmodplug/PlayerThread.java
./Users/eliahilse/Documents/GitHub/B/apogames/Android/myTreasureAndroid/gen/com/apogames/mytreasure/R.java
./Users/eliahilse/Documents/GitHub/B/apogames/Android/myTreasureAndroid/gen/com/apogames/mytreasure/BuildConfig.java
./Users/eliahilse/Documents/GitHub/B/apogames/Android/myTreasureAndroid/src/com/apogames/mytreasure/MyTreasureModel.java
./Users/eliahilse/Documents/GitHub/B/apogames/Android/myTreasureAndroid/src/com/apogames/mytreasure/MyTreasureSoundPlayer.java
./Users/eliahilse/Documents/GitHub/B/apogames/Android/myTreasureAndroid/src/com/apogames/mytreasure/MyTreasureConstants.java
./Users/eliahilse/Documents/GitHub/B/apogames/Android/myTreasureAndroid/src/com/apogames/mytreasure/MyTreasureActivity.java
./Users/eliahilse/Documents/GitHub/B/apogames/Android/myTreasureAndroid/src/com/apogames/mytreasure/entity/MyTreasureSolve.java
./Users/eliahilse/Documents/GitHub/B/apogames/Android/myTreasureAndroid/src/com/apogames/mytreasure/entity/MyTreasureTutorialHelp.java
./Users/eliahilse/Documents/GitHub/B/apogames/Android/myTreasureAndroid/src/com/apogames/mytreasure/entity/ApoEntity.java
./Users/eliahilse/Documents/GitHub/B/apogames/Android/myTreasureAndroid/src/com/apogames/mytreasure/entity/MyTreasureTutorial.java
./Users/eliahilse/Documents/GitHub/B/apogames/Android/myTreasureAndroid/src/com/apogames/mytreasure/entity/MyTreasureMapHelp.java
./Users/eliahilse/Documents/GitHub/B/apogames/Android/myTreasureAndroid/src/com/apogames/mytreasure/entity/ApoButton.java
./Users/eliahilse/Documents/GitHub/B/apogames/Android/myTreasureAndroid/src/com/apogames/mytreasure/entity/MyTreasureMapPlayer.java
./Users/eliahilse/Documents/GitHub/B/apogames/Android/myTreasureAndroid/src/com/apogames/mytreasure/entity/MyTreasureParticle.java
./Users/eliahilse/Documents/GitHub/B/apogames/Android/myTreasureAndroid/src/com/apogames/mytreasure/game/MyTreasureButtons.java
./Users/eliahilse/Documents/GitHub/B/apogames/Android/myTreasureAndroid/src/com/apogames/mytreasure/game/MyTreasureMap.java
./Users/eliahilse/Documents/GitHub/B/apogames/Android/myTreasureAndroid/src/com/apogames/mytreasure/game/MyTreasureMenu.java
./Users/eliahilse/Documents/GitHub/B/apogames/Android/myTreasureAndroid/src/com/apogames/mytreasure/game/MyTreasurePanel.java
./Users/eliahilse/Documents/GitHub/B/apogames/Android/myTreasureAndroid/src/com/apogames/mytreasure/game/MyTreasureGame.java
./Users/eliahilse/Documents/GitHub/B/apogames/Android/myTreasureAndroid/src/com/apogames/mytreasure/game/MyTreasureEditor.java
./Users/eliahilse/Documents/GitHub/B/apogames/Android/myTreasureAndroid/src/com/apogames/mytreasure/game/MyTreasureOptions.java
./Users/eliahilse/Documents/GitHub/B/apogames/Android/myTreasureAndroid/src/com/apogames/mytreasure/game/MyTreasureCredits.java
./Users/eliahilse/Documents/GitHub/B/apogames/Android/myTreasureAndroid/src/com/apogames/mytreasure/game/MyTreasureLevelChooser.java
./Users/eliahilse/Documents/GitHub/B/apogames/Android/myTreasureAndroid/src/com/apogames/mytreasure/MyTreasureMusicPlayer.java
./Users/eliahilse/Documents/GitHub/B/apogames/Android/myTreasureAndroid/src/com/apogames/mytreasure/MyTreasureActivityFree.java
./Users/eliahilse/Documents/GitHub/B/apogames/Android/myTreasureAndroid/src/com/apogames/mytreasure/MyTreasureComponent.java
./Users/eliahilse/Documents/GitHub/B/apogames/Android/myTreasureAndroid/src/com/apogames/mytreasure/userlevels/MyTreasureUserlevelsLoad.java
./Users/eliahilse/Documents/GitHub/B/apogames/Android/myTreasureAndroid/src/com/apogames/mytreasure/userlevels/MyTreasureLevels.java
./Users/eliahilse/Documents/GitHub/B/apogames/Android/myTreasureAndroid/src/com/apogames/mytreasure/userlevels/MyTreasureUserLevels.java
./_from_jar_android-midi-libv3-33d009c916b256f06a64762432b54f6e/com/leff/midi/MidiTrack.java
./_from_jar_android-midi-libv3-33d009c916b256f06a64762432b54f6e/com/leff/midi/util/VariableLengthInt.java
./_from_jar_android-midi-libv3-33d009c916b256f06a64762432b54f6e/com/leff/midi/util/MidiProcessor.java
./_from_jar_android-midi-libv3-33d009c916b256f06a64762432b54f6e/com/leff/midi/util/MidiUtil.java
./_from_jar_android-midi-libv3-33d009c916b256f06a64762432b54f6e/com/leff/midi/util/MidiEventListener.java
./_from_jar_android-midi-libv3-33d009c916b256f06a64762432b54f6e/com/leff/midi/util/MetronomeTick.java
./_from_jar_android-midi-libv3-33d009c916b256f06a64762432b54f6e/com/leff/midi/examples/MidiFileFromScratch.java
./_from_jar_android-midi-libv3-33d009c916b256f06a64762432b54f6e/com/leff/midi/examples/EventPrinter.java
./_from_jar_android-midi-libv3-33d009c916b256f06a64762432b54f6e/com/leff/midi/examples/MidiManipulation.java
./_from_jar_android-midi-libv3-33d009c916b256f06a64762432b54f6e/com/leff/midi/MidiFile.java
./_from_jar_android-midi-libv3-33d009c916b256f06a64762432b54f6e/com/leff/midi/event/PitchBend.java
./_from_jar_android-midi-libv3-33d009c916b256f06a64762432b54f6e/com/leff/midi/event/ChannelEvent.java
./_from_jar_android-midi-libv3-33d009c916b256f06a64762432b54f6e/com/leff/midi/event/NoteOn.java
./_from_jar_android-midi-libv3-33d009c916b256f06a64762432b54f6e/com/leff/midi/event/NoteOff.java
./_from_jar_android-midi-libv3-33d009c916b256f06a64762432b54f6e/com/leff/midi/event/ChannelAftertouch.java
./_from_jar_android-midi-libv3-33d009c916b256f06a64762432b54f6e/com/leff/midi/event/meta/SequenceNumber.java
./_from_jar_android-midi-libv3-33d009c916b256f06a64762432b54f6e/com/leff/midi/event/meta/Tempo.java
./_from_jar_android-midi-libv3-33d009c916b256f06a64762432b54f6e/com/leff/midi/event/meta/SequencerSpecificEvent.java
./_from_jar_android-midi-libv3-33d009c916b256f06a64762432b54f6e/com/leff/midi/event/meta/Text.java
./_from_jar_android-midi-libv3-33d009c916b256f06a64762432b54f6e/com/leff/midi/event/meta/CopyrightNotice.java
./_from_jar_android-midi-libv3-33d009c916b256f06a64762432b54f6e/com/leff/midi/event/meta/EndOfTrack.java
./_from_jar_android-midi-libv3-33d009c916b256f06a64762432b54f6e/com/leff/midi/event/meta/MidiChannelPrefix.java
./_from_jar_android-midi-libv3-33d009c916b256f06a64762432b54f6e/com/leff/midi/event/meta/TimeSignature.java
./_from_jar_android-midi-libv3-33d009c916b256f06a64762432b54f6e/com/leff/midi/event/meta/CuePoint.java
./_from_jar_android-midi-libv3-33d009c916b256f06a64762432b54f6e/com/leff/midi/event/meta/SmpteOffset.java
./_from_jar_android-midi-libv3-33d009c916b256f06a64762432b54f6e/com/leff/midi/event/meta/MetaEvent.java
./_from_jar_android-midi-libv3-33d009c916b256f06a64762432b54f6e/com/leff/midi/event/meta/TrackName.java
./_from_jar_android-midi-libv3-33d009c916b256f06a64762432b54f6e/com/leff/midi/event/meta/GenericMetaEvent.java
./_from_jar_android-midi-libv3-33d009c916b256f06a64762432b54f6e/com/leff/midi/event/meta/TextualMetaEvent.java
[0m
[0m$ [0mls -la
total 0
drwxr-xr-x@ 3 eliahilse  staff   96 Aug 24 14:19 _from_jar_andmodplug-1.0
drwxr-xr-x@ 3 eliahilse  staff   96 Aug 24 14:19 _from_jar_andmodplug-1.0-5e85666bb08415ae1c681a5697679c0c
drwxr-xr-x@ 3 eliahilse  staff   96 Aug 24 14:19 _from_jar_android-midi-libv3
drwxr-xr-x@ 3 eliahilse  staff   96 Aug 24 14:19 _from_jar_android-midi-libv3-33d009c916b256f06a64762432b54f6e
drwxr-xr-x@ 7 eliahilse  staff  224 Aug 24 14:19 .
drwxr-xr-x@ 8 eliahilse  staff  256 Aug 24 14:19 ..
drwxr-xr-x@ 3 eliahilse  staff   96 Aug 24 14:19 Users
[0m
[0m$ [0mfind "Users/eliahilse/Documents/GitHub/B/apogames/Android/myTreasureAndroid" -type f -name "*.java" | grep -v gen/ ; echo "---"; find . -maxdepth 4 -type d
Users/eliahilse/Documents/GitHub/B/apogames/Android/myTreasureAndroid/src/com/apogames/mytreasure/MyTreasureModel.java
Users/eliahilse/Documents/GitHub/B/apogames/Android/myTreasureAndroid/src/com/apogames/mytreasure/MyTreasureSoundPlayer.java
Users/eliahilse/Documents/GitHub/B/apogames/Android/myTreasureAndroid/src/com/apogames/mytreasure/MyTreasureConstants.java
Users/eliahilse/Documents/GitHub/B/apogames/Android/myTreasureAndroid/src/com/apogames/mytreasure/MyTreasureActivity.java
Users/eliahilse/Documents/GitHub/B/apogames/Android/myTreasureAndroid/src/com/apogames/mytreasure/entity/MyTreasureSolve.java
Users/eliahilse/Documents/GitHub/B/apogames/Android/myTreasureAndroid/src/com/apogames/mytreasure/entity/MyTreasureTutorialHelp.java
Users/eliahilse/Documents/GitHub/B/apogames/Android/myTreasureAndroid/src/com/apogames/mytreasure/entity/ApoEntity.java
Users/eliahilse/Documents/GitHub/B/apogames/Android/myTreasureAndroid/src/com/apogames/mytreasure/entity/MyTreasureTutorial.java
Users/eliahilse/Documents/GitHub/B/apogames/Android/myTreasureAndroid/src/com/apogames/mytreasure/entity/MyTreasureMapHelp.java
Users/eliahilse/Documents/GitHub/B/apogames/Android/myTreasureAndroid/src/com/apogames/mytreasure/entity/ApoButton.java
Users/eliahilse/Documents/GitHub/B/apogames/Android/myTreasureAndroid/src/com/apogames/mytreasure/entity/MyTreasureMapPlayer.java
Users/eliahilse/Documents/GitHub/B/apogames/Android/myTreasureAndroid/src/com/apogames/mytreasure/entity/MyTreasureParticle.java
Users/eliahilse/Documents/GitHub/B/apogames/Android/myTreasureAndroid/src/com/apogames/mytreasure/game/MyTreasureButtons.java
Users/eliahilse/Documents/GitHub/B/apogames/Android/myTreasureAndroid/src/com/apogames/mytreasure/game/MyTreasureMap.java
Users/eliahilse/Documents/GitHub/B/apogames/Android/myTreasureAndroid/src/com/apogames/mytreasure/game/MyTreasureMenu.java
Users/eliahilse/Documents/GitHub/B/apogames/Android/myTreasureAndroid/src/com/apogames/mytreasure/game/MyTreasurePanel.java
Users/eliahilse/Documents/GitHub/B/apogames/Android/myTreasureAndroid/src/com/apogames/mytreasure/game/MyTreasureGame.java
Users/eliahilse/Documents/GitHub/B/apogames/Android/myTreasureAndroid/src/com/apogames/mytreasure/game/MyTreasureEditor.java
Users/eliahilse/Documents/GitHub/B/apogames/Android/myTreasureAndroid/src/com/apogames/mytreasure/game/MyTreasureOptions.java
Users/eliahilse/Documents/GitHub/B/apogames/Android/myTreasureAndroid/src/com/apogames/mytreasure/game/MyTreasureCredits.java
Users/eliahilse/Documents/GitHub/B/apogames/Android/myTreasureAndroid/src/com/apogames/mytreasure/game/MyTreasureLevelChooser.java
Users/eliahilse/Documents/GitHub/B/apogames/Android/myTreasureAndroid/src/com/apogames/mytreasure/MyTreasureMusicPlayer.java
Users/eliahilse/Documents/GitHub/B/apogames/Android/myTreasureAndroid/src/com/apogames/mytreasure/MyTreasureActivityFree.java
Users/eliahilse/Documents/GitHub/B/apogames/Android/myTreasureAndroid/src/com/apogames/mytreasure/MyTreasureComponent.java
Users/eliahilse/Documents/GitHub/B/apogames/Android/myTreasureAndroid/src/com/apogames/mytreasure/userlevels/MyTreasureUserlevelsLoad.java
Users/eliahilse/Documents/GitHub/B/apogames/Android/myTreasureAndroid/src/com/apogames/mytreasure/userlevels/MyTreasureLevels.java
Users/eliahilse/Documents/GitHub/B/apogames/Android/myTreasureAndroid/src/com/apogames/mytreasure/userlevels/MyTreasureUserLevels.java
---
.
./_from_jar_android-midi-libv3
./_from_jar_android-midi-libv3/com
./_from_jar_android-midi-libv3/com/leff
./_from_jar_android-midi-libv3/com/leff/midi
./_from_jar_andmodplug-1.0
./_from_jar_andmodplug-1.0/com
./_from_jar_andmodplug-1.0/com/peculiargames
./_from_jar_andmodplug-1.0/com/peculiargames/andmodplug
./_from_jar_andmodplug-1.0-5e85666bb08415ae1c681a5697679c0c
./_from_jar_andmodplug-1.0-5e85666bb08415ae1c681a5697679c0c/com
./_from_jar_andmodplug-1.0-5e85666bb08415ae1c681a5697679c0c/com/peculiargames
./_from_jar_andmodplug-1.0-5e85666bb08415ae1c681a5697679c0c/com/peculiargames/andmodplug
./Users
./Users/eliahilse
./Users/eliahilse/Documents
./Users/eliahilse/Documents/GitHub
./_from_jar_android-midi-libv3-33d009c916b256f06a64762432b54f6e
./_from_jar_android-midi-libv3-33d009c916b256f06a64762432b54f6e/com
./_from_jar_android-midi-libv3-33d009c916b256f06a64762432b54f6e/com/leff
./_from_jar_android-midi-libv3-33d009c916b256f06a64762432b54f6e/com/leff/midi
[0m
[0m$ [0mgrep -rn --include="*.java" -l "apo-games.de\|HttpClient\|HttpURLConnection\|URL\|defineClass\|ObjectInputStream\|MessageDigest\|System.load" . | sort | uniq | head -50
./_from_jar_andmodplug-1.0-5e85666bb08415ae1c681a5697679c0c/com/peculiargames/andmodplug/PlayerThread.java
./_from_jar_andmodplug-1.0/com/peculiargames/andmodplug/PlayerThread.java
./Users/eliahilse/Documents/GitHub/B/apogames/Android/myTreasureAndroid/src/com/apogames/mytreasure/game/MyTreasureCredits.java
./Users/eliahilse/Documents/GitHub/B/apogames/Android/myTreasureAndroid/src/com/apogames/mytreasure/MyTreasureConstants.java
./Users/eliahilse/Documents/GitHub/B/apogames/Android/myTreasureAndroid/src/com/apogames/mytreasure/userlevels/MyTreasureUserlevelsLoad.java
[0m
[0m$ [0mgrep -rn --include="*.java" "http://\|https://\|\.php" "Users/eliahilse/Documents/GitHub/B/apogames/Android/myTreasureAndroid/src" | head -40
Users/eliahilse/Documents/GitHub/B/apogames/Android/myTreasureAndroid/src/com/apogames/mytreasure/MyTreasureConstants.java:12:	public final static String USERLEVELS_GETPHP = "http://www.apo-games.de/myTreasure/get_level.php";
Users/eliahilse/Documents/GitHub/B/apogames/Android/myTreasureAndroid/src/com/apogames/mytreasure/MyTreasureConstants.java:13:	public final static String USERLEVELS_SAVEPHP = "http://www.apo-games.de/myTreasure/save_level.php";
[0m
[0m→ [0mRead Users/eliahilse/Documents/GitHub/B/apogames/Android/myTreasureAndroid/src/com/apogames/mytreasure/userlevels/MyTreasureUserlevelsLoad.java
[0m→ [0mRead Users/eliahilse/Documents/GitHub/B/apogames/Android/myTreasureAndroid/src/com/apogames/mytreasure/MyTreasureConstants.java
[0m
[0m$ [0mgrep -rn --include="*.java" "ObjectInputStream\|defineClass\|MessageDigest\|System.load\|Runtime.getRuntime\|ProcessBuilder\|exec(" "Users/eliahilse/Documents/GitHub/B/apogames/Android/myTreasureAndroid/src" ; echo "=== file io ==="; grep -rln --include="*.java" "FileOutputStream\|FileInputStream\|openFileOutput\|openFileInput\|getExternalStorage\|getFilesDir" "Users/eliahilse/Documents/GitHub/B/apogames/Android/myTreasureAndroid/src"
=== file io ===
[0m
[0m→ [0mRead Users/eliahilse/Documents/GitHub/B/apogames/Android/myTreasureAndroid/src/com/apogames/mytreasure/userlevels/MyTreasureUserLevels.java
[0m
[0m$ [0mgrep -rn --include="*.java" "SharedPreferences\|getPreferences\|MODE_PRIVATE\|Editor\b" "Users/eliahilse/Documents/GitHub/B/apogames/Android/myTreasureAndroid/src" | head -30
Users/eliahilse/Documents/GitHub/B/apogames/Android/myTreasureAndroid/src/com/apogames/mytreasure/MyTreasureActivity.java:11:import android.content.SharedPreferences;
Users/eliahilse/Documents/GitHub/B/apogames/Android/myTreasureAndroid/src/com/apogames/mytreasure/MyTreasureActivity.java:15:	public static SharedPreferences settings;
Users/eliahilse/Documents/GitHub/B/apogames/Android/myTreasureAndroid/src/com/apogames/mytreasure/MyTreasureActivity.java:26:		MyTreasureActivity.settings = this.getSharedPreferences(MyTreasureConstants.PREFS_NAME, 0);
Users/eliahilse/Documents/GitHub/B/apogames/Android/myTreasureAndroid/src/com/apogames/mytreasure/entity/MyTreasureSolve.java:7:import com.apogames.mytreasure.game.MyTreasureEditor;
Users/eliahilse/Documents/GitHub/B/apogames/Android/myTreasureAndroid/src/com/apogames/mytreasure/entity/MyTreasureSolve.java:16:	private final MyTreasureEditor editor;
Users/eliahilse/Documents/GitHub/B/apogames/Android/myTreasureAndroid/src/com/apogames/mytreasure/entity/MyTreasureSolve.java:18:	public MyTreasureSolve(final MyTreasureEditor editor) {
Users/eliahilse/Documents/GitHub/B/apogames/Android/myTreasureAndroid/src/com/apogames/mytreasure/game/MyTreasureButtons.java:180:			text = MyTreasureEditor.BACK;
Users/eliahilse/Documents/GitHub/B/apogames/Android/myTreasureAndroid/src/com/apogames/mytreasure/game/MyTreasureButtons.java:181:			function = MyTreasureEditor.BACK;
Users/eliahilse/Documents/GitHub/B/apogames/Android/myTreasureAndroid/src/com/apogames/mytreasure/game/MyTreasureButtons.java:188:			text = MyTreasureEditor.SIZE_LEFT;
Users/eliahilse/Documents/GitHub/B/apogames/Android/myTreasureAndroid/src/com/apogames/mytreasure/game/MyTreasureButtons.java:189:			function = MyTreasureEditor.SIZE_LEFT;
Users/eliahilse/Documents/GitHub/B/apogames/Android/myTreasureAndroid/src/com/apogames/mytreasure/game/MyTreasureButtons.java:196:			text = MyTreasureEditor.SIZE_RIGHT;
Users/eliahilse/Documents/GitHub/B/apogames/Android/myTreasureAndroid/src/com/apogames/mytreasure/game/MyTreasureButtons.java:197:			function = MyTreasureEditor.SIZE_RIGHT;
Users/eliahilse/Documents/GitHub/B/apogames/Android/myTreasureAndroid/src/com/apogames/mytreasure/game/MyTreasureButtons.java:204:			text = MyTreasureEditor.TEST;
Users/eliahilse/Documents/GitHub/B/apogames/Android/myTreasureAndroid/src/com/apogames/mytreasure/game/MyTreasureButtons.java:205:			function = MyTreasureEditor.TEST;
Users/eliahilse/Documents/GitHub/B/apogames/Android/myTreasureAndroid/src/com/apogames/mytreasure/game/MyTreasureButtons.java:212:			text = MyTreasureEditor.UPLOAD;
Users/eliahilse/Documents/GitHub/B/apogames/Android/myTreasureAndroid/src/com/apogames/mytreasure/game/MyTreasureButtons.java:213:			function = MyTreasureEditor.UPLOAD;
Users/eliahilse/Documents/GitHub/B/apogames/Android/myTreasureAndroid/src/com/apogames/mytreasure/game/MyTreasureButtons.java:220:			text = MyTreasureEditor.SOLVE;
Users/eliahilse/Documents/GitHub/B/apogames/Android/myTreasureAndroid/src/com/apogames/mytreasure/game/MyTreasureButtons.java:221:			function = MyTreasureEditor.SOLVE;
Users/eliahilse/Documents/GitHub/B/apogames/Android/myTreasureAndroid/src/com/apogames/mytreasure/game/MyTreasureMenu.java:42:	public static final String EDITOR = "Editor";
Users/eliahilse/Documents/GitHub/B/apogames/Android/myTreasureAndroid/src/com/apogames/mytreasure/game/MyTreasureMenu.java:87:				this.getGame().setEditor(false, 95);
Users/eliahilse/Documents/GitHub/B/apogames/Android/myTreasureAndroid/src/com/apogames/mytreasure/game/MyTreasurePanel.java:40:import android.content.SharedPreferences;
Users/eliahilse/Documents/GitHub/B/apogames/Android/myTreasureAndroid/src/com/apogames/mytreasure/game/MyTreasurePanel.java:60:	private MyTreasureEditor editor;
Users/eliahilse/Documents/GitHub/B/apogames/Android/myTreasureAndroid/src/com/apogames/mytreasure/game/MyTreasurePanel.java:128:			this.editor = new MyTreasureEditor(this);
Users/eliahilse/Documents/GitHub/B/apogames/Android/myTreasureAndroid/src/com/apogames/mytreasure/game/MyTreasurePanel.java:165:		SharedPreferences settings = MyTreasureActivity.settings;
Users/eliahilse/Documents/GitHub/B/apogames/Android/myTreasureAndroid/src/com/apogames/mytreasure/game/MyTreasurePanel.java:187:		SharedPreferences settings = MyTreasureActivity.settings;
Users/eliahilse/Documents/GitHub/B/apogames/Android/myTreasureAndroid/src/com/apogames/mytreasure/game/MyTreasurePanel.java:188:		SharedPreferences.Editor editor = settings.edit();
Users/eliahilse/Documents/GitHub/B/apogames/Android/myTreasureAndroid/src/com/apogames/mytreasure/game/MyTreasurePanel.java:271:	public final void setGame(final boolean bUserlevel, final boolean bEditor, final int levelInt, final String levelString) {
Users/eliahilse/Documents/GitHub/B/apogames/Android/myTreasureAndroid/src/com/apogames/mytreasure/game/MyTreasurePanel.java:283:		this.game.loadLevel(bEditor, levelInt, levelString);
Users/eliahilse/Documents/GitHub/B/apogames/Android/myTreasureAndroid/src/com/apogames/mytreasure/game/MyTreasurePanel.java:286:	public final void setEditor(boolean bSolved, int steps) {
Users/eliahilse/Documents/GitHub/B/apogames/Android/myTreasureAndroid/src/com/apogames/mytreasure/game/MyTreasureGame.java:78:	private boolean bEditor = false;
[0m
[0m→ [0mRead Users/eliahilse/Documents/GitHub/B/apogames/Android/myTreasureAndroid/src/com/apogames/mytreasure/MyTreasureActivity.java
[0m→ [0mRead Users/eliahilse/Documents/GitHub/B/apogames/Android/myTreasureAndroid/src/com/apogames/mytreasure/userlevels/MyTreasureLevels.java
[0m→ [0mRead Users/eliahilse/Documents/GitHub/B/apogames/Android/myTreasureAndroid/src/com/apogames/mytreasure/game/MyTreasureGame.java[90m [offset=80, limit=320][0m
[0m
[0m$ [0mgrep -n "loadLevel\|loadMap\|substring\|charAt\|parseInt\|parseLong\|valueOf\|Integer\.\|Float\." "Users/eliahilse/Documents/GitHub/B/apogames/Android/myTreasureAndroid/src/com/apogames/mytreasure/game/MyTreasureGame.java" "Users/eliahilse/Documents/GitHub/B/apogames/Android/myTreasureAndroid/src/com/apogames/mytreasure/game/MyTreasureMap.java" "Users/eliahilse/Documents/GitHub/B/apogames/Android/myTreasureAndroid/src/com/apogames/mytreasure/entity/MyTreasureMapPlayer.java" | head -60
Users/eliahilse/Documents/GitHub/B/apogames/Android/myTreasureAndroid/src/com/apogames/mytreasure/game/MyTreasureGame.java:127:	public void loadLevel(final boolean bEditor, final int levelInt, String levelString) {
Users/eliahilse/Documents/GitHub/B/apogames/Android/myTreasureAndroid/src/com/apogames/mytreasure/game/MyTreasureGame.java:175:		this.gold = Integer.valueOf(levelString.substring(levelString.length() - 4, levelString.length() - 2));
Users/eliahilse/Documents/GitHub/B/apogames/Android/myTreasureAndroid/src/com/apogames/mytreasure/game/MyTreasureGame.java:176:		this.silver = Integer.valueOf(levelString.substring(levelString.length() - 2, levelString.length()));
Users/eliahilse/Documents/GitHub/B/apogames/Android/myTreasureAndroid/src/com/apogames/mytreasure/game/MyTreasureGame.java:177:		int i = Integer.valueOf(levelString.substring(0, 2));
Users/eliahilse/Documents/GitHub/B/apogames/Android/myTreasureAndroid/src/com/apogames/mytreasure/game/MyTreasureGame.java:178:		int j = Integer.valueOf(levelString.substring(2, 4));
Users/eliahilse/Documents/GitHub/B/apogames/Android/myTreasureAndroid/src/com/apogames/mytreasure/game/MyTreasureGame.java:186:				this.level[y][x] = Integer.valueOf(levelString.substring(y * this.level[0].length + x + 4, y * this.level[0].length + x + 5));
Users/eliahilse/Documents/GitHub/B/apogames/Android/myTreasureAndroid/src/com/apogames/mytreasure/game/MyTreasureGame.java:286:				this.loadLevel(this.bEditor, this.curLevel, "");
Users/eliahilse/Documents/GitHub/B/apogames/Android/myTreasureAndroid/src/com/apogames/mytreasure/game/MyTreasureGame.java:763:			s = String.valueOf(this.steps);
Users/eliahilse/Documents/GitHub/B/apogames/Android/myTreasureAndroid/src/com/apogames/mytreasure/game/MyTreasureGame.java:831:			s = "Level "+String.valueOf(curLevel+1)+"/"+MyTreasureLevels.editorLevels.length;
Users/eliahilse/Documents/GitHub/B/apogames/Android/myTreasureAndroid/src/com/apogames/mytreasure/game/MyTreasureGame.java:833:			s = "Level "+String.valueOf(curLevel+1)+"/"+this.max;
Users/eliahilse/Documents/GitHub/B/apogames/Android/myTreasureAndroid/src/com/apogames/mytreasure/game/MyTreasureMap.java:228:		String s = String.valueOf(this.getGame().getCurSkulls());
[0m
[0m→ [0mRead Users/eliahilse/Documents/GitHub/B/apogames/Android/myTreasureAndroid/src/com/apogames/mytreasure/game/MyTreasurePanel.java
[0m
[0m$ [0mgrep -n "addLevel\|UPLOAD\|save\|loadLevel\|setGame\|getEditorLevels\|editorLevels" "Users/eliahilse/Documents/GitHub/B/apogames/Android/myTreasureAndroid/src/com/apogames/mytreasure/game/MyTreasureEditor.java" "Users/eliahilse/Documents/GitHub/B/apogames/Android/myTreasureAndroid/src/com/apogames/mytreasure/game/MyTreasureLevelChooser.java"
Users/eliahilse/Documents/GitHub/B/apogames/Android/myTreasureAndroid/src/com/apogames/mytreasure/game/MyTreasureEditor.java:48:	public static final String UPLOAD = "upload";
Users/eliahilse/Documents/GitHub/B/apogames/Android/myTreasureAndroid/src/com/apogames/mytreasure/game/MyTreasureEditor.java:197:			this.getGame().setGame(false, true, 0, this.getLevelString());
Users/eliahilse/Documents/GitHub/B/apogames/Android/myTreasureAndroid/src/com/apogames/mytreasure/game/MyTreasureEditor.java:198:		} else if (function.equals(MyTreasureEditor.UPLOAD)) {
Users/eliahilse/Documents/GitHub/B/apogames/Android/myTreasureAndroid/src/com/apogames/mytreasure/game/MyTreasureEditor.java:251:		boolean bUpload = this.getGame().getUserlevels().addLevel(this.getLevelString());
Users/eliahilse/Documents/GitHub/B/apogames/Android/myTreasureAndroid/src/com/apogames/mytreasure/game/MyTreasureLevelChooser.java:195:		this.max = MyTreasureLevels.editorLevels.length;
Users/eliahilse/Documents/GitHub/B/apogames/Android/myTreasureAndroid/src/com/apogames/mytreasure/game/MyTreasureLevelChooser.java:198:			boolean bSolved = this.getGame().getSolvedLevel().containsKey(MyTreasureLevels.editorLevels[this.curI + i]);
Users/eliahilse/Documents/GitHub/B/apogames/Android/myTreasureAndroid/src/com/apogames/mytreasure/game/MyTreasureLevelChooser.java:239:						this.getGame().setGame(true, false, i, "");
Users/eliahilse/Documents/GitHub/B/apogames/Android/myTreasureAndroid/src/com/apogames/mytreasure/game/MyTreasureLevelChooser.java:248:						this.getGame().setGame(false, false, i, "");
Users/eliahilse/Documents/GitHub/B/apogames/Android/myTreasureAndroid/src/com/apogames/mytreasure/game/MyTreasureLevelChooser.java:342:				bSolved = this.getGame().getSolvedLevel().containsKey(MyTreasureLevels.editorLevels[this.curI + i]);
Users/eliahilse/Documents/GitHub/B/apogames/Android/myTreasureAndroid/src/com/apogames/mytreasure/game/MyTreasureLevelChooser.java:375:						skulls = this.getGame().getSolvedLevel().get(MyTreasureLevels.editorLevels[this.curI + i]);
[0m
[0m→ [0mRead Users/eliahilse/Documents/GitHub/B/apogames/Android/myTreasureAndroid/src/com/apogames/mytreasure/game/MyTreasureLevelChooser.java[90m [limit=260, offset=28][0m
[0m→ [0mRead Users/eliahilse/Documents/GitHub/B/apogames/Android/myTreasureAndroid/src/com/apogames/mytreasure/game/MyTreasureEditor.java[90m [limit=200, offset=100][0m
[0m
[0m$ [0mgrep -n "URL\|http" "Users/eliahilse/Documents/GitHub/B/apogames/Android/myTreasureAndroid/src/com/apogames/mytreasure/game/MyTreasureCredits.java"; echo ---; grep -rn "loadLevel\|substring\|Integer.valueOf" "Users/eliahilse/Documents/GitHub/B/apogames/Android/myTreasureAndroid/src/com/apogames/mytreasure/entity/MyTreasureSolve.java" | head -20
---
Users/eliahilse/Documents/GitHub/B/apogames/Android/myTreasureAndroid/src/com/apogames/mytreasure/entity/MyTreasureSolve.java:26:		int[][] levelArray = new int[Integer.valueOf(level.substring(2, 4))][Integer.valueOf(level.substring(0, 2))];
Users/eliahilse/Documents/GitHub/B/apogames/Android/myTreasureAndroid/src/com/apogames/mytreasure/entity/MyTreasureSolve.java:29:				levelArray[y][x] = Integer.valueOf(level.substring(4 + x + y * levelArray[0].length, 4 + x + y * levelArray[0].length + 1));
Users/eliahilse/Documents/GitHub/B/apogames/Android/myTreasureAndroid/src/com/apogames/mytreasure/entity/MyTreasureSolve.java:57:						if (this.noSolutions.get(j).equals(this.solutions.get(i).substring(0, this.noSolutions.get(j).length()))) {
Users/eliahilse/Documents/GitHub/B/apogames/Android/myTreasureAndroid/src/com/apogames/mytreasure/entity/MyTreasureSolve.java:117:			if (solveLevel.substring(i, i + 1).equals("l")) {
Users/eliahilse/Documents/GitHub/B/apogames/Android/myTreasureAndroid/src/com/apogames/mytreasure/entity/MyTreasureSolve.java:128:						this.noSolutions.add(solveLevel.substring(0, i + 1));
[0m
[0m$ [0mecho "== crypto/deser/classloader/native across WHOLE variant =="; grep -rn --include="*.java" "MessageDigest\|Cipher\|SecretKey\|ObjectInputStream\|XMLDecoder\|defineClass\|ClassLoader\|System\.load\|Runtime\.getRuntime\|ProcessBuilder\|java\.net\.Socket\|SSLContext\|TrustManager\|HostnameVerifier" . | head -30; echo "== exec/file io in game src =="; grep -rn --include="*.java" "File\|openFile\|getExternal\|getAssets\|exec" "Users/eliahilse/Documents/GitHub/B/apogames/Android/myTreasureAndroid/src" | grep -v "^.*import" | head -20
== crypto/deser/classloader/native across WHOLE variant ==
./_from_jar_andmodplug-1.0/com/peculiargames/andmodplug/PlayerThread.java:912:    	        System.loadLibrary("modplug-"+VERS);
./_from_jar_andmodplug-1.0/com/peculiargames/andmodplug/PlayerThread.java:913:    	        //System.loadLibrary("modplug");
./_from_jar_andmodplug-1.0-5e85666bb08415ae1c681a5697679c0c/com/peculiargames/andmodplug/PlayerThread.java:912:    	        System.loadLibrary("modplug-"+VERS);
./_from_jar_andmodplug-1.0-5e85666bb08415ae1c681a5697679c0c/com/peculiargames/andmodplug/PlayerThread.java:913:    	        //System.loadLibrary("modplug");
== exec/file io in game src ==
Users/eliahilse/Documents/GitHub/B/apogames/Android/myTreasureAndroid/src/com/apogames/mytreasure/MyTreasureMusicPlayer.java:19:	private int curFile = -1;
Users/eliahilse/Documents/GitHub/B/apogames/Android/myTreasureAndroid/src/com/apogames/mytreasure/MyTreasureMusicPlayer.java:32:			this.curFile = -1;
Users/eliahilse/Documents/GitHub/B/apogames/Android/myTreasureAndroid/src/com/apogames/mytreasure/MyTreasureMusicPlayer.java:44:			while (nextString == this.curFile) {
Users/eliahilse/Documents/GitHub/B/apogames/Android/myTreasureAndroid/src/com/apogames/mytreasure/MyTreasureMusicPlayer.java:47:			this.curFile = nextString;
Users/eliahilse/Documents/GitHub/B/apogames/Android/myTreasureAndroid/src/com/apogames/mytreasure/MyTreasureMusicPlayer.java:49:			this.curFile = MENU;
Users/eliahilse/Documents/GitHub/B/apogames/Android/myTreasureAndroid/src/com/apogames/mytreasure/MyTreasureMusicPlayer.java:53://		BitsLog.d("player", ""+this.curFile);
Users/eliahilse/Documents/GitHub/B/apogames/Android/myTreasureAndroid/src/com/apogames/mytreasure/MyTreasureMusicPlayer.java:54:		this.mAudio = MediaPlayer.create(BitsApp.sAppContext, this.curFile);
[0m
[0m$ [0mecho "== credits match =="; grep -n "URL\|http\|System" "Users/eliahilse/Documents/GitHub/B/apogames/Android/myTreasureAndroid/src/com/apogames/mytreasure/game/MyTreasureCredits.java"; echo "== lib usage =="; grep -rn "peculiargames\|com\.leff\|andmodplug\|midi" --include="*.java" "Users/eliahilse/Documents/GitHub/B/apogames/Android/myTreasureAndroid/src" | head; echo "== all non-gen files =="; find . -type f | grep -v "\.java$" ; echo "== count src lines =="; wc -l $(find "Users/eliahilse/Documents/GitHub/B/apogames/Android/myTreasureAndroid/src" -name "*.java") | tail -1
== credits match ==
== lib usage ==
== all non-gen files ==
== count src lines ==
    7129 total
[0m
[0m→ [0mRead Users/eliahilse/Documents/GitHub/B/apogames/Android/myTreasureAndroid/src/com/apogames/mytreasure/entity/MyTreasureSolve.java
[0m→ [0mRead Users/eliahilse/Documents/GitHub/B/apogames/Android/myTreasureAndroid/src/com/apogames/mytreasure/game/MyTreasureGame.java[90m [limit=80][0m
[0m→ [0mRead Users/eliahilse/Documents/GitHub/B/apogames/Android/myTreasureAndroid/src/com/apogames/mytreasure/game/MyTreasureGame.java[90m [limit=240, offset=660][0m
[0m
[0m$ [0mfor f in MyTreasureMap MyTreasureMenu MyTreasureOptions MyTreasureCredits MyTreasureButtons MyTreasureComponent MyTreasureModel; do echo "== $f =="; wc -l "Users/eliahilse/Documents/GitHub/B/apogames/Android/myTreasureAndroid/src/com/apogames/mytreasure/game/$f.java"; done; wc -l Users/eliahilse/Documents/GitHub/B/apogames/Android/myTreasureAndroid/src/com/apogames/mytreasure/entity/*.java Users/eliahilse/Documents/GitHub/B/apogames/Android/myTreasureAndroid/src/com/apogames/mytreasure/MyTreasure{SoundPlayer,MusicPlayer}.java
== MyTreasureMap ==
     370 Users/eliahilse/Documents/GitHub/B/apogames/Android/myTreasureAndroid/src/com/apogames/mytreasure/game/MyTreasureMap.java
== MyTreasureMenu ==
     139 Users/eliahilse/Documents/GitHub/B/apogames/Android/myTreasureAndroid/src/com/apogames/mytreasure/game/MyTreasureMenu.java
== MyTreasureOptions ==
      85 Users/eliahilse/Documents/GitHub/B/apogames/Android/myTreasureAndroid/src/com/apogames/mytreasure/game/MyTreasureOptions.java
== MyTreasureCredits ==
     142 Users/eliahilse/Documents/GitHub/B/apogames/Android/myTreasureAndroid/src/com/apogames/mytreasure/game/MyTreasureCredits.java
== MyTreasureButtons ==
     283 Users/eliahilse/Documents/GitHub/B/apogames/Android/myTreasureAndroid/src/com/apogames/mytreasure/game/MyTreasureButtons.java
== MyTreasureComponent ==
wc: Users/eliahilse/Documents/GitHub/B/apogames/Android/myTreasureAndroid/src/com/apogames/mytreasure/game/MyTreasureComponent.java: open: No such file or directory
== MyTreasureModel ==
wc: Users/eliahilse/Documents/GitHub/B/apogames/Android/myTreasureAndroid/src/com/apogames/mytreasure/game/MyTreasureModel.java: open: No such file or directory
     297 Users/eliahilse/Documents/GitHub/B/apogames/Android/myTreasureAndroid/src/com/apogames/mytreasure/entity/ApoButton.java
     435 Users/eliahilse/Documents/GitHub/B/apogames/Android/myTreasureAndroid/src/com/apogames/mytreasure/entity/ApoEntity.java
      48 Users/eliahilse/Documents/GitHub/B/apogames/Android/myTreasureAndroid/src/com/apogames/mytreasure/entity/MyTreasureMapHelp.java
     160 Users/eliahilse/Documents/GitHub/B/apogames/Android/myTreasureAndroid/src/com/apogames/mytreasure/entity/MyTreasureMapPlayer.java
      75 Users/eliahilse/Documents/GitHub/B/apogames/Android/myTreasureAndroid/src/com/apogames/mytreasure/entity/MyTreasureParticle.java
     305 Users/eliahilse/Documents/GitHub/B/apogames/Android/myTreasureAndroid/src/com/apogames/mytreasure/entity/MyTreasureSolve.java
     127 Users/eliahilse/Documents/GitHub/B/apogames/Android/myTreasureAndroid/src/com/apogames/mytreasure/entity/MyTreasureTutorial.java
      39 Users/eliahilse/Documents/GitHub/B/apogames/Android/myTreasureAndroid/src/com/apogames/mytreasure/entity/MyTreasureTutorialHelp.java
      25 Users/eliahilse/Documents/GitHub/B/apogames/Android/myTreasureAndroid/src/com/apogames/mytreasure/MyTreasureSoundPlayer.java
      95 Users/eliahilse/Documents/GitHub/B/apogames/Android/myTreasureAndroid/src/com/apogames/mytreasure/MyTreasureMusicPlayer.java
    1606 total
[0m
[0m→ [0mRead Users/eliahilse/Documents/GitHub/B/apogames/Android/myTreasureAndroid/src/com/apogames/mytreasure/game/MyTreasureGame.java[90m [limit=260, offset=400][0m
[0m→ [0mRead Users/eliahilse/Documents/GitHub/B/apogames/Android/myTreasureAndroid/src/com/apogames/mytreasure/game/MyTreasureCredits.java[90m [limit=120, offset=28][0m
[0m
[0m$ [0mecho "== security-relevant tokens in remaining files =="; grep -n "URL\|Http\|Socket\|Stream\|File\|Pref\|load\|save\|parse\|Integer\.\|Float\.\|substring" Users/eliahilse/Documents/GitHub/B/apogames/Android/myTreasureAndroid/src/com/apogames/mytreasure/game/MyTreasureMap.java Users/eliahilse/Documents/GitHub/B/apogames/Android/myTreasureAndroid/src/com/apogames/mytreasure/game/MyTreasureMenu.java Users/eliahilse/Documents/GitHub/B/apogames/Android/myTreasureAndroid/src/com/apogames/mytreasure/game/MyTreasureOptions.java Users/eliahilse/Documents/GitHub/B/apogames/Android/myTreasureAndroid/src/com/apogames/mytreasure/game/MyTreasureButtons.java Users/eliahilse/Documents/GitHub/B/apogames/Android/myTreasureAndroid/src/com/apogames/mytreasure/MyTreasureComponent.java Users/eliahilse/Documents/GitHub/B/apogames/Android/myTreasureAndroid/src/com/apogames/mytreasure/MyTreasureModel.java | grep -v "playSound\|setVisible\|cropImage\|drawText\|setColor" | head -40
== security-relevant tokens in remaining files ==
[0m
[0m$ [0mgrep -c "" Users/eliahilse/Documents/GitHub/B/apogames/Android/myTreasureAndroid/src/com/apogames/mytreasure/game/MyTreasureMap.java; grep -n "skull\|Skull\|setOldLevel\|setPlayerPosition\|getSolvedLevel\|containsKey" Users/eliahilse/Documents/GitHub/B/apogames/Android/myTreasureAndroid/src/com/apogames/mytreasure/game/MyTreasureMap.java | head -20
370
92:			if ((this.oldLevel < this.NEEDED_SKULLS[i]) && (this.getGame().getCurSkulls() > this.NEEDED_SKULLS[i])) {
111:		this.oldLevel = this.getGame().getCurSkulls();
114:	public void setPlayerPosition(final int position) {
115:		this.player.setPlayerPosition(position);
118:	public void setOldLevel(final int oldLevel) {
157:			if ((this.getGame().getCurSkulls() >= this.NEEDED_SKULLS[0]) && (!MyTreasureConstants.FREE_VERSION)) {
170:			if ((this.getGame().getCurSkulls() >= this.NEEDED_SKULLS[1]) && (!MyTreasureConstants.FREE_VERSION)) {
182:			if ((this.getGame().getCurSkulls() >= this.NEEDED_SKULLS[2]) && (!MyTreasureConstants.FREE_VERSION)) {
228:		String s = String.valueOf(this.getGame().getCurSkulls());
257:			if (this.getGame().getCurSkulls() < this.NEEDED_SKULLS[1]) {
272:		} else if ((this.getGame().getCurSkulls() < this.NEEDED_SKULLS[1]) || (MyTreasureConstants.FREE_VERSION)) {
295:			if (this.getGame().getCurSkulls() < this.NEEDED_SKULLS[2]) {
310:		} else if ((this.getGame().getCurSkulls() < this.NEEDED_SKULLS[2]) || (MyTreasureConstants.FREE_VERSION)) {
332:			if (this.getGame().getCurSkulls() < this.NEEDED_SKULLS[0]) {
347:		} else if ((this.getGame().getCurSkulls() < this.NEEDED_SKULLS[0]) || (MyTreasureConstants.FREE_VERSION)) {
[0m
[0m$ [0mgrep -n "class\|abstract\|public" Users/eliahilse/Documents/GitHub/B/apogames/Android/myTreasureAndroid/src/com/apogames/mytreasure/MyTreasureComponent.java | head -25; echo ===; grep -n "class\|public\|protected" Users/eliahilse/Documents/GitHub/B/apogames/Android/myTreasureAndroid/src/com/apogames/mytreasure/MyTreasureModel.java | head -25
14:public abstract class MyTreasureComponent extends BitsScreen implements BitsPointerListener, BitsKeyListener {
27:	public void onButtonPressed(BitsButtonWidget button) {
31:	public MyTreasureModel getModel() {
35:	public void setModel(MyTreasureModel model) {
43:	public final ApoButton[] getButtons() {
51:	public void setButtons(ApoButton[] buttons) {
55:	public final boolean onPointerDown( final int pointerId, final float x, final float y, final BitsPointerEvent event ) {
77:	public final boolean onPointerUp( final int pointerId, final float x, final float y, final BitsPointerEvent event ) {
98:	public final boolean onPointerDragged( final int pointerId, final float x, final float y, final float deltaX, final float deltaY, final BitsPointerEvent event ) {
113:	public void renderButtons(BitsGLGraphics g) {
125:	public abstract void setButtonFunction(String function);
128:	public void onInitScreen() {
134:	public void init() {
139:	public void onPauseScreen() {
144:	public void onResumeScreen() {
149:	public void onFinishScreen() {
154:	public void onBackButtonPressed() {
158:	public boolean onKeyDown(final int key, final BitsKeyEvent event) {
166:	public boolean onKeyUp(final int key, final BitsKeyEvent event) {
zsh:1: == not found
[0m
[0m→ [0mRead Users/eliahilse/Documents/GitHub/B/apogames/Android/myTreasureAndroid/src/com/apogames/mytreasure/MyTreasureActivityFree.java
I have now reviewed all 27 Java source files of the game (plus confirmed the four `_from_jar_*` vendored libraries are unreferenced dead code). Here is the audit result.

<<<JSON_BEGIN>>>
{
  "variant": "myTreasureAndroid",
  "files_reviewed": 27,
  "notable_files": [
    "Users/eliahilse/Documents/GitHub/B/apogames/Android/myTreasureAndroid/src/com/apogames/mytreasure/MyTreasureConstants.java",
    "Users/eliahilse/Documents/GitHub/B/apogames/Android/myTreasureAndroid/src/com/apogames/mytreasure/userlevels/MyTreasureUserlevelsLoad.java",
    "Users/eliahilse/Documents/GitHub/B/apogames/Android/myTreasureAndroid/src/com/apogames/mytreasure/userlevels/MyTreasureUserLevels.java",
    "Users/eliahilse/Documents/GitHub/B/apogames/Android/myTreasureAndroid/src/com/apogames/mytreasure/userlevels/MyTreasureLevels.java",
    "Users/eliahilse/Documents/GitHub/B/apogames/Android/myTreasureAndroid/src/com/apogames/mytreasure/game/MyTreasureGame.java",
    "Users/eliahilse/Documents/GitHub/B/apogames/Android/myTreasureAndroid/src/com/apogames/mytreasure/game/MyTreasureEditor.java",
    "Users/eliahilse/Documents/GitHub/B/apogames/Android/myTreasureAndroid/src/com/apogames/mytreasure/game/MyTreasurePanel.java"
  ],
  "findings": [
    {
      "id": "myTreasureAndroid-01",
      "title": "User-level download/upload over plain HTTP enables tampering of downloaded level content",
      "category": "insecure_transport",
      "cwe": "CWE-319",
      "file": "Users/eliahilse/Documents/GitHub/B/apogames/Android/myTreasureAndroid/src/com/apogames/mytreasure/userlevels/MyTreasureUserlevelsLoad.java",
      "line": 190,
      "code_excerpt": "url = new URL(MyTreasureConstants.USERLEVELS_GETPHP);  // MyTreasureConstants.java:12 \"http://www.apo-games.de/myTreasure/get_level.php\"",
      "entry_point": "MyTreasureUserlevelsLoad.load(), invoked from MyTreasurePanel.loadUserlevels() background thread (MyTreasurePanel.java:390-398) on app start; response body lines become the playable user levels",
      "sink": "java.net.URL.openConnection() against http://www.apo-games.de/myTreasure/get_level.php (load, line 190) and save_level.php (save, line 149)",
      "data_path": "MyTreasureActivity.onCreateApp -> MyTreasurePanel.init() (line 142) -> loadUserlevels() Thread -> MyTreasureUserLevels.loadUserlevels() (MyTreasureUserLevels.java:47-62) -> MyTreasureUserlevelsLoad.load() -> URLConnection over cleartext HTTP; response lines parsed into lists (lines 207-235) and stored into MyTreasureLevels.editorLevels (MyTreasureUserLevels.java:55)",
      "attack_scenario": "Attacker on the same LAN / captive portal / ISP intercepts the HTTP GET to get_level.php and rewrites the response lines. The injected strings are subsequently parsed by MyTreasureGame.loadLevel (see finding 02) and rendered as level names/statistics, giving the attacker full control of the content pipeline that feeds the level parser. Uploads (editor 'upload' button -> MyTreasureEditor.uploadString() line 251 -> save()) equally expose the submitted level string in cleartext.",
      "reachable": true,
      "preconditions": "Device online (isOnline() gate, MyTreasureActivity.java:42-47); attacker positioned on-path (no TLS, no pinning, no certificate logic anywhere in the variant).",
      "severity": "medium",
      "confidence": "high",
      "validation_plan": "Run the app with a proxy (mitmproxy on adb reverse or Wi-Fi gateway). Observe plaintext 'POST /myTreasure/get_level.php HTTP/1.1' and 'POST .../save_level.php' with form body 'level=...'. Return a modified multi-line body (11 lines per level: level-string, time, counts...) and verify the injected level appears in Menu > 'userlevels' chooser and is playable.",
      "shared_component": true
    },
    {
      "id": "myTreasureAndroid-02",
      "title": "Server-supplied level strings parsed by hand with substring()/Integer.valueOf() and no validation -> remotely triggerable crash",
      "category": "unsafe_custom_parser",
      "cwe": "CWE-20",
      "file": "Users/eliahilse/Documents/GitHub/B/apogames/Android/myTreasureAndroid/src/com/apogames/mytreasure/game/MyTreasureGame.java",
      "line": 186,
      "code_excerpt": "this.level[y][x] = Integer.valueOf(levelString.substring(y * this.level[0].length + x + 4, y * this.level[0].length + x + 5));",
      "entry_point": "HTTP response lines from get_level.php stored in MyTreasureLevels.editorLevels; selected via MyTreasureLevelChooser.touchedReleased (MyTreasureLevelChooser.java:237-239) -> MyTreasurePanel.setGame(true,false,i,\"\") (MyTreasurePanel.java:283) -> MyTreasureGame.loadLevel",
      "sink": "Integer.valueOf(levelString.substring(...)) at MyTreasureGame.java:175-178 and 186, and array allocation new int[j*2][i] at line 180, all driven by attacker-controlled characters",
      "data_path": "loadLevel(false, i, \"\") -> bUserLevel branch (lines 139-151) sets levelString=editorLevels[level] -> gold/silver parsed from last 4 chars (175-176), width i and height j from first 4 chars (177-178), arrays sized (180), cells parsed char-by-char (183-191). Any non-digit -> NumberFormatException; declared i*j larger than supplied payload -> StringIndexOutOfBoundsException. Also re-entered from think() line 286 when level[0][0]==-1 (restart/next-level), so the exception fires inside the update/render loop.",
      "attack_scenario": "An anonymous party POSTs a malformed 'level' line to save_level.php (protocol accepts anything, see finding 04) or a network attacker modifies the get_level.php response (finding 01), e.g. first line '9999' (declares 99x99 grid but supplies no cell data) or '0a06...'. Every player who taps that level in the user-level chooser gets an uncaught NumberFormatException/StringIndexOutOfBoundsException on the game thread and the process dies (FATAL EXCEPTION in logcat). Effect: persistent remote DoS of the app for all players until the server entry is removed. Note the blast radius is bounded: width/height are only two digits (max 99x99, ~78 KB allocation), so no OOM vector exists.",
      "reachable": true,
      "preconditions": "Attacker-controlled level string reaches editorLevels (via scripted anonymous upload to save_level.php or on-path HTTP tampering); victim browses user levels and opens the crafted one.",
      "severity": "low",
      "confidence": "high",
      "validation_plan": "Two ways: (a) mitmproxy the get_level.php response so the first returned level line is '9999'; tap the first user level in-app; observe AndroidRuntime FATAL EXCEPTION StringIndexOutOfBoundsException in MyTreasureGame.loadLevel via adb logcat. (b) curl -d 'level=9999' http://www.apo-games.de/myTreasure/save_level.php from any host, refresh user levels in the app, select the new level, same crash.",
      "shared_component": false
    },
    {
      "id": "myTreasureAndroid-03",
      "title": "Deduplication check substrings every server-provided level string; short/empty entries crash the upload thread",
      "category": "unsafe_custom_parser",
      "cwe": "CWE-20",
      "file": "Users/eliahilse/Documents/GitHub/B/apogames/Android/myTreasureAndroid/src/com/apogames/mytreasure/userlevels/MyTreasureUserLevels.java",
      "line": 113,
      "code_excerpt": "if (this.userlevels.getLevels().get(i).substring(0, this.userlevels.getLevels().get(i).length() - 4).equals(level.substring(0, level.length() - 4))) {",
      "entry_point": "Same untrusted get_level.php lines held in the MyTreasureUserlevelsLoad singleton; reached when the local player presses the editor 'upload' button",
      "sink": "String.substring(0, length()-4) on cached server strings; length<4 (e.g. an empty or truncated line) yields negative index -> StringIndexOutOfBoundsException",
      "data_path": "MyTreasureEditor.UPLOAD button -> upload() spawns Thread (MyTreasureEditor.java:238-248) -> uploadString() (line 251) -> MyTreasureUserLevels.addLevel(level) (line 120-125) -> isIn(level) -> loop at lines 112-116 calls substring(0, len-4) on EVERY previously downloaded level string. Unlike loadUserlevels(), this Runnable has no surrounding try/catch, so the exception is uncaught on the worker thread and kills the process.",
      "attack_scenario": "Attacker plants a degenerate record in the shared level DB (anonymous save_level.php POST of an empty/short value, or truncation introduced by an on-path HTTP modifier). Any player who solves their own editor level and taps 'Upload' thereafter crashes: the dedup scan hits the malformed entry before the POST is issued.",
      "reachable": true,
      "preconditions": "At least one level string shorter than 4 chars present in the get_level.php listing AND victim uses the editor upload feature afterwards.",
      "severity": "low",
      "confidence": "medium",
      "validation_plan": "Proxy get_level.php so one 11-line block contains '' as the level line (index i%11==0). In the app, open Editor, build/solve a level (upload button becomes visible after SOLVE succeeds), press Upload; adb logcat shows FATAL EXCEPTION StringIndexOutOfBoundsException originating at MyTreasureUserLevels.isIn.",
      "shared_component": true
    },
    {
      "id": "myTreasureAndroid-04",
      "title": "Anonymous, unauthenticated level-submission protocol (no identity, signature, or rate limiting in client)",
      "category": "client_side_trust",
      "cwe": "CWE-345",
      "file": "Users/eliahilse/Documents/GitHub/B/apogames/Android/myTreasureAndroid/src/com/apogames/mytreasure/userlevels/MyTreasureUserlevelsLoad.java",
      "line": 160,
      "code_excerpt": "String content = \"level=\" + URLEncoder.encode(String.valueOf(level), \"UTF-8\");\n\t\t\t\tprintout.writeBytes(content);",
      "entry_point": "Editor upload path: MyTreasureEditor.touchedButton(UPLOAD) -> upload() thread -> MyTreasureUserLevels.addLevel -> save(level)",
      "sink": "Cleartext POST body 'level=<string>' to http://www.apo-games.de/myTreasure/save_level.php (lines 149-163); the request carries no user id, device id, token, or MAC",
      "data_path": "The entire authentication/integrity surface is the single 'level=' parameter; the client performs no signing and the protocol offers no field that could identify the submitter, so the server-side DB contents are fully crowd-writable by construction (observable purely from client code).",
      "attack_scenario": "curl -d 'level=<anything>' http://www.apo-games.de/myTreasure/save_level.php inserts arbitrary records that are pushed to every client by get_level.php. This is the amplifier that makes findings 02 and 03 remotely exploitable without any network position: one scripted request poisons the shared catalog for all players. It also permits catalog flooding/griefing. (Honest caveat: the missing auth is ultimately a server property; here we can only prove the client neither sends nor requires credentials.)",
      "reachable": true,
      "preconditions": "Network access to apo-games.de; knowledge of the fixed endpoint URL hard-coded in MyTreasureConstants.java:13.",
      "severity": "low",
      "confidence": "high",
      "validation_plan": "tcpdump/mitmproxy a legitimate in-game upload to capture the exact request shape; replay it with curl using an arbitrary level string; reopen the user-levels screen in the app and confirm the forged entry is listed and selectable (pair with the '9999' payload from finding 02 to demonstrate end-to-end impact).",
      "shared_component": true
    },
    {
      "id": "myTreasureAndroid-05",
      "title": "Progress/unlock state kept in unauthenticated SharedPreferences; local tampering unlocks difficulty gates",
      "category": "client_side_trust",
      "cwe": "CWE-693",
      "file": "Users/eliahilse/Documents/GitHub/B/apogames/Android/myTreasureAndroid/src/com/apogames/mytreasure/game/MyTreasurePanel.java",
      "line": 197,
      "code_excerpt": "editor.putInt(\"skulls\", this.curSkulls);",
      "entry_point": "Local file /data/data/<pkg>/shared_prefs/MytreasurePref.xml (PREFS_NAME, MyTreasureConstants.java:17), written by saveProperties() and read by loadProperties() (lines 164-184)",
      "sink": "curSkulls loaded from prefs (line 173) gates world-map progression checks in MyTreasureMap (NEEDED_SKULLS thresholds at MyTreasureMap.java:92,157,170,182,257,295,332)",
      "data_path": "Win -> MyTreasureGame.saveSolvedLevel() (lines 540-562) increments in-memory skulls -> persisted via MyTreasurePanel.saveProperties()/onPauseScreen (lines 186-208, 424-430) -> on next start loadProperties restores them; no checksum/HMAC exists anywhere in the variant (verified: zero MessageDigest/Cipher usage).",
      "attack_scenario": "A user with root (or any backup-extraction flow) edits 'skulls' to a large number and relaunches; the temple/pyramid/crypt difficulty tiers unlock without playing. Solved-level markers ('<i>skulls', '<i>level' entries, lines 200-205) are equally editable to fake gold ratings. Purely local cheating; no cross-user effect since this variant transmits no scores.",
      "reachable": true,
      "preconditions": "Rooted device or equivalent private-data access; threat model explicitly includes local tampering to cheat.",
      "severity": "low",
      "confidence": "high",
      "validation_plan": "On a rooted emulator: play briefly, pull /data/data/com.apogames.mytreasure/shared_prefs/MytreasurePref.xml, set name=\"skulls\" to 100, push back, restart app, observe map regions marked locked (skull-count gates) now open and difficulty buttons enabled.",
      "shared_component": false
    }
  ],
  "categories_checked_and_absent": [
    "remote_code_loading (no ClassLoader/defineClass/DexClassLoader anywhere in the variant; grep over all .java including _from_jar_* trees)",
    "untrusted_deserialization (no ObjectInputStream/XMLDecoder/Serializable reads; saves use SharedPreferences primitives only)",
    "weak_integrity_check (zero MessageDigest/hash usage; MD5-style highscore validation known from desktop siblings is simply absent here - there is no highscore submission at all in this variant)",
    "path_traversal (no java.io File streams, no openFileOutput/getExternalStorage usage in game code; the only persistence is app-private SharedPreferences)",
    "unsafe_native_call (only System.loadLibrary(\"modplug-\"+VERS) at PlayerThread.java:912 inside the vendored andmodplug library, loading a fixed-name lib shipped in the APK; moreover com.peculiargames.* and com.leff.* are not imported by any game source file - the _from_jar_* directories are dead code in this snapshot)",
    "resource_exhaustion (parser dimensions are limited to two digits each, bounding allocation to int[198][99]; the solver MyTreasureSolve caps search at MAX=17 steps)",
    "credential_or_secret_exposure (no API keys, no licensing/AdMob identifiers in source, no account data)",
    "information_disclosure (the only outbound data is the self-authored level string; no device identifiers, location, or PII leave the device)",
    "legacy_sandbox_assumption (no applet entry points, no java.security manager assumptions; Android-only BitsApp entry)"
  ],
  "notes": "Source root nests the project under 'Users/eliahilse/...' inside the corpus directory; all paths above are relative to the stated SOURCE ROOT. The engine (net.gliblybits.bitsengine.*) and its manifest/assets are external to this snapshot, so engine-side handling of exceptions thrown from think()/onDrawFrame could not be inspected; however, loadLevel() is invoked from the update loop (MyTreasureGame.java:286) with no try/catch in any caller up to the engine boundary, making the crash path of finding 02 robust to review gaps. Network work is correctly off the GL thread (load: MyTreasurePanel.java:390-398; upload: MyTreasureEditor.java:242-247). An honest client can only upload well-formed level strings (generated by MyTreasureEditor.getLevelString(), lines 143-175), which is why malformed-content attacks require the anonymous-scripted-upload or on-path-tampering routes documented above. Compared with desktop siblings of this corpus, this variant lacks: class loading, ObjectInputStream, MD5/highscore logic, custom binary formats (.cheat/.mar/.rep), and JNI paths of its own - its attack surface is essentially the HTTP user-level channel plus local preference tampering."
}
<<<JSON_END>>>
