[0m
> build · ox-alpha-free
[0m
[0m$ [0mfind /Users/eliahilse/Documents/GitHub/B/corpus/android/ApoMonoAndroid -type f | head -100
/Users/eliahilse/Documents/GitHub/B/corpus/android/ApoMonoAndroid/_from_jar_android-midi-libv3/com/leff/midi/MidiTrack.java
/Users/eliahilse/Documents/GitHub/B/corpus/android/ApoMonoAndroid/_from_jar_android-midi-libv3/com/leff/midi/util/VariableLengthInt.java
/Users/eliahilse/Documents/GitHub/B/corpus/android/ApoMonoAndroid/_from_jar_android-midi-libv3/com/leff/midi/util/MidiProcessor.java
/Users/eliahilse/Documents/GitHub/B/corpus/android/ApoMonoAndroid/_from_jar_android-midi-libv3/com/leff/midi/util/MidiUtil.java
/Users/eliahilse/Documents/GitHub/B/corpus/android/ApoMonoAndroid/_from_jar_android-midi-libv3/com/leff/midi/util/MidiEventListener.java
/Users/eliahilse/Documents/GitHub/B/corpus/android/ApoMonoAndroid/_from_jar_android-midi-libv3/com/leff/midi/util/MetronomeTick.java
/Users/eliahilse/Documents/GitHub/B/corpus/android/ApoMonoAndroid/_from_jar_android-midi-libv3/com/leff/midi/examples/MidiFileFromScratch.java
/Users/eliahilse/Documents/GitHub/B/corpus/android/ApoMonoAndroid/_from_jar_android-midi-libv3/com/leff/midi/examples/EventPrinter.java
/Users/eliahilse/Documents/GitHub/B/corpus/android/ApoMonoAndroid/_from_jar_android-midi-libv3/com/leff/midi/examples/MidiManipulation.java
/Users/eliahilse/Documents/GitHub/B/corpus/android/ApoMonoAndroid/_from_jar_android-midi-libv3/com/leff/midi/MidiFile.java
/Users/eliahilse/Documents/GitHub/B/corpus/android/ApoMonoAndroid/_from_jar_android-midi-libv3/com/leff/midi/event/PitchBend.java
/Users/eliahilse/Documents/GitHub/B/corpus/android/ApoMonoAndroid/_from_jar_android-midi-libv3/com/leff/midi/event/ChannelEvent.java
/Users/eliahilse/Documents/GitHub/B/corpus/android/ApoMonoAndroid/_from_jar_android-midi-libv3/com/leff/midi/event/NoteOn.java
/Users/eliahilse/Documents/GitHub/B/corpus/android/ApoMonoAndroid/_from_jar_android-midi-libv3/com/leff/midi/event/NoteOff.java
/Users/eliahilse/Documents/GitHub/B/corpus/android/ApoMonoAndroid/_from_jar_android-midi-libv3/com/leff/midi/event/ChannelAftertouch.java
/Users/eliahilse/Documents/GitHub/B/corpus/android/ApoMonoAndroid/_from_jar_android-midi-libv3/com/leff/midi/event/meta/SequenceNumber.java
/Users/eliahilse/Documents/GitHub/B/corpus/android/ApoMonoAndroid/_from_jar_android-midi-libv3/com/leff/midi/event/meta/Tempo.java
/Users/eliahilse/Documents/GitHub/B/corpus/android/ApoMonoAndroid/_from_jar_android-midi-libv3/com/leff/midi/event/meta/SequencerSpecificEvent.java
/Users/eliahilse/Documents/GitHub/B/corpus/android/ApoMonoAndroid/_from_jar_android-midi-libv3/com/leff/midi/event/meta/Text.java
/Users/eliahilse/Documents/GitHub/B/corpus/android/ApoMonoAndroid/_from_jar_android-midi-libv3/com/leff/midi/event/meta/CopyrightNotice.java
/Users/eliahilse/Documents/GitHub/B/corpus/android/ApoMonoAndroid/_from_jar_android-midi-libv3/com/leff/midi/event/meta/EndOfTrack.java
/Users/eliahilse/Documents/GitHub/B/corpus/android/ApoMonoAndroid/_from_jar_android-midi-libv3/com/leff/midi/event/meta/MidiChannelPrefix.java
/Users/eliahilse/Documents/GitHub/B/corpus/android/ApoMonoAndroid/_from_jar_android-midi-libv3/com/leff/midi/event/meta/TimeSignature.java
/Users/eliahilse/Documents/GitHub/B/corpus/android/ApoMonoAndroid/_from_jar_android-midi-libv3/com/leff/midi/event/meta/CuePoint.java
/Users/eliahilse/Documents/GitHub/B/corpus/android/ApoMonoAndroid/_from_jar_android-midi-libv3/com/leff/midi/event/meta/SmpteOffset.java
/Users/eliahilse/Documents/GitHub/B/corpus/android/ApoMonoAndroid/_from_jar_android-midi-libv3/com/leff/midi/event/meta/MetaEvent.java
/Users/eliahilse/Documents/GitHub/B/corpus/android/ApoMonoAndroid/_from_jar_android-midi-libv3/com/leff/midi/event/meta/TrackName.java
/Users/eliahilse/Documents/GitHub/B/corpus/android/ApoMonoAndroid/_from_jar_android-midi-libv3/com/leff/midi/event/meta/GenericMetaEvent.java
/Users/eliahilse/Documents/GitHub/B/corpus/android/ApoMonoAndroid/_from_jar_android-midi-libv3/com/leff/midi/event/meta/TextualMetaEvent.java
/Users/eliahilse/Documents/GitHub/B/corpus/android/ApoMonoAndroid/_from_jar_android-midi-libv3/com/leff/midi/event/meta/Marker.java
/Users/eliahilse/Documents/GitHub/B/corpus/android/ApoMonoAndroid/_from_jar_android-midi-libv3/com/leff/midi/event/meta/InstrumentName.java
/Users/eliahilse/Documents/GitHub/B/corpus/android/ApoMonoAndroid/_from_jar_android-midi-libv3/com/leff/midi/event/meta/Lyrics.java
/Users/eliahilse/Documents/GitHub/B/corpus/android/ApoMonoAndroid/_from_jar_android-midi-libv3/com/leff/midi/event/meta/KeySignature.java
/Users/eliahilse/Documents/GitHub/B/corpus/android/ApoMonoAndroid/_from_jar_android-midi-libv3/com/leff/midi/event/ProgramChange.java
/Users/eliahilse/Documents/GitHub/B/corpus/android/ApoMonoAndroid/_from_jar_android-midi-libv3/com/leff/midi/event/SystemExclusiveEvent.java
/Users/eliahilse/Documents/GitHub/B/corpus/android/ApoMonoAndroid/_from_jar_android-midi-libv3/com/leff/midi/event/Controller.java
/Users/eliahilse/Documents/GitHub/B/corpus/android/ApoMonoAndroid/_from_jar_android-midi-libv3/com/leff/midi/event/MidiEvent.java
/Users/eliahilse/Documents/GitHub/B/corpus/android/ApoMonoAndroid/_from_jar_android-midi-libv3/com/leff/midi/event/NoteAftertouch.java
/Users/eliahilse/Documents/GitHub/B/corpus/android/ApoMonoAndroid/_from_jar_andmodplug-1.0/com/peculiargames/andmodplug/MODResourcePlayer.java
/Users/eliahilse/Documents/GitHub/B/corpus/android/ApoMonoAndroid/_from_jar_andmodplug-1.0/com/peculiargames/andmodplug/PlayerThread.java
/Users/eliahilse/Documents/GitHub/B/corpus/android/ApoMonoAndroid/_from_jar_andmodplug-1.0-5e85666bb08415ae1c681a5697679c0c/com/peculiargames/andmodplug/MODResourcePlayer.java
/Users/eliahilse/Documents/GitHub/B/corpus/android/ApoMonoAndroid/_from_jar_andmodplug-1.0-5e85666bb08415ae1c681a5697679c0c/com/peculiargames/andmodplug/PlayerThread.java
/Users/eliahilse/Documents/GitHub/B/corpus/android/ApoMonoAndroid/Users/eliahilse/Documents/GitHub/B/apogames/Android/ApoMonoAndroid/gen/net/apogames/apomono/R.java
/Users/eliahilse/Documents/GitHub/B/corpus/android/ApoMonoAndroid/Users/eliahilse/Documents/GitHub/B/apogames/Android/ApoMonoAndroid/gen/net/apogames/apomono/BuildConfig.java
/Users/eliahilse/Documents/GitHub/B/corpus/android/ApoMonoAndroid/Users/eliahilse/Documents/GitHub/B/apogames/Android/ApoMonoAndroid/src/net/apogames/apomono/ApoMonoModel.java
/Users/eliahilse/Documents/GitHub/B/corpus/android/ApoMonoAndroid/Users/eliahilse/Documents/GitHub/B/apogames/Android/ApoMonoAndroid/src/net/apogames/apomono/ApoMonoConstants.java
/Users/eliahilse/Documents/GitHub/B/corpus/android/ApoMonoAndroid/Users/eliahilse/Documents/GitHub/B/apogames/Android/ApoMonoAndroid/src/net/apogames/apomono/ApoMonoMusicPlayer.java
/Users/eliahilse/Documents/GitHub/B/corpus/android/ApoMonoAndroid/Users/eliahilse/Documents/GitHub/B/apogames/Android/ApoMonoAndroid/src/net/apogames/apomono/entity/ApoMonoString.java
/Users/eliahilse/Documents/GitHub/B/corpus/android/ApoMonoAndroid/Users/eliahilse/Documents/GitHub/B/apogames/Android/ApoMonoAndroid/src/net/apogames/apomono/entity/ApoLevelChooserButton.java
/Users/eliahilse/Documents/GitHub/B/corpus/android/ApoMonoAndroid/Users/eliahilse/Documents/GitHub/B/apogames/Android/ApoMonoAndroid/src/net/apogames/apomono/entity/ApoEntity.java
/Users/eliahilse/Documents/GitHub/B/corpus/android/ApoMonoAndroid/Users/eliahilse/Documents/GitHub/B/apogames/Android/ApoMonoAndroid/src/net/apogames/apomono/entity/ApoButton.java
/Users/eliahilse/Documents/GitHub/B/corpus/android/ApoMonoAndroid/Users/eliahilse/Documents/GitHub/B/apogames/Android/ApoMonoAndroid/src/net/apogames/apomono/entity/ApoParticle.java
/Users/eliahilse/Documents/GitHub/B/corpus/android/ApoMonoAndroid/Users/eliahilse/Documents/GitHub/B/apogames/Android/ApoMonoAndroid/src/net/apogames/apomono/entity/ApoMonoSpeech.java
/Users/eliahilse/Documents/GitHub/B/corpus/android/ApoMonoAndroid/Users/eliahilse/Documents/GitHub/B/apogames/Android/ApoMonoAndroid/src/net/apogames/apomono/game/ApoMonoEditor.java
/Users/eliahilse/Documents/GitHub/B/corpus/android/ApoMonoAndroid/Users/eliahilse/Documents/GitHub/B/apogames/Android/ApoMonoAndroid/src/net/apogames/apomono/game/ApoMonoPuzzleGame.java
/Users/eliahilse/Documents/GitHub/B/corpus/android/ApoMonoAndroid/Users/eliahilse/Documents/GitHub/B/apogames/Android/ApoMonoAndroid/src/net/apogames/apomono/game/ApoMonoPanel.java
/Users/eliahilse/Documents/GitHub/B/corpus/android/ApoMonoAndroid/Users/eliahilse/Documents/GitHub/B/apogames/Android/ApoMonoAndroid/src/net/apogames/apomono/game/ApoMonoOptions.java
/Users/eliahilse/Documents/GitHub/B/corpus/android/ApoMonoAndroid/Users/eliahilse/Documents/GitHub/B/apogames/Android/ApoMonoAndroid/src/net/apogames/apomono/game/ApoMonoCredits.java
/Users/eliahilse/Documents/GitHub/B/corpus/android/ApoMonoAndroid/Users/eliahilse/Documents/GitHub/B/apogames/Android/ApoMonoAndroid/src/net/apogames/apomono/game/ApoMonoLevelChooser.java
/Users/eliahilse/Documents/GitHub/B/corpus/android/ApoMonoAndroid/Users/eliahilse/Documents/GitHub/B/apogames/Android/ApoMonoAndroid/src/net/apogames/apomono/game/ApoMonoMenu.java
/Users/eliahilse/Documents/GitHub/B/corpus/android/ApoMonoAndroid/Users/eliahilse/Documents/GitHub/B/apogames/Android/ApoMonoAndroid/src/net/apogames/apomono/ApoMonoSoundPlayer.java
/Users/eliahilse/Documents/GitHub/B/corpus/android/ApoMonoAndroid/Users/eliahilse/Documents/GitHub/B/apogames/Android/ApoMonoAndroid/src/net/apogames/apomono/ApoMonoComponent.java
/Users/eliahilse/Documents/GitHub/B/corpus/android/ApoMonoAndroid/Users/eliahilse/Documents/GitHub/B/apogames/Android/ApoMonoAndroid/src/net/apogames/apomono/ApoMonoActivity.java
/Users/eliahilse/Documents/GitHub/B/corpus/android/ApoMonoAndroid/Users/eliahilse/Documents/GitHub/B/apogames/Android/ApoMonoAndroid/src/net/apogames/apomono/ApoMonoButtons.java
/Users/eliahilse/Documents/GitHub/B/corpus/android/ApoMonoAndroid/Users/eliahilse/Documents/GitHub/B/apogames/Android/ApoMonoAndroid/src/net/apogames/apomono/level/ApoMonoLevel.java
/Users/eliahilse/Documents/GitHub/B/corpus/android/ApoMonoAndroid/Users/eliahilse/Documents/GitHub/B/apogames/Android/ApoMonoAndroid/src/net/apogames/apomono/userlevels/ApoMonoSave.java
/Users/eliahilse/Documents/GitHub/B/corpus/android/ApoMonoAndroid/Users/eliahilse/Documents/GitHub/B/apogames/Android/ApoMonoAndroid/src/net/apogames/apomono/userlevels/ApoMonoUserlevelsLoad.java
/Users/eliahilse/Documents/GitHub/B/corpus/android/ApoMonoAndroid/Users/eliahilse/Documents/GitHub/B/apogames/Android/ApoMonoAndroid/src/net/apogames/apomono/userlevels/ApoMonoUserlevels.java
/Users/eliahilse/Documents/GitHub/B/corpus/android/ApoMonoAndroid/_from_jar_android-midi-libv3-33d009c916b256f06a64762432b54f6e/com/leff/midi/MidiTrack.java
/Users/eliahilse/Documents/GitHub/B/corpus/android/ApoMonoAndroid/_from_jar_android-midi-libv3-33d009c916b256f06a64762432b54f6e/com/leff/midi/util/VariableLengthInt.java
/Users/eliahilse/Documents/GitHub/B/corpus/android/ApoMonoAndroid/_from_jar_android-midi-libv3-33d009c916b256f06a64762432b54f6e/com/leff/midi/util/MidiProcessor.java
/Users/eliahilse/Documents/GitHub/B/corpus/android/ApoMonoAndroid/_from_jar_android-midi-libv3-33d009c916b256f06a64762432b54f6e/com/leff/midi/util/MidiUtil.java
/Users/eliahilse/Documents/GitHub/B/corpus/android/ApoMonoAndroid/_from_jar_android-midi-libv3-33d009c916b256f06a64762432b54f6e/com/leff/midi/util/MidiEventListener.java
/Users/eliahilse/Documents/GitHub/B/corpus/android/ApoMonoAndroid/_from_jar_android-midi-libv3-33d009c916b256f06a64762432b54f6e/com/leff/midi/util/MetronomeTick.java
/Users/eliahilse/Documents/GitHub/B/corpus/android/ApoMonoAndroid/_from_jar_android-midi-libv3-33d009c916b256f06a64762432b54f6e/com/leff/midi/examples/MidiFileFromScratch.java
/Users/eliahilse/Documents/GitHub/B/corpus/android/ApoMonoAndroid/_from_jar_android-midi-libv3-33d009c916b256f06a64762432b54f6e/com/leff/midi/examples/EventPrinter.java
/Users/eliahilse/Documents/GitHub/B/corpus/android/ApoMonoAndroid/_from_jar_android-midi-libv3-33d009c916b256f06a64762432b54f6e/com/leff/midi/examples/MidiManipulation.java
/Users/eliahilse/Documents/GitHub/B/corpus/android/ApoMonoAndroid/_from_jar_android-midi-libv3-33d009c916b256f06a64762432b54f6e/com/leff/midi/MidiFile.java
/Users/eliahilse/Documents/GitHub/B/corpus/android/ApoMonoAndroid/_from_jar_android-midi-libv3-33d009c916b256f06a64762432b54f6e/com/leff/midi/event/PitchBend.java
/Users/eliahilse/Documents/GitHub/B/corpus/android/ApoMonoAndroid/_from_jar_android-midi-libv3-33d009c916b256f06a64762432b54f6e/com/leff/midi/event/ChannelEvent.java
/Users/eliahilse/Documents/GitHub/B/corpus/android/ApoMonoAndroid/_from_jar_android-midi-libv3-33d009c916b256f06a64762432b54f6e/com/leff/midi/event/NoteOn.java
/Users/eliahilse/Documents/GitHub/B/corpus/android/ApoMonoAndroid/_from_jar_android-midi-libv3-33d009c916b256f06a64762432b54f6e/com/leff/midi/event/NoteOff.java
/Users/eliahilse/Documents/GitHub/B/corpus/android/ApoMonoAndroid/_from_jar_android-midi-libv3-33d009c916b256f06a64762432b54f6e/com/leff/midi/event/ChannelAftertouch.java
/Users/eliahilse/Documents/GitHub/B/corpus/android/ApoMonoAndroid/_from_jar_android-midi-libv3-33d009c916b256f06a64762432b54f6e/com/leff/midi/event/meta/SequenceNumber.java
/Users/eliahilse/Documents/GitHub/B/corpus/android/ApoMonoAndroid/_from_jar_android-midi-libv3-33d009c916b256f06a64762432b54f6e/com/leff/midi/event/meta/Tempo.java
/Users/eliahilse/Documents/GitHub/B/corpus/android/ApoMonoAndroid/_from_jar_android-midi-libv3-33d009c916b256f06a64762432b54f6e/com/leff/midi/event/meta/SequencerSpecificEvent.java
/Users/eliahilse/Documents/GitHub/B/corpus/android/ApoMonoAndroid/_from_jar_android-midi-libv3-33d009c916b256f06a64762432b54f6e/com/leff/midi/event/meta/Text.java
/Users/eliahilse/Documents/GitHub/B/corpus/android/ApoMonoAndroid/_from_jar_android-midi-libv3-33d009c916b256f06a64762432b54f6e/com/leff/midi/event/meta/CopyrightNotice.java
/Users/eliahilse/Documents/GitHub/B/corpus/android/ApoMonoAndroid/_from_jar_android-midi-libv3-33d009c916b256f06a64762432b54f6e/com/leff/midi/event/meta/EndOfTrack.java
/Users/eliahilse/Documents/GitHub/B/corpus/android/ApoMonoAndroid/_from_jar_android-midi-libv3-33d009c916b256f06a64762432b54f6e/com/leff/midi/event/meta/MidiChannelPrefix.java
/Users/eliahilse/Documents/GitHub/B/corpus/android/ApoMonoAndroid/_from_jar_android-midi-libv3-33d009c916b256f06a64762432b54f6e/com/leff/midi/event/meta/TimeSignature.java
/Users/eliahilse/Documents/GitHub/B/corpus/android/ApoMonoAndroid/_from_jar_android-midi-libv3-33d009c916b256f06a64762432b54f6e/com/leff/midi/event/meta/CuePoint.java
/Users/eliahilse/Documents/GitHub/B/corpus/android/ApoMonoAndroid/_from_jar_android-midi-libv3-33d009c916b256f06a64762432b54f6e/com/leff/midi/event/meta/SmpteOffset.java
/Users/eliahilse/Documents/GitHub/B/corpus/android/ApoMonoAndroid/_from_jar_android-midi-libv3-33d009c916b256f06a64762432b54f6e/com/leff/midi/event/meta/MetaEvent.java
/Users/eliahilse/Documents/GitHub/B/corpus/android/ApoMonoAndroid/_from_jar_android-midi-libv3-33d009c916b256f06a64762432b54f6e/com/leff/midi/event/meta/TrackName.java
/Users/eliahilse/Documents/GitHub/B/corpus/android/ApoMonoAndroid/_from_jar_android-midi-libv3-33d009c916b256f06a64762432b54f6e/com/leff/midi/event/meta/GenericMetaEvent.java
/Users/eliahilse/Documents/GitHub/B/corpus/android/ApoMonoAndroid/_from_jar_android-midi-libv3-33d009c916b256f06a64762432b54f6e/com/leff/midi/event/meta/TextualMetaEvent.java
/Users/eliahilse/Documents/GitHub/B/corpus/android/ApoMonoAndroid/_from_jar_android-midi-libv3-33d009c916b256f06a64762432b54f6e/com/leff/midi/event/meta/Marker.java
/Users/eliahilse/Documents/GitHub/B/corpus/android/ApoMonoAndroid/_from_jar_android-midi-libv3-33d009c916b256f06a64762432b54f6e/com/leff/midi/event/meta/InstrumentName.java
/Users/eliahilse/Documents/GitHub/B/corpus/android/ApoMonoAndroid/_from_jar_android-midi-libv3-33d009c916b256f06a64762432b54f6e/com/leff/midi/event/meta/Lyrics.java
[0m
[0m$ [0mfind /Users/eliahilse/Documents/GitHub/B/corpus/android/ApoMonoAndroid -type f -name "*.java" | wc -l; find /Users/eliahilse/Documents/GitHub/B/corpus/android/ApoMonoAndroid -type d | head -50
106
/Users/eliahilse/Documents/GitHub/B/corpus/android/ApoMonoAndroid
/Users/eliahilse/Documents/GitHub/B/corpus/android/ApoMonoAndroid/_from_jar_android-midi-libv3
/Users/eliahilse/Documents/GitHub/B/corpus/android/ApoMonoAndroid/_from_jar_android-midi-libv3/com
/Users/eliahilse/Documents/GitHub/B/corpus/android/ApoMonoAndroid/_from_jar_android-midi-libv3/com/leff
/Users/eliahilse/Documents/GitHub/B/corpus/android/ApoMonoAndroid/_from_jar_android-midi-libv3/com/leff/midi
/Users/eliahilse/Documents/GitHub/B/corpus/android/ApoMonoAndroid/_from_jar_android-midi-libv3/com/leff/midi/util
/Users/eliahilse/Documents/GitHub/B/corpus/android/ApoMonoAndroid/_from_jar_android-midi-libv3/com/leff/midi/examples
/Users/eliahilse/Documents/GitHub/B/corpus/android/ApoMonoAndroid/_from_jar_android-midi-libv3/com/leff/midi/event
/Users/eliahilse/Documents/GitHub/B/corpus/android/ApoMonoAndroid/_from_jar_android-midi-libv3/com/leff/midi/event/meta
/Users/eliahilse/Documents/GitHub/B/corpus/android/ApoMonoAndroid/_from_jar_andmodplug-1.0
/Users/eliahilse/Documents/GitHub/B/corpus/android/ApoMonoAndroid/_from_jar_andmodplug-1.0/com
/Users/eliahilse/Documents/GitHub/B/corpus/android/ApoMonoAndroid/_from_jar_andmodplug-1.0/com/peculiargames
/Users/eliahilse/Documents/GitHub/B/corpus/android/ApoMonoAndroid/_from_jar_andmodplug-1.0/com/peculiargames/andmodplug
/Users/eliahilse/Documents/GitHub/B/corpus/android/ApoMonoAndroid/_from_jar_andmodplug-1.0-5e85666bb08415ae1c681a5697679c0c
/Users/eliahilse/Documents/GitHub/B/corpus/android/ApoMonoAndroid/_from_jar_andmodplug-1.0-5e85666bb08415ae1c681a5697679c0c/com
/Users/eliahilse/Documents/GitHub/B/corpus/android/ApoMonoAndroid/_from_jar_andmodplug-1.0-5e85666bb08415ae1c681a5697679c0c/com/peculiargames
/Users/eliahilse/Documents/GitHub/B/corpus/android/ApoMonoAndroid/_from_jar_andmodplug-1.0-5e85666bb08415ae1c681a5697679c0c/com/peculiargames/andmodplug
/Users/eliahilse/Documents/GitHub/B/corpus/android/ApoMonoAndroid/Users
/Users/eliahilse/Documents/GitHub/B/corpus/android/ApoMonoAndroid/Users/eliahilse
/Users/eliahilse/Documents/GitHub/B/corpus/android/ApoMonoAndroid/Users/eliahilse/Documents
/Users/eliahilse/Documents/GitHub/B/corpus/android/ApoMonoAndroid/Users/eliahilse/Documents/GitHub
/Users/eliahilse/Documents/GitHub/B/corpus/android/ApoMonoAndroid/Users/eliahilse/Documents/GitHub/B
/Users/eliahilse/Documents/GitHub/B/corpus/android/ApoMonoAndroid/Users/eliahilse/Documents/GitHub/B/apogames
/Users/eliahilse/Documents/GitHub/B/corpus/android/ApoMonoAndroid/Users/eliahilse/Documents/GitHub/B/apogames/Android
/Users/eliahilse/Documents/GitHub/B/corpus/android/ApoMonoAndroid/Users/eliahilse/Documents/GitHub/B/apogames/Android/ApoMonoAndroid
/Users/eliahilse/Documents/GitHub/B/corpus/android/ApoMonoAndroid/Users/eliahilse/Documents/GitHub/B/apogames/Android/ApoMonoAndroid/gen
/Users/eliahilse/Documents/GitHub/B/corpus/android/ApoMonoAndroid/Users/eliahilse/Documents/GitHub/B/apogames/Android/ApoMonoAndroid/gen/net
/Users/eliahilse/Documents/GitHub/B/corpus/android/ApoMonoAndroid/Users/eliahilse/Documents/GitHub/B/apogames/Android/ApoMonoAndroid/gen/net/apogames
/Users/eliahilse/Documents/GitHub/B/corpus/android/ApoMonoAndroid/Users/eliahilse/Documents/GitHub/B/apogames/Android/ApoMonoAndroid/gen/net/apogames/apomono
/Users/eliahilse/Documents/GitHub/B/corpus/android/ApoMonoAndroid/Users/eliahilse/Documents/GitHub/B/apogames/Android/ApoMonoAndroid/src
/Users/eliahilse/Documents/GitHub/B/corpus/android/ApoMonoAndroid/Users/eliahilse/Documents/GitHub/B/apogames/Android/ApoMonoAndroid/src/net
/Users/eliahilse/Documents/GitHub/B/corpus/android/ApoMonoAndroid/Users/eliahilse/Documents/GitHub/B/apogames/Android/ApoMonoAndroid/src/net/apogames
/Users/eliahilse/Documents/GitHub/B/corpus/android/ApoMonoAndroid/Users/eliahilse/Documents/GitHub/B/apogames/Android/ApoMonoAndroid/src/net/apogames/apomono
/Users/eliahilse/Documents/GitHub/B/corpus/android/ApoMonoAndroid/Users/eliahilse/Documents/GitHub/B/apogames/Android/ApoMonoAndroid/src/net/apogames/apomono/entity
/Users/eliahilse/Documents/GitHub/B/corpus/android/ApoMonoAndroid/Users/eliahilse/Documents/GitHub/B/apogames/Android/ApoMonoAndroid/src/net/apogames/apomono/game
/Users/eliahilse/Documents/GitHub/B/corpus/android/ApoMonoAndroid/Users/eliahilse/Documents/GitHub/B/apogames/Android/ApoMonoAndroid/src/net/apogames/apomono/level
/Users/eliahilse/Documents/GitHub/B/corpus/android/ApoMonoAndroid/Users/eliahilse/Documents/GitHub/B/apogames/Android/ApoMonoAndroid/src/net/apogames/apomono/userlevels
/Users/eliahilse/Documents/GitHub/B/corpus/android/ApoMonoAndroid/_from_jar_android-midi-libv3-33d009c916b256f06a64762432b54f6e
/Users/eliahilse/Documents/GitHub/B/corpus/android/ApoMonoAndroid/_from_jar_android-midi-libv3-33d009c916b256f06a64762432b54f6e/com
/Users/eliahilse/Documents/GitHub/B/corpus/android/ApoMonoAndroid/_from_jar_android-midi-libv3-33d009c916b256f06a64762432b54f6e/com/leff
/Users/eliahilse/Documents/GitHub/B/corpus/android/ApoMonoAndroid/_from_jar_android-midi-libv3-33d009c916b256f06a64762432b54f6e/com/leff/midi
/Users/eliahilse/Documents/GitHub/B/corpus/android/ApoMonoAndroid/_from_jar_android-midi-libv3-33d009c916b256f06a64762432b54f6e/com/leff/midi/util
/Users/eliahilse/Documents/GitHub/B/corpus/android/ApoMonoAndroid/_from_jar_android-midi-libv3-33d009c916b256f06a64762432b54f6e/com/leff/midi/examples
/Users/eliahilse/Documents/GitHub/B/corpus/android/ApoMonoAndroid/_from_jar_android-midi-libv3-33d009c916b256f06a64762432b54f6e/com/leff/midi/event
/Users/eliahilse/Documents/GitHub/B/corpus/android/ApoMonoAndroid/_from_jar_android-midi-libv3-33d009c916b256f06a64762432b54f6e/com/leff/midi/event/meta
[0m
[0m$ [0mfind . -path ./_from_jar_\* -prune -o -type f -name "*.java" -print | sort
./Users/eliahilse/Documents/GitHub/B/apogames/Android/ApoMonoAndroid/gen/net/apogames/apomono/BuildConfig.java
./Users/eliahilse/Documents/GitHub/B/apogames/Android/ApoMonoAndroid/gen/net/apogames/apomono/R.java
./Users/eliahilse/Documents/GitHub/B/apogames/Android/ApoMonoAndroid/src/net/apogames/apomono/ApoMonoActivity.java
./Users/eliahilse/Documents/GitHub/B/apogames/Android/ApoMonoAndroid/src/net/apogames/apomono/ApoMonoButtons.java
./Users/eliahilse/Documents/GitHub/B/apogames/Android/ApoMonoAndroid/src/net/apogames/apomono/ApoMonoComponent.java
./Users/eliahilse/Documents/GitHub/B/apogames/Android/ApoMonoAndroid/src/net/apogames/apomono/ApoMonoConstants.java
./Users/eliahilse/Documents/GitHub/B/apogames/Android/ApoMonoAndroid/src/net/apogames/apomono/ApoMonoModel.java
./Users/eliahilse/Documents/GitHub/B/apogames/Android/ApoMonoAndroid/src/net/apogames/apomono/ApoMonoMusicPlayer.java
./Users/eliahilse/Documents/GitHub/B/apogames/Android/ApoMonoAndroid/src/net/apogames/apomono/ApoMonoSoundPlayer.java
./Users/eliahilse/Documents/GitHub/B/apogames/Android/ApoMonoAndroid/src/net/apogames/apomono/entity/ApoButton.java
./Users/eliahilse/Documents/GitHub/B/apogames/Android/ApoMonoAndroid/src/net/apogames/apomono/entity/ApoEntity.java
./Users/eliahilse/Documents/GitHub/B/apogames/Android/ApoMonoAndroid/src/net/apogames/apomono/entity/ApoLevelChooserButton.java
./Users/eliahilse/Documents/GitHub/B/apogames/Android/ApoMonoAndroid/src/net/apogames/apomono/entity/ApoMonoSpeech.java
./Users/eliahilse/Documents/GitHub/B/apogames/Android/ApoMonoAndroid/src/net/apogames/apomono/entity/ApoMonoString.java
./Users/eliahilse/Documents/GitHub/B/apogames/Android/ApoMonoAndroid/src/net/apogames/apomono/entity/ApoParticle.java
./Users/eliahilse/Documents/GitHub/B/apogames/Android/ApoMonoAndroid/src/net/apogames/apomono/game/ApoMonoCredits.java
./Users/eliahilse/Documents/GitHub/B/apogames/Android/ApoMonoAndroid/src/net/apogames/apomono/game/ApoMonoEditor.java
./Users/eliahilse/Documents/GitHub/B/apogames/Android/ApoMonoAndroid/src/net/apogames/apomono/game/ApoMonoLevelChooser.java
./Users/eliahilse/Documents/GitHub/B/apogames/Android/ApoMonoAndroid/src/net/apogames/apomono/game/ApoMonoMenu.java
./Users/eliahilse/Documents/GitHub/B/apogames/Android/ApoMonoAndroid/src/net/apogames/apomono/game/ApoMonoOptions.java
./Users/eliahilse/Documents/GitHub/B/apogames/Android/ApoMonoAndroid/src/net/apogames/apomono/game/ApoMonoPanel.java
./Users/eliahilse/Documents/GitHub/B/apogames/Android/ApoMonoAndroid/src/net/apogames/apomono/game/ApoMonoPuzzleGame.java
./Users/eliahilse/Documents/GitHub/B/apogames/Android/ApoMonoAndroid/src/net/apogames/apomono/level/ApoMonoLevel.java
./Users/eliahilse/Documents/GitHub/B/apogames/Android/ApoMonoAndroid/src/net/apogames/apomono/userlevels/ApoMonoSave.java
./Users/eliahilse/Documents/GitHub/B/apogames/Android/ApoMonoAndroid/src/net/apogames/apomono/userlevels/ApoMonoUserlevels.java
./Users/eliahilse/Documents/GitHub/B/apogames/Android/ApoMonoAndroid/src/net/apogames/apomono/userlevels/ApoMonoUserlevelsLoad.java
[0m
[0m✱ [0mGrep "ObjectInputStream|readObject|MessageDigest|MD5|md5"[90m in . · 0 matches[0m
[0m✱ [0mGrep "FileInputStream|FileOutputStream|FileReader|FileWriter|openFileInput|openFileOutput|getExternalStorage|user\.home|user\.dir|\.mar\b|\.skunk|\.defence|\.rep\b|\.cheat"[90m in . · 8 matches[0m
[0m✱ [0mGrep "ClassLoader|defineClass|System\.load|Runtime\.getRuntime|ProcessBuilder|exec\(|URL|HttpURLConnection|apo-games\.de|php"[90m in . · 22 matches[0m
[0m→ [0mRead Users/eliahilse/Documents/GitHub/B/apogames/Android/ApoMonoAndroid/src/net/apogames/apomono/userlevels/ApoMonoUserlevelsLoad.java
[0m→ [0mRead Users/eliahilse/Documents/GitHub/B/apogames/Android/ApoMonoAndroid/src/net/apogames/apomono/ApoMonoConstants.java
[0m→ [0mRead Users/eliahilse/Documents/GitHub/B/apogames/Android/ApoMonoAndroid/src/net/apogames/apomono/userlevels/ApoMonoSave.java
[0m→ [0mRead Users/eliahilse/Documents/GitHub/B/apogames/Android/ApoMonoAndroid/src/net/apogames/apomono/userlevels/ApoMonoUserlevels.java
[0m→ [0mRead Users/eliahilse/Documents/GitHub/B/apogames/Android/ApoMonoAndroid/src/net/apogames/apomono/ApoMonoActivity.java
[0m→ [0mRead Users/eliahilse/Documents/GitHub/B/apogames/Android/ApoMonoAndroid/src/net/apogames/apomono/level/ApoMonoLevel.java
[0m✱ [0mGrep "createArrayFromString|getSaveString|setLevelToSolved|settings\.|getString\(|putString\("[90m in Users · 13 matches[0m
[0m→ [0mRead Users/eliahilse/Documents/GitHub/B/apogames/Android/ApoMonoAndroid/src/net/apogames/apomono/game/ApoMonoPanel.java
[0m→ [0mRead Users/eliahilse/Documents/GitHub/B/apogames/Android/ApoMonoAndroid/src/net/apogames/apomono/game/ApoMonoPuzzleGame.java
[0m→ [0mRead Users/eliahilse/Documents/GitHub/B/apogames/Android/ApoMonoAndroid/src/net/apogames/apomono/game/ApoMonoLevelChooser.java
[0m→ [0mRead Users/eliahilse/Documents/GitHub/B/apogames/Android/ApoMonoAndroid/src/net/apogames/apomono/game/ApoMonoMenu.java
[0m→ [0mRead Users/eliahilse/Documents/GitHub/B/apogames/Android/ApoMonoAndroid/src/net/apogames/apomono/game/ApoMonoEditor.java
[0m
[0m$ [0msed -n 1486,1700p "/Users/eliahilse/Documents/GitHub/B/corpus/android/ApoMonoAndroid/Users/eliahilse/Documents/GitHub/B/apogames/Android/ApoMonoAndroid/src/net/apogames/apomono/game/ApoMonoPuzzleGame.java"
boolean bActive = false;
		if (((p[0] == 0) || ((this.mirrorX >= 0) && (p[0] == 2))) && (!bUserlevel) && (!bEditor)) {
			bActive = true;
		}
		if (this.mirrorY > 0) {
			this.drawInputUpBox(g, bActive);
			this.drawInputDownBox(g, bActive);			
		} else {
			this.drawInputLeftBox(g, bActive);
			this.drawInputRightBox(g, bActive);			
		}
		
		if ((this.p[9] > 0) && (this.mirrorX < 0) && (this.mirrorY < 0)) {
			bActive = false;
			this.drawInputGravityBox(g, bActive);
		}
		
		if ((this.backsteps.size() > 1) || ((playerX != playerStartX) || (playerY != playerStartY))) {
			bActive = false;
			if ((p[0] == 3) && (!this.bUserlevel) && (!this.bEditor)) {
				bActive = true;
			}
			this.drawInputBackBox(g, bActive);
		}
		
		this.drawInputLeftBoxForLevelchooser(g);
		this.drawInputRightBoxForLevelchooser(g);
		
		bActive = false;
		if ((p[0] == 1) && (!bUserlevel) && (!bEditor)) {
			bActive = true;
		}
		if ((this.mirrorX < 0) && (this.mirrorY < 0)) {
			this.drawInputWithBox(g, bActive);
		}
		if ((this.p[1] > 0) && (this.mirrorY < 0)) {
			bActive = false;
			if ((p[0] == 2) && (!bUserlevel) && (!bEditor)) {
				bActive = true;
			}
			if (this.mirrorX < 0) {
				this.drawInputMirrorHorizontalBox(g, bActive);
			} else {
				this.drawInputMirrorHorizontalBox(g, bActive);
				this.drawInputMirrorExitBox(g, bActive);
			}
		}
		if ((this.p[8] > 0) && (this.mirrorX < 0)) {
			bActive = false;
			if ((p[0] == 2) && (!bUserlevel) && (!bEditor)) {
				bActive = true;
			}
			if (this.mirrorY < 0) {
				this.drawInputMirrorVerticalBox(g, bActive);
			} else {
				this.drawInputMirrorVerticalBox(g, bActive);
				this.drawInputMirrorExitBox(g, bActive);
			}
		}
		
		g.setColor(ApoMonoConstants.DARK[0], ApoMonoConstants.DARK[1], ApoMonoConstants.DARK[2], 1f);
		for (int i = this.particles.size() - 1; i >= 0; i--) {
			this.particles.get(i).render(g, 0, 0);
		}
		
		if (p[2] > 0) {
			String[] array = ApoMonoConstants.GAME_WIN.split(":");
			if (p[2] > 1) {
				array = ApoMonoConstants.GAME_RESTART.split(":");
			}
			g.setColor(ApoMonoConstants.BRIGHT_DARK[0], ApoMonoConstants.BRIGHT_DARK[1], ApoMonoConstants.BRIGHT_DARK[2], 1f);
			g.fillRect(50, changeY + 115, 380, array.length * 15 + 10);
			g.setColor(ApoMonoConstants.DARK[0], ApoMonoConstants.DARK[1], ApoMonoConstants.DARK[2], 1f);
			g.drawRect(50, changeY + 115, 380, array.length * 15 + 10);
			for (int i = 0; i < array.length; i++) {
				this.getGame().drawString(g, array[i], (int)(240 - ApoMonoPanel.game_font.getLength(array[i])/2), changeY + i * 15 + 120, ApoMonoPanel.game_font);
			}
		} else {
			if ((!bUserlevel) && (!bEditor)) {
				if (mirrorX >= 0) {
					if (p[0] == 2) {
						String[] array = ApoMonoConstants.HELP_MIRROR.split(":");
						for (int i = 0; i < array.length; i++) {
							this.getGame().drawString(g, array[i], (int)(240 - ApoMonoPanel.game_font.getLength(array[i])/2), changeY + 5 + i * 18, ApoMonoPanel.game_font);
						}
					}
				} else {
					String curString = ApoMonoConstants.HELP_STANDARD;
					if ((p[0] < ApoMonoConstants.HELP.length) && (ApoMonoConstants.HELP[p[0]].length() > 0)) {
						curString = ApoMonoConstants.HELP[p[0]];
					} else if (p[0] >= ApoMonoConstants.HELP.length) {
						curString = "";
					}
					
					if (curString.length() > 0) {
						String[] array = curString.split(":");
						for (int i = 0; i < array.length; i++) {
							this.getGame().drawString(g, array[i], (int)(240 - ApoMonoPanel.game_font.getLength(array[i])/2), changeY + 5 + i * 18, ApoMonoPanel.game_font);
						}
					}
				}
			}
		}
	}
	
	public static void renderPlayer(final BitsGraphics g, final int addPX, int addPY, final int add, final int gravity, final int withBox) {
		g.setColor(ApoMonoConstants.DARK[0], ApoMonoConstants.DARK[1], ApoMonoConstants.DARK[2], 1f);
		int addGravity = 0;
		if (gravity < 0) {
			addGravity = 16;
		}
		g.fillRect(addPX + 5, addPY + 1 * gravity + addGravity, 6, 11 * gravity);
		g.fillRect(addPX + 3, addPY + 2 * gravity + addGravity, 10, 2 * gravity);
		g.fillRect(addPX + 11 - add * 8, addPY + 5 * gravity + addGravity, 2, 2 * gravity);

		g.fillRect(addPX + 5, addPY + 12 * gravity + addGravity, 2, 5 * gravity);
		g.fillRect(addPX + 9, addPY + 12 * gravity + addGravity, 2, 5 * gravity);
		if (withBox > 0) {
			addPY -= 16 * gravity;
			ApoMonoPuzzleGame.drawMoveableBox(g, addPX, addPY);
			g.setColor(ApoMonoConstants.DARK[0], ApoMonoConstants.DARK[1], ApoMonoConstants.DARK[2], 1f);
			g.fillRect(addPX + 5, addPY + 16 * gravity + addGravity, 2, 2 * gravity);
			g.fillRect(addPX + 9, addPY + 16 * gravity + addGravity, 2, 2 * gravity);
			g.fillRect(addPX + 5, addPY + 17 * gravity + addGravity, 6, 1 * gravity);
		}
	}

	public static void drawMenu(final BitsGLGraphics g, final ApoMonoPanel panel, final float[] color, final float[] colorText, final int horizontal, final int vertical, final int gravity, final float frameGravity) {
		int addY = 10;
		g.setColor(color[0], color[1], color[2], 0.5f);
		g.fillRect(2, 6 + addY, 6, 8);
		g.fillRect(1, 7 + addY, 8, 6);
		
		g.fillRect(51, 1 + addY, 6, 8);
		g.fillRect(50, 2 + addY, 8, 6);
		g.setColor(color[0], color[1], color[2], 1f);
		g.fillRect(14, 6 + addY, 6, 8);
		g.fillRect(13, 7 + addY, 8, 6);
		
		g.fillRect(51, 12 + addY, 6, 8);
		g.fillRect(50, 13 + addY, 8, 6);
		for (int i = 0; i < 8; i+= 2) {
			g.fillRect(10, 6 + i + addY, 1, 1);
			g.fillRect(50 + i, 10 + addY, 1, 1);
		}
		String s = ":"+String.valueOf(horizontal);
		panel.drawString(g, s, (int)(23), 2 + addY, ApoMonoPanel.game_font, colorText);
		
		s = ":"+String.valueOf(vertical);
		panel.drawString(g, s, (int)(60), 2 + addY, ApoMonoPanel.game_font, colorText);
		
		g.fillRect(87, 13 + frameGravity/2, 6, 8);
		g.fillRect(86, 13 + frameGravity/2 + 1, 8, 6);
		s = ":"+String.valueOf(gravity);
		panel.drawString(g, s, (int)(100), 2 + addY, ApoMonoPanel.game_font, colorText);
	}

	public static void drawX(final BitsGraphics g, final int addPX, final int addPY) {
		ApoMonoPuzzleGame.drawX(g, addPX, addPY, false, ApoMonoConstants.DARK_BRIGHT, true, true);
	}
	
	public static void drawX(final BitsGraphics g, final int addPX, final int addPY, final boolean bDouble) {
		ApoMonoPuzzleGame.drawX(g, addPX, addPY, bDouble, ApoMonoConstants.DARK_BRIGHT, true, true);
	}
	
	public static void drawX(final BitsGraphics g, final int addPX, final int addPY, final boolean bDouble, final float[] backColor, final boolean bBrighter, final boolean bShadow) {
		int scale = 1;
		if (bDouble) {
			scale = 2;
		}
		for (int i = 0; i < 5; i++) {
			if (bShadow) {
				g.setColor(backColor[0], backColor[1], backColor[2], 1f);
				if (bBrighter) {
					ApoMonoPuzzleGame.setBrighterColor(g);
				} else {
					ApoMonoPuzzleGame.setDarkerColor(g);
				}
				g.fillRect(addPX + 4 * scale + i*2 * scale, addPY +  4 * scale + i*2 * scale, 2 * scale, 2 * scale);
				g.fillRect(addPX + 12 * scale - i*2 * scale, addPY + 4 * scale + i*2 * scale, 2 * scale, 2 * scale);
			}
			g.setColor(backColor[0], backColor[1], backColor[2], 1f);
			g.fillRect(addPX + 3 * scale + i*2 * scale, addPY + 3 * scale + i*2 * scale, 2 * scale, 2 * scale);
			g.fillRect(addPX + 11 * scale - i*2 * scale, addPY + 3 * scale + i*2 * scale, 2 * scale, 2 * scale);
		}
	}
	
	public static void drawAir(final BitsGraphics g, final int addPX, final int addPY) {
		ApoMonoPuzzleGame.drawAir(g, addPX, addPY, false);
	}
	
	public static void drawAir(final BitsGraphics g, final int addPX, final int addPY, final boolean bDouble) {
		int scale = 1;
		if (bDouble) {
			scale = 2;
		}
		g.setColor(ApoMonoConstants.DARK_BRIGHT[0], ApoMonoConstants.DARK_BRIGHT[1], ApoMonoConstants.DARK_BRIGHT[2], 1f);
		g.fillRect(addPX + 6 * scale, addPY + 6 * scale, 4 * scale, 4 * scale);
	}

	public static void drawSpikes(final BitsGraphics g, final int addPX, final int addPY) {
		ApoMonoPuzzleGame.drawSpikes(g, addPX, addPY, false);
	}
	
	public static void drawSpikes(final BitsGraphics g, final int addPX, final int addPY, final boolean bDouble) {
		int scale = 1;
		if (bDouble) {
			scale = 2;
		}
		g.fillRect(addPX, addPY + 14 * scale, 16 * scale, 3 * scale);
		g.fillRect(addPX + 1 * scale, addPY + 11 * scale, 6 * scale, 3 * scale);
		g.fillRect(addPX + 9 * scale, addPY + 11 * scale, 6 * scale, 3 * scale);
		g.fillRect(addPX + 2 * scale, addPY + 8 * scale, 4 * scale, 3 * scale);
		g.fillRect(addPX + 10 * scale, addPY + 8 * scale, 4 * scale, 3 * scale);
		g.fillRect(addPX + 3 * scale, addPY + 5 * scale, 2 * scale, 3 * scale);
[0m
[0m$ [0mfind . -name "AndroidManifest.xml" -not -path "./_from_jar_*" ; find . -name "*.xml" -not -path "./_from_jar_*" | head; ls
_from_jar_andmodplug-1.0
_from_jar_andmodplug-1.0-5e85666bb08415ae1c681a5697679c0c
_from_jar_android-midi-libv3
_from_jar_android-midi-libv3-33d009c916b256f06a64762432b54f6e
Users
[0m
[0m✱ [0mGrep "defineClass|DexClassLoader|URLClassLoader|loadLibrary|System\.load|ObjectInput|Serializable|MessageDigest|Cipher|getExternal|Environment\.|openFile|Socket|ServerSocket|exec\("[90m in Users · 0 matches[0m
[0m✱ [0mGrep "import java\.(io|net)|Thread|MidiFile|Mod|Player"[90m in Users · 100 matches[0m
[0m→ [0mRead Users/eliahilse/Documents/GitHub/B/apogames/Android/ApoMonoAndroid/src/net/apogames/apomono/ApoMonoMusicPlayer.java
All game-source files reviewed (26 Java files under the nested `Users/eliahilse/...` tree, plus vendored `_from_jar_*` libraries swept by pattern search). Verified absences: no class loaders/`defineClass`, no `ObjectInputStream`, no `MessageDigest`/MD5, no JNI/native loads in game code, no filesystem access at all in this variant — the only I/O surface is the plain-HTTP userlevel exchange and `SharedPreferences`.

<<<JSON_BEGIN>>>
{
  "variant": "ApoMonoAndroid",
  "files_reviewed": 26,
  "notable_files": [
    "Users/eliahilse/Documents/GitHub/B/apogames/Android/ApoMonoAndroid/src/net/apogames/apomono/ApoMonoConstants.java",
    "Users/eliahilse/Documents/GitHub/B/apogames/Android/ApoMonoAndroid/src/net/apogames/apomono/userlevels/ApoMonoUserlevelsLoad.java",
    "Users/eliahilse/Documents/GitHub/B/apogames/Android/ApoMonoAndroid/src/net/apogames/apomono/userlevels/ApoMonoUserlevels.java",
    "Users/eliahilse/Documents/GitHub/B/apogames/Android/ApoMonoAndroid/src/net/apogames/apomono/userlevels/ApoMonoSave.java",
    "Users/eliahilse/Documents/GitHub/B/apogames/Android/ApoMonoAndroid/src/net/apogames/apomono/game/ApoMonoPuzzleGame.java",
    "Users/eliahilse/Documents/GitHub/B/apogames/Android/ApoMonoAndroid/src/net/apogames/apomono/game/ApoMonoPanel.java",
    "Users/eliahilse/Documents/GitHub/B/apogames/Android/ApoMonoAndroid/src/net/apogames/apomono/game/ApoMonoEditor.java",
    "Users/eliahilse/Documents/GitHub/B/apogames/Android/ApoMonoAndroid/src/net/apogames/apomono/level/ApoMonoLevel.java"
  ],
  "findings": [
    {
      "id": "ApoMonoAndroid-01",
      "title": "Level download/upload to apo-games.de over cleartext HTTP",
      "category": "insecure_transport",
      "cwe": "CWE-319",
      "file": "Users/eliahilse/Documents/GitHub/B/apogames/Android/ApoMonoAndroid/src/net/apogames/apomono/ApoMonoConstants.java",
      "line": 7,
      "code_excerpt": "public final static String USERLEVELS_GETPHP = \"http://www.apo-games.de/apoMonoMirror4k/get_level.php\";\npublic final static String USERLEVELS_SAVEPHP = \"http://www.apo-games.de/apoMonoMirror4k/save_level.php\";",
      "entry_point": "App start: ApoMonoPanel.init() (ApoMonoPanel.java:87-90) spawns a thread calling ApoMonoUserlevels.loadUserlevels() -> ApoMonoUserlevelsLoad.load() (ApoMonoUserlevelsLoad.java:155); upload path is editor UPLOAD button -> ApoMonoEditor.uploadString() (ApoMonoEditor.java:153) -> ApoMonoUserlevels.addLevel() -> ApoMonoUserlevelsLoad.save()",
      "sink": "url.openConnection()/getOutputStream()/getInputStream() on the plain-http URLs at ApoMonoUserlevelsLoad.java:122 (save) and :164 (load)",
      "data_path": "ApoMonoConstants.USERLEVELS_GETPHP/SAVEPHP -> new URL(...) in ApoMonoUserlevelsLoad.load()/save() -> URLConnection with no TLS, no certificate or response validation; response lines are consumed verbatim by input.readLine() (ApoMonoUserlevelsLoad.java:184-209)",
      "attack_scenario": "Attacker on the same Wi-Fi (or a DNS hijacker) intercepts the device's connection when the game starts or when a player taps 'upload'. They see every submitted level string and can substitute their own response body for get_level.php, feeding arbitrary 'user levels' (see ApoMonoAndroid-02) into every client. No auth exists on save_level.php either, so they can also poison the shared level database anonymously.",
      "reachable": true,
      "preconditions": "Device online (ApoMonoActivity.isOnline(), ApoMonoActivity.java:69-74); attacker positioned for MITM/DNS spoofing of www.apo-games.de. Server availability as of today unknown (domain may be dead), but the client-side behavior is unconditional.",
      "severity": "medium",
      "confidence": "high",
      "validation_plan": "Install the APK on an emulator; redirect www.apo-games.de to a local netcat/mitmproxy listener via /etc/hosts or DNS override. Start the app and observe a cleartext POST 'Get=' to /apoMonoMirror4k/get_level.php; build a level in the editor, press upload, and observe the cleartext POST 'level=...' containing the full level string.",
      "shared_component": true
    },
    {
      "id": "ApoMonoAndroid-02",
      "title": "Server-controlled level string parsed with substring/charAt and no bounds or error handling",
      "category": "unsafe_custom_parser",
      "cwe": "CWE-20",
      "file": "Users/eliahilse/Documents/GitHub/B/apogames/Android/ApoMonoAndroid/src/net/apogames/apomono/game/ApoMonoPuzzleGame.java",
      "line": 240,
      "code_excerpt": "p[1] = Integer.valueOf(l.substring(0, 1));\np[8] = Integer.valueOf(l.substring(1, 2));\np[9] = Integer.valueOf(l.substring(2, 3));\n...\nchar c = l.charAt(cur); // cur up to 3+15*28-1",
      "entry_point": "HTTP response of get_level.php: each 11th line is stored unvalidated as a level (ApoMonoUserlevelsLoad.java:184-186), copied to ApoMonoLevel.editorLevels (ApoMonoUserlevels.java:30), and selected via menu button 'userlevels' -> ApoMonoMenu.touchedButton (ApoMonoMenu.java:60) -> ApoMonoPanel.setGame (ApoMonoPanel.java:262)",
      "sink": "String.substring/charAt/Integer.valueOf in ApoMonoPuzzleGame.loadLevel() (ApoMonoPuzzleGame.java:240-253): expects exactly 3 header digits plus 15*28=420 grid chars; also maps chars >= 'a' via Integer.valueOf(c)-87 with no range check",
      "data_path": "readLine() in ApoMonoUserlevelsLoad.load() -> levels ArrayList -> getAllLevelsSorted() (ApoMonoUserlevels.java:44-57) -> ApoMonoLevel.editorLevels -> loadLevel(p[0], true, null) picks l = ApoMonoLevel.editorLevels[p[0]] (ApoMonoPuzzleGame.java:230) -> direct parsing with no try/catch on the touchedButton call chain",
      "attack_scenario": "MITM (or anyone able to poison the level DB anonymously, see finding 01) answers get_level.php with a line like 'ab' or a 100-char string. Victim taps the 'userlevels' menu button; loadLevel throws NumberFormatException ('a') or StringIndexOutOfBoundsException (short string) on the UI/engine thread, crashing the app every time the button is pressed. Non-digit header chars or oversized unicode grid chars additionally inject out-of-range tile ids into level[][] (memory-safe in Java, but corrupts game logic).",
      "reachable": true,
      "preconditions": "Attacker controls the HTTP response (MITM/hijacked DNS/dead-domain takeover) or the server DB; victim must be online and tap the userlevels button. ApoMonoUserlevels.sortByUpload requires s.length() > 2 (ApoMonoUserlevels.java:63), so a 3+ char malformed string passes the only filter that exists.",
      "severity": "low",
      "confidence": "high",
      "validation_plan": "Two-step: (1) Unit-level - call new ApoMonoPuzzleGame(panel).loadLevel(0,true,\"ab\") and observe NumberFormatException, or loadLevel(0,true,\"000\"+'1'.repeat(50)) and observe StringIndexOutOfBoundsException at charAt. (2) End-to-end - MITM get_level.php to return one short line, install APK on emulator with overridden DNS, start app (auto-load), tap 'userlevels', capture the uncaught exception and crash in logcat.",
      "shared_component": true
    },
    {
      "id": "ApoMonoAndroid-03",
      "title": "SharedPreferences progress string split and used as array index without bounds check",
      "category": "client_side_trust",
      "cwe": "CWE-1284",
      "file": "Users/eliahilse/Documents/GitHub/B/apogames/Android/ApoMonoAndroid/src/net/apogames/apomono/userlevels/ApoMonoSave.java",
      "line": 33,
      "code_excerpt": "int value = Integer.valueOf(array[i]);\nthis.solvedLevels[value] = true;\nthis.solvedCout += 1;\nif (value > this.maxSolvedLevel) { this.maxSolvedLevel = value; }",
      "entry_point": "The local SharedPreferences file ApoMonoPref (name from ApoMonoConstants.PREFS_NAME, ApoMonoConstants.java:17), read at every startup in ApoMonoPanel.loadPreferences (ApoMonoPanel.java:134-135): settings.getString(\"solvedLevels\", \"\")",
      "sink": "this.solvedLevels[value] = true in ApoMonoSave.createArrayFromString (ApoMonoSave.java:33) against boolean[10000] allocated at ApoMonoSave.java:10; Integer.valueOf(array[i]) at line 32",
      "data_path": "/data/data/.../shared_prefs/ApoMonoPref.xml -> getString(\"solvedLevels\") -> createArrayFromString -> split(\",\") -> Integer.valueOf -> unchecked index into solvedLevels[10000]; the same value later drives level unlocking via getMaxCanChoosen() = solvedCout + 2 (ApoMonoPanel.java:395-401)",
      "attack_scenario": "(a) Cheat: a rooted user (or anyone restoring an adb backup/app-altered XML) sets solvedLevels to '0,1,2,3,...' and instantly unlocks all built-in levels; progress is never re-verified. (b) Crash-on-boot: setting a token >= 10000 (e.g. '99999') throws ArrayIndexOutOfBoundsException inside init(), and a non-numeric token throws NumberFormatException, both making the app crash at startup until the pref file is cleared. No untrusted remote input reaches this sink; it is purely local tampering, hence theoretical for remote attackers.",
      "reachable": false,
      "preconditions": "Root access, adb backup/restore of another app's prefs, or any local modification of ApoMonoPref.xml. Not reachable through network or level data.",
      "severity": "low",
      "confidence": "high",
      "validation_plan": "On a rooted emulator: run 'am force-stop net.apogames.apomono', edit /data/data/net.apogames.apomono/shared_prefs/ApoMonoPref.xml to <string name=\"solvedLevels\">99999</string>, relaunch, and observe ArrayIndexOutOfBoundsException in logcat at ApoMonoSave.createArrayFromString followed by a startup crash loop; replace with '0,1,2' to confirm all early levels become selectable.",
      "shared_component": true
    }
  ],
  "categories_checked_and_absent": [
    "remote_code_loading - no ClassLoader/defineClass/DexClassLoader/URLClassLoader anywhere in the tree (grep over all 106 .java files returned none)",
    "untrusted_deserialization - no ObjectInputStream, Serializable, or Parcelable misuse; grep found zero matches",
    "weak_integrity_check - no MessageDigest/MD5/hash or signature verification exists at all; downloads are consumed with no integrity layer whatsoever",
    "unsafe_native_call - System.loadLibrary appears only in vendored third-party _from_jar_andmodplug*/PlayerThread.java:912; the game's own audio (ApoMonoMusicPlayer.java:56) uses android MediaPlayer with packaged R.raw resources and no native code path is exercised by game code",
    "path_traversal - game source performs no filesystem I/O at all: no FileInputStream/File/openFileInput/getExternalStorage/user.home constructs outside the vendored midi lib; saves go exclusively to SharedPreferences",
    "credential_or_secret_exposure - only hardcoded value is the public AdMob publisher id 'a1510eb01a099dc' (ApoMonoActivity.java:80), which ships in every APK by design; no API keys or passwords",
    "legacy_sandbox_assumption - no applet/JNLP/desktop entry points; pure Android activity (ApoMonoActivity extends BitsApp)",
    "information_disclosure - uploads contain only the encoded level string (ApoMonoUserlevelsLoad.java:133); no device identifiers or personal data transmitted by game code",
    "resource_exhaustion - all parse buffers are fixed-size arrays (int[15][30], boolean[10000]); the readLine loop in ApoMonoUserlevelsLoad.load() could accumulate unbounded list entries from a hostile server, but that reduces to the already-reported hostile-server scenario and causes only heap growth"
  ],
  "notes": "This Android variant is much smaller in attack surface than the desktop corpus siblings: the entire untrusted-input surface is the two PHP endpoints and the local SharedPreferences blob. There is no AndroidManifest.xml in this dump (source-tree only, with a mirrored nested path 'Users/eliahilse/...' inside the repo), so INTERNET permission and cleartext config could not be verified directly, but the http:// usage implies android.permission.INTERNET in the shipped APK. The vendored '_from_jar_android-midi-libv3*' and '_from_jar_andmodplug*' trees are third-party libraries (com.leff.midi, com.peculiargames.andmodplug); the game code references neither directly (music via MediaPlayer raw resources), so their internals were not treated as reachable. ApoMonoUserlevelsLoad uses deprecated DataInputStream.readLine(). NumberFormatException from Float/Integer.valueOf inside load() (ApoMonoUserlevelsLoad.java:188-206) IS caught by the broad catch(Exception) in ApoMonoUserlevels.loadUserlevels() (lines 23-37), so only the level-string parse in ApoMonoPuzzleGame.loadLevel - which sits outside any handler - crashes the app. Findings 01-03 are flagged shared_component because the net.apogames.<game>.userlevels.{Save,Userlevels,UserlevelsLoad} trio, the apo-games.de/php endpoint constants, and the hand-rolled level-string parser are structural clones expected to recur across the ~26 corpus variants with per-game renames."
}
<<<JSON_END>>>
