[0m
> build · ox-alpha-free
[0m
[0m$ [0mfind /Users/eliahilse/Documents/GitHub/B/corpus/android/ApoClock -type f | wc -l
70
[0m
[0m$ [0mfind /Users/eliahilse/Documents/GitHub/B/corpus/android/ApoClock -type f | sort
/Users/eliahilse/Documents/GitHub/B/corpus/android/ApoClock/_from_jar_andmodplug-1.0-5e85666bb08415ae1c681a5697679c0c/com/peculiargames/andmodplug/MODResourcePlayer.java
/Users/eliahilse/Documents/GitHub/B/corpus/android/ApoClock/_from_jar_andmodplug-1.0-5e85666bb08415ae1c681a5697679c0c/com/peculiargames/andmodplug/PlayerThread.java
/Users/eliahilse/Documents/GitHub/B/corpus/android/ApoClock/_from_jar_android-midi-libv3-33d009c916b256f06a64762432b54f6e/com/leff/midi/event/ChannelAftertouch.java
/Users/eliahilse/Documents/GitHub/B/corpus/android/ApoClock/_from_jar_android-midi-libv3-33d009c916b256f06a64762432b54f6e/com/leff/midi/event/ChannelEvent.java
/Users/eliahilse/Documents/GitHub/B/corpus/android/ApoClock/_from_jar_android-midi-libv3-33d009c916b256f06a64762432b54f6e/com/leff/midi/event/Controller.java
/Users/eliahilse/Documents/GitHub/B/corpus/android/ApoClock/_from_jar_android-midi-libv3-33d009c916b256f06a64762432b54f6e/com/leff/midi/event/meta/CopyrightNotice.java
/Users/eliahilse/Documents/GitHub/B/corpus/android/ApoClock/_from_jar_android-midi-libv3-33d009c916b256f06a64762432b54f6e/com/leff/midi/event/meta/CuePoint.java
/Users/eliahilse/Documents/GitHub/B/corpus/android/ApoClock/_from_jar_android-midi-libv3-33d009c916b256f06a64762432b54f6e/com/leff/midi/event/meta/EndOfTrack.java
/Users/eliahilse/Documents/GitHub/B/corpus/android/ApoClock/_from_jar_android-midi-libv3-33d009c916b256f06a64762432b54f6e/com/leff/midi/event/meta/GenericMetaEvent.java
/Users/eliahilse/Documents/GitHub/B/corpus/android/ApoClock/_from_jar_android-midi-libv3-33d009c916b256f06a64762432b54f6e/com/leff/midi/event/meta/InstrumentName.java
/Users/eliahilse/Documents/GitHub/B/corpus/android/ApoClock/_from_jar_android-midi-libv3-33d009c916b256f06a64762432b54f6e/com/leff/midi/event/meta/KeySignature.java
/Users/eliahilse/Documents/GitHub/B/corpus/android/ApoClock/_from_jar_android-midi-libv3-33d009c916b256f06a64762432b54f6e/com/leff/midi/event/meta/Lyrics.java
/Users/eliahilse/Documents/GitHub/B/corpus/android/ApoClock/_from_jar_android-midi-libv3-33d009c916b256f06a64762432b54f6e/com/leff/midi/event/meta/Marker.java
/Users/eliahilse/Documents/GitHub/B/corpus/android/ApoClock/_from_jar_android-midi-libv3-33d009c916b256f06a64762432b54f6e/com/leff/midi/event/meta/MetaEvent.java
/Users/eliahilse/Documents/GitHub/B/corpus/android/ApoClock/_from_jar_android-midi-libv3-33d009c916b256f06a64762432b54f6e/com/leff/midi/event/meta/MidiChannelPrefix.java
/Users/eliahilse/Documents/GitHub/B/corpus/android/ApoClock/_from_jar_android-midi-libv3-33d009c916b256f06a64762432b54f6e/com/leff/midi/event/meta/SequenceNumber.java
/Users/eliahilse/Documents/GitHub/B/corpus/android/ApoClock/_from_jar_android-midi-libv3-33d009c916b256f06a64762432b54f6e/com/leff/midi/event/meta/SequencerSpecificEvent.java
/Users/eliahilse/Documents/GitHub/B/corpus/android/ApoClock/_from_jar_android-midi-libv3-33d009c916b256f06a64762432b54f6e/com/leff/midi/event/meta/SmpteOffset.java
/Users/eliahilse/Documents/GitHub/B/corpus/android/ApoClock/_from_jar_android-midi-libv3-33d009c916b256f06a64762432b54f6e/com/leff/midi/event/meta/Tempo.java
/Users/eliahilse/Documents/GitHub/B/corpus/android/ApoClock/_from_jar_android-midi-libv3-33d009c916b256f06a64762432b54f6e/com/leff/midi/event/meta/Text.java
/Users/eliahilse/Documents/GitHub/B/corpus/android/ApoClock/_from_jar_android-midi-libv3-33d009c916b256f06a64762432b54f6e/com/leff/midi/event/meta/TextualMetaEvent.java
/Users/eliahilse/Documents/GitHub/B/corpus/android/ApoClock/_from_jar_android-midi-libv3-33d009c916b256f06a64762432b54f6e/com/leff/midi/event/meta/TimeSignature.java
/Users/eliahilse/Documents/GitHub/B/corpus/android/ApoClock/_from_jar_android-midi-libv3-33d009c916b256f06a64762432b54f6e/com/leff/midi/event/meta/TrackName.java
/Users/eliahilse/Documents/GitHub/B/corpus/android/ApoClock/_from_jar_android-midi-libv3-33d009c916b256f06a64762432b54f6e/com/leff/midi/event/MidiEvent.java
/Users/eliahilse/Documents/GitHub/B/corpus/android/ApoClock/_from_jar_android-midi-libv3-33d009c916b256f06a64762432b54f6e/com/leff/midi/event/NoteAftertouch.java
/Users/eliahilse/Documents/GitHub/B/corpus/android/ApoClock/_from_jar_android-midi-libv3-33d009c916b256f06a64762432b54f6e/com/leff/midi/event/NoteOff.java
/Users/eliahilse/Documents/GitHub/B/corpus/android/ApoClock/_from_jar_android-midi-libv3-33d009c916b256f06a64762432b54f6e/com/leff/midi/event/NoteOn.java
/Users/eliahilse/Documents/GitHub/B/corpus/android/ApoClock/_from_jar_android-midi-libv3-33d009c916b256f06a64762432b54f6e/com/leff/midi/event/PitchBend.java
/Users/eliahilse/Documents/GitHub/B/corpus/android/ApoClock/_from_jar_android-midi-libv3-33d009c916b256f06a64762432b54f6e/com/leff/midi/event/ProgramChange.java
/Users/eliahilse/Documents/GitHub/B/corpus/android/ApoClock/_from_jar_android-midi-libv3-33d009c916b256f06a64762432b54f6e/com/leff/midi/event/SystemExclusiveEvent.java
/Users/eliahilse/Documents/GitHub/B/corpus/android/ApoClock/_from_jar_android-midi-libv3-33d009c916b256f06a64762432b54f6e/com/leff/midi/examples/EventPrinter.java
/Users/eliahilse/Documents/GitHub/B/corpus/android/ApoClock/_from_jar_android-midi-libv3-33d009c916b256f06a64762432b54f6e/com/leff/midi/examples/MidiFileFromScratch.java
/Users/eliahilse/Documents/GitHub/B/corpus/android/ApoClock/_from_jar_android-midi-libv3-33d009c916b256f06a64762432b54f6e/com/leff/midi/examples/MidiManipulation.java
/Users/eliahilse/Documents/GitHub/B/corpus/android/ApoClock/_from_jar_android-midi-libv3-33d009c916b256f06a64762432b54f6e/com/leff/midi/MidiFile.java
/Users/eliahilse/Documents/GitHub/B/corpus/android/ApoClock/_from_jar_android-midi-libv3-33d009c916b256f06a64762432b54f6e/com/leff/midi/MidiTrack.java
/Users/eliahilse/Documents/GitHub/B/corpus/android/ApoClock/_from_jar_android-midi-libv3-33d009c916b256f06a64762432b54f6e/com/leff/midi/util/MetronomeTick.java
/Users/eliahilse/Documents/GitHub/B/corpus/android/ApoClock/_from_jar_android-midi-libv3-33d009c916b256f06a64762432b54f6e/com/leff/midi/util/MidiEventListener.java
/Users/eliahilse/Documents/GitHub/B/corpus/android/ApoClock/_from_jar_android-midi-libv3-33d009c916b256f06a64762432b54f6e/com/leff/midi/util/MidiProcessor.java
/Users/eliahilse/Documents/GitHub/B/corpus/android/ApoClock/_from_jar_android-midi-libv3-33d009c916b256f06a64762432b54f6e/com/leff/midi/util/MidiUtil.java
/Users/eliahilse/Documents/GitHub/B/corpus/android/ApoClock/_from_jar_android-midi-libv3-33d009c916b256f06a64762432b54f6e/com/leff/midi/util/VariableLengthInt.java
/Users/eliahilse/Documents/GitHub/B/corpus/android/ApoClock/Users/eliahilse/Documents/GitHub/B/apogames/Android/ApoClock/gen/net/apogames/apoclock/BuildConfig.java
/Users/eliahilse/Documents/GitHub/B/corpus/android/ApoClock/Users/eliahilse/Documents/GitHub/B/apogames/Android/ApoClock/gen/net/apogames/apoclock/R.java
/Users/eliahilse/Documents/GitHub/B/corpus/android/ApoClock/Users/eliahilse/Documents/GitHub/B/apogames/Android/ApoClock/src/net/apogames/apoclock/ApoClock.java
/Users/eliahilse/Documents/GitHub/B/corpus/android/ApoClock/Users/eliahilse/Documents/GitHub/B/apogames/Android/ApoClock/src/net/apogames/apoclock/ApoClockButtons.java
/Users/eliahilse/Documents/GitHub/B/corpus/android/ApoClock/Users/eliahilse/Documents/GitHub/B/apogames/Android/ApoClock/src/net/apogames/apoclock/ApoClockComponent.java
/Users/eliahilse/Documents/GitHub/B/corpus/android/ApoClock/Users/eliahilse/Documents/GitHub/B/apogames/Android/ApoClock/src/net/apogames/apoclock/ApoClockConstants.java
/Users/eliahilse/Documents/GitHub/B/corpus/android/ApoClock/Users/eliahilse/Documents/GitHub/B/apogames/Android/ApoClock/src/net/apogames/apoclock/ApoClockModel.java
/Users/eliahilse/Documents/GitHub/B/corpus/android/ApoClock/Users/eliahilse/Documents/GitHub/B/apogames/Android/ApoClock/src/net/apogames/apoclock/editor/ApoClockEditorClockStats.java
/Users/eliahilse/Documents/GitHub/B/corpus/android/ApoClock/Users/eliahilse/Documents/GitHub/B/apogames/Android/ApoClock/src/net/apogames/apoclock/editor/ApoClockUserlevels.java
/Users/eliahilse/Documents/GitHub/B/corpus/android/ApoClock/Users/eliahilse/Documents/GitHub/B/apogames/Android/ApoClock/src/net/apogames/apoclock/editor/ApoClockUserlevelsLoad.java
/Users/eliahilse/Documents/GitHub/B/corpus/android/ApoClock/Users/eliahilse/Documents/GitHub/B/apogames/Android/ApoClock/src/net/apogames/apoclock/entity/ApoButton.java
/Users/eliahilse/Documents/GitHub/B/corpus/android/ApoClock/Users/eliahilse/Documents/GitHub/B/apogames/Android/ApoClock/src/net/apogames/apoclock/entity/ApoClockEntityBall.java
/Users/eliahilse/Documents/GitHub/B/corpus/android/ApoClock/Users/eliahilse/Documents/GitHub/B/apogames/Android/ApoClock/src/net/apogames/apoclock/entity/ApoClockEntityClock.java
/Users/eliahilse/Documents/GitHub/B/corpus/android/ApoClock/Users/eliahilse/Documents/GitHub/B/apogames/Android/ApoClock/src/net/apogames/apoclock/entity/ApoClockString.java
/Users/eliahilse/Documents/GitHub/B/corpus/android/ApoClock/Users/eliahilse/Documents/GitHub/B/apogames/Android/ApoClock/src/net/apogames/apoclock/entity/ApoEntity.java
/Users/eliahilse/Documents/GitHub/B/corpus/android/ApoClock/Users/eliahilse/Documents/GitHub/B/apogames/Android/ApoClock/src/net/apogames/apoclock/entity/ApoLevelChooserButton.java
/Users/eliahilse/Documents/GitHub/B/corpus/android/ApoClock/Users/eliahilse/Documents/GitHub/B/apogames/Android/ApoClock/src/net/apogames/apoclock/entity/ApoTextfield.java
/Users/eliahilse/Documents/GitHub/B/corpus/android/ApoClock/Users/eliahilse/Documents/GitHub/B/apogames/Android/ApoClock/src/net/apogames/apoclock/game/ApoClockArcarde.java
/Users/eliahilse/Documents/GitHub/B/corpus/android/ApoClock/Users/eliahilse/Documents/GitHub/B/apogames/Android/ApoClock/src/net/apogames/apoclock/game/ApoClockArcardeGame.java
/Users/eliahilse/Documents/GitHub/B/corpus/android/ApoClock/Users/eliahilse/Documents/GitHub/B/apogames/Android/ApoClock/src/net/apogames/apoclock/game/ApoClockEditor.java
/Users/eliahilse/Documents/GitHub/B/corpus/android/ApoClock/Users/eliahilse/Documents/GitHub/B/apogames/Android/ApoClock/src/net/apogames/apoclock/game/ApoClockMenu.java
/Users/eliahilse/Documents/GitHub/B/corpus/android/ApoClock/Users/eliahilse/Documents/GitHub/B/apogames/Android/ApoClock/src/net/apogames/apoclock/game/ApoClockOptions.java
/Users/eliahilse/Documents/GitHub/B/corpus/android/ApoClock/Users/eliahilse/Documents/GitHub/B/apogames/Android/ApoClock/src/net/apogames/apoclock/game/ApoClockPanel.java
/Users/eliahilse/Documents/GitHub/B/corpus/android/ApoClock/Users/eliahilse/Documents/GitHub/B/apogames/Android/ApoClock/src/net/apogames/apoclock/game/ApoClockPuzzle.java
/Users/eliahilse/Documents/GitHub/B/corpus/android/ApoClock/Users/eliahilse/Documents/GitHub/B/apogames/Android/ApoClock/src/net/apogames/apoclock/game/ApoClockPuzzleChooser.java
/Users/eliahilse/Documents/GitHub/B/corpus/android/ApoClock/Users/eliahilse/Documents/GitHub/B/apogames/Android/ApoClock/src/net/apogames/apoclock/game/ApoClockPuzzleGame.java
/Users/eliahilse/Documents/GitHub/B/corpus/android/ApoClock/Users/eliahilse/Documents/GitHub/B/apogames/Android/ApoClock/src/net/apogames/apoclock/highscore/ApoClockHighscore.java
/Users/eliahilse/Documents/GitHub/B/corpus/android/ApoClock/Users/eliahilse/Documents/GitHub/B/apogames/Android/ApoClock/src/net/apogames/apoclock/highscore/ApoClockHighscoreLoad.java
/Users/eliahilse/Documents/GitHub/B/corpus/android/ApoClock/Users/eliahilse/Documents/GitHub/B/apogames/Android/ApoClock/src/net/apogames/apoclock/highscore/ApoClockHighscoreLocal.java
/Users/eliahilse/Documents/GitHub/B/corpus/android/ApoClock/Users/eliahilse/Documents/GitHub/B/apogames/Android/ApoClock/src/net/apogames/apoclock/level/ApoClockLevel.java
[0m
[0m$ [0mwc -l /Users/eliahilse/Documents/GitHub/B/corpus/android/ApoClock/Users/eliahilse/Documents/GitHub/B/apogames/Android/ApoClock/src/net/apogames/apoclock/*.java /Users/eliahilse/Documents/GitHub/B/corpus/android/ApoClock/Users/eliahilse/Documents/GitHub/B/apogames/Android/ApoClock/src/net/apogames/apoclock/*/*.java
88 /Users/eliahilse/Documents/GitHub/B/corpus/android/ApoClock/Users/eliahilse/Documents/GitHub/B/apogames/Android/ApoClock/src/net/apogames/apoclock/ApoClock.java
     172 /Users/eliahilse/Documents/GitHub/B/corpus/android/ApoClock/Users/eliahilse/Documents/GitHub/B/apogames/Android/ApoClock/src/net/apogames/apoclock/ApoClockButtons.java
     156 /Users/eliahilse/Documents/GitHub/B/corpus/android/ApoClock/Users/eliahilse/Documents/GitHub/B/apogames/Android/ApoClock/src/net/apogames/apoclock/ApoClockComponent.java
      25 /Users/eliahilse/Documents/GitHub/B/corpus/android/ApoClock/Users/eliahilse/Documents/GitHub/B/apogames/Android/ApoClock/src/net/apogames/apoclock/ApoClockConstants.java
      62 /Users/eliahilse/Documents/GitHub/B/corpus/android/ApoClock/Users/eliahilse/Documents/GitHub/B/apogames/Android/ApoClock/src/net/apogames/apoclock/ApoClockModel.java
     269 /Users/eliahilse/Documents/GitHub/B/corpus/android/ApoClock/Users/eliahilse/Documents/GitHub/B/apogames/Android/ApoClock/src/net/apogames/apoclock/editor/ApoClockEditorClockStats.java
     140 /Users/eliahilse/Documents/GitHub/B/corpus/android/ApoClock/Users/eliahilse/Documents/GitHub/B/apogames/Android/ApoClock/src/net/apogames/apoclock/editor/ApoClockUserlevels.java
     218 /Users/eliahilse/Documents/GitHub/B/corpus/android/ApoClock/Users/eliahilse/Documents/GitHub/B/apogames/Android/ApoClock/src/net/apogames/apoclock/editor/ApoClockUserlevelsLoad.java
     241 /Users/eliahilse/Documents/GitHub/B/corpus/android/ApoClock/Users/eliahilse/Documents/GitHub/B/apogames/Android/ApoClock/src/net/apogames/apoclock/entity/ApoButton.java
      98 /Users/eliahilse/Documents/GitHub/B/corpus/android/ApoClock/Users/eliahilse/Documents/GitHub/B/apogames/Android/ApoClock/src/net/apogames/apoclock/entity/ApoClockEntityBall.java
     125 /Users/eliahilse/Documents/GitHub/B/corpus/android/ApoClock/Users/eliahilse/Documents/GitHub/B/apogames/Android/ApoClock/src/net/apogames/apoclock/entity/ApoClockEntityClock.java
      86 /Users/eliahilse/Documents/GitHub/B/corpus/android/ApoClock/Users/eliahilse/Documents/GitHub/B/apogames/Android/ApoClock/src/net/apogames/apoclock/entity/ApoClockString.java
     435 /Users/eliahilse/Documents/GitHub/B/corpus/android/ApoClock/Users/eliahilse/Documents/GitHub/B/apogames/Android/ApoClock/src/net/apogames/apoclock/entity/ApoEntity.java
      23 /Users/eliahilse/Documents/GitHub/B/corpus/android/ApoClock/Users/eliahilse/Documents/GitHub/B/apogames/Android/ApoClock/src/net/apogames/apoclock/entity/ApoLevelChooserButton.java
     105 /Users/eliahilse/Documents/GitHub/B/corpus/android/ApoClock/Users/eliahilse/Documents/GitHub/B/apogames/Android/ApoClock/src/net/apogames/apoclock/entity/ApoTextfield.java
     158 /Users/eliahilse/Documents/GitHub/B/corpus/android/ApoClock/Users/eliahilse/Documents/GitHub/B/apogames/Android/ApoClock/src/net/apogames/apoclock/game/ApoClockArcarde.java
     394 /Users/eliahilse/Documents/GitHub/B/corpus/android/ApoClock/Users/eliahilse/Documents/GitHub/B/apogames/Android/ApoClock/src/net/apogames/apoclock/game/ApoClockArcardeGame.java
     247 /Users/eliahilse/Documents/GitHub/B/corpus/android/ApoClock/Users/eliahilse/Documents/GitHub/B/apogames/Android/ApoClock/src/net/apogames/apoclock/game/ApoClockEditor.java
     123 /Users/eliahilse/Documents/GitHub/B/corpus/android/ApoClock/Users/eliahilse/Documents/GitHub/B/apogames/Android/ApoClock/src/net/apogames/apoclock/game/ApoClockMenu.java
     140 /Users/eliahilse/Documents/GitHub/B/corpus/android/ApoClock/Users/eliahilse/Documents/GitHub/B/apogames/Android/ApoClock/src/net/apogames/apoclock/game/ApoClockOptions.java
     443 /Users/eliahilse/Documents/GitHub/B/corpus/android/ApoClock/Users/eliahilse/Documents/GitHub/B/apogames/Android/ApoClock/src/net/apogames/apoclock/game/ApoClockPanel.java
     134 /Users/eliahilse/Documents/GitHub/B/corpus/android/ApoClock/Users/eliahilse/Documents/GitHub/B/apogames/Android/ApoClock/src/net/apogames/apoclock/game/ApoClockPuzzle.java
     156 /Users/eliahilse/Documents/GitHub/B/corpus/android/ApoClock/Users/eliahilse/Documents/GitHub/B/apogames/Android/ApoClock/src/net/apogames/apoclock/game/ApoClockPuzzleChooser.java
     391 /Users/eliahilse/Documents/GitHub/B/corpus/android/ApoClock/Users/eliahilse/Documents/GitHub/B/apogames/Android/ApoClock/src/net/apogames/apoclock/game/ApoClockPuzzleGame.java
     100 /Users/eliahilse/Documents/GitHub/B/corpus/android/ApoClock/Users/eliahilse/Documents/GitHub/B/apogames/Android/ApoClock/src/net/apogames/apoclock/highscore/ApoClockHighscore.java
     169 /Users/eliahilse/Documents/GitHub/B/corpus/android/ApoClock/Users/eliahilse/Documents/GitHub/B/apogames/Android/ApoClock/src/net/apogames/apoclock/highscore/ApoClockHighscoreLoad.java
     105 /Users/eliahilse/Documents/GitHub/B/corpus/android/ApoClock/Users/eliahilse/Documents/GitHub/B/apogames/Android/ApoClock/src/net/apogames/apoclock/highscore/ApoClockHighscoreLocal.java
      62 /Users/eliahilse/Documents/GitHub/B/corpus/android/ApoClock/Users/eliahilse/Documents/GitHub/B/apogames/Android/ApoClock/src/net/apogames/apoclock/level/ApoClockLevel.java
    4865 total
[0m
[0m→ [0mRead Users/eliahilse/Documents/GitHub/B/apogames/Android/ApoClock/src/net/apogames/apoclock/highscore/ApoClockHighscoreLoad.java
[0m→ [0mRead Users/eliahilse/Documents/GitHub/B/apogames/Android/ApoClock/src/net/apogames/apoclock/ApoClockConstants.java
[0m→ [0mRead Users/eliahilse/Documents/GitHub/B/apogames/Android/ApoClock/src/net/apogames/apoclock/editor/ApoClockUserlevelsLoad.java
[0m→ [0mRead Users/eliahilse/Documents/GitHub/B/apogames/Android/ApoClock/src/net/apogames/apoclock/level/ApoClockLevel.java
[0m→ [0mRead Users/eliahilse/Documents/GitHub/B/apogames/Android/ApoClock/src/net/apogames/apoclock/ApoClock.java
[0m→ [0mRead Users/eliahilse/Documents/GitHub/B/apogames/Android/ApoClock/src/net/apogames/apoclock/highscore/ApoClockHighscore.java
[0m→ [0mRead Users/eliahilse/Documents/GitHub/B/apogames/Android/ApoClock/src/net/apogames/apoclock/editor/ApoClockUserlevels.java
[0m→ [0mRead Users/eliahilse/Documents/GitHub/B/apogames/Android/ApoClock/src/net/apogames/apoclock/game/ApoClockPanel.java
[0m→ [0mRead Users/eliahilse/Documents/GitHub/B/apogames/Android/ApoClock/src/net/apogames/apoclock/game/ApoClockPuzzleGame.java
[0m→ [0mRead Users/eliahilse/Documents/GitHub/B/apogames/Android/ApoClock/src/net/apogames/apoclock/highscore/ApoClockHighscoreLocal.java
[0m→ [0mRead Users/eliahilse/Documents/GitHub/B/apogames/Android/ApoClock/src/net/apogames/apoclock/game/ApoClockEditor.java
[0m
[0m$ [0mrg -n "MessageDigest|MD5|ObjectInputStream|ClassLoader|defineClass|System\.load|Runtime\.getRuntime|ProcessBuilder|exec\(|FileInputStream|FileOutputStream|user\.home|user\.dir|Base64|Cipher|javax\.crypto" /Users/eliahilse/Documents/GitHub/B/corpus/android/ApoClock/ || echo "NO MATCHES"
zsh:1: command not found: rg
NO MATCHES
[0m
[0m✱ [0mGrep "MessageDigest|ObjectInputStream|ClassLoader|defineClass|System\.load|Runtime\.getRuntime|ProcessBuilder|user\.home|user\.dir|Base64|Cipher|javax\.crypto"[90m in . · 2 matches[0m
[0m✱ [0mGrep "openConnection|HttpURLConnection|Socket|Datagram|URL\(|getInputStream|getOutputStream"[90m in . · 16 matches[0m
[0m→ [0mRead Users/eliahilse/Documents/GitHub/B/apogames/Android/ApoClock/src/net/apogames/apoclock/game/ApoClockArcardeGame.java
[0m→ [0mRead Users/eliahilse/Documents/GitHub/B/apogames/Android/ApoClock/src/net/apogames/apoclock/game/ApoClockArcarde.java
[0m→ [0mRead Users/eliahilse/Documents/GitHub/B/apogames/Android/ApoClock/src/net/apogames/apoclock/entity/ApoTextfield.java
[0m→ [0mRead Users/eliahilse/Documents/GitHub/B/apogames/Android/ApoClock/src/net/apogames/apoclock/game/ApoClockPuzzleChooser.java
[0m→ [0mRead Users/eliahilse/Documents/GitHub/B/apogames/Android/ApoClock/src/net/apogames/apoclock/game/ApoClockOptions.java
[0m→ [0mRead Users/eliahilse/Documents/GitHub/B/apogames/Android/ApoClock/src/net/apogames/apoclock/ApoClockComponent.java
[0m✱ [0mGrep "native|loadLibrary|InputStream|File|read\("[90m in _from_jar_andmodplug-1.0-5e85666bb08415ae1c681a5697679c0c · 39 matches[0m
[0m✱ [0mGrep "MODResourcePlayer|PlayerThread|andmodplug|leff\.midi|MidiFile"[90m in . · 100 matches[0m
[0m✱ [0mGrep "import com\.(peculiargames|leff)|bitsengine\.audio|Sound|Music"[90m in Users/eliahilse/Documents/GitHub/B/apogames/Android/ApoClock/src · 0 matches[0m
[0m→ [0mRead Users/eliahilse/Documents/GitHub/B/apogames/Android/ApoClock/src/net/apogames/apoclock/game/ApoClockPuzzle.java
[0m→ [0mRead Users/eliahilse/Documents/GitHub/B/apogames/Android/ApoClock/src/net/apogames/apoclock/ApoClockButtons.java
[0m→ [0mRead Users/eliahilse/Documents/GitHub/B/apogames/Android/ApoClock/src/net/apogames/apoclock/game/ApoClockMenu.java
[0m→ [0mRead Users/eliahilse/Documents/GitHub/B/apogames/Android/ApoClock/src/net/apogames/apoclock/entity/ApoClockEntityClock.java
[0m→ [0mRead Users/eliahilse/Documents/GitHub/B/apogames/Android/ApoClock/src/net/apogames/apoclock/ApoClockModel.java
[0m→ [0mRead Users/eliahilse/Documents/GitHub/B/apogames/Android/ApoClock/src/net/apogames/apoclock/entity/ApoClockEntityBall.java
[0m→ [0mRead Users/eliahilse/Documents/GitHub/B/apogames/Android/ApoClock/src/net/apogames/apoclock/editor/ApoClockEditorClockStats.java
[0m→ [0mRead Users/eliahilse/Documents/GitHub/B/apogames/Android/ApoClock/src/net/apogames/apoclock/entity/ApoEntity.java
[0m→ [0mRead Users/eliahilse/Documents/GitHub/B/apogames/Android/ApoClock/src/net/apogames/apoclock/entity/ApoButton.java
[0m→ [0mRead Users/eliahilse/Documents/GitHub/B/apogames/Android/ApoClock/src/net/apogames/apoclock/entity/ApoClockString.java
[0m→ [0mRead Users/eliahilse/Documents/GitHub/B/apogames/Android/ApoClock/src/net/apogames/apoclock/entity/ApoLevelChooserButton.java
[0m→ [0mRead _from_jar_andmodplug-1.0-5e85666bb08415ae1c681a5697679c0c/com/peculiargames/andmodplug/MODResourcePlayer.java[90m [limit=60, offset=85][0m
[0m✱ [0mGrep "editorLevels|getStars|getStatistics|getID|saveHighscore|loadPreferences|savePreferences|setHighscoreFromString"[90m in Users/eliahilse/Documents/GitHub/B/apogames/Android/ApoClock/src · 23 matches[0m
All 28 game source files read in full, plus sampling of both vendored library trees; cross-checked with grep sweeps for dangerous APIs (`ClassLoader`, `ObjectInputStream`, `MessageDigest`, `Runtime`, file I/O, crypto) which came back empty except one unused JNI loader.

<<<JSON_BEGIN>>>
{
  "variant": "ApoClock",
  "files_reviewed": 30,
  "notable_files": [
    "Users/eliahilse/Documents/GitHub/B/apogames/Android/ApoClock/src/net/apogames/apoclock/ApoClockConstants.java",
    "Users/eliahilse/Documents/GitHub/B/apogames/Android/ApoClock/src/net/apogames/apoclock/highscore/ApoClockHighscoreLoad.java",
    "Users/eliahilse/Documents/GitHub/B/apogames/Android/ApoClock/src/net/apogames/apoclock/editor/ApoClockUserlevelsLoad.java",
    "Users/eliahilse/Documents/GitHub/B/apogames/Android/ApoClock/src/net/apogames/apoclock/game/ApoClockPuzzleGame.java",
    "Users/eliahilse/Documents/GitHub/B/apogames/Android/ApoClock/src/net/apogames/apoclock/game/ApoClockPanel.java",
    "Users/eliahilse/Documents/GitHub/B/apogames/Android/ApoClock/src/net/apogames/apoclock/highscore/ApoClockHighscoreLocal.java",
    "_from_jar_andmodplug-1.0-5e85666bb08415ae1c681a5697679c0c/com/peculiargames/andmodplug/PlayerThread.java"
  ],
  "findings": [
    {
      "id": "ApoClock-01",
      "title": "All highscore and user-level traffic sent over cleartext HTTP",
      "category": "insecure_transport",
      "cwe": "CWE-319",
      "file": "Users/eliahilse/Documents/GitHub/B/apogames/Android/ApoClock/src/net/apogames/apoclock/ApoClockConstants.java",
      "line": 5,
      "code_excerpt": "public final static String USERLEVELS_GETPHP = \"http://www.apo-games.de/apoClock4k/get_level.php\";\npublic final static String HIGHSCORE_SAVEPHP = \"http://www.apo-games.de/apoClock4k/save_highscore.php\";",
      "entry_point": "Network responses and requests of get_level.php / save_level.php / get_highscore.php / save_highscore.php (all four URLs defined at lines 5-9)",
      "sink": "url.openConnection()/getInputStream()/getOutputStream() in ApoClockHighscoreLoad.java:81-105,125-159 and ApoClockUserlevelsLoad.java:121-143,162-208",
      "data_path": "UI action -> ApoClockPanel.loadUserlevels() (ApoClockPanel.java:139-147) or ApoClockArcarde.init() (ApoClockArcarde.java:39-46) -> ApoClockUserlevelsLoad.load()/save() / ApoClockHighscoreLoad.load()/save() -> new URL(<http constant>).openConnection(); server lines parsed into ArrayLists (names, levels, times) that populate in-game UI and ApoClockLevel.editorLevels (ApoClockUserlevels.java:30)",
      "attack_scenario": "Attacker on the same LAN (open Wi-Fi, ARP spoofing) or any on-path position passively reads the player-chosen name and scores submitted in plaintext, and actively rewrites the get_level.php/get_highscore.php responses: injecting arbitrary level strings and highscore names that the client renders and plays without any origin check. This is also the remote delivery vector for ApoClock-03 payloads.",
      "reachable": true,
      "preconditions": "Device online (ApoClock.isOnline(), ApoClock.java:44-49); attacker positioned on-path or controlling DNS for www.apo-games.de. Note: apo-games.de may no longer resolve today; an attacker can still exploit via DNS spoofing to their own server.",
      "severity": "medium",
      "confidence": "high",
      "validation_plan": "Run the app on an emulator whose DNS for www.apo-games.de points to a local mock host. Observe in tcpdump/mitmproxy that POST bodies containing 'name='/'level='/plaintext scores arrive unencrypted. Return crafted rows from the mock get_highscore.php (5-line groups) and get_level.php (11-line groups, see ApoClockHighscoreLoad.java:145-158 / ApoClockUserlevelsLoad.java:182-207) and verify the forged names/levels appear in the arcade highscore panel and the userlevels list.",
      "shared_component": true
    },
    {
      "id": "ApoClock-02",
      "title": "Score and level submissions carry no authentication or integrity protection",
      "category": "client_side_trust",
      "cwe": "CWE-602",
      "file": "Users/eliahilse/Documents/GitHub/B/apogames/Android/ApoClock/src/net/apogames/apoclock/highscore/ApoClockHighscoreLoad.java",
      "line": 92,
      "code_excerpt": "String content = \"points=\" + URLEncoder.encode(String.valueOf(points), \"UTF-8\") + \"&clocks=\" + URLEncoder.encode(String.valueOf(clocks), \"UTF-8\") + \"&name=\" + URLEncoder.encode(name, \"UTF-8\");\nprintout.writeBytes(content);",
      "entry_point": "Anyone able to send an HTTP POST; the game itself contributes only client-computed values (p[1]/clocks from ApoClockArcardeGame.think(), ApoClockArcarde.setPoints() at ApoClockArcarde.java:84-91)",
      "sink": "POST body written to http://www.apo-games.de/apoClock4k/save_highscore.php (writeBytes at ApoClockHighscoreLoad.java:96); identically shaped upload of arbitrary level strings to save_level.php (ApoClockUserlevelsLoad.java:132-133)",
      "data_path": "No token, session, signature, MD5 checksum, or server-side attestation exists anywhere in the request: the entire message is 'points=<int>&clocks=<int>&name=<string>' (lines 92-94). The same anonymous pattern uploads editor-built level strings via ApoClockEditor.uploadString() -> ApoClockUserlevels.addLevel() (ApoClockEditor.java:180-187, ApoClockUserlevels.java:81-88).",
      "attack_scenario": "Step 1: attacker runs `curl -d 'points=999999&clocks=999&name=anyone' http://www.apo-games.de/apoClock4k/save_highscore.php` without ever playing; Step 2: every client calling load() renders the forged entry at the top of the online board (ApoClockHighscore.drawHighscore, ApoClockHighscore.java:81-99). The same one-liner seeds save_level.php with arbitrary strings, making the server a distribution channel for the malformed levels of ApoClock-03.",
      "reachable": true,
      "preconditions": "Endpoint reachable (original server or an attacker-operated clone reached via ApoClock-01's transport position). No credentials exist in the app to steal - submission is anonymous by design.",
      "severity": "medium",
      "confidence": "high",
      "validation_plan": "Point the device/emulator at a mock endpoint (or hit the live URL if still up) with the curl command above; then press 'arcade' in-game and observe the forged name/points rendered in the online highscore list after load(). Repeat with save_level.php using level='240,260,40,-50,0' and confirm it appears in the userlevels chooser.",
      "shared_component": true
    },
    {
      "id": "ApoClock-03",
      "title": "Downloaded user levels parsed without validation: unbounded token access, NumberFormat crash, and zero/negative rotation speed causes infinite loop (ANR)",
      "category": "unsafe_custom_parser",
      "cwe": "CWE-835",
      "file": "Users/eliahilse/Documents/GitHub/B/apogames/Android/ApoClock/src/net/apogames/apoclock/game/ApoClockPuzzleGame.java",
      "line": 152,
      "code_excerpt": "float clockRotationVelocity = Integer.valueOf(l[y + 4].replaceAll(\" \", \"\"));  // line 152\n...\nwhile (this.clocks[i].getCurTime() >= this.clocks[i].getRotateVelocity()) {  // line 226, exit needs curTime -= velocity",
      "entry_point": "Level strings downloaded from get_level.php (cleartext, see ApoClock-01) or uploaded by any anonymous player via save_level.php (see ApoClock-02); stored in ApoClockLevel.editorLevels (ApoClockUserlevels.java:30)",
      "sink": "Hand-rolled tokenizer loadLevelWithString() at ApoClockPuzzleGame.java:141-166 (l[y+4] indexing, Integer.valueOf) feeding the physics loop at lines 224-244 whose while-extraction depends entirely on the attacker-supplied velocity value",
      "data_path": "ApoClockPuzzle.touchedButton(USERLEVELS) -> ApoClockPanel.setPuzzleGame(0,null,true) (no try/catch, ApoClockPanel.java:234-251) -> ApoClockPuzzleGame.loadLevel() -> loadLevelWithString(ApoClockLevel.editorLevels[curLevel]) (line 135). Three failure modes: (a) token count not a multiple of 5 -> ArrayIndexOutOfBoundsException at l[y+4] (lines 148-152), uncaught on this path -> app crash; (b) non-numeric token -> NumberFormatException, uncaught -> crash; (c) velocity token '0' or negative (editor clamps to [3,18] at ApoClockEditorClockStats.java:118-131, but network levels bypass the editor entirely; Math.abs is applied only to startAngle, line 153) -> in think() the loop does curTime += delta (line 225) then curTime -= rotateVelocity (line 238), which never decreases curTime when velocity<=0 -> endless spin of the game/GL thread -> permanent freeze/ANR whenever that level runs.",
      "attack_scenario": "Attacker uploads level '240,260,40,-50,0' through the normal editor-upload button (or injects it into the cleartext get_level.php response). Victim opens Puzzlemode -> Userlevels and starts the level; on first touch the app hangs forever in ApoClockPuzzleGame.think and Android shows an App-Not-Responding dialog; re-entering reproduces it. Variants '1,2,3' or 'a,b,c,d,e' hard-crash the process instead.",
      "reachable": true,
      "preconditions": "Victim plays a user level whose string the attacker controls (server-side authorship via ApoClock-02, or on-path rewrite via ApoClock-01). No privileges on the victim device required.",
      "severity": "low",
      "confidence": "high",
      "validation_plan": "Serve an 11-line group from a mock get_level.php whose level line is exactly '240,260,40,-50,0' (metadata lines any integers, see parser ApoClockUserlevelsLoad.java:182-207). Launch app, tap puzzle->userlevels->start, touch screen; observe ANR ('Application Not Responding') and capture the stack: main/GL thread parked inside the while at line 226. Then repeat with level line '1,2,3' (ArrayIndexOutOfBoundsException) and 'x,y,z,w,v' (NumberFormatException), each killing the process with no dialog.",
      "shared_component": false
    },
    {
      "id": "ApoClock-04",
      "title": "Persisted local highscore/progress string parsed without guards: tampering unlocks all levels or permanently crashes startup",
      "category": "unsafe_custom_parser",
      "cwe": "CWE-20",
      "file": "Users/eliahilse/Documents/GitHub/B/apogames/Android/ApoClock/src/net/apogames/apoclock/highscore/ApoClockHighscoreLocal.java",
      "line": 69,
      "code_excerpt": "next = curString.indexOf(\";\");\nthis.clocks.add(Integer.valueOf(curString.substring(0, next)));  // next == -1 possible -> substring(0,-1) throws",
      "entry_point": "'highscore' and 'solved' values in the MODE_PRIVATE SharedPreferences file ApoClockPref (written at ApoClockPanel.java:129-137; editable by root or an adb backup/restore of net.apogames.apoclock)",
      "sink": "setHighscoreFromString() at ApoClockHighscoreLocal.java:53-74, invoked un-guarded from ApoClockPanel.loadPreferences() (ApoClockPanel.java:121-122), which runs inside init() (ApoClockPanel.java:104) at every app start; 'solved' int feeds ApoClockPuzzleChooser.setSolved() (ApoClockPuzzleChooser.java:65-78) which gates level selection",
      "data_path": "XML pref value -> getString('highscore','') (ApoClockPanel.java:121) -> setHighscoreFromString: loop reads pairs p;c up to 5 times; if the value ends after an odd ';' group (e.g. '12;'), indexOf(';') returns -1 and substring(0,-1)/Integer.valueOf throws StringIndexOutOfBoundsException/NumberFormatException with no catch on the call chain -> exception during init() -> instant crash on every launch (crash loop until prefs cleared). Separately, because the format is plaintext and unchecked, setting 'solved'=28 or 'highscore'=99999;1; grants all levels/top local score (client-side trust, no MAC/signature).",
      "attack_scenario": "On a rooted device (or via adb backup/restore on builds that permit it): edit /data/data/net.apogames.apoclock/shared_prefs/ApoClockPref.xml, set solved=28 to unlock every puzzle level, or set highscore to '12;' - the latter bricks the app into a startup crash loop that survives restarts until the app's data is cleared.",
      "reachable": true,
      "preconditions": "Local attacker with root, or ability to backup/restore app data; SharedPreferences are otherwise app-private, so this is local-tamper/cheat tier, not remote.",
      "severity": "low",
      "confidence": "high",
      "validation_plan": "adb backup the app, unpack with abe, change the 'highscore' string to '12;' and restore; launch and observe immediate force-close with StringIndexOutOfBoundsException at ApoClockHighscoreLocal.java:69 (repeat-crash on relaunch). In a second run set solved=28 and observe all 28 level buttons unlocked/green in the chooser without solving anything.",
      "shared_component": true
    }
  ],
  "categories_checked_and_absent": [
    "remote_code_loading",
    "untrusted_deserialization",
    "weak_integrity_check",
    "path_traversal",
    "credential_or_secret_exposure",
    "unsafe_native_call",
    "legacy_sandbox_assumption"
  ],
  "notes": "This is the smallest, cleanest variant audited shape-wise: an Android-only port (BitsApp/bits-engine) with no applet entry point. (1) remote_code_loading: grep found no ClassLoader/defineClass/System.load in game code; the only native hook is System.loadLibrary(\"modplug-\"+VERS) in the VENDORED third-party tree (_from_jar_andmodplug.../PlayerThread.java:912), and no net.apogames class imports com.peculiargames or com.leff (verified by import scan) - the andmodplug/MIDI jars are dead copies here, so the JNI loader and their MOD/MIDI parsers are NOT reachable. (2) untrusted_deserialization: no ObjectInputStream/Serializable anywhere. (3) weak_integrity_check: no MessageDigest/MD5/hash at all in this variant (unlike some siblings); integrity absence is covered by ApoClock-02. (4) path_traversal: game code performs zero filesystem I/O - persistence is exclusively SharedPreferences (ApoClock.java:39); the .cheat/.mar/.skunk/.rep-style custom formats of other variants do not appear here; the custom formats that DO exist (level CSV at ApoClockPuzzleGame.java:141-166, 'p;c;p;c;' local highscore at ApoClockHighscoreLocal.java:53-74) are findings 03/04. (5) Minor, below finding threshold: Log.d prints player name+score to logcat (ApoClockHighscoreLoad.java:73,95; ApoClockHighscoreLocal.java:58,65,67; ApoClockPanel.java? none) - information_disclosure only via adb/root, negligible; NetworkInfo is cached once at onCreate (ApoClock.java:36-37) so isOnline() goes stale - robustness only; ApoClockHighscore.saveHighscore (ApoClockHighscore.java:64-79) reads bReturn before its upload thread finishes and indexes sortByHighscore.get(4) guarded only by points-size>5 - latent races, not attacker-facing. All real attack surface concentrates in the four anonymous HTTP endpoints and the two hand parsers that consume their output."
}
<<<JSON_END>>>
