[0m
> build · ox-alpha-free
[0m
[0m$ [0mfind . -type f \( -name "*.java" -o -name "*.xml" -o -name "*.properties" \) | head -100
./Users/eliahilse/Documents/GitHub/B/apogames/Android/ApoSnake/gen/net/apogames/aposnake/R.java
./Users/eliahilse/Documents/GitHub/B/apogames/Android/ApoSnake/gen/net/apogames/aposnake/BuildConfig.java
./Users/eliahilse/Documents/GitHub/B/apogames/Android/ApoSnake/src/net/apogames/aposnake/ApoSnake.java
./Users/eliahilse/Documents/GitHub/B/apogames/Android/ApoSnake/src/net/apogames/aposnake/ApoSnakeComponent.java
./Users/eliahilse/Documents/GitHub/B/apogames/Android/ApoSnake/src/net/apogames/aposnake/entity/ApoLevelChooserButton.java
./Users/eliahilse/Documents/GitHub/B/apogames/Android/ApoSnake/src/net/apogames/aposnake/entity/ApoEntity.java
./Users/eliahilse/Documents/GitHub/B/apogames/Android/ApoSnake/src/net/apogames/aposnake/entity/ApoSnakeString.java
./Users/eliahilse/Documents/GitHub/B/apogames/Android/ApoSnake/src/net/apogames/aposnake/entity/ApoButton.java
./Users/eliahilse/Documents/GitHub/B/apogames/Android/ApoSnake/src/net/apogames/aposnake/entity/ApoSnakeEntity.java
./Users/eliahilse/Documents/GitHub/B/apogames/Android/ApoSnake/src/net/apogames/aposnake/game/ApoSnakePuzzleChooser.java
./Users/eliahilse/Documents/GitHub/B/apogames/Android/ApoSnake/src/net/apogames/aposnake/game/ApoSnakePuzzleGame.java
./Users/eliahilse/Documents/GitHub/B/apogames/Android/ApoSnake/src/net/apogames/aposnake/game/ApoSnakeEditor.java
./Users/eliahilse/Documents/GitHub/B/apogames/Android/ApoSnake/src/net/apogames/aposnake/game/ApoSnakeSolve.java
./Users/eliahilse/Documents/GitHub/B/apogames/Android/ApoSnake/src/net/apogames/aposnake/game/ApoSnakeMenu.java
./Users/eliahilse/Documents/GitHub/B/apogames/Android/ApoSnake/src/net/apogames/aposnake/game/ApoSnakePanel.java
./Users/eliahilse/Documents/GitHub/B/apogames/Android/ApoSnake/src/net/apogames/aposnake/ApoSnakeConstants.java
./Users/eliahilse/Documents/GitHub/B/apogames/Android/ApoSnake/src/net/apogames/aposnake/ApoSnakeModel.java
./Users/eliahilse/Documents/GitHub/B/apogames/Android/ApoSnake/src/net/apogames/aposnake/ApoSnakeButtons.java
./Users/eliahilse/Documents/GitHub/B/apogames/Android/ApoSnake/src/net/apogames/aposnake/level/ApoSnakeLevel.java
./Users/eliahilse/Documents/GitHub/B/apogames/Android/ApoSnake/src/net/apogames/aposnake/editor/ApoSnakeUserlevelsLoad.java
./Users/eliahilse/Documents/GitHub/B/apogames/Android/ApoSnake/src/net/apogames/aposnake/editor/ApoSnakeUserlevels.java
[0m
[0m$ [0mfind . -type d | head -50 && echo "---TOTAL JAVA FILES---" && find . -name "*.java" | wc -l
.
./Users
./Users/eliahilse
./Users/eliahilse/Documents
./Users/eliahilse/Documents/GitHub
./Users/eliahilse/Documents/GitHub/B
./Users/eliahilse/Documents/GitHub/B/apogames
./Users/eliahilse/Documents/GitHub/B/apogames/Android
./Users/eliahilse/Documents/GitHub/B/apogames/Android/ApoSnake
./Users/eliahilse/Documents/GitHub/B/apogames/Android/ApoSnake/gen
./Users/eliahilse/Documents/GitHub/B/apogames/Android/ApoSnake/gen/net
./Users/eliahilse/Documents/GitHub/B/apogames/Android/ApoSnake/gen/net/apogames
./Users/eliahilse/Documents/GitHub/B/apogames/Android/ApoSnake/gen/net/apogames/aposnake
./Users/eliahilse/Documents/GitHub/B/apogames/Android/ApoSnake/src
./Users/eliahilse/Documents/GitHub/B/apogames/Android/ApoSnake/src/net
./Users/eliahilse/Documents/GitHub/B/apogames/Android/ApoSnake/src/net/apogames
./Users/eliahilse/Documents/GitHub/B/apogames/Android/ApoSnake/src/net/apogames/aposnake
./Users/eliahilse/Documents/GitHub/B/apogames/Android/ApoSnake/src/net/apogames/aposnake/entity
./Users/eliahilse/Documents/GitHub/B/apogames/Android/ApoSnake/src/net/apogames/aposnake/game
./Users/eliahilse/Documents/GitHub/B/apogames/Android/ApoSnake/src/net/apogames/aposnake/level
./Users/eliahilse/Documents/GitHub/B/apogames/Android/ApoSnake/src/net/apogames/aposnake/editor
---TOTAL JAVA FILES---
      21
[0m
[0m$ [0mwc -l $(find . -name "*.java") | sort -n
5 ./Users/eliahilse/Documents/GitHub/B/apogames/Android/ApoSnake/gen/net/apogames/aposnake/BuildConfig.java
      18 ./Users/eliahilse/Documents/GitHub/B/apogames/Android/ApoSnake/src/net/apogames/aposnake/ApoSnakeConstants.java
      23 ./Users/eliahilse/Documents/GitHub/B/apogames/Android/ApoSnake/gen/net/apogames/aposnake/R.java
      23 ./Users/eliahilse/Documents/GitHub/B/apogames/Android/ApoSnake/src/net/apogames/aposnake/entity/ApoLevelChooserButton.java
      55 ./Users/eliahilse/Documents/GitHub/B/apogames/Android/ApoSnake/src/net/apogames/aposnake/ApoSnakeModel.java
      57 ./Users/eliahilse/Documents/GitHub/B/apogames/Android/ApoSnake/src/net/apogames/aposnake/ApoSnake.java
      72 ./Users/eliahilse/Documents/GitHub/B/apogames/Android/ApoSnake/src/net/apogames/aposnake/entity/ApoSnakeEntity.java
      72 ./Users/eliahilse/Documents/GitHub/B/apogames/Android/ApoSnake/src/net/apogames/aposnake/entity/ApoSnakeString.java
     119 ./Users/eliahilse/Documents/GitHub/B/apogames/Android/ApoSnake/src/net/apogames/aposnake/ApoSnakeButtons.java
     143 ./Users/eliahilse/Documents/GitHub/B/apogames/Android/ApoSnake/src/net/apogames/aposnake/editor/ApoSnakeUserlevels.java
     148 ./Users/eliahilse/Documents/GitHub/B/apogames/Android/ApoSnake/src/net/apogames/aposnake/game/ApoSnakeMenu.java
     155 ./Users/eliahilse/Documents/GitHub/B/apogames/Android/ApoSnake/src/net/apogames/aposnake/game/ApoSnakePuzzleChooser.java
     159 ./Users/eliahilse/Documents/GitHub/B/apogames/Android/ApoSnake/src/net/apogames/aposnake/ApoSnakeComponent.java
     169 ./Users/eliahilse/Documents/GitHub/B/apogames/Android/ApoSnake/src/net/apogames/aposnake/level/ApoSnakeLevel.java
     218 ./Users/eliahilse/Documents/GitHub/B/apogames/Android/ApoSnake/src/net/apogames/aposnake/editor/ApoSnakeUserlevelsLoad.java
     236 ./Users/eliahilse/Documents/GitHub/B/apogames/Android/ApoSnake/src/net/apogames/aposnake/game/ApoSnakeSolve.java
     241 ./Users/eliahilse/Documents/GitHub/B/apogames/Android/ApoSnake/src/net/apogames/aposnake/entity/ApoButton.java
     252 ./Users/eliahilse/Documents/GitHub/B/apogames/Android/ApoSnake/src/net/apogames/aposnake/game/ApoSnakePanel.java
     435 ./Users/eliahilse/Documents/GitHub/B/apogames/Android/ApoSnake/src/net/apogames/aposnake/entity/ApoEntity.java
     435 ./Users/eliahilse/Documents/GitHub/B/apogames/Android/ApoSnake/src/net/apogames/aposnake/game/ApoSnakeEditor.java
     919 ./Users/eliahilse/Documents/GitHub/B/apogames/Android/ApoSnake/src/net/apogames/aposnake/game/ApoSnakePuzzleGame.java
    3954 total
[0m
[0m✗ [0mRead src/net/apogames/aposnake/editor/ApoSnakeUserlevelsLoad.java failed
[91m[1mError: [0mFile not found: /Users/eliahilse/Documents/GitHub/B/corpus/android/ApoSnake/src/net/apogames/aposnake/editor/ApoSnakeUserlevelsLoad.java
[0m✗ [0mRead src/net/apogames/aposnake/level/ApoSnakeLevel.java failed
[91m[1mError: [0mFile not found: /Users/eliahilse/Documents/GitHub/B/corpus/android/ApoSnake/src/net/apogames/aposnake/level/ApoSnakeLevel.java
[0m→ [0mRead /Users/eliahilse/Documents/GitHub/B/apogames/Android/ApoSnake/src/net/apogames/aposnake/level/ApoSnakeLevel.java
[0m→ [0mRead /Users/eliahilse/Documents/GitHub/B/apogames/Android/ApoSnake/src/net/apogames/aposnake/editor/ApoSnakeUserlevelsLoad.java
[0m→ [0mRead /Users/eliahilse/Documents/GitHub/B/apogames/Android/ApoSnake/src/net/apogames/aposnake/editor/ApoSnakeUserlevels.java
[0m→ [0mRead /Users/eliahilse/Documents/GitHub/B/apogames/Android/ApoSnake/src/net/apogames/aposnake/game/ApoSnakePanel.java
[0m→ [0mRead /Users/eliahilse/Documents/GitHub/B/apogames/Android/ApoSnake/src/net/apogames/aposnake/ApoSnake.java
[0m→ [0mRead /Users/eliahilse/Documents/GitHub/B/apogames/Android/ApoSnake/src/net/apogames/aposnake/ApoSnakeConstants.java
[0m✱ [0mGrep "http://|https://|\.php|apo-games"[90m in /Users/eliahilse/Documents/GitHub/B/apogames/Android/ApoSnake · 6 matches[0m
[0m→ [0mRead /Users/eliahilse/Documents/GitHub/B/apogames/Android/ApoSnake/src/net/apogames/aposnake/game/ApoSnakePuzzleGame.java
[0m→ [0mRead /Users/eliahilse/Documents/GitHub/B/apogames/Android/ApoSnake/src/net/apogames/aposnake/game/ApoSnakeEditor.java
[0m→ [0mRead /Users/eliahilse/Documents/GitHub/B/apogames/Android/ApoSnake/src/net/apogames/aposnake/game/ApoSnakeMenu.java
[0m→ [0mRead /Users/eliahilse/Documents/GitHub/B/apogames/Android/ApoSnake/src/net/apogames/aposnake/ApoSnakeComponent.java
[0m→ [0mRead /Users/eliahilse/Documents/GitHub/B/apogames/Android/ApoSnake/src/net/apogames/aposnake/game/ApoSnakePuzzleChooser.java
[0m→ [0mRead /Users/eliahilse/Documents/GitHub/B/apogames/Android/ApoSnake/src/net/apogames/aposnake/ApoSnakeButtons.java
[0m→ [0mRead /Users/eliahilse/Documents/GitHub/B/apogames/Android/ApoSnake/src/net/apogames/aposnake/ApoSnakeModel.java
[0m
[0m$ [0mls -la && cat AndroidManifest.xml
total 48
drwxr-xr-x@ 15 eliahilse  staff   480 Aug 24 14:16 .
drwxr-xr-x@ 10 eliahilse  staff   320 Aug 24 14:16 ..
-rw-r--r--@  1 eliahilse  staff   588 Aug 24 14:16 .classpath
-rw-r--r--@  1 eliahilse  staff   811 Aug 24 14:16 .project
drwxr-xr-x@  3 eliahilse  staff    96 Aug 24 14:16 .settings
-rw-r--r--@  1 eliahilse  staff   940 Aug 24 14:16 AndroidManifest.xml
drwxr-xr-x@  3 eliahilse  staff    96 Aug 24 14:16 assets
drwxr-xr-x@ 10 eliahilse  staff   320 Aug 24 14:16 bin
drwxr-xr-x@  3 eliahilse  staff    96 Aug 24 14:16 gen
drwxr-xr-x@  4 eliahilse  staff   128 Aug 24 14:16 libs
-rw-r--r--@  1 eliahilse  staff   781 Aug 24 14:16 proguard-project.txt
-rw-r--r--@  1 eliahilse  staff  1248 Aug 24 14:16 proguard.cfg
-rw-r--r--@  1 eliahilse  staff   360 Aug 24 14:16 project.properties
drwxr-xr-x@  8 eliahilse  staff   256 Aug 24 14:16 res
drwxr-xr-x@  3 eliahilse  staff    96 Aug 24 14:16 src
<?xml version="1.0" encoding="utf-8"?>
<manifest xmlns:android="http://schemas.android.com/apk/res/android"
    package="net.apogames.aposnake"
    android:versionCode="1"
    android:versionName="1.0" >

    <uses-permission android:name="android.permission.INTERNET"/>
	<uses-permission android:name="android.permission.WAKE_LOCK" />
	<uses-permission android:name="android.permission.ACCESS_NETWORK_STATE" />

    <uses-sdk android:minSdkVersion="8" />

    <application
        android:icon="@drawable/ic_launcher"
        android:label="@string/app_name" >
        <activity
            android:name="net.apogames.aposnake.ApoSnake"
            android:label="@string/app_name" >
            <intent-filter>
                <action android:name="android.intent.action.MAIN" />

                <category android:name="android.intent.category.LAUNCHER" />
            </intent-filter>
        </activity>
    </application>

</manifest>
[0m
[0m$ [0mgrep -rn "ObjectInputStream\|defineClass\|ClassLoader\|MessageDigest\|MD5\|System\.load\|loadLibrary\|Runtime\|getRuntime\|ProcessBuilder\|exec(" src/ gen/ 2>/dev/null; echo "---libs/assets---"; find libs assets -type f | head; echo "---file I/O in src---"; grep -rn "java.io\|FileInputStream\|FileOutputStream\|FileReader\|FileWriter" src/
---libs/assets---
libs/android-support-v4.jar
libs/bitsengine.jar
assets/reprise.ttf
---file I/O in src---
src/net/apogames/aposnake/editor/ApoSnakeUserlevelsLoad.java:3:import java.io.DataInputStream;
src/net/apogames/aposnake/editor/ApoSnakeUserlevelsLoad.java:4:import java.io.DataOutputStream;
src/net/apogames/aposnake/editor/ApoSnakeUserlevelsLoad.java:5:import java.io.IOException;
[0m
[0m$ [0munzip -l libs/bitsengine.jar | head -60
Archive:  libs/bitsengine.jar
  Length      Date    Time    Name
---------  ---------- -----   ----
        2  11-14-2012 15:01   META-INF/MANIFEST.MF
     1089  11-14-2012 15:01   net/gliblybits/bitsengine/core/BitsApp$1.class
     5029  11-14-2012 15:01   net/gliblybits/bitsengine/core/BitsApp.class
     5463  11-14-2012 15:01   net/gliblybits/bitsengine/core/BitsBitmap.class
    19542  11-14-2012 15:01   net/gliblybits/bitsengine/core/BitsFactory.class
     1976  11-08-2012 11:49   net/gliblybits/bitsengine/core/BitsFont.class
    13400  11-14-2012 15:01   net/gliblybits/bitsengine/core/BitsGame.class
     1021  11-08-2012 11:49   net/gliblybits/bitsengine/core/BitsImage.class
     2426  11-14-2012 15:01   net/gliblybits/bitsengine/core/BitsMusic.class
     4210  11-14-2012 15:01   net/gliblybits/bitsengine/core/BitsRenderStack.class
     3404  11-14-2012 15:01   net/gliblybits/bitsengine/core/BitsSound.class
     9615  11-14-2012 15:01   net/gliblybits/bitsengine/core/BitsStorage.class
     1280  11-08-2012 11:49   net/gliblybits/bitsengine/core/BitsTimer.class
     2320  11-14-2012 15:01   net/gliblybits/bitsengine/core/BitsVibration.class
     3651  11-08-2012 11:49   net/gliblybits/bitsengine/gui/BitsButton.class
      221  11-08-2012 11:49   net/gliblybits/bitsengine/gui/BitsButtonListener.class
     2923  11-14-2012 15:01   net/gliblybits/bitsengine/gui/BitsEngineScreen.class
      434  11-08-2012 11:49   net/gliblybits/bitsengine/gui/BitsGuiComponent.class
     2933  11-14-2012 15:01   net/gliblybits/bitsengine/gui/BitsScreen.class
      614  11-08-2012 11:49   net/gliblybits/bitsengine/input/touch/BitsTouchPointer.class
     3104  11-14-2012 15:01   net/gliblybits/bitsengine/input/touch/BitsTouchPointerManager.class
    12143  11-14-2012 15:01   net/gliblybits/bitsengine/render/BitsGraphics.class
    14515  11-14-2012 15:01   net/gliblybits/bitsengine/render/BitsOpenGLRenderer.class
     1390  11-14-2012 15:01   net/gliblybits/bitsengine/render/commands/BitsRenderCommand.class
     2076  11-14-2012 15:01   net/gliblybits/bitsengine/render/commands/BitsRenderCommandPool.class
     2326  11-14-2012 15:01   net/gliblybits/bitsengine/render/commands/BitsRenderCommandQueues.class
     3569  11-14-2012 15:01   net/gliblybits/bitsengine/utils/BitsFixedSizeArray.class
      568  11-08-2012 11:49   net/gliblybits/bitsengine/utils/BitsFontTextureRegion.class
     1716  11-14-2012 15:01   net/gliblybits/bitsengine/utils/BitsLog.class
     1209  11-08-2012 11:49   net/gliblybits/bitsengine/utils/BitsObjectPool.class
    56564  11-01-2012 11:29   net/gliblybits/bitsengine/BitsEngineLogo.png
---------                     -------
   180733                     31 files
[0m
[0m→ [0mRead /Users/eliahilse/Documents/GitHub/B/apogames/Android/ApoSnake/src/net/apogames/aposnake/entity/ApoSnakeString.java
[0m→ [0mRead /Users/eliahilse/Documents/GitHub/B/apogames/Android/ApoSnake/src/net/apogames/aposnake/entity/ApoButton.java
[0m
[0m$ [0mgrep -n "import\|class\|static\|URL\|http" src/net/apogames/aposnake/entity/ApoEntity.java src/net/apogames/aposnake/entity/ApoSnakeEntity.java src/net/apogames/aposnake/entity/ApoLevelChooserButton.java | head -40
src/net/apogames/aposnake/entity/ApoEntity.java:3:import android.graphics.Rect;
src/net/apogames/aposnake/entity/ApoEntity.java:4:import net.gliblybits.bitsengine.core.BitsImage;
src/net/apogames/aposnake/entity/ApoEntity.java:5:import net.gliblybits.bitsengine.render.BitsGraphics;
src/net/apogames/aposnake/entity/ApoEntity.java:14:public class ApoEntity {
src/net/apogames/aposnake/entity/ApoSnakeEntity.java:3:import net.gliblybits.bitsengine.render.BitsGraphics;
src/net/apogames/aposnake/entity/ApoSnakeEntity.java:5:public class ApoSnakeEntity {
src/net/apogames/aposnake/entity/ApoLevelChooserButton.java:3:import net.gliblybits.bitsengine.core.BitsImage;
src/net/apogames/aposnake/entity/ApoLevelChooserButton.java:5:public class ApoLevelChooserButton extends ApoButton {
[0m
[0m$ [0mgrep -rn "new File\|getExternal\|user\.home\|user\.dir\|System\.getProperty\|Base64\|Cipher\|javax\.crypto\|URLConnection\|HttpURL\|Socket" src/ ; echo "---prefs---"; grep -rn "settings\|PREFS" src/net/apogames/aposnake/game/ApoSnakePanel.java | head; echo "---gen files---"; cat gen/net/apogames/aposnake/BuildConfig.java
src/net/apogames/aposnake/editor/ApoSnakeUserlevelsLoad.java:8:import java.net.URLConnection;
src/net/apogames/aposnake/editor/ApoSnakeUserlevelsLoad.java:117:				URLConnection urlConn;
src/net/apogames/aposnake/editor/ApoSnakeUserlevelsLoad.java:158:				URLConnection urlConn;
---prefs---
src/net/apogames/aposnake/game/ApoSnakePanel.java:64:		this.loadPreferences(ApoSnake.settings);
src/net/apogames/aposnake/game/ApoSnakePanel.java:67:	protected final void loadPreferences(SharedPreferences settings) {
src/net/apogames/aposnake/game/ApoSnakePanel.java:68:		int solved = settings.getInt("solved", 0);
src/net/apogames/aposnake/game/ApoSnakePanel.java:72:	protected final void savePreferences(SharedPreferences settings) {
src/net/apogames/aposnake/game/ApoSnakePanel.java:73:		SharedPreferences.Editor editor = settings.edit();
---gen files---
/** Automatically generated file. DO NOT MODIFY */
package net.apogames.aposnake;

public final class BuildConfig {
    public final static boolean DEBUG = true;
}
[0m
All 21 Java files read (19 `src` + 2 generated). This variant has none of the corpus's desktop-era infrastructure (no ApoClassLoader/ApoIO/ApoHelp, no ObjectInputStream, no MessageDigest, no JNI, no local file parsing beyond SharedPreferences); its entire attack surface is the plain-HTTP user-level channel plus the hand-rolled level-string parser that consumes it. Verified chain: `get_level.php` response lines → `ApoSnakeLevel.editorLevels` (static) → parsed unvalidated in `loadLevel()` on the GL thread.

<<<JSON_BEGIN>>>
{
  "variant": "ApoSnake",
  "files_reviewed": 21,
  "notable_files": [
    "src/net/apogames/aposnake/ApoSnakeConstants.java",
    "src/net/apogames/aposnake/editor/ApoSnakeUserlevelsLoad.java",
    "src/net/apogames/aposnake/editor/ApoSnakeUserlevels.java",
    "src/net/apogames/aposnake/game/ApoSnakePuzzleGame.java",
    "src/net/apogames/aposnake/game/ApoSnakeEditor.java",
    "src/net/apogames/aposnake/game/ApoSnakePanel.java"
  ],
  "findings": [
    {
      "id": "ApoSnake-01",
      "title": "User-level download/upload over plaintext HTTP to apo-games.de (MITM/malicious-server controlled)",
      "category": "insecure_transport",
      "cwe": "CWE-319",
      "file": "src/net/apogames/aposnake/ApoSnakeConstants.java",
      "line": 5,
      "code_excerpt": "public final static String USERLEVELS_GETPHP = \"http://www.apo-games.de/apoSn4ke/get_level.php\";\npublic final static String USERLEVELS_SAVEPHP = \"http://www.apo-games.de/apoSn4ke/save_level.php\";",
      "entry_point": "Network: any on-path attacker (ARP/DNS spoof, rogue AP) or the apo-games.de server itself. Auto-triggered at app start: ApoSnakePanel.init() (ApoSnakePanel.java:58-64) spawns a thread -> ApoSnakeUserlevels.loadUserlevels() (ApoSnakeUserlevels.java:22-38) -> ApoSnakeUserlevelsLoad.load() (ApoSnakeUserlevelsLoad.java:153-217).",
      "sink": "URLConnection to http://www.apo-games.de/... ; response consumed line-by-line via input.readLine() in load() (ApoSnakeUserlevelsLoad.java:179-207); uploads via printout.writeBytes(content) in save() (ApoSnakeUserlevelsLoad.java:130-135).",
      "data_path": "ApoSnake.isOnline() gate (ApoSnake.java:48-53) -> new URL(USERLEVELS_GETPHP).openConnection() -> DataInputStream(urlConn.getInputStream()) -> readLine() loop stores every 11th line as a level string (levels.add(str), line 184) -> returned via getLevels() -> ApoSnakeUserlevels.getAllLevelsSorted() -> static ApoSnakeLevel.editorLevels (ApoSnakeUserlevels.java:30) -> played via ApoSnakeMenu.touchedButton(\"userlevels\") (ApoSnakeMenu.java:75-77).",
      "attack_scenario": "Attacker on the same LAN (coffee-shop WiFi) ARP-spoofs the device and answers DNS for www.apo-games.de, or compromises the apo-games.de host. Every ApoSnake client that launches while 'online' fetches its community level list from the attacker, who can serve arbitrary level strings and forged rating statistics (fun/easy/hard counts, Float/Integer.valueOf-parsed at ApoSnakeUserlevelsLoad.java:186-204). Uploaded player levels are likewise sent in cleartext and can be read/tampered in transit.",
      "reachable": true,
      "preconditions": "Device considers itself online (ConnectivityManager, ApoSnake.java:40-41); attacker needs a network vantage point or control of the server. Cleartext must be permitted: manifest (AndroidManifest.xml) sets minSdkVersion 8 and no usesCleartextTraffic attribute, so HTTP works by default on all Android versions below API 28; on Android 9+ the OS blocks this request outright.",
      "severity": "medium",
      "confidence": "high",
      "validation_plan": "Install the APK on an API <= 27 emulator. Redirect www.apo-games.de to a local host (adb shell settings / hosts via remount, or run mitmproxy in transparent mode on the emulator network). tcpdump shows the POST body 'level=...' in cleartext to port 80. Serve a canned get_level.php response (see ApoSnake-02 for the required 11-line format) and observe the injected level become playable under the in-game 'userlevels' button.",
      "shared_component": true
    },
    {
      "id": "ApoSnake-02",
      "title": "Server-supplied level string parsed with no bounds/format checks: negative/huge array allocation and out-of-bounds reads crash the app",
      "category": "unsafe_custom_parser",
      "cwe": "CWE-789",
      "file": "src/net/apogames/aposnake/game/ApoSnakePuzzleGame.java",
      "line": 161,
      "code_excerpt": "int width = l.substring(0, 1).charAt(0) - 96;\nint height = l.substring(1, 2).charAt(0) - 96;\nlevel = new int[height][width];\n...\nint value = l.charAt(y * level[0].length + x + 2);",
      "entry_point": "The level string downloaded from get_level.php (stored via levels.add(str) in ApoSnakeUserlevelsLoad.java:184, copied into ApoSnakeLevel.editorLevels in ApoSnakeUserlevels.java:30). Reached when the player taps the 'userlevels' menu button: ApoSnakeMenu.java:76 -> ApoSnakePanel.setPuzzleGame (136-147) -> ApoSnakePuzzleGame.loadLevel (125-223). Also reached with locally edited strings, but the remote path requires no device access.",
      "sink": "new int[height][width] at line 161 and l.charAt(y * level[0].length + x + 2) at lines 167/195 - allocation size and string indices are computed directly from unvalidated bytes of the server line. Header chars < 96 yield negative dimensions; chars up to 0xFFFF yield dimensions up to ~65k x 65k; body length is never compared to width*height.",
      "data_path": "HTTP line -> ApoSnakeUserlevelsLoad.load() (11-line grouping; only the level line is attacker-arbitrary, metadata lines must be numeric or the load aborts safely) -> ApoSnakeUserlevels.sortByUpload()/getAllLevelsSorted() (ApoSnakeUserlevels.java:59-78, 44-57; built-in duplicates filtered by ApoSnakeLevel.isIn, everything else kept) -> ApoSnakeLevel.editorLevels[p[0]] (ApoSnakePuzzleGame.java:152) -> loadLevel() parse, executed on the render/think thread; no try/catch anywhere on this path.",
      "attack_scenario": "Attacker uploads (see ApoSnake-03, no account needed) or MITM-injects a level line such as \"\\u1000\\u1000\" + filler with numeric metadata around it. Every client listing that level allocates int[4000][4000] (~64 MB -> OutOfMemoryError on era-typical small Dalvik heaps) or, with a header like \"AB\", throws NegativeArraySizeException, or with a short body throws StringIndexOutOfBoundsException at line 167. The uncaught exception kills the game process; because levels are re-downloaded on every start, tapping 'userlevels' keeps crashing the app until the poison level disappears from the server.",
      "reachable": true,
      "preconditions": "Attacker-controlled level string present in the get_level.php response (via upload endpoint or MITM from ApoSnake-01); player taps 'userlevels'. Metadata lines of the 11-line group must parse as numbers (Float/Integer.valueOf) or loadUserlevels()'s catch(Exception) (ApoSnakeUserlevels.java:34) aborts before editorLevels is set. Impact limited to process death/OOM - no evidence of memory corruption (Java arrays are bounds-checked), so no RCE.",
      "severity": "medium",
      "confidence": "high",
      "validation_plan": "Run a fake get_level.php (enabled via ApoSnake-01 setup) returning exactly 11 lines: line0='AB', lines1-3='0', line4='name', lines5-10='0'. Launch app, tap 'userlevels': logcat shows NegativeArraySizeException at ApoSnakePuzzleGame.java:161 and the process exits. Repeat with line0='zz'+short body -> StringIndexOutOfBoundsException at line 167; with line0 containing two '\\u1000' chars -> OutOfMemoryError at line 161.",
      "shared_component": true
    },
    {
      "id": "ApoSnake-03",
      "title": "Unauthenticated, unsigned level upload endpoint lets anyone publish content pushed to all players",
      "category": "client_side_trust",
      "cwe": "CWE-306",
      "file": "src/net/apogames/aposnake/editor/ApoSnakeUserlevelsLoad.java",
      "line": 133,
      "code_excerpt": "String content = \"level=\" + URLEncoder.encode(String.valueOf(level), \"UTF-8\");\nprintout.writeBytes(content);\n...\ninput = new DataInputStream(urlConn.getInputStream());",
      "entry_point": "In-game editor 'upload' button: ApoSnakeEditor.touchedButton (ApoSnakeEditor.java:186-196) -> uploadString() (227-234) -> ApoSnakeUserlevels.addLevel (ApoSnakeUserlevels.java:84-91) -> save(). Any HTTP client can hit save_level.php directly with the same one-parameter form body.",
      "sink": "POST http://www.apo-games.de/apoSn4ke/save_level.php (URL taken from ApoSnakeConstants.java:6) with body 'level=<arbitrary string>' - no authentication, no per-user identity, no signature, no client-side sanity limit beyond the editor UI's own 14x14 cap (ApoSnakeEditor.java:202,210), which a direct HTTP caller ignores entirely.",
      "data_path": "Editor grid -> getLevelString() (ApoSnakeEditor.java:240-257 builds '<w><h><cells>' from raw ints) -> addLevel() duplicate-check against already-downloaded levels only -> save() writes the string verbatim (only URLEncoder.encode applied) to the PHP script. The server's response is discarded; whatever was accepted later comes back to every client through get_level.php and feeds ApoSnake-02's parser.",
      "attack_scenario": "An attacker scripts curl --data 'level=<crafted payload>' against save_level.php (endpoint discoverable from any APK string table; the obfuscated path segment 'apoSn4ke' provides no secrecy). Poisoned levels persist server-side and are served to the whole player base on next fetch, enabling the remote-crash scenario of ApoSnake-02 or mass garbage-content injection, with no attribution or revocation mechanism in the protocol.",
      "reachable": true,
      "preconditions": "save_level.php still live and accepting anonymous submissions (server-side condition outside this codebase); for the in-app path, device online and editor level test-solved (setLevelSolved, ApoSnakeEditor.java:70-76 gates the upload button).",
      "severity": "low",
      "confidence": "high",
      "validation_plan": "From a PC: curl -d 'level=ABxxxxxxxxxxxxxxxxxxxxxx' http://www.apo-games.de/apoSn4ke/save_level.php, then curl -d 'Get=' http://www.apo-games.de/apoSn4ke/get_level.php and grep for the submitted string. If the service is dead, reproduce locally by pointing ApoSnakeConstants.java:5-6 at a stub PHP/Flask pair implementing the same contract and replaying the flow from the app.",
      "shared_component": true
    },
    {
      "id": "ApoSnake-04",
      "title": "Level-progression flag stored as plain int in SharedPreferences; trivially editable to unlock all levels",
      "category": "client_side_trust",
      "cwe": "CWE-345",
      "file": "src/net/apogames/aposnake/game/ApoSnakePanel.java",
      "line": 68,
      "code_excerpt": "protected final void loadPreferences(SharedPreferences settings) {\n    int solved = settings.getInt(\"solved\", 0);\n    this.solvedLevel(solved);",
      "entry_point": "Local XML file /data/data/net.apogames.aposnake/shared_prefs/ApoSnakePref.xml (created in ApoSnake.onCreate via getSharedPreferences(ApoSnakeConstants.PREFS_NAME, 0), ApoSnake.java:43; PREFS_NAME defined in ApoSnakeConstants.java:11).",
      "sink": "settings.getInt(\"solved\", 0) -> solvedLevel(int) (ApoSnakePanel.java:179-181) -> ApoSnakePuzzleChooser.setSolved (ApoSnakePuzzleChooser.java:66-79): the only guard is clamping to MAX_LEVELS-1, there is no integrity check, and the same value is written back unconditionally in savePreferences (ApoSnakePanel.java:72-77).",
      "data_path": "Edited 'solved' value in the prefs XML -> loadPreferences() during init (ApoSnakePanel.java:64) -> setSolved marks all buttons solved and persists via savePreferences -> puzzle chooser exposes every level (touchedPressed loops i <= this.solved, ApoSnakePuzzleChooser.java:84-88). No server-side or cryptographic validation exists anywhere in the variant (grep: no MessageDigest/Cipher in src/).",
      "attack_scenario": "A rooted user (or adb backup, since android:allowBackup is unset and defaults to permissive on relevant APIs) edits ApoSnakePref.xml to '<int name=\"solved\" value=\"99\" />'; on next launch all 29 built-in levels are selectable and marked solved. Purely a cheating vector - no code execution, affects only single-player progression.",
      "reachable": true,
      "preconditions": "Root access to the device or ability to extract/restore app-private storage; no network involvement.",
      "severity": "low",
      "confidence": "high",
      "validation_plan": "On a rooted emulator: adb root; adb shell 'echo \"<?xml version=\\\"1.0\\\" encoding=\\\"utf-8\\\" standalone=\\\"yes\\\" ?><map><int name=\\\"solved\\\" value=\\\"28\\\" /></map>\" > /data/data/net.apogames.aposnake/shared_prefs/ApoSnakePref.xml'; relaunch the app and observe all level-chooser circles unlocked/green in the puzzle chooser screen.",
      "shared_component": false
    }
  ],
  "categories_checked_and_absent": [
    "remote_code_loading - no ClassLoader/defineClass/System.load/loadLibrary anywhere in src/ or gen/ (grepped); libs/bitsengine.jar contains only engine rendering/input classes, no loader",
    "untrusted_deserialization - no ObjectInputStream/XML decoder; the only inbound stream is readLine()-parsed text (ApoSnakeUserlevelsLoad.java:179-207)",
    "weak_integrity_check - no MessageDigest/MD5/hash usage of any kind in this variant, unlike sibling variants",
    "path_traversal - no java.io.File, no getExternalStorage/user.home/user.dir usage; only persistence is SharedPreferences",
    "unsafe_native_call - no JNI/native methods",
    "legacy_sandbox_assumption - no applet entry point; single LAUNCHER activity (AndroidManifest.xml)",
    "credential_or_secret_exposure - no credentials, tokens or secrets embedded; requests carry no auth material at all",
    "information_disclosure - uploads contain only the level grid string; nothing identifying the device/user is transmitted"
  ],
  "notes": "Source root corpus/android/ApoSnake resolves to apogames/Android/ApoSnake; all 21 Java files (19 src + generated R/BuildConfig) were opened. This is the smallest-risk shape seen in the corpus family: the Android port dropped the desktop shared stack (ApoClassLoader, ApoIO, AppletHighscore, .cheat/.mar/.rep formats) entirely - there is NO custom class loading, NO binary save/replay parsing, and NO hashing here. Attack surface collapses to: (1) the clone-family UserlevelsLoad/Userlevels/Constants trio talking plaintext HTTP (findings 01-03 form one causal chain: anonymous upload -> server persistence -> download -> unvalidated parser -> crash/OOM), and (2) an unprotected local progress pref (04). Note the parser in ApoSnakePuzzleGame.loadLevel (header-derived dimensions at lines 159-161, unchecked charAt at 167/195) is the same design pattern as sibling variants' level loaders, so the flaw likely propagates across clones even where the transport differs. Also noteworthy: minSdkVersion 8 plus absent android:usesCleartextTraffic means the HTTP traffic only becomes OS-blocked on Android 9+, i.e., the exposure window covers the entire historical install base; BuildConfig.DEBUG=true indicates these sources build as debuggable artifacts."
}
<<<JSON_END>>>
