[0m
> build · ox-alpha-free
[0m
[0m$ [0mfind /Users/eliahilse/Documents/GitHub/B/corpus/android/ApoDice -type f \( -name "*.java" -o -name "*.xml" \) | head -100
/Users/eliahilse/Documents/GitHub/B/corpus/android/ApoDice/Users/eliahilse/Documents/GitHub/B/apogames/Android/ApoDice/gen/net/apogames/apodice/R.java
/Users/eliahilse/Documents/GitHub/B/corpus/android/ApoDice/Users/eliahilse/Documents/GitHub/B/apogames/Android/ApoDice/gen/net/apogames/apodice/BuildConfig.java
/Users/eliahilse/Documents/GitHub/B/corpus/android/ApoDice/Users/eliahilse/Documents/GitHub/B/apogames/Android/ApoDice/src/net/apogames/apodice/ApoDice.java
/Users/eliahilse/Documents/GitHub/B/corpus/android/ApoDice/Users/eliahilse/Documents/GitHub/B/apogames/Android/ApoDice/src/net/apogames/apodice/ApoDiceButtons.java
/Users/eliahilse/Documents/GitHub/B/corpus/android/ApoDice/Users/eliahilse/Documents/GitHub/B/apogames/Android/ApoDice/src/net/apogames/apodice/entity/ApoLevelChooserButton.java
/Users/eliahilse/Documents/GitHub/B/corpus/android/ApoDice/Users/eliahilse/Documents/GitHub/B/apogames/Android/ApoDice/src/net/apogames/apodice/entity/ApoEntity.java
/Users/eliahilse/Documents/GitHub/B/corpus/android/ApoDice/Users/eliahilse/Documents/GitHub/B/apogames/Android/ApoDice/src/net/apogames/apodice/entity/ApoDiceEntity.java
/Users/eliahilse/Documents/GitHub/B/corpus/android/ApoDice/Users/eliahilse/Documents/GitHub/B/apogames/Android/ApoDice/src/net/apogames/apodice/entity/ApoDiceString.java
/Users/eliahilse/Documents/GitHub/B/corpus/android/ApoDice/Users/eliahilse/Documents/GitHub/B/apogames/Android/ApoDice/src/net/apogames/apodice/entity/ApoButton.java
/Users/eliahilse/Documents/GitHub/B/corpus/android/ApoDice/Users/eliahilse/Documents/GitHub/B/apogames/Android/ApoDice/src/net/apogames/apodice/ApoDiceComponent.java
/Users/eliahilse/Documents/GitHub/B/corpus/android/ApoDice/Users/eliahilse/Documents/GitHub/B/apogames/Android/ApoDice/src/net/apogames/apodice/game/ApoDiceMenu.java
/Users/eliahilse/Documents/GitHub/B/corpus/android/ApoDice/Users/eliahilse/Documents/GitHub/B/apogames/Android/ApoDice/src/net/apogames/apodice/game/ApoDiceEditor.java
/Users/eliahilse/Documents/GitHub/B/corpus/android/ApoDice/Users/eliahilse/Documents/GitHub/B/apogames/Android/ApoDice/src/net/apogames/apodice/game/ApoDicePuzzleGame.java
/Users/eliahilse/Documents/GitHub/B/corpus/android/ApoDice/Users/eliahilse/Documents/GitHub/B/apogames/Android/ApoDice/src/net/apogames/apodice/game/ApoDicePuzzleChooser.java
/Users/eliahilse/Documents/GitHub/B/corpus/android/ApoDice/Users/eliahilse/Documents/GitHub/B/apogames/Android/ApoDice/src/net/apogames/apodice/game/ApoDiceSolve.java
/Users/eliahilse/Documents/GitHub/B/corpus/android/ApoDice/Users/eliahilse/Documents/GitHub/B/apogames/Android/ApoDice/src/net/apogames/apodice/game/ApoDicePanel.java
/Users/eliahilse/Documents/GitHub/B/corpus/android/ApoDice/Users/eliahilse/Documents/GitHub/B/apogames/Android/ApoDice/src/net/apogames/apodice/ApoDiceModel.java
/Users/eliahilse/Documents/GitHub/B/corpus/android/ApoDice/Users/eliahilse/Documents/GitHub/B/apogames/Android/ApoDice/src/net/apogames/apodice/level/ApoDiceLevel.java
/Users/eliahilse/Documents/GitHub/B/corpus/android/ApoDice/Users/eliahilse/Documents/GitHub/B/apogames/Android/ApoDice/src/net/apogames/apodice/ApoDiceConstants.java
/Users/eliahilse/Documents/GitHub/B/corpus/android/ApoDice/Users/eliahilse/Documents/GitHub/B/apogames/Android/ApoDice/src/net/apogames/apodice/editor/ApoDiceUserlevels.java
/Users/eliahilse/Documents/GitHub/B/corpus/android/ApoDice/Users/eliahilse/Documents/GitHub/B/apogames/Android/ApoDice/src/net/apogames/apodice/editor/ApoDiceUserlevelsLoad.java
[0m
[0m→ [0mRead .
[0m
[0m$ [0mfind /Users/eliahilse/Documents/GitHub/B/corpus/android/ApoDice -type f | grep -v "\.class$" | head -80; echo "---TOTAL JAVA---"; find /Users/eliahilse/Documents/GitHub/B/corpus/android/ApoDice -name "*.java" | wc -l
/Users/eliahilse/Documents/GitHub/B/corpus/android/ApoDice/Users/eliahilse/Documents/GitHub/B/apogames/Android/ApoDice/gen/net/apogames/apodice/R.java
/Users/eliahilse/Documents/GitHub/B/corpus/android/ApoDice/Users/eliahilse/Documents/GitHub/B/apogames/Android/ApoDice/gen/net/apogames/apodice/BuildConfig.java
/Users/eliahilse/Documents/GitHub/B/corpus/android/ApoDice/Users/eliahilse/Documents/GitHub/B/apogames/Android/ApoDice/src/net/apogames/apodice/ApoDice.java
/Users/eliahilse/Documents/GitHub/B/corpus/android/ApoDice/Users/eliahilse/Documents/GitHub/B/apogames/Android/ApoDice/src/net/apogames/apodice/ApoDiceButtons.java
/Users/eliahilse/Documents/GitHub/B/corpus/android/ApoDice/Users/eliahilse/Documents/GitHub/B/apogames/Android/ApoDice/src/net/apogames/apodice/entity/ApoLevelChooserButton.java
/Users/eliahilse/Documents/GitHub/B/corpus/android/ApoDice/Users/eliahilse/Documents/GitHub/B/apogames/Android/ApoDice/src/net/apogames/apodice/entity/ApoEntity.java
/Users/eliahilse/Documents/GitHub/B/corpus/android/ApoDice/Users/eliahilse/Documents/GitHub/B/apogames/Android/ApoDice/src/net/apogames/apodice/entity/ApoDiceEntity.java
/Users/eliahilse/Documents/GitHub/B/corpus/android/ApoDice/Users/eliahilse/Documents/GitHub/B/apogames/Android/ApoDice/src/net/apogames/apodice/entity/ApoDiceString.java
/Users/eliahilse/Documents/GitHub/B/corpus/android/ApoDice/Users/eliahilse/Documents/GitHub/B/apogames/Android/ApoDice/src/net/apogames/apodice/entity/ApoButton.java
/Users/eliahilse/Documents/GitHub/B/corpus/android/ApoDice/Users/eliahilse/Documents/GitHub/B/apogames/Android/ApoDice/src/net/apogames/apodice/ApoDiceComponent.java
/Users/eliahilse/Documents/GitHub/B/corpus/android/ApoDice/Users/eliahilse/Documents/GitHub/B/apogames/Android/ApoDice/src/net/apogames/apodice/game/ApoDiceMenu.java
/Users/eliahilse/Documents/GitHub/B/corpus/android/ApoDice/Users/eliahilse/Documents/GitHub/B/apogames/Android/ApoDice/src/net/apogames/apodice/game/ApoDiceEditor.java
/Users/eliahilse/Documents/GitHub/B/corpus/android/ApoDice/Users/eliahilse/Documents/GitHub/B/apogames/Android/ApoDice/src/net/apogames/apodice/game/ApoDicePuzzleGame.java
/Users/eliahilse/Documents/GitHub/B/corpus/android/ApoDice/Users/eliahilse/Documents/GitHub/B/apogames/Android/ApoDice/src/net/apogames/apodice/game/ApoDicePuzzleChooser.java
/Users/eliahilse/Documents/GitHub/B/corpus/android/ApoDice/Users/eliahilse/Documents/GitHub/B/apogames/Android/ApoDice/src/net/apogames/apodice/game/ApoDiceSolve.java
/Users/eliahilse/Documents/GitHub/B/corpus/android/ApoDice/Users/eliahilse/Documents/GitHub/B/apogames/Android/ApoDice/src/net/apogames/apodice/game/ApoDicePanel.java
/Users/eliahilse/Documents/GitHub/B/corpus/android/ApoDice/Users/eliahilse/Documents/GitHub/B/apogames/Android/ApoDice/src/net/apogames/apodice/ApoDiceModel.java
/Users/eliahilse/Documents/GitHub/B/corpus/android/ApoDice/Users/eliahilse/Documents/GitHub/B/apogames/Android/ApoDice/src/net/apogames/apodice/level/ApoDiceLevel.java
/Users/eliahilse/Documents/GitHub/B/corpus/android/ApoDice/Users/eliahilse/Documents/GitHub/B/apogames/Android/ApoDice/src/net/apogames/apodice/ApoDiceConstants.java
/Users/eliahilse/Documents/GitHub/B/corpus/android/ApoDice/Users/eliahilse/Documents/GitHub/B/apogames/Android/ApoDice/src/net/apogames/apodice/editor/ApoDiceUserlevels.java
/Users/eliahilse/Documents/GitHub/B/corpus/android/ApoDice/Users/eliahilse/Documents/GitHub/B/apogames/Android/ApoDice/src/net/apogames/apodice/editor/ApoDiceUserlevelsLoad.java
---TOTAL JAVA---
      21
[0m
[0m$ [0mgrep -rn "defineClass\|ObjectInputStream\|MessageDigest\|System.load\|URL\|HttpURLConnection\|apo-games.de\|MD5\|Base64" --include="*.java" /Users/eliahilse/Documents/GitHub/B/corpus/android/ApoDice/ | head -50
/Users/eliahilse/Documents/GitHub/B/corpus/android/ApoDice/Users/eliahilse/Documents/GitHub/B/apogames/Android/ApoDice/src/net/apogames/apodice/ApoDiceConstants.java:5:	public final static String USERLEVELS_GETPHP = "http://www.apo-games.de/apoDice4k/get_level.php";
/Users/eliahilse/Documents/GitHub/B/corpus/android/ApoDice/Users/eliahilse/Documents/GitHub/B/apogames/Android/ApoDice/src/net/apogames/apodice/ApoDiceConstants.java:6:	public final static String USERLEVELS_SAVEPHP = "http://www.apo-games.de/apoDice4k/save_level.php";
/Users/eliahilse/Documents/GitHub/B/corpus/android/ApoDice/Users/eliahilse/Documents/GitHub/B/apogames/Android/ApoDice/src/net/apogames/apodice/editor/ApoDiceUserlevelsLoad.java:6:import java.net.MalformedURLException;
/Users/eliahilse/Documents/GitHub/B/corpus/android/ApoDice/Users/eliahilse/Documents/GitHub/B/apogames/Android/ApoDice/src/net/apogames/apodice/editor/ApoDiceUserlevelsLoad.java:7:import java.net.URL;
/Users/eliahilse/Documents/GitHub/B/corpus/android/ApoDice/Users/eliahilse/Documents/GitHub/B/apogames/Android/ApoDice/src/net/apogames/apodice/editor/ApoDiceUserlevelsLoad.java:8:import java.net.URLConnection;
/Users/eliahilse/Documents/GitHub/B/corpus/android/ApoDice/Users/eliahilse/Documents/GitHub/B/apogames/Android/ApoDice/src/net/apogames/apodice/editor/ApoDiceUserlevelsLoad.java:9:import java.net.URLEncoder;
/Users/eliahilse/Documents/GitHub/B/corpus/android/ApoDice/Users/eliahilse/Documents/GitHub/B/apogames/Android/ApoDice/src/net/apogames/apodice/editor/ApoDiceUserlevelsLoad.java:116:				URL url;
/Users/eliahilse/Documents/GitHub/B/corpus/android/ApoDice/Users/eliahilse/Documents/GitHub/B/apogames/Android/ApoDice/src/net/apogames/apodice/editor/ApoDiceUserlevelsLoad.java:117:				URLConnection urlConn;
/Users/eliahilse/Documents/GitHub/B/corpus/android/ApoDice/Users/eliahilse/Documents/GitHub/B/apogames/Android/ApoDice/src/net/apogames/apodice/editor/ApoDiceUserlevelsLoad.java:121:				url = new URL(ApoDiceConstants.USERLEVELS_SAVEPHP);
/Users/eliahilse/Documents/GitHub/B/corpus/android/ApoDice/Users/eliahilse/Documents/GitHub/B/apogames/Android/ApoDice/src/net/apogames/apodice/editor/ApoDiceUserlevelsLoad.java:132:				String content = "level=" + URLEncoder.encode(String.valueOf(level), "UTF-8");
/Users/eliahilse/Documents/GitHub/B/corpus/android/ApoDice/Users/eliahilse/Documents/GitHub/B/apogames/Android/ApoDice/src/net/apogames/apodice/editor/ApoDiceUserlevelsLoad.java:144:			} catch (MalformedURLException me) {
/Users/eliahilse/Documents/GitHub/B/corpus/android/ApoDice/Users/eliahilse/Documents/GitHub/B/apogames/Android/ApoDice/src/net/apogames/apodice/editor/ApoDiceUserlevelsLoad.java:145:				System.err.println("MalformedURLException: " + me);
/Users/eliahilse/Documents/GitHub/B/corpus/android/ApoDice/Users/eliahilse/Documents/GitHub/B/apogames/Android/ApoDice/src/net/apogames/apodice/editor/ApoDiceUserlevelsLoad.java:157:				URL url;
/Users/eliahilse/Documents/GitHub/B/corpus/android/ApoDice/Users/eliahilse/Documents/GitHub/B/apogames/Android/ApoDice/src/net/apogames/apodice/editor/ApoDiceUserlevelsLoad.java:158:				URLConnection urlConn;
/Users/eliahilse/Documents/GitHub/B/corpus/android/ApoDice/Users/eliahilse/Documents/GitHub/B/apogames/Android/ApoDice/src/net/apogames/apodice/editor/ApoDiceUserlevelsLoad.java:162:				url = new URL(ApoDiceConstants.USERLEVELS_GETPHP);
/Users/eliahilse/Documents/GitHub/B/corpus/android/ApoDice/Users/eliahilse/Documents/GitHub/B/apogames/Android/ApoDice/src/net/apogames/apodice/editor/ApoDiceUserlevelsLoad.java:173:				String content = "Get=" + URLEncoder.encode("", "UTF-8");
/Users/eliahilse/Documents/GitHub/B/corpus/android/ApoDice/Users/eliahilse/Documents/GitHub/B/apogames/Android/ApoDice/src/net/apogames/apodice/editor/ApoDiceUserlevelsLoad.java:210:			} catch (MalformedURLException me) {
/Users/eliahilse/Documents/GitHub/B/corpus/android/ApoDice/Users/eliahilse/Documents/GitHub/B/apogames/Android/ApoDice/src/net/apogames/apodice/editor/ApoDiceUserlevelsLoad.java:211:				System.err.println("MalformedURLException: " + me);
[0m
[0m$ [0mfind /Users/eliahilse/Documents/GitHub/B/corpus/android/ApoDice -type d | head; echo ---; find /Users/eliahilse/Documents/GitHub/B/corpus/android/ApoDice -name "*.jar" -o -name "*.properties" -o -name "*.txt" -o -name "*.md" | head
/Users/eliahilse/Documents/GitHub/B/corpus/android/ApoDice
/Users/eliahilse/Documents/GitHub/B/corpus/android/ApoDice/Users
/Users/eliahilse/Documents/GitHub/B/corpus/android/ApoDice/Users/eliahilse
/Users/eliahilse/Documents/GitHub/B/corpus/android/ApoDice/Users/eliahilse/Documents
/Users/eliahilse/Documents/GitHub/B/corpus/android/ApoDice/Users/eliahilse/Documents/GitHub
/Users/eliahilse/Documents/GitHub/B/corpus/android/ApoDice/Users/eliahilse/Documents/GitHub/B
/Users/eliahilse/Documents/GitHub/B/corpus/android/ApoDice/Users/eliahilse/Documents/GitHub/B/apogames
/Users/eliahilse/Documents/GitHub/B/corpus/android/ApoDice/Users/eliahilse/Documents/GitHub/B/apogames/Android
/Users/eliahilse/Documents/GitHub/B/corpus/android/ApoDice/Users/eliahilse/Documents/GitHub/B/apogames/Android/ApoDice
/Users/eliahilse/Documents/GitHub/B/corpus/android/ApoDice/Users/eliahilse/Documents/GitHub/B/apogames/Android/ApoDice/gen
---
[0m
[0m→ [0mRead Users/eliahilse/Documents/GitHub/B/apogames/Android/ApoDice/src/net/apogames/apodice/ApoDiceConstants.java
[0m→ [0mRead Users/eliahilse/Documents/GitHub/B/apogames/Android/ApoDice/src/net/apogames/apodice/editor/ApoDiceUserlevelsLoad.java
[0m→ [0mRead Users/eliahilse/Documents/GitHub/B/apogames/Android/ApoDice/src/net/apogames/apodice/level/ApoDiceLevel.java
[0m→ [0mRead Users/eliahilse/Documents/GitHub/B/apogames/Android/ApoDice/src/net/apogames/apodice/ApoDice.java
[0m→ [0mRead Users/eliahilse/Documents/GitHub/B/apogames/Android/ApoDice/src/net/apogames/apodice/editor/ApoDiceUserlevels.java
[0m→ [0mRead Users/eliahilse/Documents/GitHub/B/apogames/Android/ApoDice/src/net/apogames/apodice/ApoDiceComponent.java
[0m→ [0mRead Users/eliahilse/Documents/GitHub/B/apogames/Android/ApoDice/src/net/apogames/apodice/game/ApoDicePanel.java
[0m→ [0mRead Users/eliahilse/Documents/GitHub/B/apogames/Android/ApoDice/src/net/apogames/apodice/game/ApoDicePuzzleGame.java
[0m→ [0mRead Users/eliahilse/Documents/GitHub/B/apogames/Android/ApoDice/src/net/apogames/apodice/game/ApoDicePuzzleChooser.java
[0m→ [0mRead Users/eliahilse/Documents/GitHub/B/apogames/Android/ApoDice/src/net/apogames/apodice/game/ApoDiceEditor.java
[0m→ [0mRead Users/eliahilse/Documents/GitHub/B/apogames/Android/ApoDice/src/net/apogames/apodice/game/ApoDiceSolve.java
[0m→ [0mRead Users/eliahilse/Documents/GitHub/B/apogames/Android/ApoDice/src/net/apogames/apodice/game/ApoDiceMenu.java
[0m→ [0mRead Users/eliahilse/Documents/GitHub/B/apogames/Android/ApoDice/src/net/apogames/apodice/ApoDiceModel.java
[0m→ [0mRead Users/eliahilse/Documents/GitHub/B/apogames/Android/ApoDice/src/net/apogames/apodice/ApoDiceButtons.java
[0m→ [0mRead Users/eliahilse/Documents/GitHub/B/apogames/Android/ApoDice/src/net/apogames/apodice/entity/ApoButton.java
[0m→ [0mRead Users/eliahilse/Documents/GitHub/B/apogames/Android/ApoDice/src/net/apogames/apodice/entity/ApoEntity.java[90m [limit=60][0m
[0m
[0m$ [0mgrep -rn "FileInputStream\|FileOutputStream\|FileReader\|FileWriter\|Runtime\.\|ProcessBuilder\|exec(\|loadLibrary\|defineClass\|ClassLoader\|reflect\|javax\.crypto\|TrustManager\|HostnameVerifier\|getSharedPreferences\|openFileOutput\|getExternalStorage\|user\.home" --include="*.java" /Users/eliahilse/Documents/GitHub/B/corpus/android/ApoDice/ ; echo "EXIT: $?"
/Users/eliahilse/Documents/GitHub/B/corpus/android/ApoDice/Users/eliahilse/Documents/GitHub/B/apogames/Android/ApoDice/src/net/apogames/apodice/ApoDice.java:43:		ApoDice.settings = this.getSharedPreferences(ApoDiceConstants.PREFS_NAME, 0);
EXIT: 0
[0m
[0m$ [0mwc -l "/Users/eliahilse/Documents/GitHub/B/corpus/android/ApoDice/Users/eliahilse/Documents/GitHub/B/apogames/Android/ApoDice/src/net/apogames/apodice/entity/ApoDiceEntity.java" "/Users/eliahilse/Documents/GitHub/B/corpus/android/ApoDice/Users/eliahilse/Documents/GitHub/B/apogames/Android/ApoDice/src/net/apogames/apodice/entity/ApoDiceString.java" "/Users/eliahilse/Documents/GitHub/B/corpus/android/ApoDice/Users/eliahilse/Documents/GitHub/B/apogames/Android/ApoDice/src/net/apogames/apodice/entity/ApoLevelChooserButton.java" "/Users/eliahilse/Documents/GitHub/B/corpus/android/ApoDice/Users/eliahilse/Documents/GitHub/B/apogames/Android/ApoDice/gen/net/apogames/apodice/R.java" "/Users/eliahilse/Documents/GitHub/B/corpus/android/ApoDice/Users/eliahilse/Documents/GitHub/B/apogames/Android/ApoDice/gen/net/apogames/apodice/BuildConfig.java"
98 /Users/eliahilse/Documents/GitHub/B/corpus/android/ApoDice/Users/eliahilse/Documents/GitHub/B/apogames/Android/ApoDice/src/net/apogames/apodice/entity/ApoDiceEntity.java
      72 /Users/eliahilse/Documents/GitHub/B/corpus/android/ApoDice/Users/eliahilse/Documents/GitHub/B/apogames/Android/ApoDice/src/net/apogames/apodice/entity/ApoDiceString.java
      23 /Users/eliahilse/Documents/GitHub/B/corpus/android/ApoDice/Users/eliahilse/Documents/GitHub/B/apogames/Android/ApoDice/src/net/apogames/apodice/entity/ApoLevelChooserButton.java
      23 /Users/eliahilse/Documents/GitHub/B/corpus/android/ApoDice/Users/eliahilse/Documents/GitHub/B/apogames/Android/ApoDice/gen/net/apogames/apodice/R.java
       5 /Users/eliahilse/Documents/GitHub/B/corpus/android/ApoDice/Users/eliahilse/Documents/GitHub/B/apogames/Android/ApoDice/gen/net/apogames/apodice/BuildConfig.java
     221 total
[0m
[0m→ [0mRead Users/eliahilse/Documents/GitHub/B/apogames/Android/ApoDice/src/net/apogames/apodice/entity/ApoLevelChooserButton.java
[0m→ [0mRead Users/eliahilse/Documents/GitHub/B/apogames/Android/ApoDice/src/net/apogames/apodice/entity/ApoDiceString.java
[0m→ [0mRead Users/eliahilse/Documents/GitHub/B/apogames/Android/ApoDice/src/net/apogames/apodice/entity/ApoDiceEntity.java
[0m
[0m$ [0mfind /Users/eliahilse/Documents/GitHub/B/corpus/android/ApoDice -type f -not -name "*.java" | head -20; echo "---"; cat "/Users/eliahilse/Documents/GitHub/B/corpus/android/ApoDice/Users/eliahilse/Documents/GitHub/B/apogames/Android/ApoDice/gen/net/apogames/apodice/R.java" "/Users/eliahilse/Documents/GitHub/B/corpus/android/ApoDice/Users/eliahilse/Documents/GitHub/B/apogames/Android/ApoDice/gen/net/apogames/apodice/BuildConfig.java"
---
/* AUTO-GENERATED FILE.  DO NOT MODIFY.
 *
 * This class was automatically generated by the
 * aapt tool from the resource data it found.  It
 * should not be modified by hand.
 */

package net.apogames.apodice;

public final class R {
    public static final class attr {
    }
    public static final class drawable {
        public static final int ic_launcher=0x7f020000;
    }
    public static final class layout {
        public static final int main=0x7f030000;
    }
    public static final class string {
        public static final int app_name=0x7f040001;
        public static final int hello=0x7f040000;
    }
}
/** Automatically generated file. DO NOT MODIFY */
package net.apogames.apodice;

public final class BuildConfig {
    public final static boolean DEBUG = true;
}
[0m
All 21 Java files in the variant have been read (the source lives under a literal nested path `Users/eliahilse/Documents/GitHub/B/apogames/Android/ApoDice/` inside the target root). Verified via grep sweeps that this Android variant contains **no** `ClassLoader`/`defineClass`, no `ObjectInputStream`, no `MessageDigest`/MD5, no `System.load`/JNI, no `java.io.File` access — only `SharedPreferences`, two plain-HTTP endpoints, and a hand-rolled text level parser fed from those endpoints.

<<<JSON_BEGIN>>>
{
  "variant": "ApoDice",
  "files_reviewed": 21,
  "notable_files": [
    "Users/eliahilse/Documents/GitHub/B/apogames/Android/ApoDice/src/net/apogames/apodice/editor/ApoDiceUserlevelsLoad.java",
    "Users/eliahilse/Documents/GitHub/B/apogames/Android/ApoDice/src/net/apogames/apodice/editor/ApoDiceUserlevels.java",
    "Users/eliahilse/Documents/GitHub/B/apogames/Android/ApoDice/src/net/apogames/apodice/ApoDiceConstants.java",
    "Users/eliahilse/Documents/GitHub/B/apogames/Android/ApoDice/src/net/apogames/apodice/game/ApoDicePuzzleGame.java",
    "Users/eliahilse/Documents/GitHub/B/apogames/Android/ApoDice/src/net/apogames/apodice/game/ApoDicePanel.java",
    "Users/eliahilse/Documents/GitHub/B/apogames/Android/ApoDice/src/net/apogames/apodice/level/ApoDiceLevel.java"
  ],
  "findings": [
    {
      "id": "ApoDice-01",
      "title": "Level download/upload to apo-games.de over plaintext HTTP (no TLS)",
      "category": "insecure_transport",
      "cwe": "CWE-319",
      "file": "Users/eliahilse/Documents/GitHub/B/apogames/Android/ApoDice/src/net/apogames/apodice/ApoDiceConstants.java",
      "line": 5,
      "code_excerpt": "public final static String USERLEVELS_GETPHP = \"http://www.apo-games.de/apoDice4k/get_level.php\";\npublic final static String USERLEVELS_SAVEPHP = \"http://www.apo-games.de/apoDice4k/save_level.php\";",
      "entry_point": "App launch (auto-fetch) and editor 'upload' button; URLs defined in ApoDiceConstants.java:5-6, opened in ApoDiceUserlevelsLoad.save() at line 121 and load() at line 162",
      "sink": "URLConnection openConnection()/getOutputStream()/getInputStream() carrying the entire level exchange in cleartext (ApoDiceUserlevelsLoad.java:122-141, 163-208)",
      "data_path": "ApoDicePanel.init():58-61 -> loadUserlevels():79-87 (background Thread) -> ApoDiceUserlevels.loadUserlevels():22-38 -> ApoDiceUserlevelsLoad.load():162 opens http://www.apo-games.de/apoDice4k/get_level.php; uploads go ApoDiceEditor.uploadString():186 -> ApoDiceUserlevels.addLevel():89 -> ApoDiceUserlevelsLoad.save():121-135 POSTing 'level=...' to save_level.php",
      "attack_scenario": "An on-path attacker (rogue AP, ARP-spoofed LAN, compromised router, or DNS hijack pointing apo-games.de elsewhere) observes every level submitted by the player and can substitute arbitrary content in the get_level.php response, which the client then loads into ApoDiceLevel.editorLevels (feeding finding ApoDice-02). No certificate or pinning exists to stop them.",
      "reachable": true,
      "preconditions": "Device online (ApoDice.isOnline(), ApoDice.java:48-53); attacker positioned on the network path or controlling DNS. No auth exists to defeat.",
      "severity": "medium",
      "confidence": "high",
      "validation_plan": "Run the app on an emulator/device behind mitmproxy in transparent mode or capture with `tcpdump -A port 80`; launch app (triggers auto load) and press editor 'upload'. Observable: plaintext POST bodies containing 'level=<64-char level string>' to www.apo-games.de and the raw get_level.php response visible in the capture; no TLS handshake to that host.",
      "shared_component": true
    },
    {
      "id": "ApoDice-02",
      "title": "Server-controlled level string parsed with charAt() without length/format validation -> uncaught StringIndexOutOfBoundsException crash",
      "category": "unsafe_custom_parser",
      "cwe": "CWE-20",
      "file": "Users/eliahilse/Documents/GitHub/B/apogames/Android/ApoDice/src/net/apogames/apodice/game/ApoDicePuzzleGame.java",
      "line": 187,
      "code_excerpt": "for (int y = 0; y < 8; y += 1) {\n\tfor (int x = 0; x < level[y].length; x += 1) {\n\t\tchar c = l.charAt(y * 8 + x);",
      "entry_point": "HTTP response of get_level.php: lines parsed in ApoDiceUserlevelsLoad.load():182-207 (every 11th line -> levels list, no format checks), stored verbatim into static ApoDiceLevel.editorLevels via ApoDiceUserlevels.getAllLevelsSorted():44-56 (assignment at ApoDiceUserlevels.java:30)",
      "sink": "l.charAt(y * 8 + x) in ApoDicePuzzleGame.loadLevel():184-201, indexing positions 0..63 of an attacker-supplied string of arbitrary length",
      "data_path": "get_level.php response -> ApoDiceUserlevelsLoad.load():184 this.levels.add(str) -> ApoDiceUserlevels.loadUserlevels():30 ApoDiceLevel.editorLevels = getAllLevelsSorted() -> player taps 'userlevels' (ApoDiceMenu.touchedButton():76 setPuzzleGame(0,\"\",true)) -> ApoDicePanel.setPuzzleGame():146 game.loadLevel(...) -> ApoDicePuzzleGame.loadLevel():177 l = ApoDiceLevel.editorLevels[p[1]] -> :187 l.charAt(y*8+x) throws on strings shorter than 64 chars; no try/catch on this UI-thread path",
      "attack_scenario": "(a) Direct: anyone POSTs 'level=0123456789' (10 chars) to the unauthenticated save_level.php (see ApoDice-03) with curl; the string survives the isIn() filter (ApoDiceUserlevels.sortByUpload():61 only skips exact matches of built-in levels), is served to every client, and every player who taps the 'userlevels' menu button gets an uncaught exception on the render thread and a crashed app - reproducibly on every attempt until the server entry is removed. (b) MITM variant: attacker rewrites the get_level.php response to include short/garbage level lines (also breaks Integer/Float.valueOf parsing at ApoDiceUserlevelsLoad.java:186-204, silently caught by ApoDiceUserlevels.loadUserlevels():34, disabling the feature).",
      "reachable": true,
      "preconditions": "Device online during level fetch; victim taps 'userlevels'; attacker either has one-time write access to the shared level pool (no credentials needed, ApoDice-03) or sits on the network path.",
      "severity": "medium",
      "confidence": "high",
      "validation_plan": "Statically: call ApoDicePuzzleGame.loadLevel(0,false,\"1234567890\") - line 187 throws StringIndexOutOfBoundsException before the 64-char scan completes. End-to-end: POST a short level to save_level.php (or point www.apo-games.de at a local host returning a short line), install app, connect online, tap 'userlevels'; logcat shows FATAL EXCEPTION: java.lang.StringIndexOutOfBoundsException in ApoDicePuzzleGame.loadLevel and the app process dies.",
      "shared_component": false
    },
    {
      "id": "ApoDice-03",
      "title": "Unauthenticated, unattributed level submission to shared server; client-side-only dedupe and validation",
      "category": "weak_integrity_check",
      "cwe": "CWE-345",
      "file": "Users/eliahilse/Documents/GitHub/B/apogames/Android/ApoDice/src/net/apogames/apodice/editor/ApoDiceUserlevels.java",
      "line": 89,
      "code_excerpt": "public boolean addLevel(String level) {\n\tfor (int i = 0; i < this.userlevels.getLevels().size(); i++) {\n\t\tif (this.userlevels.getLevels().get(i).equals(level)) { return false; }\n\t}\n\treturn ApoDiceUserlevelsLoad.getInstance().save(level);",
      "entry_point": "Editor 'upload' button -> ApoDiceEditor.touchedButton():148-158 -> uploadString():186 -> addLevel():83-90; wire payload built in ApoDiceUserlevelsLoad.save():132 as \"level=\" + URLEncoder.encode(String.valueOf(level), \"UTF-8\") - the only parameter, no user id, token or signature",
      "sink": "POST to http://www.apo-games.de/apoDice4k/save_level.php (ApoDiceUserlevelsLoad.java:121-135); server response is discarded unread (lines 137-142), so no server verdict is ever checked",
      "data_path": "Local editor grid -> getLevelString() (ApoDiceEditor.java:205-222) -> addLevel():83-90 where the duplicate check iterates only the client's cached copy of levels -> save():113-151 POSTs the string verbatim. Any non-client actor can replicate the POST; any 64-char variation bypasses dedupe because comparison happens against stale client state only.",
      "attack_scenario": "An attacker scripts curl -d 'level=<arbitrary string>' http://www.apo-games.de/apoDice4k/save_level.php to (1) flood the shared pool every player downloads at startup, (2) plant malformed payloads that crash clients (ApoDice-02), or (3) push unsolvable/joke levels, since neither identity nor solvability nor format is enforced by the client protocol. The client-side dedupe at ApoDiceUserlevels.java:84-88 is trivially bypassed and provides no server-side guarantee.",
      "reachable": true,
      "preconditions": "Network access to apo-games.de; knowledge of the endpoint URL hardcoded in ApoDiceConstants.java:6. No account, password or captcha involved.",
      "severity": "medium",
      "confidence": "medium",
      "validation_plan": "From a desktop: curl -X POST -d 'level=1111111111111111111111111111111111111111111111111111111111111111' http://www.apo-games.de/apoDice4k/save_level.php, then open the game on a device, tap 'userlevels', and confirm the injected level appears in the list. Repeat with a mutated string to show the dedupe does not block server-side entries.",
      "shared_component": true
    },
    {
      "id": "ApoDice-04",
      "title": "Level-unlock progress persisted in world-readable-by-root SharedPreferences; purely client-side trust",
      "category": "client_side_trust",
      "cwe": "CWE-602",
      "file": "Users/eliahilse/Documents/GitHub/B/apogames/Android/ApoDice/src/net/apogames/apodice/game/ApoDicePanel.java",
      "line": 74,
      "code_excerpt": "SharedPreferences.Editor editor = settings.edit();\neditor.putInt(\"solved\", this.getMaxCanChoosen());\neditor.commit();",
      "entry_point": "SharedPreferences file 'ApoDicePref' created in ApoDice.onCreate (ApoDice.java:43, MODE_PRIVATE 0); value read back in ApoDicePanel.loadPreferences():67-70 and enforced only by ApoDicePuzzleChooser.setSolved():66-79 / touchedPressed():82-90 (local bounds check i <= solved)",
      "sink": "settings.getInt(\"solved\", 0) at ApoDicePanel.java:68 directly gates which levels the chooser will launch (ApoDicePuzzleChooser.java:84) - no server-side or cryptographic protection of progress",
      "data_path": "Local XML file /data/data/net.apogames.apodice/shared_prefs/ApoDicePref.xml -> loadPreferences():67-70 -> puzzle.setSolved(solved) -> ApoDicePuzzleChooser.solved field -> touchedPressed():84 allows launching any level index <= solved; ApoDicePuzzleGame.loadLevel():167 only clamps against getMaxCanChoosen()+1, itself derived from the tampered value",
      "attack_scenario": "A player on a rooted device (or using adb backup/debuggable build - BuildConfig.DEBUG = true in gen/BuildConfig.java:5) edits the XML to 'solved' = 28 (MAX_LEVELS-1), relaunches, and all 30 campaign levels are selectable and marked solved; there is no server-verified completion record anywhere in this variant.",
      "reachable": true,
      "preconditions": "Root access, adb-backup extraction, or an app-cloning tool able to rewrite the app's private data. Single-user offline cheat only; affects no other players.",
      "severity": "low",
      "confidence": "high",
      "validation_plan": "On a rooted emulator: am force-stop the game, edit /data/data/net.apogames.apodice/shared_prefs/ApoDicePref.xml to <int name=\"solved\" value=\"28\" />, relaunch, open 'puzzle' - all level buttons render green/unlocked and every level launches, whereas a fresh install locks all but level 1.",
      "shared_component": false
    }
  ],
  "categories_checked_and_absent": [
    "remote_code_loading - no ClassLoader, defineClass, System.load, System.loadLibrary or DexClassLoader anywhere in the 21 files (grep sweep returned zero hits); unlike desktop siblings, this Android variant ships no dynamic code loading",
    "untrusted_deserialization - no ObjectInputStream, XMLDecoder or any java.io object serialization; the only stream I/O is DataInputStream/DataOutputStream wrapping the HTTP connection in ApoDiceUserlevelsLoad.java:3-4",
    "path_traversal - no java.io.File/FileInputStream/FileOutputStream/openFileOutput/getExternalStorage usage; no path is ever built from user.home/user.dir or downloaded names; the sole persistence API is SharedPreferences (ApoDice.java:43)",
    "weak_integrity_check (hashing flavor) - no MessageDigest/MD5/SHA/Base64 use at all; integrity of downloaded levels is never computed, which is why ApoDice-03 exists",
    "unsafe_native_call - no JNI/native method declarations in variant sources; the bitsengine library (net.gliblybits.bitsengine.*) is external to this tree and was not auditable here",
    "credential_or_secret_exposure - no passwords, tokens, API keys or account identifiers exist in the variant; endpoints are anonymous",
    "information_disclosure - uploads carry only the 64-char level string (ApoDiceEditor.getLevelString():205-222); no PII, location or identifier is transmitted (only ordinary HTTP metadata leaks)",
    "legacy_sandbox_assumption - no Applet, SecurityManager, AccessController or PrivilegedAction code; pure Android activity lifecycle",
    "resource_exhaustion - ApoDiceSolve.checkLevel():29-98 is an exponential brute-force solver, but it runs only on the user's OWN editor grid (ApoDiceEditor.solveLevel():171-181, triggered solely by the 'solve' button) with a working bBreak cancel flag; downloaded user-levels are never solved locally, so no remote trigger exists. Secondary theoretical issue: the readLine() loop at ApoDiceUserlevelsLoad.java:182-207 caps neither record count nor line length, so a hostile MITM streaming endless lines could grow the ArrayLists unbounded (heap exhaustion), but this requires the same attacker position as ApoDice-01 and is folded into that finding's scenario."
  ],
  "notes": "This is the small Android ('apoDice4k') variant: 21 files total, ~3.7k LOC, all under net.apogames.apodice plus generated R/BuildConfig stubs. The security surface is narrow and entirely network-centric: two hardcoded http:// endpoints in ApoDiceConstants.java:5-6 feed an unvalidated text level format into a hand parser. The corpus-wide dangerous primitives (custom ClassLoader+defineClass, .cheat/.mar/.skunk/.rep binary parsers, MD5-highscore validation, ObjectInputStream, applet entry points, user.home path building) are NOT present in this variant - they belong to the desktop siblings; anyone attributing them to ApoDice would be wrong. Structural evidence of clone-and-own: ApoDiceUserlevelsLoad/ApoDiceUserlevels mirror the Apo<Userlevels>Load boilerplate seen across sibling variants (same 11-lines-per-record protocol, same singleton getInstance() pattern, same silent Exception swallowing at ApoDiceUserlevels.java:34-37 which masks malformed-server failures and quietly disables the userlevels feature), so fixing ApoDice-01/-02/-03 in this file family likely generalizes. Two environment caveats: (1) the archive nests a literal absolute path 'Users/eliahilse/Documents/GitHub/B/apogames/Android/ApoDice/' inside the target root; (2) the third-party bitsengine JAR sources are absent, so its networking/GL code could not be reviewed - all cited sinks are in first-party code. The bitsengine dependency also means runtime behavior (where uncaught exceptions land, thread death semantics) is inferred from standard Android/GLThread behavior, though the throwing code itself is unambiguous."
}
<<<JSON_END>>>
