[0m
> build · ox-alpha-free
[0m
[0m$ [0mfind . -type f | head -100
./Users/eliahilse/Documents/GitHub/B/apogames/Java/ApoNotSoSimple/org/apogames/ApoIO.java
./Users/eliahilse/Documents/GitHub/B/apogames/Java/ApoNotSoSimple/org/apogames/ApoLibraryGame.java
./Users/eliahilse/Documents/GitHub/B/apogames/Java/ApoNotSoSimple/org/apogames/ApoConstants.java
./Users/eliahilse/Documents/GitHub/B/apogames/Java/ApoNotSoSimple/org/apogames/ApoScreen.java
./Users/eliahilse/Documents/GitHub/B/apogames/Java/ApoNotSoSimple/org/apogames/ApoCanvas.java
./Users/eliahilse/Documents/GitHub/B/apogames/Java/ApoNotSoSimple/org/apogames/input/ApoMouse.java
./Users/eliahilse/Documents/GitHub/B/apogames/Java/ApoNotSoSimple/org/apogames/input/ApoKeyboard.java
./Users/eliahilse/Documents/GitHub/B/apogames/Java/ApoNotSoSimple/org/apogames/entity/ApoEntity.java
./Users/eliahilse/Documents/GitHub/B/apogames/Java/ApoNotSoSimple/org/apogames/entity/ApoAnimation.java
./Users/eliahilse/Documents/GitHub/B/apogames/Java/ApoNotSoSimple/org/apogames/entity/ApoButtonText.java
./Users/eliahilse/Documents/GitHub/B/apogames/Java/ApoNotSoSimple/org/apogames/entity/ApoTextField.java
./Users/eliahilse/Documents/GitHub/B/apogames/Java/ApoNotSoSimple/org/apogames/entity/ApoButton.java
./Users/eliahilse/Documents/GitHub/B/apogames/Java/ApoNotSoSimple/org/apogames/entity/ApoDragObject.java
./Users/eliahilse/Documents/GitHub/B/apogames/Java/ApoNotSoSimple/org/apogames/entity/ApoNewTextfield.java
./Users/eliahilse/Documents/GitHub/B/apogames/Java/ApoNotSoSimple/org/apogames/ApoSubGame.java
./Users/eliahilse/Documents/GitHub/B/apogames/Java/ApoNotSoSimple/org/apogames/image/ApoRawScale3x.java
./Users/eliahilse/Documents/GitHub/B/apogames/Java/ApoNotSoSimple/org/apogames/image/ApoImage.java
./Users/eliahilse/Documents/GitHub/B/apogames/Java/ApoNotSoSimple/org/apogames/image/ApoImageScale.java
./Users/eliahilse/Documents/GitHub/B/apogames/Java/ApoNotSoSimple/org/apogames/image/ApoRawScale2x.java
./Users/eliahilse/Documents/GitHub/B/apogames/Java/ApoNotSoSimple/org/apogames/image/ApoImageFromValue.java
./Users/eliahilse/Documents/GitHub/B/apogames/Java/ApoNotSoSimple/org/apogames/ApoDisplayConfiguration.java
./Users/eliahilse/Documents/GitHub/B/apogames/Java/ApoNotSoSimple/org/apogames/sound/ApoMP3Sound.java
./Users/eliahilse/Documents/GitHub/B/apogames/Java/ApoNotSoSimple/org/apogames/sound/AudioPlayer.java
./Users/eliahilse/Documents/GitHub/B/apogames/Java/ApoNotSoSimple/org/apogames/sound/ApoSoundThread.java
./Users/eliahilse/Documents/GitHub/B/apogames/Java/ApoNotSoSimple/org/apogames/sound/ApoSounds.java
./Users/eliahilse/Documents/GitHub/B/apogames/Java/ApoNotSoSimple/org/apogames/sound/ApoMP3SoundHandler.java
./Users/eliahilse/Documents/GitHub/B/apogames/Java/ApoNotSoSimple/org/apogames/help/ApoHighscore.java
./Users/eliahilse/Documents/GitHub/B/apogames/Java/ApoNotSoSimple/org/apogames/help/ApoSplashScreen.java
./Users/eliahilse/Documents/GitHub/B/apogames/Java/ApoNotSoSimple/org/apogames/help/ApoSplashPainter.java
./Users/eliahilse/Documents/GitHub/B/apogames/Java/ApoNotSoSimple/org/apogames/help/ApoHelp.java
./Users/eliahilse/Documents/GitHub/B/apogames/Java/ApoNotSoSimple/org/apogames/help/ApoFileFilter.java
./Users/eliahilse/Documents/GitHub/B/apogames/Java/ApoNotSoSimple/org/apogames/help/ApoCopy.java
./Users/eliahilse/Documents/GitHub/B/apogames/Java/ApoNotSoSimple/org/apogames/help/ApoFileNameFilter.java
./Users/eliahilse/Documents/GitHub/B/apogames/Java/ApoNotSoSimple/org/apogames/help/ApoInterface.java
./Users/eliahilse/Documents/GitHub/B/apogames/Java/ApoNotSoSimple/org/apogames/help/ApoFloatPoint.java
./Users/eliahilse/Documents/GitHub/B/apogames/Java/ApoNotSoSimple/org/apogames/help/ApoClassLoader.java
./Users/eliahilse/Documents/GitHub/B/apogames/Java/ApoNotSoSimple/apoNotSoSimple/ApoNotSoSimpleComponent.java
./Users/eliahilse/Documents/GitHub/B/apogames/Java/ApoNotSoSimple/apoNotSoSimple/entity/ApoNotSoSimpleEntity.java
./Users/eliahilse/Documents/GitHub/B/apogames/Java/ApoNotSoSimple/apoNotSoSimple/entity/ApoNotSoSimplePlayer.java
./Users/eliahilse/Documents/GitHub/B/apogames/Java/ApoNotSoSimple/apoNotSoSimple/entity/ApoNotSoSimpleString.java
./Users/eliahilse/Documents/GitHub/B/apogames/Java/ApoNotSoSimple/apoNotSoSimple/ApoNotSoSimpleMain.java
./Users/eliahilse/Documents/GitHub/B/apogames/Java/ApoNotSoSimple/apoNotSoSimple/ApoNotSoSimpleApplet.java
./Users/eliahilse/Documents/GitHub/B/apogames/Java/ApoNotSoSimple/apoNotSoSimple/ApoNotSoSimpleImages.java
./Users/eliahilse/Documents/GitHub/B/apogames/Java/ApoNotSoSimple/apoNotSoSimple/game/ApoNotSoSimpleModel.java
./Users/eliahilse/Documents/GitHub/B/apogames/Java/ApoNotSoSimple/apoNotSoSimple/game/ApoNotSoSimpleCredits.java
./Users/eliahilse/Documents/GitHub/B/apogames/Java/ApoNotSoSimple/apoNotSoSimple/game/ApoNotSoSimpleOptions.java
./Users/eliahilse/Documents/GitHub/B/apogames/Java/ApoNotSoSimple/apoNotSoSimple/game/ApoNotSoSimpleGame.java
./Users/eliahilse/Documents/GitHub/B/apogames/Java/ApoNotSoSimple/apoNotSoSimple/game/ApoNotSoSimplePanel.java
./Users/eliahilse/Documents/GitHub/B/apogames/Java/ApoNotSoSimple/apoNotSoSimple/game/ApoNotSoSimpleUserLevels.java
./Users/eliahilse/Documents/GitHub/B/apogames/Java/ApoNotSoSimple/apoNotSoSimple/game/ApoNotSoSimpleMenu.java
./Users/eliahilse/Documents/GitHub/B/apogames/Java/ApoNotSoSimple/apoNotSoSimple/game/ApoNotSoSimpleEditor.java
./Users/eliahilse/Documents/GitHub/B/apogames/Java/ApoNotSoSimple/apoNotSoSimple/game/ApoNotSoSimpleLevelChooser.java
./Users/eliahilse/Documents/GitHub/B/apogames/Java/ApoNotSoSimple/apoNotSoSimple/game/ApoNotSoSimpleOptionsButton.java
./Users/eliahilse/Documents/GitHub/B/apogames/Java/ApoNotSoSimple/apoNotSoSimple/game/ApoNotSoSimpleButtons.java
./Users/eliahilse/Documents/GitHub/B/apogames/Java/ApoNotSoSimple/apoNotSoSimple/ApoNotSoSimpleConstants.java
./Users/eliahilse/Documents/GitHub/B/apogames/Java/ApoNotSoSimple/apoNotSoSimple/level/ApoNotSoSimpleLevel.java
./Users/eliahilse/Documents/GitHub/B/apogames/Java/ApoNotSoSimple/apoNotSoSimple/level/ApoNotSoSimpleLevelGeneration.java
[0m
[0m$ [0mfind . -type f | wc -l && find . -type d | head -50
57
.
./Users
./Users/eliahilse
./Users/eliahilse/Documents
./Users/eliahilse/Documents/GitHub
./Users/eliahilse/Documents/GitHub/B
./Users/eliahilse/Documents/GitHub/B/apogames
./Users/eliahilse/Documents/GitHub/B/apogames/Java
./Users/eliahilse/Documents/GitHub/B/apogames/Java/ApoNotSoSimple
./Users/eliahilse/Documents/GitHub/B/apogames/Java/ApoNotSoSimple/org
./Users/eliahilse/Documents/GitHub/B/apogames/Java/ApoNotSoSimple/org/apogames
./Users/eliahilse/Documents/GitHub/B/apogames/Java/ApoNotSoSimple/org/apogames/input
./Users/eliahilse/Documents/GitHub/B/apogames/Java/ApoNotSoSimple/org/apogames/entity
./Users/eliahilse/Documents/GitHub/B/apogames/Java/ApoNotSoSimple/org/apogames/image
./Users/eliahilse/Documents/GitHub/B/apogames/Java/ApoNotSoSimple/org/apogames/sound
./Users/eliahilse/Documents/GitHub/B/apogames/Java/ApoNotSoSimple/org/apogames/help
./Users/eliahilse/Documents/GitHub/B/apogames/Java/ApoNotSoSimple/apoNotSoSimple
./Users/eliahilse/Documents/GitHub/B/apogames/Java/ApoNotSoSimple/apoNotSoSimple/entity
./Users/eliahilse/Documents/GitHub/B/apogames/Java/ApoNotSoSimple/apoNotSoSimple/game
./Users/eliahilse/Documents/GitHub/B/apogames/Java/ApoNotSoSimple/apoNotSoSimple/level
[0m
[0m$ [0mls -la && find . -type f | wc -l
total 0
drwxr-xr-x@  3 eliahilse  staff   96 Aug 24 14:18 .
drwxr-xr-x@ 22 eliahilse  staff  704 Aug 24 14:19 ..
drwxr-xr-x@  3 eliahilse  staff   96 Aug 24 14:18 Users
      57
[0m
[0m$ [0mfind . -type f | sort
./Users/eliahilse/Documents/GitHub/B/apogames/Java/ApoNotSoSimple/apoNotSoSimple/ApoNotSoSimpleApplet.java
./Users/eliahilse/Documents/GitHub/B/apogames/Java/ApoNotSoSimple/apoNotSoSimple/ApoNotSoSimpleComponent.java
./Users/eliahilse/Documents/GitHub/B/apogames/Java/ApoNotSoSimple/apoNotSoSimple/ApoNotSoSimpleConstants.java
./Users/eliahilse/Documents/GitHub/B/apogames/Java/ApoNotSoSimple/apoNotSoSimple/ApoNotSoSimpleImages.java
./Users/eliahilse/Documents/GitHub/B/apogames/Java/ApoNotSoSimple/apoNotSoSimple/ApoNotSoSimpleMain.java
./Users/eliahilse/Documents/GitHub/B/apogames/Java/ApoNotSoSimple/apoNotSoSimple/entity/ApoNotSoSimpleEntity.java
./Users/eliahilse/Documents/GitHub/B/apogames/Java/ApoNotSoSimple/apoNotSoSimple/entity/ApoNotSoSimplePlayer.java
./Users/eliahilse/Documents/GitHub/B/apogames/Java/ApoNotSoSimple/apoNotSoSimple/entity/ApoNotSoSimpleString.java
./Users/eliahilse/Documents/GitHub/B/apogames/Java/ApoNotSoSimple/apoNotSoSimple/game/ApoNotSoSimpleButtons.java
./Users/eliahilse/Documents/GitHub/B/apogames/Java/ApoNotSoSimple/apoNotSoSimple/game/ApoNotSoSimpleCredits.java
./Users/eliahilse/Documents/GitHub/B/apogames/Java/ApoNotSoSimple/apoNotSoSimple/game/ApoNotSoSimpleEditor.java
./Users/eliahilse/Documents/GitHub/B/apogames/Java/ApoNotSoSimple/apoNotSoSimple/game/ApoNotSoSimpleGame.java
./Users/eliahilse/Documents/GitHub/B/apogames/Java/ApoNotSoSimple/apoNotSoSimple/game/ApoNotSoSimpleLevelChooser.java
./Users/eliahilse/Documents/GitHub/B/apogames/Java/ApoNotSoSimple/apoNotSoSimple/game/ApoNotSoSimpleMenu.java
./Users/eliahilse/Documents/GitHub/B/apogames/Java/ApoNotSoSimple/apoNotSoSimple/game/ApoNotSoSimpleModel.java
./Users/eliahilse/Documents/GitHub/B/apogames/Java/ApoNotSoSimple/apoNotSoSimple/game/ApoNotSoSimpleOptions.java
./Users/eliahilse/Documents/GitHub/B/apogames/Java/ApoNotSoSimple/apoNotSoSimple/game/ApoNotSoSimpleOptionsButton.java
./Users/eliahilse/Documents/GitHub/B/apogames/Java/ApoNotSoSimple/apoNotSoSimple/game/ApoNotSoSimplePanel.java
./Users/eliahilse/Documents/GitHub/B/apogames/Java/ApoNotSoSimple/apoNotSoSimple/game/ApoNotSoSimpleUserLevels.java
./Users/eliahilse/Documents/GitHub/B/apogames/Java/ApoNotSoSimple/apoNotSoSimple/level/ApoNotSoSimpleLevel.java
./Users/eliahilse/Documents/GitHub/B/apogames/Java/ApoNotSoSimple/apoNotSoSimple/level/ApoNotSoSimpleLevelGeneration.java
./Users/eliahilse/Documents/GitHub/B/apogames/Java/ApoNotSoSimple/org/apogames/ApoCanvas.java
./Users/eliahilse/Documents/GitHub/B/apogames/Java/ApoNotSoSimple/org/apogames/ApoConstants.java
./Users/eliahilse/Documents/GitHub/B/apogames/Java/ApoNotSoSimple/org/apogames/ApoDisplayConfiguration.java
./Users/eliahilse/Documents/GitHub/B/apogames/Java/ApoNotSoSimple/org/apogames/ApoIO.java
./Users/eliahilse/Documents/GitHub/B/apogames/Java/ApoNotSoSimple/org/apogames/ApoLibraryGame.java
./Users/eliahilse/Documents/GitHub/B/apogames/Java/ApoNotSoSimple/org/apogames/ApoScreen.java
./Users/eliahilse/Documents/GitHub/B/apogames/Java/ApoNotSoSimple/org/apogames/ApoSubGame.java
./Users/eliahilse/Documents/GitHub/B/apogames/Java/ApoNotSoSimple/org/apogames/entity/ApoAnimation.java
./Users/eliahilse/Documents/GitHub/B/apogames/Java/ApoNotSoSimple/org/apogames/entity/ApoButton.java
./Users/eliahilse/Documents/GitHub/B/apogames/Java/ApoNotSoSimple/org/apogames/entity/ApoButtonText.java
./Users/eliahilse/Documents/GitHub/B/apogames/Java/ApoNotSoSimple/org/apogames/entity/ApoDragObject.java
./Users/eliahilse/Documents/GitHub/B/apogames/Java/ApoNotSoSimple/org/apogames/entity/ApoEntity.java
./Users/eliahilse/Documents/GitHub/B/apogames/Java/ApoNotSoSimple/org/apogames/entity/ApoNewTextfield.java
./Users/eliahilse/Documents/GitHub/B/apogames/Java/ApoNotSoSimple/org/apogames/entity/ApoTextField.java
./Users/eliahilse/Documents/GitHub/B/apogames/Java/ApoNotSoSimple/org/apogames/help/ApoClassLoader.java
./Users/eliahilse/Documents/GitHub/B/apogames/Java/ApoNotSoSimple/org/apogames/help/ApoCopy.java
./Users/eliahilse/Documents/GitHub/B/apogames/Java/ApoNotSoSimple/org/apogames/help/ApoFileFilter.java
./Users/eliahilse/Documents/GitHub/B/apogames/Java/ApoNotSoSimple/org/apogames/help/ApoFileNameFilter.java
./Users/eliahilse/Documents/GitHub/B/apogames/Java/ApoNotSoSimple/org/apogames/help/ApoFloatPoint.java
./Users/eliahilse/Documents/GitHub/B/apogames/Java/ApoNotSoSimple/org/apogames/help/ApoHelp.java
./Users/eliahilse/Documents/GitHub/B/apogames/Java/ApoNotSoSimple/org/apogames/help/ApoHighscore.java
./Users/eliahilse/Documents/GitHub/B/apogames/Java/ApoNotSoSimple/org/apogames/help/ApoInterface.java
./Users/eliahilse/Documents/GitHub/B/apogames/Java/ApoNotSoSimple/org/apogames/help/ApoSplashPainter.java
./Users/eliahilse/Documents/GitHub/B/apogames/Java/ApoNotSoSimple/org/apogames/help/ApoSplashScreen.java
./Users/eliahilse/Documents/GitHub/B/apogames/Java/ApoNotSoSimple/org/apogames/image/ApoImage.java
./Users/eliahilse/Documents/GitHub/B/apogames/Java/ApoNotSoSimple/org/apogames/image/ApoImageFromValue.java
./Users/eliahilse/Documents/GitHub/B/apogames/Java/ApoNotSoSimple/org/apogames/image/ApoImageScale.java
./Users/eliahilse/Documents/GitHub/B/apogames/Java/ApoNotSoSimple/org/apogames/image/ApoRawScale2x.java
./Users/eliahilse/Documents/GitHub/B/apogames/Java/ApoNotSoSimple/org/apogames/image/ApoRawScale3x.java
./Users/eliahilse/Documents/GitHub/B/apogames/Java/ApoNotSoSimple/org/apogames/input/ApoKeyboard.java
./Users/eliahilse/Documents/GitHub/B/apogames/Java/ApoNotSoSimple/org/apogames/input/ApoMouse.java
./Users/eliahilse/Documents/GitHub/B/apogames/Java/ApoNotSoSimple/org/apogames/sound/ApoMP3Sound.java
./Users/eliahilse/Documents/GitHub/B/apogames/Java/ApoNotSoSimple/org/apogames/sound/ApoMP3SoundHandler.java
./Users/eliahilse/Documents/GitHub/B/apogames/Java/ApoNotSoSimple/org/apogames/sound/ApoSounds.java
./Users/eliahilse/Documents/GitHub/B/apogames/Java/ApoNotSoSimple/org/apogames/sound/ApoSoundThread.java
./Users/eliahilse/Documents/GitHub/B/apogames/Java/ApoNotSoSimple/org/apogames/sound/AudioPlayer.java
[0m
[0m→ [0mRead Users/eliahilse/Documents/GitHub/B/apogames/Java/ApoNotSoSimple/org/apogames/help/ApoClassLoader.java
[0m→ [0mRead Users/eliahilse/Documents/GitHub/B/apogames/Java/ApoNotSoSimple/org/apogames/ApoIO.java
[0m→ [0mRead Users/eliahilse/Documents/GitHub/B/apogames/Java/ApoNotSoSimple/org/apogames/help/ApoHighscore.java
[0m→ [0mRead Users/eliahilse/Documents/GitHub/B/apogames/Java/ApoNotSoSimple/org/apogames/help/ApoHelp.java
[0m✱ [0mGrep "getMd5Digest|saveData|loadData|ApoHighscore|ApoClassLoader|readLevel|writeLevel"[90m in . · 26 matches[0m
[0m→ [0mRead Users/eliahilse/Documents/GitHub/B/apogames/Java/ApoNotSoSimple/org/apogames/ApoConstants.java
[0m✗ [0mGrep "ObjectInputStream|defineClass|System\.load|Runtime\.|ProcessBuilder|exec\(|MessageDigest|MD5|md5|Base64|http://|https://" failed[90m in .[0m
[91m[1mError: [0mInvalid ripgrep match output
[0m
[0m$ [0mrg -n "ObjectInputStream|defineClass|System\.load|Runtime\.|ProcessBuilder|\.exec\(|MessageDigest|Base64|http://|https://|user\.home|user\.dir" Users/eliahilse/Documents/GitHub/B/apogames/Java/ApoNotSoSimple
zsh:1: command not found: rg
[0m
[0m✱ [0mGrep "ObjectInputStream|defineClass|System\.load|Runtime\.getRuntime|ProcessBuilder|MessageDigest|Base64|http://|user.home|user.dir|FileInputStream|new File\("[90m in . · 21 matches[0m
[0m→ [0mRead Users/eliahilse/Documents/GitHub/B/apogames/Java/ApoNotSoSimple/apoNotSoSimple/game/ApoNotSoSimplePanel.java
[0m→ [0mRead Users/eliahilse/Documents/GitHub/B/apogames/Java/ApoNotSoSimple/apoNotSoSimple/game/ApoNotSoSimpleUserLevels.java
[0m→ [0mRead Users/eliahilse/Documents/GitHub/B/apogames/Java/ApoNotSoSimple/apoNotSoSimple/level/ApoNotSoSimpleLevel.java
[0m→ [0mRead Users/eliahilse/Documents/GitHub/B/apogames/Java/ApoNotSoSimple/apoNotSoSimple/ApoNotSoSimpleConstants.java
[0m→ [0mRead Users/eliahilse/Documents/GitHub/B/apogames/Java/ApoNotSoSimple/apoNotSoSimple/game/ApoNotSoSimpleEditor.java
[0m→ [0mRead Users/eliahilse/Documents/GitHub/B/apogames/Java/ApoNotSoSimple/apoNotSoSimple/game/ApoNotSoSimpleLevelChooser.java
[0m→ [0mRead Users/eliahilse/Documents/GitHub/B/apogames/Java/ApoNotSoSimple/apoNotSoSimple/game/ApoNotSoSimpleGame.java
[0m→ [0mRead Users/eliahilse/Documents/GitHub/B/apogames/Java/ApoNotSoSimple/org/apogames/ApoLibraryGame.java[90m [limit=80][0m
[0m→ [0mRead Users/eliahilse/Documents/GitHub/B/apogames/Java/ApoNotSoSimple/apoNotSoSimple/ApoNotSoSimpleMain.java
[0m→ [0mRead Users/eliahilse/Documents/GitHub/B/apogames/Java/ApoNotSoSimple/apoNotSoSimple/ApoNotSoSimpleApplet.java
[0m→ [0mRead Users/eliahilse/Documents/GitHub/B/apogames/Java/ApoNotSoSimple/apoNotSoSimple/level/ApoNotSoSimpleLevelGeneration.java[90m [limit=120][0m
[0m✱ [0mGrep "ApoCopy|JFileChooser|fileChooser|showOpenDialog|showSaveDialog"[90m in . · 10 matches[0m
[0m✱ [0mGrep "getFileChooser|openConnection|openStream|new URL|getCodeBase|getDocumentBase"[90m in . · 19 matches[0m
[0m→ [0mRead Users/eliahilse/Documents/GitHub/B/apogames/Java/ApoNotSoSimple/org/apogames/image/ApoImage.java
[0m→ [0mRead Users/eliahilse/Documents/GitHub/B/apogames/Java/ApoNotSoSimple/org/apogames/sound/AudioPlayer.java
[0m→ [0mRead Users/eliahilse/Documents/GitHub/B/apogames/Java/ApoNotSoSimple/apoNotSoSimple/ApoNotSoSimpleComponent.java
[0m
[0m$ [0mgrep -rn "ApoClassLoader\|getFileChooser\|ApoCopy\b" --include="*.java" . | grep -v "help/ApoClassLoader.java" | grep -v "help/ApoCopy.java"
./Users/eliahilse/Documents/GitHub/B/apogames/Java/ApoNotSoSimple/apoNotSoSimple/ApoNotSoSimpleComponent.java:66:	public JFileChooser getFileChooser() {
[0m
[0m→ [0mRead Users/eliahilse/Documents/GitHub/B/apogames/Java/ApoNotSoSimple/apoNotSoSimple/game/ApoNotSoSimpleCredits.java[90m [offset=40, limit=60][0m
[0m
[0m$ [0mgrep -n "getPic\|bLoad\|true)\|false)" Users/eliahilse/Documents/GitHub/B/apogames/Java/ApoNotSoSimple/apoNotSoSimple/ApoNotSoSimpleImages.java | head -30
47:		ApoNotSoSimpleImages.ORIGINAL_LEFT = ApoNotSoSimpleImages.getImageSimpleTriangle(Color.MAGENTA, arrow, null, Color.BLACK, false);
50:		ApoNotSoSimpleImages.ORIGINAL_RIGHT = ApoNotSoSimpleImages.getImageSimpleTriangle(Color.PINK, arrow, null, Color.BLACK, true);
[0m
[0m→ [0mRead Users/eliahilse/Documents/GitHub/B/apogames/Java/ApoNotSoSimple/apoNotSoSimple/ApoNotSoSimpleImages.java[90m [limit=60][0m
[0m
[0m$ [0mgrep -rn "FileOutputStream\|FileWriter\|RandomAccessFile\|Socket\|Preferences\|getRuntime\|deleteOnExit\|\.delete()\|mkdir" --include="*.java" Users/eliahilse/Documents/GitHub/B/apogames/Java/ApoNotSoSimple | grep -v ApoImageScale
Users/eliahilse/Documents/GitHub/B/apogames/Java/ApoNotSoSimple/org/apogames/ApoIO.java:9:import java.io.FileOutputStream;
Users/eliahilse/Documents/GitHub/B/apogames/Java/ApoNotSoSimple/org/apogames/ApoIO.java:36:				FileOutputStream file = new FileOutputStream(fileName);
Users/eliahilse/Documents/GitHub/B/apogames/Java/ApoNotSoSimple/org/apogames/help/ApoCopy.java:5:import java.io.FileOutputStream;
Users/eliahilse/Documents/GitHub/B/apogames/Java/ApoNotSoSimple/org/apogames/help/ApoCopy.java:34:			copyDirectory.mkdirs();
Users/eliahilse/Documents/GitHub/B/apogames/Java/ApoNotSoSimple/org/apogames/help/ApoCopy.java:54:		FileOutputStream fos = null;
Users/eliahilse/Documents/GitHub/B/apogames/Java/ApoNotSoSimple/org/apogames/help/ApoCopy.java:58:			fos = new FileOutputStream(pCopyFile);
[0m
[0m→ [0mRead Users/eliahilse/Documents/GitHub/B/apogames/Java/ApoNotSoSimple/org/apogames/sound/ApoMP3SoundHandler.java
[0m
[0m$ [0mgrep -rn "extends ApoIO\|new ApoIO\|readLevel(\|writeLevel(" --include="*.java" Users/eliahilse/Documents/GitHub/B/apogames/Java/ApoNotSoSimple | grep -v "org/apogames/ApoIO.java"; echo ---; grep -rn "B_ONLINE\|B_APPLET" --include="*.java" Users/eliahilse/Documents/GitHub/B/apogames/Java/ApoNotSoSimple | grep -v ApoConstants.java
---
Users/eliahilse/Documents/GitHub/B/apogames/Java/ApoNotSoSimple/org/apogames/ApoIO.java:35:			if (!ApoConstants.B_APPLET) {
Users/eliahilse/Documents/GitHub/B/apogames/Java/ApoNotSoSimple/org/apogames/ApoIO.java:68:		return this.readLevel(ApoConstants.B_APPLET, fileName);
Users/eliahilse/Documents/GitHub/B/apogames/Java/ApoNotSoSimple/org/apogames/ApoScreen.java:159:			ApoConstants.B_APPLET = true;
Users/eliahilse/Documents/GitHub/B/apogames/Java/ApoNotSoSimple/org/apogames/image/ApoImage.java:90:				if ( ApoConstants.B_APPLET ) {
Users/eliahilse/Documents/GitHub/B/apogames/Java/ApoNotSoSimple/org/apogames/sound/AudioPlayer.java:67:							if (ApoConstants.B_APPLET) {
Users/eliahilse/Documents/GitHub/B/apogames/Java/ApoNotSoSimple/org/apogames/help/ApoHighscore.java:70:		if (ApoConstants.B_ONLINE) {
Users/eliahilse/Documents/GitHub/B/apogames/Java/ApoNotSoSimple/org/apogames/help/ApoHighscore.java:143:		if (ApoConstants.B_ONLINE) {
Users/eliahilse/Documents/GitHub/B/apogames/Java/ApoNotSoSimple/org/apogames/help/ApoClassLoader.java:65:			if ( !ApoConstants.B_APPLET )
Users/eliahilse/Documents/GitHub/B/apogames/Java/ApoNotSoSimple/apoNotSoSimple/ApoNotSoSimpleComponent.java:67:		if ((!ApoConstants.B_APPLET) && (this.fileChooser == null)) {
Users/eliahilse/Documents/GitHub/B/apogames/Java/ApoNotSoSimple/apoNotSoSimple/ApoNotSoSimpleApplet.java:28:		ApoConstants.B_APPLET = true;
Users/eliahilse/Documents/GitHub/B/apogames/Java/ApoNotSoSimple/apoNotSoSimple/game/ApoNotSoSimplePanel.java:94:		if (ApoConstants.B_APPLET) {
Users/eliahilse/Documents/GitHub/B/apogames/Java/ApoNotSoSimple/apoNotSoSimple/game/ApoNotSoSimplePanel.java:225:			if (ApoConstants.B_APPLET) {
Users/eliahilse/Documents/GitHub/B/apogames/Java/ApoNotSoSimple/apoNotSoSimple/game/ApoNotSoSimplePanel.java:250:		if (ApoConstants.B_APPLET) {
Users/eliahilse/Documents/GitHub/B/apogames/Java/ApoNotSoSimple/apoNotSoSimple/game/ApoNotSoSimpleMenu.java:65:			if (!ApoConstants.B_APPLET) {
Users/eliahilse/Documents/GitHub/B/apogames/Java/ApoNotSoSimple/apoNotSoSimple/game/ApoNotSoSimpleMenu.java:82:			if (!ApoConstants.B_APPLET) {
[0m
[0m→ [0mRead Users/eliahilse/Documents/GitHub/B/apogames/Java/ApoNotSoSimple/apoNotSoSimple/game/ApoNotSoSimpleMenu.java[90m [limit=50, offset=50][0m
[0m→ [0mRead Users/eliahilse/Documents/GitHub/B/apogames/Java/ApoNotSoSimple/org/apogames/ApoScreen.java[90m [limit=80, offset=120][0m
<<<JSON_BEGIN>>>
{
  "variant": "ApoNotSoSimple",
  "files_reviewed": 57,
  "notable_files": [
    "org/apogames/help/ApoClassLoader.java",
    "org/apogames/ApoIO.java",
    "org/apogames/help/ApoHighscore.java",
    "org/apogames/help/ApoHelp.java",
    "org/apogames/ApoConstants.java",
    "apoNotSoSimple/game/ApoNotSoSimpleUserLevels.java",
    "apoNotSoSimple/game/ApoNotSoSimplePanel.java",
    "apoNotSoSimple/game/ApoNotSoSimpleEditor.java",
    "apoNotSoSimple/ApoNotSoSimpleComponent.java",
    "org/apogames/sound/AudioPlayer.java"
  ],
  "findings": [
    {
      "id": "ApoNotSoSimple-01",
      "title": "Highscore/user-level exchange with apo-games.de over plain HTTP (no TLS)",
      "category": "insecure_transport",
      "cwe": "CWE-319",
      "file": "org/apogames/ApoConstants.java",
      "line": 24,
      "code_excerpt": "public final static String HIGHSCORE_GETPHP = \"http://www.apo-games.de/apoNotSoSimple/get_highscore.php\";\npublic final static String HIGHSCORE_SAVEPHP = \"http://www.apo-games.de/apoNotSoSimple/save_highscore.php\";",
      "entry_point": "Network traffic at game startup: ApoNotSoSimplePanel.init() line 92 calls game.getUserLevels().loadHighscore(), which spawns a thread calling ApoNotSoSimpleUserLevels.load() -> ApoHighscore.load() (ApoHighscore.java:141-195). Upload path: editor UPLOAD button (ApoNotSoSimpleEditor.java:287) -> ApoHighscore.save() (ApoHighscore.java:69-138). Applet-only progress sync: ApoNotSoSimplePanel.java:97/227 -> ApoHelp.loadData/saveData (ApoHelp.java:446/419, posts to PROGRAM_URL + \"cookies.php\").",
      "sink": "new URL(\"http://...\").openConnection(); DataOutputStream(urlConn.getOutputStream()) / DataInputStream(urlConn.getInputStream()) at ApoHighscore.java:77-78, 86, 122, 150-151, 159, 167 and ApoHelp.java:424-435, 452-464.",
      "data_path": "ApoConstants.B_ONLINE is hardwired true (ApoConstants.java:16), so the desktop build performs these requests too. All payloads (level grid, chosen username, levelname, description, move solution, applet progress value) travel as cleartext form-encoded HTTP POST bodies; responses (5-line groups: level string, username, levelname, description, solution) come back in cleartext and are parsed by ApoNotSoSimpleUserLevels.",
      "attack_scenario": "1) Attacker on the same LAN/coffee-shop WiFi (or any on-path position, or a hijacked DNS entry for www.apo-games.de) runs a transparent proxy. 2) On every game start they observe the victim's chosen username and level solutions in cleartext (privacy/pseudonymity loss). 3) They replace the get_highscore.php response with attacker-chosen content, injecting their own 'user levels', fake usernames, or oversized/malformed fields (see ApoNotSoSimple-02) into every player's client. 4) They can also strip/modify uploaded levels in transit.",
      "reachable": true,
      "preconditions": "Attacker needs an on-path vantage point (LAN MITM, compromised router, malicious DNS) or control of apo-games.de; target must play the game online (default). No certificate warnings possible because there is no TLS.",
      "severity": "medium",
      "confidence": "high",
      "validation_plan": "Run the desktop client (java apoNotSoSimple.ApoNotSoSimpleMain) while capturing with Wireshark: observe cleartext POST to www.apo-games.de:80 immediately at startup. Then point www.apo-games.de at 127.0.0.1 via /etc/hosts, run netcat/mitmproxy on port 80, return crafted 5-line groups ('1' + 60 digits / username / levelname / description / solution), start the game and open Menu -> UserLevels: the forged level renders and is playable, proving full server-response control.",
      "shared_component": true
    },
    {
      "id": "ApoNotSoSimple-02",
      "title": "Server-controlled highscore lists parsed without cross-validation; misaligned data breaks client state",
      "category": "unsafe_custom_parser",
      "cwe": "CWE-20",
      "file": "apoNotSoSimple/game/ApoNotSoSimpleUserLevels.java",
      "line": 124,
      "code_excerpt": "String levelString = this.highscore.getLevel().get(nextLevel);\nint layer = Integer.valueOf(levelString.substring(0, 1));\n...\nlevelArray[l][y][x] = Byte.valueOf(levelString.substring(0, 2));",
      "entry_point": "HTTP response body of get_highscore.php, split line-by-line into five independent ArrayLists in ApoHighscore.load() (ApoHighscore.java:170-183: i%5==0->level, 1->usernames, 2->levelnames, 3->descriptions, else->solution). A network attacker controlling the connection (per ApoNotSoSimple-01) fully controls each list's contents and lengths independently.",
      "sink": "Hand-rolled substring slicing in ApoNotSoSimpleUserLevels.getLevel():123-134 (layer count taken from first character, then layer*30 two-char decimal tokens consumed) and index coupling in sort():66-105 where sortLevel is sized [3][level.size()] but filled from a list built over usernames.size() (sortList.get(i), line 102).",
      "data_path": "get_highscore.php response -> ApoHighscore.load() lists -> ApoNotSoSimpleUserLevels.load() -> sort() (unvalidated cross-list lengths) and getLevel() (unvalidated level-string grammar) -> ApoNotSoSimpleLevel constructor -> game render/logic.",
      "attack_scenario": "MITM returns N level-lines but fewer username-lines: sort() throws IndexOutOfBoundsException at line 102, the catch in load() (lines 60-62) sets this.highscore = null, and the next click on the 'User Levels' menu item (ApoNotSoSimplePanel.setUserGame, line 161 -> getLevel line 112) dereferences the null field, throwing NullPointerException into the AWT event thread; the user-level feature stays broken for the session. Alternatively a truncated level token stream aborts parsing (caught by catch(Throwable) at line 148, returning null) so a hostile server can selectively make user levels unusable. Impact is confined to client-side denial of service / feature breakage - no memory unsafety, and instruction strings are drawn via Graphics.drawString (ApoNotSoSimpleLevel.java:386), not interpreted.",
      "reachable": true,
      "preconditions": "On-path attacker or malicious server per ApoNotSoSimple-01; victim opens the UserLevels menu after startup fetch.",
      "severity": "low",
      "confidence": "high",
      "validation_plan": "Proxy get_highscore.php and reply with 10 groups where the username lines are omitted (only 50 lines total, i%5 mapping skewed). Launch the game, click 'UserLevels': console shows java.lang.IndexOutOfBoundsException from ApoNotSoSimpleUserLevels.sort line 102 followed by NullPointerException from getLevel, and the menu does nothing - confirming the path end-to-end.",
      "shared_component": false
    },
    {
      "id": "ApoNotSoSimple-03",
      "title": "Unauthenticated, unsigned level/solution submission to save_highscore.php",
      "category": "weak_integrity_check",
      "cwe": "CWE-345",
      "file": "org/apogames/help/ApoHighscore.java",
      "line": 113,
      "code_excerpt": "String content = \"levelname=\" + URLEncoder.encode(String.valueOf(levelname), \"UTF-8\")\n    + \"&username=\" + URLEncoder.encode(String.valueOf(username), \"UTF-8\")\n    + ... + \"&solution=\" ... + \"&level=\" ...;\nprintout.writeBytes(content);",
      "entry_point": "The public HTTP endpoint http://www.apo-games.de/apoNotSoSimple/save_highscore.php, whose request format is fully specified by the client code (ApoHighscore.save, lines 69-138, invoked from ApoNotSoSimpleEditor.java:287).",
      "sink": "printout.writeBytes(content) (line 118) sends attacker-arbitrary levelname/username/description/solution/level tuples with no authentication token, no nonce, and no signature; the MD5 helper that exists for such checks (ApoHelp.getMd5Digest, ApoHelp.java:301-310) has zero callers in this variant (verified by grep).",
      "data_path": "Any HTTP client -> POST form body matching the five documented parameters -> server-side highscore store -> distributed to all clients via get_highscore.php -> parsed as genuine user levels (see ApoNotSoSimple-01/02 paths).",
      "attack_scenario": "1) Attacker reproduces the request with curl (no game needed). 2) They submit levels attributed to arbitrary usernames (impersonation of other players), flood the shared pool with garbage or hundreds of entries, or publish 'solution' strings that never solve the posted level to troll solvers. 3) Every downstream client ingests this as trusted content. This is a design-level trust problem evidenced by the client: the protocol has no integrity mechanism whatsoever.",
      "reachable": true,
      "preconditions": "save_highscore.php still deployed and reachable (the apo-games.de host was live historically); attacker needs only outbound internet access.",
      "severity": "medium",
      "confidence": "medium",
      "validation_plan": "curl -X POST http://www.apo-games.de/apoNotSoSimple/save_highscore.php -d 'levelname=audit&username=SpoofedUser&description=x&solution=lrl&level=1' + 60 two-digit tile codes matching the encoding built at ApoHighscore.java:88-99 (layer digit + 30 zero-padded byte values per layer). Then launch the game and check whether the forged entry appears under UserLevels. If the host is offline, validate the format offline by feeding the same body through a local mock and confirming the client accepts it.",
      "shared_component": true
    },
    {
      "id": "ApoNotSoSimple-04",
      "title": "Remote/local class loading capability (URLClassLoader + newInstance) present but unreferenced dead code",
      "category": "remote_code_loading",
      "cwe": "CWE-494",
      "file": "org/apogames/help/ApoClassLoader.java",
      "line": 69,
      "code_excerpt": "URLClassLoader cl = new URLClassLoader( new URL[] { url } );\nc = cl.loadClass( this.getClassname() );\nreturn c.newInstance();",
      "entry_point": "None in this variant: grep across all 57 files finds no instantiation of ApoClassLoader and no caller of getFileChooser() (apoNotSoSimple/ApoNotSoSimpleComponent.java:66-73, a vestigial JFileChooser filtered to '.class' files 'to load an ai'). The path/classname come solely from the constructor arguments (lines 19-22).",
      "sink": "cl.loadClass(...) followed by c.newInstance() (lines 73-75): instantiating an attacker-chosen class executes its static initializer and no-arg constructor with full privileges of the JVM.",
      "data_path": "Hypothetical only: caller -> new ApoClassLoader(path, classname).getMyClass(). If path is a file:// directory (non-applet branch, line 66) classes are loaded from disk; if B_APPLET (line 68) path is used directly as URL, i.e. an http:// codebase would fetch bytecode from the network over plain HTTP.",
      "attack_scenario": "Theoretical in this variant: were any future/clone code path to pass user- or network-influenced values (e.g. the already-present but unwired AI-file chooser selecting a downloaded .class file), an attacker distributing a hostile class file gets arbitrary code execution on first instantiation. As shipped, no input reaches this sink and the finding cannot be triggered without modifying the code.",
      "reachable": false,
      "preconditions": "Requires a code change wiring ApoClassLoader (or the AI chooser) to any external input; today it is clone-and-own residue shared with sibling variants (e.g. ApoSnake/ApoPong style AI loading) where it may be live.",
      "severity": "low",
      "confidence": "high",
      "validation_plan": "Confirm deadness: grep -rn 'ApoClassLoader' returns only the definition file. Prove capability: in a scratch harness, call new ApoClassLoader(\"/tmp/evil\", \"Evil\").getMyClass() with Evil.class whose constructor drops a marker file - it executes immediately, demonstrating what the sink would grant if ever re-wired.",
      "shared_component": true
    }
  ],
  "categories_checked_and_absent": [
    "untrusted_deserialization - no java.io.ObjectInputStream (or XML/XStream) anywhere in the variant; grep over all files negative",
    "unsafe_native_call - no System.load/loadLibrary, JNI, or Runtime.getRuntime().exec in any file",
    "path_traversal - no file write/read uses externally influenced names; ApoIO.writeLevel/readLevel(String fileName) accept arbitrary paths/URLs but have no subclasses or callers in this variant (dead shared code), and ApoCopy/FileOutputStream usages (ApoCopy.java:54-58) are equally uncalled",
    "credential_or_secret_exposure - no passwords, tokens or keys stored, hardcoded, or transmitted; the only personal datum is a self-chosen username sent over HTTP (covered by ApoNotSoSimple-01)",
    "resource_exhaustion - the custom level grammar is dimension-capped: layer count comes from one character and arrays are fixed byte[layer][3][10] (ApoNotSoSimpleUserLevels.java:126), so worst case is bounded; no unbounded loops/allocation from untrusted sizes",
    "legacy_sandbox_assumption - applet entry point exists (ApoNotSoSimpleApplet.java:28 sets B_APPLET=true; ApoScreen.initApplet at ApoScreen.java:145-176) but no SecurityManager, doPrivileged, or sandbox-dependent logic is present; the applet-only cookies.php sync is just cleartext HTTP already covered by ApoNotSoSimple-01",
    "custom binary save/replay formats (.cheat/.mar/.skunk/.defence/.rep) - not present in this variant; levels are hardcoded Java arrays in ApoNotSoSimpleLevelGeneration.java and user levels arrive only via the HTTP highscore service"
  ],
  "notes": "Path note: inside this checkout the actual project root is nested at Users/eliahilse/Documents/GitHub/B/apogames/Java/ApoNotSoSimple/ beneath the stated source root; findings use paths relative to that project root (org/apogames/..., apoNotSoSimple/...) so they stay comparable across corpus variants. All 57 files were screened with repo-wide API greps (network, serialization, reflection, file IO, digest, exec); ~25 files were read in full, including every file with a security-relevant API hit. Key structural facts: ApoConstants.B_ONLINE is hardwired true, so even the plain desktop build contacts apo-games.de at startup; images are procedurally generated (ApoNotSoSimpleImages) and audio is always loaded from the JAR (AudioPlayer.BInJAR hardcoded true at AudioPlayer.java:19), leaving the remote-sound branch at AudioPlayer.java:68 and remote-image branch at ApoImage.java:91 unreachable. Dead clone-and-own infrastructure in this variant: ApoClassLoader, ApoIO (no subclass), ApoCopy, ApoHelp.getMd5Digest, and the AI class-file JFileChooser - all defined, none referenced, which is precisely the material sibling variants wire up; worth tracking how many of those become reachable elsewhere. The genuinely live attack surface is small and entirely HTTP-mediated: startup highscore fetch, editor upload, and (applet-only) progress cookie."
}
<<<JSON_END>>>
