[0m
> build · ox-alpha-free
[0m
[0m$ [0mfind . -type f \( -name "*.java" -o -name "*.xml" -o -name "*.properties" \) | head -100 && echo "---TOTAL---" && find . -type f -name "*.java" | wc -l
./_from_jar_ApoMario/test/Test2.java
./_from_jar_ApoMario/test/TestIf.java
./_from_jar_ApoMario/test/Test.java
./_from_jar_ApoMario/org/apogames/ApoIO.java
./_from_jar_ApoMario/org/apogames/ApoThread.java
./_from_jar_ApoMario/org/apogames/ApoConstants.java
./_from_jar_ApoMario/org/apogames/entity/ApoEntity.java
./_from_jar_ApoMario/org/apogames/entity/ApoAnimation.java
./_from_jar_ApoMario/org/apogames/entity/ApoButtonText.java
./_from_jar_ApoMario/org/apogames/entity/ApoTextField.java
./_from_jar_ApoMario/org/apogames/entity/ApoButton.java
./_from_jar_ApoMario/org/apogames/entity/ApoDragObject.java
./_from_jar_ApoMario/org/apogames/ApoApplet.java
./_from_jar_ApoMario/org/apogames/image/ApoRawScale3x.java
./_from_jar_ApoMario/org/apogames/image/ApoImage.java
./_from_jar_ApoMario/org/apogames/image/ApoImageScale.java
./_from_jar_ApoMario/org/apogames/image/ApoRawScale2x.java
./_from_jar_ApoMario/org/apogames/image/ApoImageFromValue.java
./_from_jar_ApoMario/org/apogames/ApoComponent.java
./_from_jar_ApoMario/org/apogames/ApoMainBufferedStrategy.java
./_from_jar_ApoMario/org/apogames/ApoAppletBufferedStrategy.java
./_from_jar_ApoMario/org/apogames/ApoNewThread.java
./_from_jar_ApoMario/org/apogames/ApoMain.java
./_from_jar_ApoMario/org/apogames/ApoTimer.java
./_from_jar_ApoMario/org/apogames/ApoComponentBufferedStrategy.java
./_from_jar_ApoMario/org/apogames/sound/AudioPlayer.java
./_from_jar_ApoMario/org/apogames/sound/ApoMidiPlayer.java
./_from_jar_ApoMario/org/apogames/sound/ApoMidi.java
./_from_jar_ApoMario/org/apogames/sound/ApoSoundThread.java
./_from_jar_ApoMario/org/apogames/sound/ApoSounds.java
./_from_jar_ApoMario/org/apogames/ApoThreadInterface.java
./_from_jar_ApoMario/org/apogames/help/ApoSplashScreen.java
./_from_jar_ApoMario/org/apogames/help/ApoSplashPainter.java
./_from_jar_ApoMario/org/apogames/help/ApoHelp.java
./_from_jar_ApoMario/org/apogames/help/ApoFileFilter.java
./_from_jar_ApoMario/org/apogames/help/ApoCopy.java
./_from_jar_ApoMario/org/apogames/help/ApoFileNameFilter.java
./_from_jar_ApoMario/org/apogames/help/ApoInterface.java
./_from_jar_ApoMario/org/apogames/help/ApoFloatPoint.java
./_from_jar_ApoMario/org/apogames/help/ApoClassLoader.java
./_from_jar_ApoMario/apoMario/ApoMarioImageContainer.java
./_from_jar_ApoMario/apoMario/ApoMarioClassLoader.java
./_from_jar_ApoMario/apoMario/analysis/ApoMarioSimulate.java
./_from_jar_ApoMario/apoMario/analysis/ApoMarioAnalysis.java
./_from_jar_ApoMario/apoMario/entity/ApoMarioDestructableWall.java
./_from_jar_ApoMario/apoMario/entity/ApoMarioParticle.java
./_from_jar_ApoMario/apoMario/entity/ApoMarioCoinParticle.java
./_from_jar_ApoMario/apoMario/entity/ApoMarioFlower.java
./_from_jar_ApoMario/apoMario/entity/ApoMarioEntity.java
./_from_jar_ApoMario/apoMario/entity/ApoMarioShell.java
./_from_jar_ApoMario/apoMario/entity/ApoMarioCoin.java
./_from_jar_ApoMario/apoMario/entity/ApoMarioGoodieMushroom.java
./_from_jar_ApoMario/apoMario/entity/ApoMarioEnd.java
./_from_jar_ApoMario/apoMario/entity/ApoMarioFireball.java
./_from_jar_ApoMario/apoMario/entity/ApoMarioQuestionmark.java
./_from_jar_ApoMario/apoMario/entity/ApoMarioCannon.java
./_from_jar_ApoMario/apoMario/entity/ApoMarioPlayer.java
./_from_jar_ApoMario/apoMario/entity/ApoMarioEnemy.java
./_from_jar_ApoMario/apoMario/entity/ApoMarioWall.java
./_from_jar_ApoMario/apoMario/entity/ApoMarioGoodieFireflower.java
./_from_jar_ApoMario/apoMario/entity/ApoMarioGumba.java
./_from_jar_ApoMario/apoMario/entity/ApoMarioKoopa.java
./_from_jar_ApoMario/apoMario/entity/ApoMarioCannonCannon.java
./_from_jar_ApoMario/apoMario/ApoMarioImage.java
./_from_jar_ApoMario/apoMario/ApoMarioApplet.java
./_from_jar_ApoMario/apoMario/ApoMarioComponent.java
./_from_jar_ApoMario/apoMario/game/ApoMarioSearchNode.java
./_from_jar_ApoMario/apoMario/game/ApoMarioSearchRunner.java
./_from_jar_ApoMario/apoMario/game/ApoMarioSearch.java
./_from_jar_ApoMario/apoMario/game/ApoMarioDebugFrame.java
./_from_jar_ApoMario/apoMario/game/ApoMarioMiniMap.java
./_from_jar_ApoMario/apoMario/game/ApoMarioReplay.java
./_from_jar_ApoMario/apoMario/game/ApoMarioReplayHelp.java
./_from_jar_ApoMario/apoMario/game/panels/ApoMarioSimulationTab.java
./_from_jar_ApoMario/apoMario/game/panels/ApoMarioSimulation.java
./_from_jar_ApoMario/apoMario/game/panels/ApoMarioMenu.java
./_from_jar_ApoMario/apoMario/game/panels/ApoMarioOptionsTextfield.java
./_from_jar_ApoMario/apoMario/game/panels/ApoMarioModelMenu.java
./_from_jar_ApoMario/apoMario/game/panels/ApoMarioSimulationHelp.java
./_from_jar_ApoMario/apoMario/game/panels/ApoMarioGame.java
./_from_jar_ApoMario/apoMario/game/panels/ApoMarioCredits.java
./_from_jar_ApoMario/apoMario/game/panels/ApoMarioOptions.java
./_from_jar_ApoMario/apoMario/game/panels/ApoMarioEditor.java
./_from_jar_ApoMario/apoMario/game/panels/ApoMarioModel.java
./_from_jar_ApoMario/apoMario/game/panels/ApoMarioOptionsButton.java
./_from_jar_ApoMario/apoMario/game/panels/ApoMarioAnalysis.java
./_from_jar_ApoMario/apoMario/game/panels/ApoMarioSimulationButton.java
./_from_jar_ApoMario/apoMario/game/panels/ApoMarioEditorIO.java
./_from_jar_ApoMario/apoMario/game/panels/ApoMarioOptionsDrag.java
./_from_jar_ApoMario/apoMario/game/ApoMarioButtons.java
./_from_jar_ApoMario/apoMario/game/ApoMarioReplayPlay.java
./_from_jar_ApoMario/apoMario/game/ApoMarioPanel.java
./_from_jar_ApoMario/apoMario/game/ApoMarioDebugPanel.java
./_from_jar_ApoMario/apoMario/ApoMarioMain.java
./_from_jar_ApoMario/apoMario/ai/ApoMarioAIEnemy.java
./_from_jar_ApoMario/apoMario/ai/ApoMarioAIEntity.java
./_from_jar_ApoMario/apoMario/ai/ApoMarioAIGoodie.java
./_from_jar_ApoMario/apoMario/ai/ApoMarioAIPlayer.java
./_from_jar_ApoMario/apoMario/ai/ApoMarioAI.java
./_from_jar_ApoMario/apoMario/ai/ApoMarioAIConstants.java
---TOTAL---
     109
[0m
[0m$ [0mls -la
total 0
drwxr-xr-x@  5 eliahilse  staff  160 Aug 24 14:18 _from_jar_ApoMario
drwxr-xr-x@  3 eliahilse  staff   96 Aug 24 14:18 .
drwxr-xr-x@ 22 eliahilse  staff  704 Aug 24 14:19 ..
[0m
[0m✱ [0mGrep "ObjectInputStream|readObject|MessageDigest|MD5|md5"[90m in . · 0 matches[0m
[0m✱ [0mGrep "System\.load|Runtime\.getRuntime|ProcessBuilder|exec\("[90m in . · 0 matches[0m
[0m✱ [0mGrep "http://|https://|apo-games\.de|URL|URLConnection"[90m in . · 30 matches[0m
[0m→ [0mRead _from_jar_ApoMario/org/apogames/ApoIO.java
[0m→ [0mRead _from_jar_ApoMario/org/apogames/help/ApoClassLoader.java
[0m✱ [0mGrep "APPLET_LEVEL|\.mar|\.rep\b|saveLevel|loadLevel|upload|highscore|Highscore"[90m in . · 14 matches[0m
[0m→ [0mRead _from_jar_ApoMario/apoMario/ApoMarioComponent.java
[0m→ [0mRead _from_jar_ApoMario/apoMario/ApoMarioClassLoader.java
[0m✱ [0mGrep "ApoMarioClassLoader|ApoClassLoader|getAI\(|loadAI|setAI"[90m in . · 15 matches[0m
[0m→ [0mRead _from_jar_ApoMario/apoMario/level/ApoMarioLevel.java
[0m→ [0mRead _from_jar_ApoMario/apoMario/level/ApoMarioLevel.java[90m [offset=960][0m
[0m✱ [0mGrep "loadPlayer|loadReplay|saveReplay"[90m in . · 27 matches[0m
[0m→ [0mRead _from_jar_ApoMario/apoMario/game/ApoMarioPanel.java
[0m→ [0mRead _from_jar_ApoMario/apoMario/game/ApoMarioReplay.java
[0m→ [0mRead _from_jar_ApoMario/apoMario/ApoMarioConstants.java
[0m→ [0mRead _from_jar_ApoMario/apoMario/ApoMarioMain.java
[0m→ [0mRead _from_jar_ApoMario/apoMario/ApoMarioApplet.java
[0m→ [0mRead _from_jar_ApoMario/apoMario/game/panels/ApoMarioEditorIO.java
[0m✱ [0mGrep "readLevel\(true|hasNextLevel\(true|B_APPLET|LOAD_EXTERN|loadImage|getImage\("[90m in . · 68 matches[0m
[0m✱ [0mGrep "APPLET_LEVEL"[90m in . · 1 match[0m
[0m→ [0mRead _from_jar_ApoMario/org/apogames/image/ApoImage.java
[0m→ [0mRead _from_jar_ApoMario/apoMario/analysis/ApoMarioAnalysis.java
[0m→ [0mRead _from_jar_ApoMario/apoMario/game/panels/ApoMarioMenu.java[90m [limit=160, offset=320][0m
[0m→ [0mRead _from_jar_ApoMario/apoMario/game/panels/ApoMarioAnalysis.java[90m [limit=120, offset=260][0m
[0m✱ [0mGrep "new File\(|FileInputStream|FileOutputStream|user\.home|user\.dir|getProperty\("[90m in . · 46 matches[0m
[0m→ [0mRead _from_jar_ApoMario/org/apogames/help/ApoFileFilter.java
[0m→ [0mRead _from_jar_ApoMario/apoMario/game/ApoMarioReplayPlay.java
[0m✱ [0mGrep "loadSound|getSequence|playSound|MidiSystem|AudioSystem"[90m in . · 23 matches[0m
[0m→ [0mRead _from_jar_ApoMario/org/apogames/sound/ApoMidiPlayer.java[90m [limit=90, offset=30][0m
[0m✱ [0mGrep "SecurityManager|AccessController|PrivilegedAction|setAi\("[90m in . · 16 matches[0m
[0m→ [0mRead _from_jar_ApoMario/apoMario/game/panels/ApoMarioSimulation.java[90m [limit=130][0m
[0m→ [0mRead _from_jar_ApoMario/apoMario/entity/ApoMarioPlayer.java[90m [limit=130, offset=150][0m
[0m→ [0mRead _from_jar_ApoMario/apoMario/ai/ApoMarioAI.java
[0m✱ [0mGrep "defineClass|newInstance|loadClass"[90m in . · 8 matches[0m
[0m→ [0mRead _from_jar_ApoMario/apoMario/analysis/ApoMarioSimulate.java
[0m
[0m$ [0mls apoMario/ test/ && find . -name "*.java" | wc -l && ls org/apogames org/apogames/help
ls: apoMario/: No such file or directory
ls: test/: No such file or directory
[0m
[0m$ [0mls _from_jar_ApoMario/ _from_jar_ApoMario/test/ && find . -name "*.java" | wc -l
_from_jar_ApoMario/:
apoMario
org
test

_from_jar_ApoMario/test/:
Test.java
Test2.java
TestIf.java
     109
[0m
[0m✱ [0mGrep "ApoCopy|ApoSplashScreen"[90m in . · 10 matches[0m
[0m→ [0mRead _from_jar_ApoMario/org/apogames/ApoMainBufferedStrategy.java
[0m→ [0mRead _from_jar_ApoMario/org/apogames/ApoComponentBufferedStrategy.java[90m [limit=70, offset=300][0m
[0m→ [0mRead _from_jar_ApoMario/org/apogames/help/ApoSplashScreen.java[90m [limit=40, offset=40][0m
[0m
[0m$ [0mls _from_jar_ApoMario/apoMario/level/
ApoMarioLevel.java
ApoMarioLevelIO.java
ApoMarioRandomLevel.java
[0m
[0m→ [0mRead _from_jar_ApoMario/apoMario/level/ApoMarioRandomLevel.java
[0m→ [0mRead _from_jar_ApoMario/apoMario/level/ApoMarioLevelIO.java
[0m✱ [0mGrep "ApoMarioLevelIO|new ApoMarioEditorIO"[90m in . · 3 matches[0m
<<<JSON_BEGIN>>>
{
  "variant": "ApoMario",
  "files_reviewed": 30,
  "notable_files": [
    "_from_jar_ApoMario/apoMario/ApoMarioClassLoader.java",
    "_from_jar_ApoMario/apoMario/level/ApoMarioLevel.java",
    "_from_jar_ApoMario/apoMario/game/ApoMarioPanel.java",
    "_from_jar_ApoMario/apoMario/ApoMarioConstants.java",
    "_from_jar_ApoMario/apoMario/game/ApoMarioReplay.java",
    "_from_jar_ApoMario/apoMario/game/panels/ApoMarioEditorIO.java",
    "_from_jar_ApoMario/apoMario/level/ApoMarioRandomLevel.java",
    "_from_jar_ApoMario/org/apogames/ApoIO.java",
    "_from_jar_ApoMario/org/apogames/help/ApoClassLoader.java",
    "_from_jar_ApoMario/apoMario/ApoMarioComponent.java"
  ],
  "findings": [
    {
      "id": "ApoMario-01",
      "title": "Custom ClassLoader defineClass()+newInstance() of local .class files, auto-triggered from mario.properties at startup",
      "category": "remote_code_loading",
      "cwe": "CWE-494",
      "file": "_from_jar_ApoMario/apoMario/ApoMarioClassLoader.java",
      "line": 74,
      "code_excerpt": "byte data[] = loadClassData(filename); ... c = defineClass(data, 0, data.length);  // then in getAI(): o = c.newInstance();",
      "entry_point": "(a) 'aiLeft'/'aiRight' values in mario.properties in the current working directory, read unattended at startup; (b) any .class file picked in the 'load player' JFileChooser (menu/analysis frame)",
      "sink": "ClassLoader.defineClass (ApoMarioClassLoader.java:74) followed by Class.newInstance (:41); loaded object's think() then runs every game tick",
      "data_path": "ApoMarioConstants.loadProperties() reads mario.properties via new FileInputStream(\"mario.properties\") (ApoMarioConstants.java:39,90) -> AI_LEFT/AI_RIGHT (:129-130) -> ApoMarioPanel.loadPropertiesPlayer passes the non-numeric string to loadPlayer (ApoMarioPanel.java:153-154,176) -> ApoMarioLevel.loadPlayer(int,String) splits path/classname (ApoMarioLevel.java:1023-1048) -> loadPlayer(player,path,classname,classN) calls new ApoMarioClassLoader(path,classname).getAI() (ApoMarioLevel.java:1074) -> loadClassData() reads raw bytes from disk (ApoMarioClassLoader.java:106-129)",
      "attack_scenario": "Variant 1 (persistence, no interaction): attacker distributes a zip 'level pack' containing evil/Evil.class (extends ApoMarioAI, constructor writes files/starts connections) plus a mario.properties with aiLeft=C:\\...\\evil\\Evil.class. Victim extracts next to the jar and launches ApoMarioMain; during init() the class is defined and instantiated before any click. Variant 2 (competition plugin model): victim downloads another player's 'AI' .class and loads it via the menu; it runs with full JVM privileges - no SecurityManager exists anywhere in the tree.",
      "reachable": true,
      "preconditions": "Desktop mode (B_APPLET==false; guard at ApoMarioLevel.java:1073). For the properties vector: write access to the directory the game is started from, and a Windows-style backslash path (loadPlayer uses File.separator-'\\\\' parsing at ApoMarioLevel.java:1044-1046); on Linux/macOS the default parsing yields empty source dir, though crafted dotted values still resolve relative to CWD. For the chooser vector: user consent to load the file.",
      "severity": "high",
      "confidence": "high",
      "validation_plan": "Compile Evil.java extends apoMario.ai.ApoMarioAI whose constructor writes C:/pwned.txt. Place it beside the jar, add mario.properties containing aiLeft=C\\:\\\\path\\\\Evil.class, run java -jar ApoMario.jar. pwned.txt appears with zero interaction; ApoMarioConstants.saveProperties() (called at ApoMarioLevel.java:1092 and window close) re-persists the path, making it sticky. Repeat via Menu > Load Player picking Evil.class.",
      "shared_component": false
    },
    {
      "id": "ApoMario-02",
      "title": "Unvalidated width/height integers from hand-parsed .mar level file drive giant array allocation (OOM crash)",
      "category": "resource_exhaustion",
      "cwe": "CWE-789",
      "file": "_from_jar_ApoMario/apoMario/game/panels/ApoMarioEditorIO.java",
      "line": 57,
      "code_excerpt": "int width = data.readInt(); int height = data.readInt(); ... this.level.setLevelEntities(new ApoMarioEntity[height][width]);",
      "entry_point": "A malicious .mar editor-level file opened via 'Load level' file chooser (ApoMarioPanel.loadEditorLevel, ApoMarioPanel.java:251-256), or referenced indirectly by a crafted .rep replay (see ApoMario-04)",
      "sink": "new ApoMarioEntity[height][width] allocation and the subsequent width*height readInt() parse loop (ApoMarioEditorIO.java:59-96)",
      "data_path": "JFileChooser path -> editorIO.readLevel(path) (ApoMarioPanel.java:255) -> ApoMarioEditorIO.readLevel(DataInputStream) reads first two ints as dimensions with no bounds check (lines 53-54) -> array allocation (line 57). OutOfMemoryError is an Error, so the catch(Exception ex) at line 129 does NOT catch it and the EDT/thread dies",
      "attack_scenario": "Attacker shares a '.mar level' whose first 8 bytes encode width=height=0x7FFFFFF0. Victim loads it in the editor; the JVM attempts a ~2^60-element reference array, throws OutOfMemoryError, and the game dies (or hangs thrashing GC with moderately large values like 20000x20000 while allocating per-tile BufferedImages in makeWall/makeGroundWall).",
      "reachable": true,
      "preconditions": "User opens the hostile .mar file; negative dimensions instead throw NegativeArraySizeException which IS swallowed by catch(Exception) at line 129 (harmless).",
      "severity": "low",
      "confidence": "high",
      "validation_plan": "Create mar.bin with DataOutputStream.writeInt(Integer.MAX_VALUE-15) twice plus a few trailing ints; rename to evil.mar; Editor > Load level; observe immediate OutOfMemoryError on console / process death. Compare with width=100,height=15 control file which loads normally.",
      "shared_component": false
    },
    {
      "id": "ApoMario-03",
      "title": "Replay-header width/difficulty reused unvalidated to size level arrays and scale enemy-generation loops",
      "category": "resource_exhaustion",
      "cwe": "CWE-789",
      "file": "_from_jar_ApoMario/apoMario/game/ApoMarioReplay.java",
      "line": 306,
      "code_excerpt": "this.width = Integer.valueOf(reader.readLine()); this.difficulty = Integer.valueOf(reader.readLine()); this.random = Long.valueOf(reader.readLine());",
      "entry_point": "A crafted .rep replay file opened via Menu > Load Replay (ApoMarioMenu.java:453-455 / ApoMarioAnalysis.java:293-296 -> ApoMarioPanel.loadReplay, ApoMarioPanel.java:274-283)",
      "sink": "ApoMarioReplayPlay.initReplay() feeds replay.getWidth()/getDifficulty() into level.makeLevel (ApoMarioReplayPlay.java:52-54) -> this.width=width then new ApoMarioEntity[this.height][this.width] (ApoMarioLevel.java:331-337), plus difficulty-scaled generation loops in ApoMarioRandomLevel.makeRandomLevel (uncapped enemies count: random.nextInt((int)(1+difficulty/45f)) at ApoMarioRandomLevel.java:161)",
      "data_path": "replay.load(fileName) -> loadLevel(BufferedReader) parses three header lines with no range checks (ApoMarioReplay.java:305-313) -> setReplay/playReplay(true) (ApoMarioPanel.java:281-291) -> levelRestart(bReplay) -> replayPlay.initReplay() (ApoMarioLevel.java:1112-1113) -> makeLevel(...) allocation and generation. NumberFormatException from garbage lines propagates uncaught (load() catches only IOException, ApoMarioReplay.java:293-303) and kills the calling thread.",
      "attack_scenario": "Attacker posts a 'world record' .rep with width=2000000000. On load, makeLevel attempts a 15x2e9 entity array -> OutOfMemoryError, game crashes; with width=100000 the game instead freezes for minutes building tiles/enemies. Same file also poisons the level-name line consumed by ApoMario-04.",
      "reachable": true,
      "preconditions": "Victim opens the hostile .rep; desktop mode (loadReplay is !B_APPLET-gated).",
      "severity": "low",
      "confidence": "high",
      "validation_plan": "Write evil.rep with lines: '2000000000','50','-1', then filler name/author/steps lines; Menu > Load Replay; observe OOM. Second file with '5000','700000','-1',... demonstrates multi-minute hang in level generation (sample with jstack showing ApoMarioRandomLevel.makeRandomLevel frames).",
      "shared_component": false
    },
    {
      "id": "ApoMario-04",
      "title": "Path built from replay-controlled levelString allows reading arbitrary files outside levels/ directory",
      "category": "path_traversal",
      "cwe": "CWE-22",
      "file": "_from_jar_ApoMario/apoMario/game/ApoMarioPanel.java",
      "line": 279,
      "code_excerpt": "this.editorIO.readLevel(System.getProperty(\"user.dir\") + File.separator + \"levels\" + File.separator + this.getLevel().getReplay().getLevelString());",
      "entry_point": "levelString line inside a .rep replay file (only present when the replay's random header equals -1), parsed at ApoMarioReplay.java:309-310",
      "sink": "new FileInputStream(fileName) in ApoIO.readLevel(boolean,String) (_from_jar_ApoMario/org/apogames/ApoIO.java:216)",
      "data_path": "ApoMarioPanel.loadReplay() -> getReplay().load(path) sets levelString from file line 4 (ApoMarioReplay.java:310) -> concatenation at ApoMarioPanel.java:279 -> ApoMarioEditorIO.readLevel(String) -> super.readLevel(fileName) -> ApoIO.readLevel(ApoConstants.B_APPLET,...) -> new FileInputStream(fileName)",
      "attack_scenario": "Attacker sends a .rep whose random line is '-1' and levelString line is '..\\\\..\\\\..\\\\Users\\\\victim\\\\secret.doc'. When the victim plays the replay, the game opens that file and interprets its bytes as binary level tiles; content surfaces only as corrupted level geometry/level-name string in the UI, so this is primarily a sandbox-boundary violation and crash primitive rather than a practical exfiltration channel.",
      "reachable": true,
      "preconditions": "Victim opens the crafted .rep via Load Replay; desktop mode. No network side exists to send the read bytes to.",
      "severity": "low",
      "confidence": "high",
      "validation_plan": "Craft evil.rep with '-1' as line 3 and '../../../../etc/hostname' (or Windows equivalent) as line 4, plus valid player lines; load it; console shows the resolved path being read (add breakpoint/log at ApoIO.java:216) and level geometry derived from that file's bytes, proving out-of-directory read.",
      "shared_component": false
    },
    {
      "id": "ApoMario-05",
      "title": "Plain-HTTP level transfer infrastructure inherited from framework, but unreachable in this variant",
      "category": "insecure_transport",
      "cwe": "CWE-319",
      "file": "_from_jar_ApoMario/org/apogames/ApoIO.java",
      "line": 168,
      "code_excerpt": "URL connectionURL = new URL(fileName); HttpURLConnection connection = (HttpURLConnection)connectionURL.openConnection(); connection.setDoOutput(true);",
      "entry_point": "Theoretical: ApoIO.writeLevel/readLevel URL branches execute only when ApoConstants.B_APPLET is true (set solely by ApoMarioApplet's static block / ApoAppletBufferedStrategy); likewise ApoImage.getImage would fetch images via ImageIO.read(new URL(pic)) (ApoImage.java:92-93)",
      "sink": "HTTP PUT/POST of level bytes to an arbitrary URL string (ApoIO.java:166-171) and cleartext URL image reads (ApoImage.java:93)",
      "data_path": "In applet mode every caller is disabled: file choosers are never created (ApoMarioComponent.java:102-116), editor/replay/player-load functions are guarded by !ApoConstants.B_APPLET (e.g. ApoMarioMenu.java:403-408,421,454-462), and the only server constant APPLET_LEVEL=\"http://apo-games.de/apoMario/\" (ApoMarioComponent.java:37) has zero references in the whole tree. So no live network path exists today; this documents dormant cloned infrastructure.",
      "attack_scenario": "If a future variant re-enables applet-mode saving, level bytes (and any URLs handed to writeLevel) would travel unencrypted over HTTP, allowing a network MITM to read/inject level submissions. Today an attacker gains nothing: there is no reachable call site.",
      "reachable": false,
      "preconditions": "Would require resurrecting applet deployment (dead since browser applet support ended) or new callers passing bURL=true; none exist in this snapshot.",
      "severity": "low",
      "confidence": "high",
      "validation_plan": "Static proof: grep confirms single occurrence of APPLET_LEVEL (definition only) and that all writeLevel/readLevel(URL) invocations in apoMario.* go through overrides forcing local files; runtime proof: run ApoMarioApplet in appletviewer and verify no socket to apo-games.de is opened (tcpdump/lsof) because all IO buttons are hidden/disabled.",
      "shared_component": true
    }
  ],
  "categories_checked_and_absent": [
    "untrusted_deserialization - no java.io.ObjectInputStream/readObject anywhere in the 109-file tree (repo-wide grep)",
    "weak_integrity_check - no MessageDigest/MD5/hash usage; this variant has no highscore submission or update-check logic to protect",
    "credential_or_secret_exposure - no passwords, tokens or keys in source or constants",
    "unsafe_native_call - no System.load/loadLibrary/JNI/ProcessBuilder/Runtime.exec",
    "information_disclosure - no telemetry; only console stack traces (e.g. ApoIO.java:179,231)",
    "legacy_sandbox_assumption - applet entry point exists but contains no doPrivileged/SecurityManager assumptions beyond the dormant HTTP code covered in ApoMario-05"
  ],
  "notes": "Source root contains a single tree, _from_jar_ApoMario/ (decompiled-from-jar layout), 109 .java files. This variant has NO highscore/level-server client (no save_highscore.php/save_level.php/get_level.php strings, unlike sibling variants) - the only server reference is the unreferenced APPLET_LEVEL constant. The real risk concentration is the AI-plugin model: ApoMarioClassLoader (game-specific, distinct from the dead shared org.apogames.help.ApoClassLoader, which is present but never instantiated here) executes arbitrary .class bytes with full privileges, and mario.properties (read from CWD, not user.home) auto-reloads the last AI paths at every startup, giving a persistence primitive. Other cloned-infra files present but unreferenced (dead code): org.apogames.help.ApoCopy, apoMario/level/ApoMarioLevelIO (its parser repeats the same unvalidated-dimension pattern as ApoMario-02 and would become finding-worthy if ever wired up). Quirk worth noting for clone-diff studies: hardcoded 'Team Icarus' easter egg burns any AI whose self-reported getTeamName() contains 'Team Icarus' near the level end (ApoMarioLevel.dieIcarus, ApoMarioLevel.java:1358-1374) - trivially spoofable client-side identity trust, cosmetic impact only since scoring is purely local. ApoMarioLevel.java imports test.IcarusAI and test.TestSolve whose sources are absent from this dump (jar-only classes). Malformed numeric fields in .rep headers additionally throw uncaught NumberFormatException (crash-on-open robustness issue folded into ApoMario-03)."
}
<<<JSON_END>>>
