[0m
> build · ox-alpha-free
[0m
[0m$ [0mfind . -type f \( -name "*.java" -o -name "*.xml" -o -name "*.properties" \) | head -100
./_from_jar_ApoCheating/Human.java
./_from_jar_ApoCheating/apoCheating/ApoCheatingImage.java
./_from_jar_ApoCheating/apoCheating/ApoCheatingFileFilter.java
./_from_jar_ApoCheating/apoCheating/ApoCheatingTeacherWay.java
./_from_jar_ApoCheating/apoCheating/ApoCheatingConstants.java
./_from_jar_ApoCheating/apoCheating/ApoCheatingEnemy.java
./_from_jar_ApoCheating/apoCheating/ApoCheatingLoadSave.java
./_from_jar_ApoCheating/apoCheating/ApoCheatingButton.java
./_from_jar_ApoCheating/apoCheating/ApoCheatingSearchClass.java
./_from_jar_ApoCheating/apoCheating/ApoCheatingGamePanel.java
./_from_jar_ApoCheating/apoCheating/ApoCheatingButtonEntity.java
./_from_jar_ApoCheating/apoCheating/ApoCheatingFinish.java
./_from_jar_ApoCheating/apoCheating/ApoCheatingTeacherView.java
./_from_jar_ApoCheating/apoCheating/ApoCheatingEntity.java
./_from_jar_ApoCheating/apoCheating/ApoCheatingMain.java
./_from_jar_ApoCheating/apoCheating/ApoCheatingTeacher.java
./_from_jar_ApoCheating/apoCheating/ApoCheatingExtra.java
./_from_jar_ApoCheating/apoCheating/ApoCheatingSearch.java
./_from_jar_ApoCheating/apoCheating/ApoCheatingTimer.java
./_from_jar_ApoCheating/apoCheating/ApoCheatingHudPanel.java
./_from_jar_ApoCheating/apoCheating/ApoCheatingPanel.java
./_from_jar_ApoCheating/apoCheating/ApoCheatingEntityHand.java
./_from_jar_ApoCheating/apoCheating/ApoCheatingGoal.java
./_from_jar_ApoCheating/apoCheating/ApoCheatingLevel.java
./_from_jar_ApoCheating/apoCheating/ApoCheatingPlayer.java
./_from_jar_ApoCheating/apoCheating/ApoCheatingAI.java
./_from_jar_ApoCheating/human/Human.java
[0m
[0m$ [0mls -la
total 0
drwxr-xr-x@  5 eliahilse  staff  160 Aug 24 14:18 _from_jar_ApoCheating
drwxr-xr-x@  3 eliahilse  staff   96 Aug 24 14:18 .
drwxr-xr-x@ 22 eliahilse  staff  704 Aug 24 14:19 ..
[0m
[0m$ [0mfind . -type f | sort
./_from_jar_ApoCheating/apoCheating/ApoCheatingAI.java
./_from_jar_ApoCheating/apoCheating/ApoCheatingButton.java
./_from_jar_ApoCheating/apoCheating/ApoCheatingButtonEntity.java
./_from_jar_ApoCheating/apoCheating/ApoCheatingConstants.java
./_from_jar_ApoCheating/apoCheating/ApoCheatingEnemy.java
./_from_jar_ApoCheating/apoCheating/ApoCheatingEntity.java
./_from_jar_ApoCheating/apoCheating/ApoCheatingEntityHand.java
./_from_jar_ApoCheating/apoCheating/ApoCheatingExtra.java
./_from_jar_ApoCheating/apoCheating/ApoCheatingFileFilter.java
./_from_jar_ApoCheating/apoCheating/ApoCheatingFinish.java
./_from_jar_ApoCheating/apoCheating/ApoCheatingGamePanel.java
./_from_jar_ApoCheating/apoCheating/ApoCheatingGoal.java
./_from_jar_ApoCheating/apoCheating/ApoCheatingHudPanel.java
./_from_jar_ApoCheating/apoCheating/ApoCheatingImage.java
./_from_jar_ApoCheating/apoCheating/ApoCheatingLevel.java
./_from_jar_ApoCheating/apoCheating/ApoCheatingLoadSave.java
./_from_jar_ApoCheating/apoCheating/ApoCheatingMain.java
./_from_jar_ApoCheating/apoCheating/ApoCheatingPanel.java
./_from_jar_ApoCheating/apoCheating/ApoCheatingPlayer.java
./_from_jar_ApoCheating/apoCheating/ApoCheatingSearch.java
./_from_jar_ApoCheating/apoCheating/ApoCheatingSearchClass.java
./_from_jar_ApoCheating/apoCheating/ApoCheatingTeacher.java
./_from_jar_ApoCheating/apoCheating/ApoCheatingTeacherView.java
./_from_jar_ApoCheating/apoCheating/ApoCheatingTeacherWay.java
./_from_jar_ApoCheating/apoCheating/ApoCheatingTimer.java
./_from_jar_ApoCheating/Human.java
./_from_jar_ApoCheating/human/Human.java
[0m
[0m$ [0mwc -l _from_jar_ApoCheating/*.java _from_jar_ApoCheating/apoCheating/*.java
3 _from_jar_ApoCheating/Human.java
      13 _from_jar_ApoCheating/apoCheating/ApoCheatingAI.java
      39 _from_jar_ApoCheating/apoCheating/ApoCheatingButton.java
     165 _from_jar_ApoCheating/apoCheating/ApoCheatingButtonEntity.java
      53 _from_jar_ApoCheating/apoCheating/ApoCheatingConstants.java
      32 _from_jar_ApoCheating/apoCheating/ApoCheatingEnemy.java
     285 _from_jar_ApoCheating/apoCheating/ApoCheatingEntity.java
     158 _from_jar_ApoCheating/apoCheating/ApoCheatingEntityHand.java
      23 _from_jar_ApoCheating/apoCheating/ApoCheatingExtra.java
      60 _from_jar_ApoCheating/apoCheating/ApoCheatingFileFilter.java
     113 _from_jar_ApoCheating/apoCheating/ApoCheatingFinish.java
    1119 _from_jar_ApoCheating/apoCheating/ApoCheatingGamePanel.java
      92 _from_jar_ApoCheating/apoCheating/ApoCheatingGoal.java
     499 _from_jar_ApoCheating/apoCheating/ApoCheatingHudPanel.java
     209 _from_jar_ApoCheating/apoCheating/ApoCheatingImage.java
      98 _from_jar_ApoCheating/apoCheating/ApoCheatingLevel.java
     490 _from_jar_ApoCheating/apoCheating/ApoCheatingLoadSave.java
      53 _from_jar_ApoCheating/apoCheating/ApoCheatingMain.java
      36 _from_jar_ApoCheating/apoCheating/ApoCheatingPanel.java
     357 _from_jar_ApoCheating/apoCheating/ApoCheatingPlayer.java
     204 _from_jar_ApoCheating/apoCheating/ApoCheatingSearch.java
      79 _from_jar_ApoCheating/apoCheating/ApoCheatingSearchClass.java
     293 _from_jar_ApoCheating/apoCheating/ApoCheatingTeacher.java
     173 _from_jar_ApoCheating/apoCheating/ApoCheatingTeacherView.java
     127 _from_jar_ApoCheating/apoCheating/ApoCheatingTeacherWay.java
      38 _from_jar_ApoCheating/apoCheating/ApoCheatingTimer.java
    4811 total
[0m
[0m→ [0mRead _from_jar_ApoCheating/apoCheating/ApoCheatingLoadSave.java
[0m→ [0mRead _from_jar_ApoCheating/apoCheating/ApoCheatingMain.java
The LoadSave class uses `ObjectInputStream` with unbounded array allocation. Now let me check the entry points and network code.
[0m→ [0mRead _from_jar_ApoCheating/apoCheating/ApoCheatingSearch.java
[0m✱ [0mGrep "URL|Http|Socket|http|apo-games|php"[90m in . · 0 matches[0m
[0m✱ [0mGrep "defineClass|ClassLoader|MessageDigest|MD5|System\.load|Applet|applet|user\.home|user\.dir|Runtime|exec\("[90m in . · 2 matches[0m
No network code yet. Let me grep the whole variant for the known corpus-wide patterns.
[0m→ [0mRead _from_jar_ApoCheating/apoCheating/ApoCheatingGamePanel.java
This variant has no networking, classloading, or crypto. Let me read the main game panel which handles the file dialogs and level loading.
[0m→ [0mRead _from_jar_ApoCheating/apoCheating/ApoCheatingFileFilter.java
[0m→ [0mRead _from_jar_ApoCheating/apoCheating/ApoCheatingImage.java
Now let me examine the remaining support classes, especially the file filter, image loader, HUD panel, and the unused-looking Level class.
[0m→ [0mRead _from_jar_ApoCheating/apoCheating/ApoCheatingLevel.java
[0m→ [0mRead _from_jar_ApoCheating/Human.java
[0m→ [0mRead _from_jar_ApoCheating/human/Human.java
[0m✱ [0mGrep "readObject|writeObject|ObjectInput|Serializable|readUTF|nextInt|nextLine|Scanner|BufferedReader"[90m in . · 4 matches[0m
[0m→ [0mRead _from_jar_ApoCheating/apoCheating/ApoCheatingPanel.java
[0m→ [0mRead _from_jar_ApoCheating/apoCheating/ApoCheatingTimer.java
[0m→ [0mRead _from_jar_ApoCheating/apoCheating/ApoCheatingPlayer.java
[0m→ [0mRead _from_jar_ApoCheating/apoCheating/ApoCheatingTeacher.java
[0m→ [0mRead _from_jar_ApoCheating/apoCheating/ApoCheatingEntity.java
[0m→ [0mRead _from_jar_ApoCheating/apoCheating/ApoCheatingHudPanel.java
[0m→ [0mRead _from_jar_ApoCheating/apoCheating/ApoCheatingFinish.java
[0m→ [0mRead _from_jar_ApoCheating/apoCheating/ApoCheatingGoal.java
[0m→ [0mRead _from_jar_ApoCheating/apoCheating/ApoCheatingExtra.java
[0m→ [0mRead _from_jar_ApoCheating/apoCheating/ApoCheatingTeacherView.java
[0m→ [0mRead _from_jar_ApoCheating/apoCheating/ApoCheatingConstants.java
[0m→ [0mRead _from_jar_ApoCheating/apoCheating/ApoCheatingEntityHand.java
[0m→ [0mRead _from_jar_ApoCheating/apoCheating/ApoCheatingTeacherWay.java
[0m→ [0mRead _from_jar_ApoCheating/apoCheating/ApoCheatingSearchClass.java
[0m→ [0mRead _from_jar_ApoCheating/apoCheating/ApoCheatingEnemy.java
[0m→ [0mRead _from_jar_ApoCheating/apoCheating/ApoCheatingButtonEntity.java
[0m→ [0mRead _from_jar_ApoCheating/apoCheating/ApoCheatingButton.java
[0m→ [0mRead _from_jar_ApoCheating/apoCheating/ApoCheatingAI.java
All 27 source files have been read (the variant ships only decompiled jar sources under `_from_jar_ApoCheating`). Verification greps confirmed: no networking (`URL|Http|Socket|http|apo-games|php` → zero matches), no classloading/reflection, no crypto, no JNI, no applet entry point. The only attack surface is hand-parsed `.cheat` level files loaded through `ObjectInputStream`.

<<<JSON_BEGIN>>>
{
  "variant": "ApoCheating",
  "files_reviewed": 27,
  "notable_files": [
    "_from_jar_ApoCheating/apoCheating/ApoCheatingLoadSave.java",
    "_from_jar_ApoCheating/apoCheating/ApoCheatingGamePanel.java",
    "_from_jar_ApoCheating/apoCheating/ApoCheatingMain.java",
    "_from_jar_ApoCheating/human/Human.java"
  ],
  "findings": [
    {
      "id": "ApoCheating-01",
      "title": "Crafted .cheat level header triggers oversized/negative array allocation (heap exhaustion or uncaught crash)",
      "category": "resource_exhaustion",
      "cwe": "CWE-789",
      "file": "_from_jar_ApoCheating/apoCheating/ApoCheatingLoadSave.java",
      "line": 373,
      "code_excerpt": "int y = in.readInt();\nint x = in.readInt();\nthis.aPlayground\t= new int[y][x];",
      "entry_point": "Any .cheat file the victim opens: (a) auto-loaded at startup from System.getProperty(\"user.dir\")+/levels/Original1.cheat (ApoCheatingGamePanel.java:99), (b) picked via the HUD Load button -> JFileChooser -> ApoCheatingGamePanel.load(String) (ApoCheatingGamePanel.java:152-203), (c) next()/previous() navigation (ApoCheatingGamePanel.java:212-240)",
      "sink": "Allocation new int[y][x] where y and x are the first two raw ints of the file, executed BEFORE any of the y*x tile values are read",
      "data_path": "File bytes -> ObjectInputStream (ApoCheatingLoadSave.readLevel, line 368) -> in.readInt() x2 (lines 371-372) -> new int[y][x] (line 373). No bound, sign, or sanity check on either value.",
      "attack_scenario": "Attacker crafts a ~20 byte file in Java-serialization format (magic AC ED 00 05) followed by two ints. With y=65536, x=65536 the parser attempts a ~16 GB allocation and dies with OutOfMemoryError; with y=-1 it throws NegativeArraySizeException. Neither Error nor RuntimeException is caught (only IOException/EOFException, lines 479/484), so the game process terminates. Distributed as a 'level pack', or planted as levels/Original1.cheat in the working directory so it parses unattended at launch.",
      "reachable": true,
      "preconditions": "Victim must open the malicious .cheat via the Load dialog, navigate onto it with next/previous, or have it placed at <user.dir>/levels/Original1.cheat before starting the game. File must begin with the ObjectInputStream magic header.",
      "severity": "low",
      "confidence": "high",
      "validation_plan": "In jshell: 'var o=new ObjectOutputStream(new FileOutputStream(\"evil.cheat\")); o.writeInt(65536); o.writeInt(65536); o.close()' (stream header written automatically). Copy to levels/Original1.cheat, run apoCheating.ApoCheatingMain. Expected: OutOfMemoryError ('Requested array size exceeds VM limit' or 'Java heap space') with ApoCheatingLoadSave.readLevel in the trace; repeat with writeInt(-1) twice for NegativeArraySizeException.",
      "shared_component": true
    },
    {
      "id": "ApoCheating-02",
      "title": "Unvalidated entity coordinates/tile indices from level file cause out-of-bounds array access and uncaught game crash",
      "category": "unsafe_custom_parser",
      "cwe": "CWE-125",
      "file": "_from_jar_ApoCheating/apoCheating/ApoCheatingGamePanel.java",
      "line": 315,
      "code_excerpt": "int x\t= (int)((this.goal.get( i ).getX() + this.goal.get( i ).getWidth()/2) / 32);\nint y\t= (int)((this.goal.get( i ).getY() ... ) / 32);\n...\n( this.aPlayground[y][x-1] == ApoCheatingConstants.DESK_LEFT_LEFT )",
      "entry_point": "goal/extra/player x,y,width,height doubles read verbatim from a .cheat file in ApoCheatingLoadSave.readLevel (e.g. lines 443-450, 457-462, 430-436), reaching the panel via ApoCheatingGamePanel.load() (lines 183-195)",
      "sink": "Direct indexing this.aPlayground[<file-derived int>][<file-derived int>] without checking against aPlayground.length / aPlayground[0].length",
      "data_path": "readLevel -> load() -> setHands() (first sink, lines 311-315: only guards are x-1>=0 and constant literals like x+1<15, never x<columnCount or y<rowCount; identical pattern for extras at lines 357-397) -> also setCoinDown() lines 594-605 (aWay[yValue][xValue]=false), movePlayer() line 690, and isThrowCoin() lines 562-564 during play",
      "attack_scenario": "Attacker takes a legitimate .cheat, changes one stored goal coordinate from e.g. 100.0 to 1000000.0 (plain DataOutputStream edit), and shares it. On load, setHands computes x=31250, the guard passes (x-1>=0), and aPlayground[y][x-1] throws ArrayIndexOutOfBoundsException. The exception propagates out of load() on the EDT/startup thread and kills the game. Same result in-game via player start coordinates (movePlayer/isThrowCoin).",
      "reachable": true,
      "preconditions": "Same as ApoCheating-01: victim opens/plants the malicious level file. Binary layout is fixed and fully documented by writeLevel() (ApoCheatingLoadSave.java:205-343), making targeted edits trivial.",
      "severity": "low",
      "confidence": "high",
      "validation_plan": "Write a valid minimal level with ApoCheatingLoadSave.writeLevel(), then rewrite only the first goal x-coordinate as 1000000 (double at its recorded offset). Open it via the Load button. Expected: ArrayIndexOutOfBoundsException at ApoCheatingGamePanel.setHands, game window dead/closed; confirm same with a player x of 1e9 hitting movePlayer after pressing Play.",
      "shared_component": true
    },
    {
      "title": "ObjectInputStream wrapped over untrusted level files establishes a latent deserialization sink (no readObject today)",
      "id": "ApoCheating-03",
      "category": "untrusted_deserialization",
      "cwe": "CWE-502",
      "file": "_from_jar_ApoCheating/apoCheating/ApoCheatingLoadSave.java",
      "line": 368,
      "code_excerpt": "FileInputStream file\t\t= new FileInputStream( fileName );\nObjectInputStream in \t\t= new ObjectInputStream( file );",
      "entry_point": "The same user-supplied .cheat files as ApoCheating-01/02 (startup auto-load ApoCheatingGamePanel.java:99, Load dialog, next/previous)",
      "sink": "ObjectInputStream construction over attacker-chosen bytes (also hasNextLevel(), line 350). Currently ONLY primitive reads occur: readInt/readDouble/readBoolean/readUTF (lines 371-477); grep confirms zero readObject() calls in the whole variant.",
      "data_path": "File -> FileInputStream -> ObjectInputStream (line 368). Because no readObject() is ever invoked, no instantiation of attacker-nominated classes happens today; the type-resolving machinery is nonetheless wired to untrusted input.",
      "attack_scenario": "Theoretical: if a maintainer (or a cloned sibling variant reusing this LoadSave skeleton) later stores richer objects and calls in.readObject() - the natural next step given the stream is already an ObjectInputStream - any class on the game's classpath becomes a gadget candidate for remote code execution via a booby-trapped level file. Today the worst an attacker gets is the crash paths in ApoCheating-01/02.",
      "reachable": false,
      "preconditions": "Requires a future/cloned code change introducing readObject(); not exploitable as shipped.",
      "severity": "low",
      "confidence": "high",
      "validation_plan": "Confirm absence mechanically: rg 'readObject' over the tree returns no hits, while ObjectInputStream appears at lines 15, 350, 368 of ApoCheatingLoadSave.java. To demonstrate the latent hazard, append a call to in.readObject() in a test copy and feed a serialized java.util.HashMap containing a common gadget payload - it would instantiate - then revert; this documents why the wrapper choice matters for clone propagation.",
      "shared_component": true
    }
  ],
  "categories_checked_and_absent": [
    "remote_code_loading",
    "insecure_transport",
    "weak_integrity_check",
    "path_traversal",
    "credential_or_secret_exposure",
    "unsafe_native_call",
    "legacy_sandbox_assumption",
    "information_disclosure"
  ],
  "notes": "This is the most offline variant imaginable: greps for URL/Http/Socket/http/php/apo-games, ClassLoader/defineClass/reflection, MessageDigest/MD5, Runtime/exec/ProcessBuilder, System.load/loadLibrary, Applet, and user.home all return ZERO matches across all 27 files. Entry point is a plain Swing main() (ApoCheatingMain.java:48); command-line args are ignored; images load only from the jar classpath (ApoCheatingImage.getImage, line 103). Consequently the entire attack surface reduces to the hand-parsed .cheat binary format (findings 01-03), and the threat model is limited to malicious level files - no highscore submission, no shared level server, no TLS issues exist here, unlike sibling variants. Integrity checks are simply ABSENT (unsigned levels), but since nothing is submitted or synced remotely, tampering only cheats yourself in a local puzzle game, so it is noted rather than scored. Two design facts matter for clone-and-own research: (1) the AI interface (apoCheating.ApoCheatingAI with getName/getAuthorName) looks built for pluggable external AI classes, but this variant hardcodes 'private ApoCheatingAI ai = new Human();' (ApoCheatingPlayer.java:35) - no dynamic loading; (2) ApoCheatingLevel.java is dead code (never instantiated). Filename handling quirks (indexOf('.') on the full path in GamePanel.load/save, Windows-backslash assumption lastIndexOf(92)) can misresolve paths on Unix but involve only user-chosen local files - correctness bugs, not vulnerabilities. Findings 01 and 02 share one root cause (zero validation of level-file contents) but manifest at different sinks/times (parse-time allocation vs use-time indexing) and are kept separate accordingly."
}
<<<JSON_END>>>
